#
# There is insufficient memory for the Java Runtime Environment to continue.
# Native memory allocation (mmap) failed to map 264241152 bytes for G1 virtual space
# Possible reasons:
#   The system is out of physical RAM or swap space
#   The process is running with CompressedOops enabled, and the Java Heap may be blocking the growth of the native heap
# Possible solutions:
#   Reduce memory load on the system
#   Increase physical memory or swap space
#   Check if swap backing store is full
#   Decrease Java heap size (-Xmx/-Xms)
#   Decrease number of Java threads
#   Decrease Java thread stack sizes (-Xss)
#   Set larger code cache with -XX:ReservedCodeCacheSize=
#   JVM is running with Zero Based Compressed Oops mode in which the Java heap is
#     placed in the first 32GB address space. The Java Heap base address is the
#     maximum limit for the native heap growth. Please use -XX:HeapBaseMinAddress
#     to set the Java Heap base and to place the Java Heap above 32GB virtual address.
# This output file may be truncated or incomplete.
#
#  Out of Memory Error (os_windows.cpp:3548), pid=6724, tid=9132
#
# JRE version:  (17.0.12+8) (build )
# Java VM: Java HotSpot(TM) 64-Bit Server VM (17.0.12+8-LTS-286, mixed mode, emulated-client, sharing, tiered, compressed oops, compressed class ptrs, g1 gc, windows-amd64)
# No core dump will be written. Minidumps are not enabled by default on client versions of Windows
#

---------------  S U M M A R Y ------------

Command Line: -XX:TieredStopAtLevel=1 -Dspring.output.ansi.enabled=always -Dcom.sun.management.jmxremote -Dspring.jmx.enabled=true -Dspring.liveBeansView.mbeanDomain -Dspring.application.admin.enabled=true -Dmanagement.endpoints.jmx.exposure.include=* -javaagent:D:\Program Files\JetBrains\IntelliJ IDEA 2023.2.2\lib\idea_rt.jar=59669:D:\Program Files\JetBrains\IntelliJ IDEA 2023.2.2\bin -Dfile.encoding=UTF-8 com.zry.xiaohongshu.search.biz.XiaohongshuSearchApplication

Host: 12th Gen Intel(R) Core(TM) i5-12500H, 16 cores, 15G,  Windows 11 , 64 bit Build 26100 (10.0.26100.4768)
Time: Thu Sep 11 23:52:44 2025  Windows 11 , 64 bit Build 26100 (10.0.26100.4768) elapsed time: 1.075598 seconds (0d 0h 0m 1s)

---------------  T H R E A D  ---------------

Current thread (0x0000025f276a26b0):  JavaThread "Unknown thread" [_thread_in_vm, id=9132, stack(0x000000f793100000,0x000000f793200000)]

Stack: [0x000000f793100000,0x000000f793200000]
Native frames: (J=compiled Java code, j=interpreted, Vv=VM code, C=native code)
V  [jvm.dll+0x67a04a]
V  [jvm.dll+0x7da4ed]
V  [jvm.dll+0x7dbe33]
V  [jvm.dll+0x7dc4a3]
V  [jvm.dll+0x24508f]
V  [jvm.dll+0x677089]
V  [jvm.dll+0x66bd32]
V  [jvm.dll+0x301fa6]
V  [jvm.dll+0x309546]
V  [jvm.dll+0x359d2e]
V  [jvm.dll+0x359f5f]
V  [jvm.dll+0x2d9078]
V  [jvm.dll+0x2d9fe4]
V  [jvm.dll+0x7aca21]
V  [jvm.dll+0x367591]
V  [jvm.dll+0x78b999]
V  [jvm.dll+0x3ec83f]
V  [jvm.dll+0x3ee471]
C  [jli.dll+0x5297]
C  [ucrtbase.dll+0x37b0]
C  [KERNEL32.DLL+0x2e8d7]
C  [ntdll.dll+0x3c34c]


---------------  P R O C E S S  ---------------

Threads class SMR info:
_java_thread_list=0x00007ff9af127a18, length=0, elements={
}

Java Threads: ( => current thread )

Other Threads:
  0x0000025f2770f320 GCTaskThread "GC Thread#0" [stack: 0x000000f793200000,0x000000f793300000] [id=20020]
  0x0000025f27720b00 ConcurrentGCThread "G1 Main Marker" [stack: 0x000000f793300000,0x000000f793400000] [id=36548]
  0x0000025f27721510 ConcurrentGCThread "G1 Conc#0" [stack: 0x000000f793400000,0x000000f793500000] [id=18936]

[error occurred during error reporting (printing all threads), id 0xc0000005, EXCEPTION_ACCESS_VIOLATION (0xc0000005) at pc=0x00007ff9ae959b67]

VM state: not at safepoint (not fully initialized)

VM Mutex/Monitor currently owned by a thread:  ([mutex/lock_event])
[0x0000025f2769f220] Heap_lock - owner thread: 0x0000025f276a26b0

Heap address: 0x0000000704400000, size: 4028 MB, Compressed Oops mode: Zero based, Oop shift amount: 3

CDS archive(s) mapped at: [0x0000000000000000-0x0000000000000000-0x0000000000000000), size 0, SharedBaseAddress: 0x0000000800000000, ArchiveRelocationMode: 1.
Narrow klass base: 0x0000000000000000, Narrow klass shift: 0, Narrow klass range: 0x0

GC Precious Log:
<Empty>

Heap:
 garbage-first heap   total 0K, used 0K [0x0000000704400000, 0x0000000800000000)
  region size 2048K, 0 young (0K), 0 survivors (0K)

[error occurred during error reporting (printing heap information), id 0xc0000005, EXCEPTION_ACCESS_VIOLATION (0xc0000005) at pc=0x00007ff9aed43859]

GC Heap History (0 events):
No events

Deoptimization events (0 events):
No events

Classes unloaded (0 events):
No events

Classes redefined (0 events):
No events

Internal exceptions (0 events):
No events

VM Operations (0 events):
No events

Events (1 events):
Event: 0.013 Loaded shared library D:\Program Files\Java\jdk-17.0.12\bin\java.dll


Dynamic libraries:
0x00007ff7282a0000 - 0x00007ff7282b0000 	D:\Program Files\Java\jdk-17.0.12\bin\java.exe
0x00007ffa5d3e0000 - 0x00007ffa5d647000 	C:\WINDOWS\SYSTEM32\ntdll.dll
0x00007ffa5cc80000 - 0x00007ffa5cd49000 	C:\WINDOWS\System32\KERNEL32.DLL
0x00007ffa5aa00000 - 0x00007ffa5adf0000 	C:\WINDOWS\System32\KERNELBASE.dll
0x00007ffa5b020000 - 0x00007ffa5b16b000 	C:\WINDOWS\System32\ucrtbase.dll
0x00007ffa1d310000 - 0x00007ffa1d329000 	D:\Program Files\Java\jdk-17.0.12\bin\jli.dll
0x00007ffa1d5a0000 - 0x00007ffa1d5bb000 	D:\Program Files\Java\jdk-17.0.12\bin\VCRUNTIME140.dll
0x00007ffa5d2e0000 - 0x00007ffa5d394000 	C:\WINDOWS\System32\ADVAPI32.dll
0x00007ffa5ba40000 - 0x00007ffa5bae9000 	C:\WINDOWS\System32\msvcrt.dll
0x00007ffa5d230000 - 0x00007ffa5d2d6000 	C:\WINDOWS\System32\sechost.dll
0x00007ffa5b710000 - 0x00007ffa5b828000 	C:\WINDOWS\System32\RPCRT4.dll
0x00007ffa5c290000 - 0x00007ffa5c455000 	C:\WINDOWS\System32\USER32.dll
0x00007ffa5a650000 - 0x00007ffa5a677000 	C:\WINDOWS\System32\win32u.dll
0x00007ffa5ca40000 - 0x00007ffa5ca6b000 	C:\WINDOWS\System32\GDI32.dll
0x00007ffa481f0000 - 0x00007ffa4848a000 	C:\WINDOWS\WinSxS\amd64_microsoft.windows.common-controls_6595b64144ccf1df_6.0.26100.4768_none_3e0c112ce331287c\COMCTL32.dll
0x00007ffa5a510000 - 0x00007ffa5a648000 	C:\WINDOWS\System32\gdi32full.dll
0x00007ffa5a950000 - 0x00007ffa5a9f3000 	C:\WINDOWS\System32\msvcp_win.dll
0x00007ffa52b70000 - 0x00007ffa52b7b000 	C:\WINDOWS\SYSTEM32\VERSION.dll
0x00007ffa5d150000 - 0x00007ffa5d17f000 	C:\WINDOWS\System32\IMM32.DLL
0x00007ffa23f60000 - 0x00007ffa23f6c000 	D:\Program Files\Java\jdk-17.0.12\bin\vcruntime140_1.dll
0x00007ff9f0f10000 - 0x00007ff9f0f9e000 	D:\Program Files\Java\jdk-17.0.12\bin\msvcp140.dll
0x00007ff9ae670000 - 0x00007ff9af250000 	D:\Program Files\Java\jdk-17.0.12\bin\server\jvm.dll
0x00007ffa5cc60000 - 0x00007ffa5cc68000 	C:\WINDOWS\System32\PSAPI.DLL
0x00007ffa48490000 - 0x00007ffa4849a000 	C:\WINDOWS\SYSTEM32\WSOCK32.dll
0x00007ffa56850000 - 0x00007ffa56885000 	C:\WINDOWS\SYSTEM32\WINMM.dll
0x00007ffa5cbe0000 - 0x00007ffa5cc54000 	C:\WINDOWS\System32\WS2_32.dll
0x00007ffa59290000 - 0x00007ffa592ab000 	C:\WINDOWS\SYSTEM32\kernel.appcore.dll
0x00007ffa23de0000 - 0x00007ffa23dea000 	D:\Program Files\Java\jdk-17.0.12\bin\jimage.dll
0x00007ffa57820000 - 0x00007ffa57a61000 	C:\WINDOWS\SYSTEM32\DBGHELP.DLL
0x00007ffa5cd50000 - 0x00007ffa5d0d5000 	C:\WINDOWS\System32\combase.dll
0x00007ffa5c690000 - 0x00007ffa5c770000 	C:\WINDOWS\System32\OLEAUT32.dll
0x00007ffa4b000000 - 0x00007ffa4b043000 	C:\WINDOWS\SYSTEM32\dbgcore.DLL
0x00007ffa5ae00000 - 0x00007ffa5ae99000 	C:\WINDOWS\System32\bcryptPrimitives.dll
0x00007ffa54bd0000 - 0x00007ffa54bde000 	D:\Program Files\Java\jdk-17.0.12\bin\instrument.dll
0x00007ffa1d200000 - 0x00007ffa1d225000 	D:\Program Files\Java\jdk-17.0.12\bin\java.dll

dbghelp: loaded successfully - version: 4.0.5 - missing functions: none
symbol engine: initialized successfully - sym options: 0x614 - pdb path: .;D:\Program Files\Java\jdk-17.0.12\bin;C:\WINDOWS\SYSTEM32;C:\WINDOWS\WinSxS\amd64_microsoft.windows.common-controls_6595b64144ccf1df_6.0.26100.4768_none_3e0c112ce331287c;D:\Program Files\Java\jdk-17.0.12\bin\server

VM Arguments:
jvm_args: -XX:TieredStopAtLevel=1 -Dspring.output.ansi.enabled=always -Dcom.sun.management.jmxremote -Dspring.jmx.enabled=true -Dspring.liveBeansView.mbeanDomain -Dspring.application.admin.enabled=true -Dmanagement.endpoints.jmx.exposure.include=* -javaagent:D:\Program Files\JetBrains\IntelliJ IDEA 2023.2.2\lib\idea_rt.jar=59669:D:\Program Files\JetBrains\IntelliJ IDEA 2023.2.2\bin -Dfile.encoding=UTF-8 
java_command: com.zry.xiaohongshu.search.biz.XiaohongshuSearchApplication
java_class_path (initial): D:\subject\JAVA\SpringCloud\xiaohongshu\xiaohongshu-search\xiaohongshu-search-biz\target\classes;D:\subject\JAVA\SpringCloud\xiaohongshu\xiaohongshu-framework\xiaohongshu-common\target\classes;D:\data\maven-repository\jakarta\validation\jakarta.validation-api\3.0.2\jakarta.validation-api-3.0.2.jar;D:\data\maven-repository\org\hibernate\validator\hibernate-validator\8.0.0.Final\hibernate-validator-8.0.0.Final.jar;D:\data\maven-repository\org\jboss\logging\jboss-logging\3.5.0.Final\jboss-logging-3.5.0.Final.jar;D:\data\maven-repository\com\fasterxml\classmate\1.5.1\classmate-1.5.1.jar;D:\data\maven-repository\org\projectlombok\lombok\1.18.30\lombok-1.18.30.jar;D:\data\maven-repository\com\fasterxml\jackson\core\jackson-databind\2.16.1\jackson-databind-2.16.1.jar;D:\data\maven-repository\com\fasterxml\jackson\core\jackson-annotations\2.14.1\jackson-annotations-2.14.1.jar;D:\data\maven-repository\com\fasterxml\jackson\core\jackson-core\2.16.1\jackson-core-2.16.1.jar;D:\data\maven-repository\com\fasterxml\jackson\datatype\jackson-datatype-jsr310\2.14.1\jackson-datatype-jsr310-2.14.1.jar;D:\data\maven-repository\com\google\guava\guava\33.0.0-jre\guava-33.0.0-jre.jar;D:\data\maven-repository\com\google\guava\failureaccess\1.0.2\failureaccess-1.0.2.jar;D:\data\maven-repository\com\google\guava\listenablefuture\9999.0-empty-to-avoid-conflict-with-guava\listenablefuture-9999.0-empty-to-avoid-conflict-with-guava.jar;D:\data\maven-repository\org\checkerframework\checker-qual\3.41.0\checker-qual-3.41.0.jar;D:\data\maven-repository\com\google\errorprone\error_prone_annotations\2.23.0\error_prone_annotations-2.23.0.jar;D:\data\maven-repository\com\google\j2objc\j2objc-annotations\2.8\j2objc-annotations-2.8.jar;D:\data\maven-repository\cn\hutool\hutool-all\5.8.26\hutool-all-5.8.26.jar;D:\data\maven-repository\org\apache\commons\commons-lang3\3.12.0\commons-lang3-3.12.0.jar;D:\data\maven-repository\org\springframework\boot\spring-boot-starter-web\3.0.2\s
Launcher Type: SUN_STANDARD

[Global flags]
     intx CICompilerCount                          = 12                                        {product} {ergonomic}
     uint ConcGCThreads                            = 3                                         {product} {ergonomic}
     uint G1ConcRefinementThreads                  = 13                                        {product} {ergonomic}
   size_t G1HeapRegionSize                         = 2097152                                   {product} {ergonomic}
    uintx GCDrainStackTargetSize                   = 64                                        {product} {ergonomic}
   size_t InitialHeapSize                          = 264241152                                 {product} {ergonomic}
     bool ManagementServer                         = true                                      {product} {command line}
   size_t MarkStackSize                            = 4194304                                   {product} {ergonomic}
   size_t MaxHeapSize                              = 4223664128                                {product} {ergonomic}
   size_t MinHeapDeltaBytes                        = 2097152                                   {product} {ergonomic}
   size_t MinHeapSize                              = 8388608                                   {product} {ergonomic}
    uintx NonProfiledCodeHeapSize                  = 0                                      {pd product} {ergonomic}
     bool ProfileInterpreter                       = false                                  {pd product} {command line}
    uintx ProfiledCodeHeapSize                     = 0                                      {pd product} {ergonomic}
   size_t SoftMaxHeapSize                          = 4223664128                             {manageable} {ergonomic}
     intx TieredStopAtLevel                        = 1                                         {product} {command line}
     bool UseCompressedClassPointers               = true                           {product lp64_product} {ergonomic}
     bool UseCompressedOops                        = true                           {product lp64_product} {ergonomic}
     bool UseG1GC                                  = true                                      {product} {ergonomic}
     bool UseLargePagesIndividualAllocation        = false                                  {pd product} {ergonomic}

Logging:
Log output configuration:
 #0: stdout all=warning uptime,level,tags
 #1: stderr all=off uptime,level,tags

Environment Variables:
JAVA_HOME=D:\Program Files\Java\jdk-1.8
PATH=C:\Program Files (x86)\Common Files\Oracle\Java\java8path;C:\Program Files (x86)\Common Files\Oracle\Java\javapath;D:\Program Files (x86)\VMware\VMware Workstation\bin\;C:\Windows\system32;C:\Windows;C:\Windows\System32\Wbem;C:\Windows\System32\WindowsPowerShell\v1.0\;C:\Windows\System32\OpenSSH\;D:\graalvm-ce-java17-22.3.0\bin;C:\Program Files\dotnet\;C:\WINDOWS\system32;C:\WINDOWS;C:\WINDOWS\System32\Wbem;C:\WINDOWS\System32\WindowsPowerShell\v1.0\;C:\WINDOWS\System32\OpenSSH\;D:\BaiduNetdiskDownload\runtime\win64;D:\BaiduNetdiskDownload\bin;D:\BaiduNetdiskDownload\polyspace\bin;C:\Users\Rey\mingw64\bin\;%MYSQL_HOME%\bin;C:\Program Files\Azure Data Studio\bin;D:\Program Files\MySQL\MySQL Server 8.0\bin;D:\Program Files\apache-tomcat-10.1.7\bin;D:\Program Files\nodejs\;D:\Server\maven\apache-maven-3.9.4\bin;D:\Program Files\Redis-x64-3.2.100;D:\Program Files\elasticsearch-7.17.16-windows-x86_64\elasticsearch-7.17.16\bin;D:\Program Files\elasticsearch-7.17.16-windows-x86_64\elasticsearch-7.17.16\jdk\bin;D:\Program Files\Git\cmd;D:\Program Files (x86)\NetSarang\Xshell 8\;D:\Program Files\NetSarang\Xftp 8\;D:\software\hadoop-3.1.3\bin;c:\Users\Rey\AppData\Local\Programs\cursor\resources\app\bin;D:\Program Files\Java\jdk-1.8\bin;D:\subject\Third_2\andoirdDev\soft\gradle-8.13-bin\gradle-8.13\bin;D:\software\lua-5.4.2_Win64_bin;D:\Program Files\python\Python38\Scripts;D:\Program Files\Python\Python38\;D:\Program Files (x86)\Tencent\微信web开发者工具\dll;D:\Program Files\apache-jmeter-5.6.3\bin;C:\WINDOWS\system32;C:\WINDOWS;C:\WINDOWS\System32\Wbem;C:\WINDOWS\System32\WindowsPowerShell\v1.0\;C:\WINDOWS\System32\OpenSSH\;D:\subject\JAVA\apache-cassandra-4.0.18\bin;C:\Program Files\Docker\Docker\resources\bin;D:\Program Files\Python\Python38\Scripts\;D:\Program Files\Python\Python38\;C:\Users\Rey\AppData\Local\Microsoft\WindowsApps;C:\Users\Rey\.dotnet\tools;C:\Users\Rey\mingw64\bin;C:\Program Files\Azure Data Studio\bin;D:\software\vscode\Microsoft VS Code\bin;C:\Users\
USERNAME=Rey
OS=Windows_NT
PROCESSOR_IDENTIFIER=Intel64 Family 6 Model 154 Stepping 3, GenuineIntel



---------------  S Y S T E M  ---------------

OS:
 Windows 11 , 64 bit Build 26100 (10.0.26100.4768)
OS uptime: 0 days 23:36 hours
Hyper-V role detected

CPU: total 16 (initial active 16) (8 cores per cpu, 2 threads per core) family 6 model 154 stepping 3 microcode 0x41b, cx8, cmov, fxsr, ht, mmx, 3dnowpref, sse, sse2, sse3, ssse3, sse4.1, sse4.2, popcnt, lzcnt, tsc, tscinvbit, avx, avx2, aes, erms, clmul, bmi1, bmi2, adx, sha, fma, vzeroupper, clflush, clflushopt, clwb, hv

Memory: 4k page, system-wide physical 16108M (1031M free)
TotalPageFile size 31468M (AvailPageFile size 37M)
current process WorkingSet (physical memory assigned to process): 12M, peak: 12M
current process commit charge ("private bytes"): 66M, peak: 318M

vm_info: Java HotSpot(TM) 64-Bit Server VM (17.0.12+8-LTS-286) for windows-amd64 JRE (17.0.12+8-LTS-286), built on Jun  5 2024 06:46:59 by "mach5one" with MS VC++ 17.6 (VS2022)

END.
