2025-10-18 00:34:39.836 [Thread-9] WARN  com.alibaba.nacos.common.notify.NotifyCenter - [NotifyCenter] Start destroying Publisher
2025-10-18 00:34:39.836 [Thread-2] WARN  c.alibaba.nacos.common.http.HttpClientBeanHolder - [HttpClientBeanHolder] Start destroying common HttpClient
2025-10-18 00:34:39.854 [Thread-9] WARN  com.alibaba.nacos.common.notify.NotifyCenter - [NotifyCenter] Destruction of the end
2025-10-18 00:34:39.864 [Thread-2] WARN  c.alibaba.nacos.common.http.HttpClientBeanHolder - [HttpClientBeanHolder] Destruction of the end
2025-10-18 00:34:39.999 [SpringApplicationShutdownHook] INFO  c.a.cloud.nacos.registry.NacosServiceRegistry - De-registering from Nacos Server now...
2025-10-18 00:34:40.000 [SpringApplicationShutdownHook] INFO  com.alibaba.nacos.client.naming - [DEREGISTER-SERVICE] xiaohongshu deregistering service xiaohongshu-auth with instance: Instance{instanceId='null', ip='10.2.66.25', port=8089, weight=1.0, healthy=true, enabled=true, ephemeral=true, clusterName='DEFAULT', serviceName='null', metadata={}}
2025-10-18 00:34:40.016 [SpringApplicationShutdownHook] INFO  c.a.cloud.nacos.registry.NacosServiceRegistry - De-registration finished.
2025-10-18 00:34:40.016 [SpringApplicationShutdownHook] INFO  com.alibaba.nacos.client.naming - com.alibaba.nacos.client.naming.cache.ServiceInfoHolder do shutdown begin
2025-10-18 00:34:40.016 [SpringApplicationShutdownHook] INFO  com.alibaba.nacos.client.naming - com.alibaba.nacos.client.naming.backups.FailoverReactor do shutdown begin
2025-10-18 00:34:40.016 [SpringApplicationShutdownHook] INFO  com.alibaba.nacos.client.naming - com.alibaba.nacos.client.naming.backups.FailoverReactor do shutdown stop
2025-10-18 00:34:40.016 [SpringApplicationShutdownHook] INFO  com.alibaba.nacos.client.naming - com.alibaba.nacos.client.naming.cache.ServiceInfoHolder do shutdown stop
2025-10-18 00:34:40.016 [SpringApplicationShutdownHook] INFO  com.alibaba.nacos.client.naming - com.alibaba.nacos.client.naming.remote.NamingClientProxyDelegate do shutdown begin
2025-10-18 00:34:40.016 [SpringApplicationShutdownHook] INFO  com.alibaba.nacos.client.naming - com.alibaba.nacos.client.naming.core.ServiceInfoUpdateService do shutdown begin
2025-10-18 00:34:40.016 [SpringApplicationShutdownHook] INFO  com.alibaba.nacos.client.naming - com.alibaba.nacos.client.naming.core.ServiceInfoUpdateService do shutdown stop
2025-10-18 00:34:40.016 [SpringApplicationShutdownHook] INFO  com.alibaba.nacos.client.naming - com.alibaba.nacos.client.naming.core.ServerListManager do shutdown begin
2025-10-18 00:34:40.017 [SpringApplicationShutdownHook] WARN  com.alibaba.nacos.client.naming - [NamingHttpClientManager] Start destroying NacosRestTemplate
2025-10-18 00:34:40.017 [SpringApplicationShutdownHook] WARN  com.alibaba.nacos.client.naming - [NamingHttpClientManager] Destruction of the end
2025-10-18 00:34:40.017 [SpringApplicationShutdownHook] INFO  com.alibaba.nacos.client.naming - com.alibaba.nacos.client.naming.core.ServerListManager do shutdown stop
2025-10-18 00:34:40.017 [SpringApplicationShutdownHook] INFO  com.alibaba.nacos.client.naming - com.alibaba.nacos.client.naming.remote.http.NamingHttpClientProxy do shutdown begin
2025-10-18 00:34:40.017 [SpringApplicationShutdownHook] WARN  com.alibaba.nacos.client.naming - [NamingHttpClientManager] Start destroying NacosRestTemplate
2025-10-18 00:34:40.017 [SpringApplicationShutdownHook] WARN  com.alibaba.nacos.client.naming - [NamingHttpClientManager] Destruction of the end
2025-10-18 00:34:40.017 [SpringApplicationShutdownHook] INFO  com.alibaba.nacos.client.naming - com.alibaba.nacos.client.naming.remote.http.NamingHttpClientProxy do shutdown stop
2025-10-18 00:34:40.017 [SpringApplicationShutdownHook] INFO  com.alibaba.nacos.common.remote.client - Shutdown rpc client, set status to shutdown
2025-10-18 00:34:40.017 [SpringApplicationShutdownHook] INFO  com.alibaba.nacos.common.remote.client - Shutdown client event executor java.util.concurrent.ScheduledThreadPoolExecutor@4830f4fb[Running, pool size = 2, active threads = 2, queued tasks = 0, completed tasks = 0]
2025-10-18 00:34:40.018 [SpringApplicationShutdownHook] INFO  com.alibaba.nacos.common.remote.client - Close current connection 1760673274028_112.94.129.49_1055
2025-10-18 00:34:40.026 [nacos-grpc-client-executor-8.134.88.169-9181] WARN  c.a.nacos.common.remote.client.grpc.GrpcClient - [1760673274028_112.94.129.49_1055]Ignore error event,isRunning:false,isAbandon=false
2025-10-18 00:34:40.029 [SpringApplicationShutdownHook] INFO  c.a.nacos.common.remote.client.grpc.GrpcClient - Shutdown grpc executor java.util.concurrent.ThreadPoolExecutor@60445a8[Running, pool size = 4, active threads = 0, queued tasks = 0, completed tasks = 9182]
2025-10-18 00:34:40.029 [SpringApplicationShutdownHook] INFO  com.alibaba.nacos.client.naming - Shutdown grpc redo service executor java.util.concurrent.ScheduledThreadPoolExecutor@148a9a75[Running, pool size = 1, active threads = 0, queued tasks = 1, completed tasks = 15164]
2025-10-18 00:34:40.030 [SpringApplicationShutdownHook] INFO  c.a.n.client.auth.ram.identify.CredentialWatcher - [null] CredentialWatcher is stopped
2025-10-18 00:34:40.030 [SpringApplicationShutdownHook] INFO  c.a.n.client.auth.ram.identify.CredentialService - [null] CredentialService is freed
2025-10-18 00:34:40.030 [SpringApplicationShutdownHook] INFO  com.alibaba.nacos.client.naming - com.alibaba.nacos.client.naming.remote.NamingClientProxyDelegate do shutdown stop
2025-10-18 14:45:46.863 [main] WARN  com.alibaba.nacos.client.logging.NacosLogging - Load Logback Configuration of Nacos fail, message: Could not initialize Logback Nacos logging from classpath:nacos-logback.xml
2025-10-18 14:45:46.946 [main] WARN  com.alibaba.nacos.client.logging.NacosLogging - Load Logback Configuration of Nacos fail, message: Could not initialize Logback Nacos logging from classpath:nacos-logback.xml
2025-10-18 14:45:47.201 [main] WARN  com.alibaba.nacos.client.logging.NacosLogging - Load Logback Configuration of Nacos fail, message: Could not initialize Logback Nacos logging from classpath:nacos-logback.xml
2025-10-18 14:45:47.203 [main] INFO  com.alibaba.nacos.client.utils.ParamUtil - [settings] [req-serv] nacos-server port:8848
2025-10-18 14:45:47.203 [main] INFO  com.alibaba.nacos.client.utils.ParamUtil - [settings] [http-client] connect timeout:1000
2025-10-18 14:45:47.204 [main] INFO  com.alibaba.nacos.client.utils.ParamUtil - PER_TASK_CONFIG_SIZE: 3000.0
2025-10-18 14:45:47.232 [main] INFO  c.a.n.p.auth.spi.client.ClientAuthPluginManager - [ClientAuthPluginManager] Load ClientAuthService com.alibaba.nacos.client.auth.impl.NacosClientAuthServiceImpl success.
2025-10-18 14:45:47.232 [main] INFO  c.a.n.p.auth.spi.client.ClientAuthPluginManager - [ClientAuthPluginManager] Load ClientAuthService com.alibaba.nacos.client.auth.ram.RamClientAuthServiceImpl success.
2025-10-18 14:45:47.236 [main] INFO  c.a.n.client.auth.ram.identify.CredentialWatcher - null No credential found
2025-10-18 14:45:47.623 [main] WARN  com.alibaba.nacos.client.logging.NacosLogging - Load Logback Configuration of Nacos fail, message: Could not initialize Logback Nacos logging from classpath:nacos-logback.xml
2025-10-18 14:45:47.639 [main] INFO  c.a.n.client.config.impl.LocalConfigInfoProcessor - LOCAL_SNAPSHOT_PATH:C:\Users\Rey\nacos\config
2025-10-18 14:45:47.643 [main] INFO  com.alibaba.nacos.common.remote.client - [RpcClientFactory] create a new rpc client of 9c5b221e-d986-4b30-b9c9-47ba7c6c33a8_config-0
2025-10-18 14:45:47.668 [main] INFO  com.alibaba.nacos.common.remote.client - [9c5b221e-d986-4b30-b9c9-47ba7c6c33a8_config-0] Register server push request handler:com.alibaba.nacos.client.config.impl.ClientWorker$ConfigRpcTransportClient$$Lambda$589/0x000002091c390848
2025-10-18 14:45:47.668 [main] INFO  com.alibaba.nacos.common.remote.client - [9c5b221e-d986-4b30-b9c9-47ba7c6c33a8_config-0] Register server push request handler:com.alibaba.nacos.client.config.impl.ClientWorker$ConfigRpcTransportClient$$Lambda$590/0x000002091c390c68
2025-10-18 14:45:47.669 [main] INFO  com.alibaba.nacos.common.remote.client - [9c5b221e-d986-4b30-b9c9-47ba7c6c33a8_config-0] Registry connection listener to current client:com.alibaba.nacos.client.config.impl.ClientWorker$ConfigRpcTransportClient$1
2025-10-18 14:45:47.670 [main] INFO  com.alibaba.nacos.common.remote.client - [9c5b221e-d986-4b30-b9c9-47ba7c6c33a8_config-0] RpcClient init, ServerListFactory = com.alibaba.nacos.client.config.impl.ClientWorker$ConfigRpcTransportClient$2
2025-10-18 14:45:47.676 [main] INFO  com.alibaba.nacos.common.remote.client - [9c5b221e-d986-4b30-b9c9-47ba7c6c33a8_config-0] Try to connect to server on start up, server: {serverIp = '8.134.88.169', server main port = 8848}
2025-10-18 14:45:47.716 [main] INFO  c.a.nacos.common.remote.client.grpc.GrpcClient - grpc client connection server:8.134.88.169 ip,serverPort:9848,grpcTslConfig:{"sslProvider":"OPENSSL","enableTls":false,"mutualAuthEnable":false,"trustAll":false}
2025-10-18 14:45:48.837 [main] INFO  com.alibaba.nacos.common.remote.client - [9c5b221e-d986-4b30-b9c9-47ba7c6c33a8_config-0] Success to connect to server [8.134.88.169:8848] on start up, connectionId = 1760769948647_112.94.129.49_1214
2025-10-18 14:45:48.837 [com.alibaba.nacos.client.remote.worker] INFO  com.alibaba.nacos.common.remote.client - [9c5b221e-d986-4b30-b9c9-47ba7c6c33a8_config-0] Notify connected event to listeners.
2025-10-18 14:45:48.837 [com.alibaba.nacos.client.remote.worker] INFO  com.alibaba.nacos.client.config.impl.ClientWorker - [9c5b221e-d986-4b30-b9c9-47ba7c6c33a8_config-0] Connected,notify listen context...
2025-10-18 14:45:48.838 [main] INFO  com.alibaba.nacos.common.remote.client - [9c5b221e-d986-4b30-b9c9-47ba7c6c33a8_config-0] Register server push request handler:com.alibaba.nacos.common.remote.client.RpcClient$ConnectResetRequestHandler
2025-10-18 14:45:48.838 [main] INFO  com.alibaba.nacos.common.remote.client - [9c5b221e-d986-4b30-b9c9-47ba7c6c33a8_config-0] Register server push request handler:com.alibaba.nacos.common.remote.client.RpcClient$$Lambda$610/0x000002091c4d8b98
2025-10-18 14:45:48.882 [main] INFO  com.alibaba.nacos.client.config.impl.Limiter - limitTime:5.0
2025-10-18 14:45:48.904 [main] WARN  c.a.cloud.nacos.client.NacosPropertySourceBuilder - Ignore the empty nacos configuration and get it based on dataId[xiaohongshu-auth] & group[DEFAULT_GROUP]
2025-10-18 14:45:48.920 [main] WARN  c.a.cloud.nacos.client.NacosPropertySourceBuilder - Ignore the empty nacos configuration and get it based on dataId[xiaohongshu-auth.yaml] & group[DEFAULT_GROUP]
2025-10-18 14:45:48.929 [main] WARN  c.a.cloud.nacos.client.NacosPropertySourceBuilder - Ignore the empty nacos configuration and get it based on dataId[xiaohongshu-auth-dev.yaml] & group[DEFAULT_GROUP]
2025-10-18 14:45:48.931 [main] INFO  o.s.c.b.c.PropertySourceBootstrapConfiguration - Located property source: [BootstrapPropertySource {name='bootstrapProperties-xiaohongshu-auth-dev.yaml,DEFAULT_GROUP'}, BootstrapPropertySource {name='bootstrapProperties-xiaohongshu-auth.yaml,DEFAULT_GROUP'}, BootstrapPropertySource {name='bootstrapProperties-xiaohongshu-auth,DEFAULT_GROUP'}]
2025-10-18 14:45:48.959 [main] WARN  com.alibaba.nacos.client.logging.NacosLogging - Load Logback Configuration of Nacos fail, message: Could not initialize Logback Nacos logging from classpath:nacos-logback.xml
2025-10-18 14:45:48.960 [main] INFO  c.zry.xiaohongshu.auth.XiaohongshuAuthApplication - The following 1 profile is active: "dev"
2025-10-18 14:45:49.748 [main] INFO  o.s.d.r.config.RepositoryConfigurationDelegate - Multiple Spring Data modules found, entering strict repository configuration mode
2025-10-18 14:45:49.752 [main] INFO  o.s.d.r.config.RepositoryConfigurationDelegate - Bootstrapping Spring Data Redis repositories in DEFAULT mode.
2025-10-18 14:45:49.786 [main] INFO  o.s.d.r.config.RepositoryConfigurationDelegate - Finished Spring Data repository scanning in 13 ms. Found 0 Redis repository interfaces.
2025-10-18 14:45:49.963 [main] INFO  o.springframework.cloud.context.scope.GenericScope - BeanFactory id=4caec7a2-dc6b-3701-b75d-86e0235c3ca4
2025-10-18 14:45:49.980 [main] INFO  o.s.c.s.PostProcessorRegistrationDelegate$BeanPostProcessorChecker - Bean 'com.zry.xiaohongshu.user.api.UserFeignApi' of type [org.springframework.cloud.openfeign.FeignClientFactoryBean] is not eligible for getting processed by all BeanPostProcessors (for example: not eligible for auto-proxying)
2025-10-18 14:45:50.479 [main] INFO  o.s.boot.web.embedded.tomcat.TomcatWebServer - Tomcat initialized with port(s): 8089 (http)
2025-10-18 14:45:50.480 [main] INFO  org.apache.catalina.core.AprLifecycleListener - Loaded Apache Tomcat Native library [2.0.3] using APR version [1.7.2].
2025-10-18 14:45:50.494 [main] INFO  org.apache.catalina.core.AprLifecycleListener - OpenSSL successfully initialized [OpenSSL 3.0.8 7 Feb 2023]
2025-10-18 14:45:50.505 [main] INFO  org.apache.catalina.core.StandardService - Starting service [Tomcat]
2025-10-18 14:45:50.505 [main] INFO  org.apache.catalina.core.StandardEngine - Starting Servlet engine: [Apache Tomcat/10.1.5]
2025-10-18 14:45:50.603 [main] INFO  o.a.c.core.ContainerBase.[Tomcat].[localhost].[/] - Initializing Spring embedded WebApplicationContext
2025-10-18 14:45:50.603 [main] INFO  o.s.b.w.s.c.ServletWebServerApplicationContext - Root WebApplicationContext: initialization completed in 1623 ms
2025-10-18 14:45:51.211 [main] INFO  o.s.cloud.openfeign.FeignClientFactoryBean - For 'xiaohongshu-user' URL not provided. Will try picking an instance via load-balancing.
2025-10-18 14:45:52.524 [main] WARN  o.s.c.l.c.LoadBalancerCacheAutoConfiguration$LoadBalancerCaffeineWarnLogger - Spring Cloud LoadBalancer is currently working with the default cache. While this cache implementation is useful for development and tests, it's recommended to use Caffeine cache in production.You can switch to using Caffeine cache, by adding it and org.springframework.cache.caffeine.CaffeineCacheManager to the classpath.
2025-10-18 14:45:52.616 [main] INFO  o.s.boot.web.embedded.tomcat.TomcatWebServer - Tomcat started on port(s): 8089 (http) with context path ''
2025-10-18 14:45:52.622 [main] INFO  com.alibaba.nacos.client.naming - initializer namespace from ans.namespace attribute : null
2025-10-18 14:45:52.622 [main] INFO  com.alibaba.nacos.client.naming - initializer namespace from ALIBABA_ALIWARE_NAMESPACE attribute :null
2025-10-18 14:45:52.623 [main] INFO  com.alibaba.nacos.client.naming - initializer namespace from namespace attribute :null
2025-10-18 14:45:52.631 [main] INFO  c.a.n.p.auth.spi.client.ClientAuthPluginManager - [ClientAuthPluginManager] Load ClientAuthService com.alibaba.nacos.client.auth.impl.NacosClientAuthServiceImpl success.
2025-10-18 14:45:52.631 [main] INFO  c.a.n.p.auth.spi.client.ClientAuthPluginManager - [ClientAuthPluginManager] Load ClientAuthService com.alibaba.nacos.client.auth.ram.RamClientAuthServiceImpl success.
2025-10-18 14:45:52.636 [main] INFO  com.alibaba.nacos.common.remote.client - [RpcClientFactory] create a new rpc client of 408017ff-75aa-4727-b4a3-5ef8e762bab2
2025-10-18 14:45:52.637 [main] INFO  com.alibaba.nacos.common.remote.client - [408017ff-75aa-4727-b4a3-5ef8e762bab2] RpcClient init, ServerListFactory = com.alibaba.nacos.client.naming.core.ServerListManager
2025-10-18 14:45:52.638 [main] INFO  com.alibaba.nacos.common.remote.client - [408017ff-75aa-4727-b4a3-5ef8e762bab2] Registry connection listener to current client:com.alibaba.nacos.client.naming.remote.gprc.redo.NamingGrpcRedoService
2025-10-18 14:45:52.638 [main] INFO  com.alibaba.nacos.common.remote.client - [408017ff-75aa-4727-b4a3-5ef8e762bab2] Register server push request handler:com.alibaba.nacos.client.naming.remote.gprc.NamingPushRequestHandler
2025-10-18 14:45:52.638 [main] INFO  com.alibaba.nacos.common.remote.client - [408017ff-75aa-4727-b4a3-5ef8e762bab2] Try to connect to server on start up, server: {serverIp = '8.134.88.169', server main port = 8848}
2025-10-18 14:45:52.639 [main] INFO  c.a.nacos.common.remote.client.grpc.GrpcClient - grpc client connection server:8.134.88.169 ip,serverPort:9848,grpcTslConfig:{"sslProvider":"OPENSSL","enableTls":false,"mutualAuthEnable":false,"trustAll":false}
2025-10-18 14:45:52.772 [main] INFO  com.alibaba.nacos.common.remote.client - [408017ff-75aa-4727-b4a3-5ef8e762bab2] Success to connect to server [8.134.88.169:8848] on start up, connectionId = 1760769952668_112.94.129.49_1216
2025-10-18 14:45:52.772 [main] INFO  com.alibaba.nacos.common.remote.client - [408017ff-75aa-4727-b4a3-5ef8e762bab2] Register server push request handler:com.alibaba.nacos.common.remote.client.RpcClient$ConnectResetRequestHandler
2025-10-18 14:45:52.772 [com.alibaba.nacos.client.remote.worker] INFO  com.alibaba.nacos.common.remote.client - [408017ff-75aa-4727-b4a3-5ef8e762bab2] Notify connected event to listeners.
2025-10-18 14:45:52.772 [main] INFO  com.alibaba.nacos.common.remote.client - [408017ff-75aa-4727-b4a3-5ef8e762bab2] Register server push request handler:com.alibaba.nacos.common.remote.client.RpcClient$$Lambda$610/0x000002091c4d8b98
2025-10-18 14:45:52.772 [com.alibaba.nacos.client.remote.worker] INFO  com.alibaba.nacos.client.naming - Grpc connection connect
2025-10-18 14:45:52.774 [main] INFO  com.alibaba.nacos.client.naming - [REGISTER-SERVICE] xiaohongshu registering service xiaohongshu-auth with instance Instance{instanceId='null', ip='10.2.66.25', port=8089, weight=1.0, healthy=true, enabled=true, ephemeral=true, clusterName='DEFAULT', serviceName='null', metadata={IPv6=null, preserved.register.source=SPRING_CLOUD}}
2025-10-18 14:45:52.792 [main] INFO  c.a.cloud.nacos.registry.NacosServiceRegistry - nacos registry, DEFAULT_GROUP xiaohongshu-auth 10.2.66.25:8089 register finished
2025-10-18 14:45:53.061 [main] INFO  c.zry.xiaohongshu.auth.XiaohongshuAuthApplication - Started XiaohongshuAuthApplication in 7.138 seconds (process running for 8.014)
2025-10-18 14:45:53.065 [main] INFO  com.alibaba.nacos.client.config.impl.CacheData - nacos.cache.data.init.snapshot = true 
2025-10-18 14:45:53.066 [main] INFO  com.alibaba.nacos.client.config.impl.ClientWorker - [fixed-xiaohongshu-8.134.88.169_8848_] [subscribe] xiaohongshu-auth.yaml+DEFAULT_GROUP+xiaohongshu
2025-10-18 14:45:53.074 [main] INFO  com.alibaba.nacos.client.config.impl.CacheData - [fixed-xiaohongshu-8.134.88.169_8848_] [add-listener] ok, tenant=xiaohongshu, dataId=xiaohongshu-auth.yaml, group=DEFAULT_GROUP, cnt=1
2025-10-18 14:45:53.074 [main] INFO  c.a.cloud.nacos.refresh.NacosContextRefresher - [Nacos Config] Listening config: dataId=xiaohongshu-auth.yaml, group=DEFAULT_GROUP
2025-10-18 14:45:53.075 [main] INFO  com.alibaba.nacos.client.config.impl.ClientWorker - [fixed-xiaohongshu-8.134.88.169_8848_] [subscribe] xiaohongshu-auth-dev.yaml+DEFAULT_GROUP+xiaohongshu
2025-10-18 14:45:53.075 [main] INFO  com.alibaba.nacos.client.config.impl.CacheData - [fixed-xiaohongshu-8.134.88.169_8848_] [add-listener] ok, tenant=xiaohongshu, dataId=xiaohongshu-auth-dev.yaml, group=DEFAULT_GROUP, cnt=1
2025-10-18 14:45:53.075 [main] INFO  c.a.cloud.nacos.refresh.NacosContextRefresher - [Nacos Config] Listening config: dataId=xiaohongshu-auth-dev.yaml, group=DEFAULT_GROUP
2025-10-18 14:45:53.075 [main] INFO  com.alibaba.nacos.client.config.impl.ClientWorker - [fixed-xiaohongshu-8.134.88.169_8848_] [subscribe] xiaohongshu-auth+DEFAULT_GROUP+xiaohongshu
2025-10-18 14:45:53.075 [main] INFO  com.alibaba.nacos.client.config.impl.CacheData - [fixed-xiaohongshu-8.134.88.169_8848_] [add-listener] ok, tenant=xiaohongshu, dataId=xiaohongshu-auth, group=DEFAULT_GROUP, cnt=1
2025-10-18 14:45:53.075 [main] INFO  c.a.cloud.nacos.refresh.NacosContextRefresher - [Nacos Config] Listening config: dataId=xiaohongshu-auth, group=DEFAULT_GROUP
2025-10-18 14:46:51.379 [http-nio-8089-exec-1] INFO  o.a.c.core.ContainerBase.[Tomcat].[localhost].[/] - Initializing Spring DispatcherServlet 'dispatcherServlet'
2025-10-18 14:46:51.379 [http-nio-8089-exec-1] INFO  org.springframework.web.servlet.DispatcherServlet - Initializing Servlet 'dispatcherServlet'
2025-10-18 14:46:51.379 [http-nio-8089-exec-1] INFO  org.springframework.web.servlet.DispatcherServlet - Completed initialization in 0 ms
2025-10-18 14:46:51.386 [http-nio-8089-exec-1] INFO  c.z.f.b.context.filter.HeaderUserId2ContextFilter - ## HeaderUserId2ContextFilter, 用户 ID: null
2025-10-18 14:46:51.484 [http-nio-8089-exec-1] INFO  c.z.f.b.operationlog.aspect.ApiOperationLogAspect - ====== 请求开始: [用户登录], 入参: {"phone":"13068920712","code":null,"password":"123456","type":2}, 请求类: AuthController, 请求方法: loginAndRegister =================================== 
2025-10-18 14:46:51.560 [http-nio-8089-exec-1] INFO  com.alibaba.nacos.client.naming - [SUBSCRIBE-SERVICE] service:xiaohongshu-user, group:DEFAULT_GROUP, clusters: 
2025-10-18 14:46:51.578 [http-nio-8089-exec-1] INFO  com.alibaba.nacos.client.naming - init new ips(0) service: DEFAULT_GROUP@@xiaohongshu-user -> []
2025-10-18 14:46:51.579 [http-nio-8089-exec-1] INFO  com.alibaba.nacos.client.naming - current ips:(0) service: DEFAULT_GROUP@@xiaohongshu-user -> []
2025-10-18 14:46:51.587 [http-nio-8089-exec-1] WARN  o.s.cloud.loadbalancer.core.RoundRobinLoadBalancer - No servers available for service: xiaohongshu-user
2025-10-18 14:46:51.592 [http-nio-8089-exec-1] WARN  o.s.c.o.l.FeignBlockingLoadBalancerClient - Load balancer does not contain an instance for the service xiaohongshu-user
2025-10-18 14:46:51.600 [http-nio-8089-exec-1] ERROR c.z.x.auth.exception.GlobalExceptionHandler - /login request error, 
feign.FeignException$ServiceUnavailable: [503] during [POST] to [http://xiaohongshu-user/user/findByPhone] [UserFeignApi#findByPhone(FindUserByPhoneReqDTO)]: [Load balancer does not contain an instance for the service xiaohongshu-user]
	at feign.FeignException.serverErrorStatus(FeignException.java:265)
	at feign.FeignException.errorStatus(FeignException.java:206)
	at feign.FeignException.errorStatus(FeignException.java:194)
	at feign.FeignException.errorStatus(FeignException.java:171)
	at feign.codec.ErrorDecoder$Default.decode(ErrorDecoder.java:92)
	at feign.ResponseHandler.decodeError(ResponseHandler.java:136)
	at feign.ResponseHandler.handleResponse(ResponseHandler.java:70)
	at feign.SynchronousMethodHandler.executeAndDecode(SynchronousMethodHandler.java:116)
	at feign.SynchronousMethodHandler.invoke(SynchronousMethodHandler.java:72)
	at feign.ReflectiveFeign$FeignInvocationHandler.invoke(ReflectiveFeign.java:98)
	at jdk.proxy2/jdk.proxy2.$Proxy95.findByPhone(Unknown Source)
	at com.zry.xiaohongshu.auth.rpc.UserRpcService.findUserByPhone(UserRpcService.java:31)
	at com.zry.xiaohongshu.auth.service.impl.AuthServiceImpl.loginAndRegister(AuthServiceImpl.java:68)
	at com.zry.xiaohongshu.auth.controller.AuthController.loginAndRegister(AuthController.java:22)
	at java.base/jdk.internal.reflect.NativeMethodAccessorImpl.invoke0(Native Method)
	at java.base/jdk.internal.reflect.NativeMethodAccessorImpl.invoke(NativeMethodAccessorImpl.java:77)
	at java.base/jdk.internal.reflect.DelegatingMethodAccessorImpl.invoke(DelegatingMethodAccessorImpl.java:43)
	at java.base/java.lang.reflect.Method.invoke(Method.java:568)
	at org.springframework.aop.support.AopUtils.invokeJoinpointUsingReflection(AopUtils.java:343)
	at org.springframework.aop.framework.ReflectiveMethodInvocation.invokeJoinpoint(ReflectiveMethodInvocation.java:196)
	at org.springframework.aop.framework.ReflectiveMethodInvocation.proceed(ReflectiveMethodInvocation.java:163)
	at org.springframework.aop.framework.CglibAopProxy$CglibMethodInvocation.proceed(CglibAopProxy.java:752)
	at org.springframework.aop.aspectj.MethodInvocationProceedingJoinPoint.proceed(MethodInvocationProceedingJoinPoint.java:89)
	at com.zry.framework.biz.operationlog.aspect.ApiOperationLogAspect.doAround(ApiOperationLogAspect.java:50)
	at java.base/jdk.internal.reflect.NativeMethodAccessorImpl.invoke0(Native Method)
	at java.base/jdk.internal.reflect.NativeMethodAccessorImpl.invoke(NativeMethodAccessorImpl.java:77)
	at java.base/jdk.internal.reflect.DelegatingMethodAccessorImpl.invoke(DelegatingMethodAccessorImpl.java:43)
	at java.base/java.lang.reflect.Method.invoke(Method.java:568)
	at org.springframework.aop.aspectj.AbstractAspectJAdvice.invokeAdviceMethodWithGivenArgs(AbstractAspectJAdvice.java:633)
	at org.springframework.aop.aspectj.AbstractAspectJAdvice.invokeAdviceMethod(AbstractAspectJAdvice.java:623)
	at org.springframework.aop.aspectj.AspectJAroundAdvice.invoke(AspectJAroundAdvice.java:71)
	at org.springframework.aop.framework.ReflectiveMethodInvocation.proceed(ReflectiveMethodInvocation.java:173)
	at org.springframework.aop.framework.CglibAopProxy$CglibMethodInvocation.proceed(CglibAopProxy.java:752)
	at org.springframework.aop.interceptor.ExposeInvocationInterceptor.invoke(ExposeInvocationInterceptor.java:97)
	at org.springframework.aop.framework.ReflectiveMethodInvocation.proceed(ReflectiveMethodInvocation.java:184)
	at org.springframework.aop.framework.CglibAopProxy$CglibMethodInvocation.proceed(CglibAopProxy.java:752)
	at org.springframework.aop.framework.CglibAopProxy$DynamicAdvisedInterceptor.intercept(CglibAopProxy.java:703)
	at com.zry.xiaohongshu.auth.controller.AuthController$$SpringCGLIB$$0.loginAndRegister(<generated>)
	at java.base/jdk.internal.reflect.NativeMethodAccessorImpl.invoke0(Native Method)
	at java.base/jdk.internal.reflect.NativeMethodAccessorImpl.invoke(NativeMethodAccessorImpl.java:77)
	at java.base/jdk.internal.reflect.DelegatingMethodAccessorImpl.invoke(DelegatingMethodAccessorImpl.java:43)
	at java.base/java.lang.reflect.Method.invoke(Method.java:568)
	at org.springframework.web.method.support.InvocableHandlerMethod.doInvoke(InvocableHandlerMethod.java:207)
	at org.springframework.web.method.support.InvocableHandlerMethod.invokeForRequest(InvocableHandlerMethod.java:152)
	at org.springframework.web.servlet.mvc.method.annotation.ServletInvocableHandlerMethod.invokeAndHandle(ServletInvocableHandlerMethod.java:117)
	at org.springframework.web.servlet.mvc.method.annotation.RequestMappingHandlerAdapter.invokeHandlerMethod(RequestMappingHandlerAdapter.java:884)
	at org.springframework.web.servlet.mvc.method.annotation.RequestMappingHandlerAdapter.handleInternal(RequestMappingHandlerAdapter.java:797)
	at org.springframework.web.servlet.mvc.method.AbstractHandlerMethodAdapter.handle(AbstractHandlerMethodAdapter.java:87)
	at org.springframework.web.servlet.DispatcherServlet.doDispatch(DispatcherServlet.java:1080)
	at org.springframework.web.servlet.DispatcherServlet.doService(DispatcherServlet.java:973)
	at org.springframework.web.servlet.FrameworkServlet.processRequest(FrameworkServlet.java:1011)
	at org.springframework.web.servlet.FrameworkServlet.doPost(FrameworkServlet.java:914)
	at jakarta.servlet.http.HttpServlet.service(HttpServlet.java:547)
	at org.springframework.web.servlet.FrameworkServlet.service(FrameworkServlet.java:885)
	at jakarta.servlet.http.HttpServlet.service(HttpServlet.java:614)
	at org.apache.catalina.core.ApplicationFilterChain.internalDoFilter(ApplicationFilterChain.java:223)
	at org.apache.catalina.core.ApplicationFilterChain.doFilter(ApplicationFilterChain.java:158)
	at org.apache.tomcat.websocket.server.WsFilter.doFilter(WsFilter.java:53)
	at org.apache.catalina.core.ApplicationFilterChain.internalDoFilter(ApplicationFilterChain.java:185)
	at org.apache.catalina.core.ApplicationFilterChain.doFilter(ApplicationFilterChain.java:158)
	at com.zry.framework.biz.context.filter.HeaderUserId2ContextFilter.doFilterInternal(HeaderUserId2ContextFilter.java:28)
	at org.springframework.web.filter.OncePerRequestFilter.doFilter(OncePerRequestFilter.java:116)
	at org.apache.catalina.core.ApplicationFilterChain.internalDoFilter(ApplicationFilterChain.java:185)
	at org.apache.catalina.core.ApplicationFilterChain.doFilter(ApplicationFilterChain.java:158)
	at org.springframework.web.filter.RequestContextFilter.doFilterInternal(RequestContextFilter.java:100)
	at org.springframework.web.filter.OncePerRequestFilter.doFilter(OncePerRequestFilter.java:116)
	at org.apache.catalina.core.ApplicationFilterChain.internalDoFilter(ApplicationFilterChain.java:185)
	at org.apache.catalina.core.ApplicationFilterChain.doFilter(ApplicationFilterChain.java:158)
	at cn.dev33.satoken.filter.SaPathCheckFilterForJakartaServlet.doFilter(SaPathCheckFilterForJakartaServlet.java:55)
	at org.apache.catalina.core.ApplicationFilterChain.internalDoFilter(ApplicationFilterChain.java:185)
	at org.apache.catalina.core.ApplicationFilterChain.doFilter(ApplicationFilterChain.java:158)
	at org.springframework.web.filter.FormContentFilter.doFilterInternal(FormContentFilter.java:93)
	at org.springframework.web.filter.OncePerRequestFilter.doFilter(OncePerRequestFilter.java:116)
	at org.apache.catalina.core.ApplicationFilterChain.internalDoFilter(ApplicationFilterChain.java:185)
	at org.apache.catalina.core.ApplicationFilterChain.doFilter(ApplicationFilterChain.java:158)
	at org.springframework.web.filter.CharacterEncodingFilter.doFilterInternal(CharacterEncodingFilter.java:201)
	at org.springframework.web.filter.OncePerRequestFilter.doFilter(OncePerRequestFilter.java:116)
	at org.apache.catalina.core.ApplicationFilterChain.internalDoFilter(ApplicationFilterChain.java:185)
	at org.apache.catalina.core.ApplicationFilterChain.doFilter(ApplicationFilterChain.java:158)
	at org.apache.catalina.core.StandardWrapperValve.invoke(StandardWrapperValve.java:177)
	at org.apache.catalina.core.StandardContextValve.invoke(StandardContextValve.java:97)
	at org.apache.catalina.authenticator.AuthenticatorBase.invoke(AuthenticatorBase.java:542)
	at org.apache.catalina.core.StandardHostValve.invoke(StandardHostValve.java:119)
	at org.apache.catalina.valves.ErrorReportValve.invoke(ErrorReportValve.java:92)
	at org.apache.catalina.core.StandardEngineValve.invoke(StandardEngineValve.java:78)
	at org.apache.catalina.connector.CoyoteAdapter.service(CoyoteAdapter.java:357)
	at org.apache.coyote.http11.Http11Processor.service(Http11Processor.java:400)
	at org.apache.coyote.AbstractProcessorLight.process(AbstractProcessorLight.java:65)
	at org.apache.coyote.AbstractProtocol$ConnectionHandler.process(AbstractProtocol.java:859)
	at org.apache.tomcat.util.net.NioEndpoint$SocketProcessor.doRun(NioEndpoint.java:1734)
	at org.apache.tomcat.util.net.SocketProcessorBase.run(SocketProcessorBase.java:52)
	at org.apache.tomcat.util.threads.ThreadPoolExecutor.runWorker(ThreadPoolExecutor.java:1191)
	at org.apache.tomcat.util.threads.ThreadPoolExecutor$Worker.run(ThreadPoolExecutor.java:659)
	at org.apache.tomcat.util.threads.TaskThread$WrappingRunnable.run(TaskThread.java:61)
	at java.base/java.lang.Thread.run(Thread.java:842)
2025-10-18 14:46:52.177 [nacos-grpc-client-executor-8.134.88.169-21] INFO  com.alibaba.nacos.common.remote.client - [408017ff-75aa-4727-b4a3-5ef8e762bab2] Receive server push request, request = NotifySubscriberRequest, requestId = 1796
2025-10-18 14:46:52.178 [nacos-grpc-client-executor-8.134.88.169-21] INFO  com.alibaba.nacos.common.remote.client - [408017ff-75aa-4727-b4a3-5ef8e762bab2] Ack server push request, request = NotifySubscriberRequest, requestId = 1796
2025-10-18 14:47:45.906 [nacos-grpc-client-executor-8.134.88.169-35] INFO  com.alibaba.nacos.common.remote.client - [408017ff-75aa-4727-b4a3-5ef8e762bab2] Receive server push request, request = NotifySubscriberRequest, requestId = 1797
2025-10-18 14:47:45.908 [nacos-grpc-client-executor-8.134.88.169-35] INFO  com.alibaba.nacos.client.naming - new ips(1) service: DEFAULT_GROUP@@xiaohongshu-user -> [{"ip":"10.2.66.25","port":8082,"weight":1.0,"healthy":true,"enabled":true,"ephemeral":true,"clusterName":"DEFAULT","serviceName":"DEFAULT_GROUP@@xiaohongshu-user","metadata":{"preserved.register.source":"SPRING_CLOUD"},"instanceHeartBeatInterval":5000,"instanceHeartBeatTimeOut":15000,"ipDeleteTimeout":30000}]
2025-10-18 14:47:45.909 [nacos-grpc-client-executor-8.134.88.169-35] INFO  com.alibaba.nacos.client.naming - current ips:(1) service: DEFAULT_GROUP@@xiaohongshu-user -> [{"ip":"10.2.66.25","port":8082,"weight":1.0,"healthy":true,"enabled":true,"ephemeral":true,"clusterName":"DEFAULT","serviceName":"DEFAULT_GROUP@@xiaohongshu-user","metadata":{"preserved.register.source":"SPRING_CLOUD"},"instanceHeartBeatInterval":5000,"instanceHeartBeatTimeOut":15000,"ipDeleteTimeout":30000}]
2025-10-18 14:47:45.910 [nacos-grpc-client-executor-8.134.88.169-35] INFO  com.alibaba.nacos.common.remote.client - [408017ff-75aa-4727-b4a3-5ef8e762bab2] Ack server push request, request = NotifySubscriberRequest, requestId = 1797
2025-10-18 14:47:51.745 [http-nio-8089-exec-2] INFO  c.z.f.b.context.filter.HeaderUserId2ContextFilter - ## HeaderUserId2ContextFilter, 用户 ID: null
2025-10-18 14:47:51.746 [http-nio-8089-exec-2] INFO  c.z.f.b.operationlog.aspect.ApiOperationLogAspect - ====== 请求开始: [用户登录], 入参: {"phone":"13068920712","code":null,"password":"123456","type":2}, 请求类: AuthController, 请求方法: loginAndRegister =================================== 
2025-10-18 14:47:52.578 [http-nio-8089-exec-2] INFO  c.z.f.b.operationlog.aspect.ApiOperationLogAspect - ====== 请求结束: [用户登录], 耗时: 832ms, 出参: {"success":true,"message":null,"errorCode":null,"data":"7mr5CWldbdfU7gSRogFMQoKu9OOufcZve6qf1lKymbfKPbGIqsV3VfR9QhvUoVbRN9s27UCyPiKhPuIfcfed0NYXrsVPQS8eWMCjNBF0rejwg7ZVQwGpD5UBiPCVDY2I"} =================================== 
2025-10-18 14:48:06.240 [http-nio-8089-exec-3] INFO  c.z.f.b.context.filter.HeaderUserId2ContextFilter - ## HeaderUserId2ContextFilter, 用户 ID: 100
2025-10-18 14:48:06.240 [http-nio-8089-exec-3] INFO  c.z.f.b.operationlog.aspect.ApiOperationLogAspect - ====== 请求开始: [用户登出], 入参: , 请求类: AuthController, 请求方法: logout =================================== 
2025-10-18 14:48:06.241 [http-nio-8089-exec-3] INFO  c.zry.xiaohongshu.auth.controller.AuthController - 用户登出
2025-10-18 14:48:06.255 [http-nio-8089-exec-3] INFO  c.z.f.b.operationlog.aspect.ApiOperationLogAspect - ====== 请求结束: [用户登出], 耗时: 15ms, 出参: {"success":true,"message":null,"errorCode":null,"data":null} =================================== 
2025-10-18 14:48:06.256 [http-nio-8089-exec-3] INFO  c.z.f.b.context.filter.HeaderUserId2ContextFilter - ===== 删除 ThreadLocal， userId: 100
2025-10-18 14:48:23.635 [http-nio-8089-exec-4] INFO  c.z.f.b.context.filter.HeaderUserId2ContextFilter - ## HeaderUserId2ContextFilter, 用户 ID: null
2025-10-18 14:48:23.645 [http-nio-8089-exec-4] INFO  c.z.f.b.operationlog.aspect.ApiOperationLogAspect - ====== 请求开始: [发送验证码], 入参: {"phone":"13068920712"}, 请求类: VerificationCodeController, 请求方法: send =================================== 
2025-10-18 14:48:23.664 [http-nio-8089-exec-4] INFO  c.z.x.a.service.impl.VerificationCodeServiceImpl - ==> 手机号: 13068920712, 已生成验证码：【301895】
2025-10-18 14:48:23.666 [AuthExecutor-1] INFO  com.zry.xiaohongshu.auth.sms.AliyunSmsHelper - ==> 开始短信发送, phone: 13068920712, signName: 阿里云短信测试, templateCode: SMS_154950909, templateParam: {"code":"301895"}
2025-10-18 14:48:23.669 [http-nio-8089-exec-4] INFO  c.z.f.b.operationlog.aspect.ApiOperationLogAspect - ====== 请求结束: [发送验证码], 耗时: 25ms, 出参: {"success":true,"message":null,"errorCode":null,"data":null} =================================== 
2025-10-18 14:48:25.358 [AuthExecutor-1] INFO  com.zry.xiaohongshu.auth.sms.AliyunSmsHelper - ==> 短信发送成功, response: {"headers":{"access-control-allow-origin":"*","date":"Sat, 18 Oct 2025 06:48:25 GMT","content-length":"110","keep-alive":"timeout=25","x-acs-request-id":"FE4323ED-BA91-5029-8B2D-1E8ED4638B94","connection":"keep-alive","content-type":"application/json;charset=utf-8","etag":"18Bc/0MD6+uP+LGf4UcYnsQ0","access-control-expose-headers":"*","x-acs-trace-id":"fa022fd0841a138355a840bd6a7dfdd7"},"statusCode":200,"body":{"bizId":"907205360770104904^0","code":"OK","message":"OK","requestId":"FE4323ED-BA91-5029-8B2D-1E8ED4638B94"}}
2025-10-18 14:48:36.822 [http-nio-8089-exec-5] INFO  c.z.f.b.context.filter.HeaderUserId2ContextFilter - ## HeaderUserId2ContextFilter, 用户 ID: null
2025-10-18 14:48:36.823 [http-nio-8089-exec-5] INFO  c.z.f.b.operationlog.aspect.ApiOperationLogAspect - ====== 请求开始: [用户登录], 入参: {"phone":"13068920712","code":"301895","password":null,"type":1}, 请求类: AuthController, 请求方法: loginAndRegister =================================== 
2025-10-18 14:48:36.892 [http-nio-8089-exec-5] INFO  c.z.f.b.operationlog.aspect.ApiOperationLogAspect - ====== 请求结束: [用户登录], 耗时: 69ms, 出参: {"success":true,"message":null,"errorCode":null,"data":"ysHB1AED9DRVFLLbiQe3Dt25YqqMOpeU470bOuWZaqgMXbZnxJ04ESXF3fK257LY5TezQfa0pKvpoCdyemQspUNNXjgjXJF1phkzhzFTrMDaKmoImpR7DQewo0hUg14I"} =================================== 
2025-10-18 14:48:42.685 [http-nio-8089-exec-6] INFO  c.z.f.b.context.filter.HeaderUserId2ContextFilter - ## HeaderUserId2ContextFilter, 用户 ID: 100
2025-10-18 14:48:42.686 [http-nio-8089-exec-6] INFO  c.z.f.b.operationlog.aspect.ApiOperationLogAspect - ====== 请求开始: [用户登出], 入参: , 请求类: AuthController, 请求方法: logout =================================== 
2025-10-18 14:48:42.686 [http-nio-8089-exec-6] INFO  c.zry.xiaohongshu.auth.controller.AuthController - 用户登出
2025-10-18 14:48:42.696 [http-nio-8089-exec-6] INFO  c.z.f.b.operationlog.aspect.ApiOperationLogAspect - ====== 请求结束: [用户登出], 耗时: 10ms, 出参: {"success":true,"message":null,"errorCode":null,"data":null} =================================== 
2025-10-18 14:48:42.697 [http-nio-8089-exec-6] INFO  c.z.f.b.context.filter.HeaderUserId2ContextFilter - ===== 删除 ThreadLocal， userId: 100
2025-10-18 14:48:52.228 [http-nio-8089-exec-7] INFO  c.z.f.b.context.filter.HeaderUserId2ContextFilter - ## HeaderUserId2ContextFilter, 用户 ID: null
2025-10-18 14:48:52.230 [http-nio-8089-exec-7] INFO  c.z.f.b.operationlog.aspect.ApiOperationLogAspect - ====== 请求开始: [用户登录], 入参: {"phone":"13068920712","code":null,"password":"123456","type":2}, 请求类: AuthController, 请求方法: loginAndRegister =================================== 
2025-10-18 14:48:52.379 [http-nio-8089-exec-7] INFO  c.z.f.b.operationlog.aspect.ApiOperationLogAspect - ====== 请求结束: [用户登录], 耗时: 150ms, 出参: {"success":true,"message":null,"errorCode":null,"data":"7SkhIzmLndTi7NoNeDAnIznQnb5yhJHsItc1dYVYkh2jLmZQ9lY8Mi69qE4ZAjjVExNbWf4UMXDSOoQt9WLM5N7Yj1A5AFFZf2Ao54X7zQ2qdCNAB4Ge0kXwIRfea3bt"} =================================== 
2025-10-18 14:48:54.613 [http-nio-8089-exec-9] INFO  c.z.f.b.context.filter.HeaderUserId2ContextFilter - ## HeaderUserId2ContextFilter, 用户 ID: 100
2025-10-18 14:48:54.614 [http-nio-8089-exec-9] INFO  c.z.f.b.operationlog.aspect.ApiOperationLogAspect - ====== 请求开始: [用户登出], 入参: , 请求类: AuthController, 请求方法: logout =================================== 
2025-10-18 14:48:54.614 [http-nio-8089-exec-9] INFO  c.zry.xiaohongshu.auth.controller.AuthController - 用户登出
2025-10-18 14:48:54.631 [http-nio-8089-exec-9] INFO  c.z.f.b.operationlog.aspect.ApiOperationLogAspect - ====== 请求结束: [用户登出], 耗时: 17ms, 出参: {"success":true,"message":null,"errorCode":null,"data":null} =================================== 
2025-10-18 14:48:54.632 [http-nio-8089-exec-9] INFO  c.z.f.b.context.filter.HeaderUserId2ContextFilter - ===== 删除 ThreadLocal， userId: 100
2025-10-18 14:49:01.247 [http-nio-8089-exec-8] INFO  c.z.f.b.context.filter.HeaderUserId2ContextFilter - ## HeaderUserId2ContextFilter, 用户 ID: null
2025-10-18 14:49:01.248 [http-nio-8089-exec-8] INFO  c.z.f.b.operationlog.aspect.ApiOperationLogAspect - ====== 请求开始: [用户登录], 入参: {"phone":"13068920712","code":null,"password":"123456","type":2}, 请求类: AuthController, 请求方法: loginAndRegister =================================== 
2025-10-18 14:49:01.408 [http-nio-8089-exec-8] INFO  c.z.f.b.operationlog.aspect.ApiOperationLogAspect - ====== 请求结束: [用户登录], 耗时: 159ms, 出参: {"success":true,"message":null,"errorCode":null,"data":"HgwUZEhoCrN7Qy6byq2fNrMqdUs70CkQDsjcOQJ4Y1CdJgTLktD909eUwaechYYH6r6oS0XP5Gc9o14BYBSTEsYGHtnwMLWJdRrDqDlakWmQSHjksOG0aYjk8J4OBnhq"} =================================== 
2025-10-18 14:49:05.399 [http-nio-8089-exec-10] INFO  c.z.f.b.context.filter.HeaderUserId2ContextFilter - ## HeaderUserId2ContextFilter, 用户 ID: 100
2025-10-18 14:49:05.399 [http-nio-8089-exec-10] INFO  c.z.f.b.operationlog.aspect.ApiOperationLogAspect - ====== 请求开始: [用户登出], 入参: , 请求类: AuthController, 请求方法: logout =================================== 
2025-10-18 14:49:05.399 [http-nio-8089-exec-10] INFO  c.zry.xiaohongshu.auth.controller.AuthController - 用户登出
2025-10-18 14:49:05.410 [http-nio-8089-exec-10] INFO  c.z.f.b.operationlog.aspect.ApiOperationLogAspect - ====== 请求结束: [用户登出], 耗时: 11ms, 出参: {"success":true,"message":null,"errorCode":null,"data":null} =================================== 
2025-10-18 14:49:05.411 [http-nio-8089-exec-10] INFO  c.z.f.b.context.filter.HeaderUserId2ContextFilter - ===== 删除 ThreadLocal， userId: 100
2025-10-18 14:49:18.011 [http-nio-8089-exec-1] INFO  c.z.f.b.context.filter.HeaderUserId2ContextFilter - ## HeaderUserId2ContextFilter, 用户 ID: null
2025-10-18 14:49:18.013 [http-nio-8089-exec-1] INFO  c.z.f.b.operationlog.aspect.ApiOperationLogAspect - ====== 请求开始: [用户登录], 入参: {"phone":"13068920712","code":null,"password":"123456","type":2}, 请求类: AuthController, 请求方法: loginAndRegister =================================== 
2025-10-18 14:49:18.197 [http-nio-8089-exec-1] INFO  c.z.f.b.operationlog.aspect.ApiOperationLogAspect - ====== 请求结束: [用户登录], 耗时: 184ms, 出参: {"success":true,"message":null,"errorCode":null,"data":"aGKYpfIuIZP4aX3TEarl9fG3Tx3KEsMAAZfSn5PIoIeQbM19y8i2iw9qdKnRPc7UrP38d8jOrexsWZ6GJMc1Yk0ke1fT3ClLyzZw4VbOFPnL0nxcOnsfeEGbRVrkmRh6"} =================================== 
2025-10-18 14:49:19.914 [http-nio-8089-exec-2] INFO  c.z.f.b.context.filter.HeaderUserId2ContextFilter - ## HeaderUserId2ContextFilter, 用户 ID: 100
2025-10-18 14:49:19.915 [http-nio-8089-exec-2] INFO  c.z.f.b.operationlog.aspect.ApiOperationLogAspect - ====== 请求开始: [用户登出], 入参: , 请求类: AuthController, 请求方法: logout =================================== 
2025-10-18 14:49:19.915 [http-nio-8089-exec-2] INFO  c.zry.xiaohongshu.auth.controller.AuthController - 用户登出
2025-10-18 14:49:19.925 [http-nio-8089-exec-2] INFO  c.z.f.b.operationlog.aspect.ApiOperationLogAspect - ====== 请求结束: [用户登出], 耗时: 10ms, 出参: {"success":true,"message":null,"errorCode":null,"data":null} =================================== 
2025-10-18 14:49:19.926 [http-nio-8089-exec-2] INFO  c.z.f.b.context.filter.HeaderUserId2ContextFilter - ===== 删除 ThreadLocal， userId: 100
2025-10-18 14:49:24.922 [http-nio-8089-exec-3] INFO  c.z.f.b.context.filter.HeaderUserId2ContextFilter - ## HeaderUserId2ContextFilter, 用户 ID: null
2025-10-18 14:49:24.923 [http-nio-8089-exec-3] INFO  c.z.f.b.operationlog.aspect.ApiOperationLogAspect - ====== 请求开始: [用户登录], 入参: {"phone":"13068920712","code":null,"password":"123456","type":2}, 请求类: AuthController, 请求方法: loginAndRegister =================================== 
2025-10-18 14:49:25.075 [http-nio-8089-exec-3] INFO  c.z.f.b.operationlog.aspect.ApiOperationLogAspect - ====== 请求结束: [用户登录], 耗时: 152ms, 出参: {"success":true,"message":null,"errorCode":null,"data":"PsU2D1UoDPW7ocUvLpx51U72M09TAkCU4ox29IZKRuiOD45IYe7h05Hbz8us72pmGikm4H4G7SA5UQE6BZ7yHSkQvWNAIz864Uf3AtTKpB7wNcGXrOX9Zko0N7V6f3Tu"} =================================== 
2025-10-18 14:49:27.460 [http-nio-8089-exec-4] INFO  c.z.f.b.context.filter.HeaderUserId2ContextFilter - ## HeaderUserId2ContextFilter, 用户 ID: 100
2025-10-18 14:49:27.460 [http-nio-8089-exec-4] INFO  c.z.f.b.operationlog.aspect.ApiOperationLogAspect - ====== 请求开始: [用户登出], 入参: , 请求类: AuthController, 请求方法: logout =================================== 
2025-10-18 14:49:27.460 [http-nio-8089-exec-4] INFO  c.zry.xiaohongshu.auth.controller.AuthController - 用户登出
2025-10-18 14:49:27.478 [http-nio-8089-exec-4] INFO  c.z.f.b.operationlog.aspect.ApiOperationLogAspect - ====== 请求结束: [用户登出], 耗时: 18ms, 出参: {"success":true,"message":null,"errorCode":null,"data":null} =================================== 
2025-10-18 14:49:27.480 [http-nio-8089-exec-4] INFO  c.z.f.b.context.filter.HeaderUserId2ContextFilter - ===== 删除 ThreadLocal， userId: 100
2025-10-18 14:50:27.844 [http-nio-8089-exec-5] INFO  c.z.f.b.context.filter.HeaderUserId2ContextFilter - ## HeaderUserId2ContextFilter, 用户 ID: null
2025-10-18 14:50:27.846 [http-nio-8089-exec-5] INFO  c.z.f.b.operationlog.aspect.ApiOperationLogAspect - ====== 请求开始: [用户登录], 入参: {"phone":"13068920711","code":null,"password":"123456","type":2}, 请求类: AuthController, 请求方法: loginAndRegister =================================== 
2025-10-18 14:50:27.862 [http-nio-8089-exec-5] WARN  c.z.x.auth.exception.GlobalExceptionHandler - /login request fail, errorCode: AUTH-20003, errorMessage: 该用户不存在
2025-10-18 14:50:33.720 [http-nio-8089-exec-6] INFO  c.z.f.b.context.filter.HeaderUserId2ContextFilter - ## HeaderUserId2ContextFilter, 用户 ID: null
2025-10-18 14:50:33.721 [http-nio-8089-exec-6] INFO  c.z.f.b.operationlog.aspect.ApiOperationLogAspect - ====== 请求开始: [用户登录], 入参: {"phone":"13068920711","code":null,"password":"123456","type":2}, 请求类: AuthController, 请求方法: loginAndRegister =================================== 
2025-10-18 14:50:33.732 [http-nio-8089-exec-6] WARN  c.z.x.auth.exception.GlobalExceptionHandler - /login request fail, errorCode: AUTH-20003, errorMessage: 该用户不存在
2025-10-18 23:02:13.783 [lettuce-eventExecutorLoop-1-7] INFO  io.lettuce.core.protocol.ConnectionWatchdog - Reconnecting, last destination was /127.0.0.1:6379
2025-10-18 23:02:13.900 [lettuce-nioEventLoop-4-2] WARN  io.lettuce.core.protocol.ConnectionWatchdog - Cannot reconnect to [127.0.0.1/<unresolved>:6379]: Connection refused: no further information: /127.0.0.1:6379
2025-10-18 23:02:18.814 [lettuce-eventExecutorLoop-1-2] INFO  io.lettuce.core.protocol.ConnectionWatchdog - Reconnecting, last destination was 127.0.0.1/<unresolved>:6379
2025-10-18 23:02:18.819 [lettuce-nioEventLoop-4-13] WARN  io.lettuce.core.protocol.ConnectionWatchdog - Cannot reconnect to [127.0.0.1/<unresolved>:6379]: Connection refused: no further information: /127.0.0.1:6379
2025-10-18 23:02:24.463 [Thread-2] WARN  c.alibaba.nacos.common.http.HttpClientBeanHolder - [HttpClientBeanHolder] Start destroying common HttpClient
2025-10-18 23:02:24.465 [Thread-9] WARN  com.alibaba.nacos.common.notify.NotifyCenter - [NotifyCenter] Start destroying Publisher
2025-10-18 23:02:24.466 [Thread-9] WARN  com.alibaba.nacos.common.notify.NotifyCenter - [NotifyCenter] Destruction of the end
2025-10-18 23:02:24.468 [Thread-2] WARN  c.alibaba.nacos.common.http.HttpClientBeanHolder - [HttpClientBeanHolder] Destruction of the end
2025-10-18 23:02:24.699 [SpringApplicationShutdownHook] INFO  c.a.cloud.nacos.registry.NacosServiceRegistry - De-registering from Nacos Server now...
2025-10-18 23:02:24.701 [SpringApplicationShutdownHook] INFO  com.alibaba.nacos.client.naming - [DEREGISTER-SERVICE] xiaohongshu deregistering service xiaohongshu-auth with instance: Instance{instanceId='null', ip='10.2.66.25', port=8089, weight=1.0, healthy=true, enabled=true, ephemeral=true, clusterName='DEFAULT', serviceName='null', metadata={}}
2025-10-18 23:02:24.716 [SpringApplicationShutdownHook] INFO  c.a.cloud.nacos.registry.NacosServiceRegistry - De-registration finished.
2025-10-18 23:02:24.718 [SpringApplicationShutdownHook] INFO  com.alibaba.nacos.client.naming - com.alibaba.nacos.client.naming.cache.ServiceInfoHolder do shutdown begin
2025-10-18 23:02:24.718 [SpringApplicationShutdownHook] INFO  com.alibaba.nacos.client.naming - com.alibaba.nacos.client.naming.backups.FailoverReactor do shutdown begin
2025-10-18 23:02:24.719 [SpringApplicationShutdownHook] INFO  com.alibaba.nacos.client.naming - com.alibaba.nacos.client.naming.backups.FailoverReactor do shutdown stop
2025-10-18 23:02:24.719 [SpringApplicationShutdownHook] INFO  com.alibaba.nacos.client.naming - com.alibaba.nacos.client.naming.cache.ServiceInfoHolder do shutdown stop
2025-10-18 23:02:24.719 [SpringApplicationShutdownHook] INFO  com.alibaba.nacos.client.naming - com.alibaba.nacos.client.naming.remote.NamingClientProxyDelegate do shutdown begin
2025-10-18 23:02:24.719 [SpringApplicationShutdownHook] INFO  com.alibaba.nacos.client.naming - com.alibaba.nacos.client.naming.core.ServiceInfoUpdateService do shutdown begin
2025-10-18 23:02:24.719 [SpringApplicationShutdownHook] INFO  com.alibaba.nacos.client.naming - com.alibaba.nacos.client.naming.core.ServiceInfoUpdateService do shutdown stop
2025-10-18 23:02:24.720 [SpringApplicationShutdownHook] INFO  com.alibaba.nacos.client.naming - com.alibaba.nacos.client.naming.core.ServerListManager do shutdown begin
2025-10-18 23:02:24.720 [SpringApplicationShutdownHook] WARN  com.alibaba.nacos.client.naming - [NamingHttpClientManager] Start destroying NacosRestTemplate
2025-10-18 23:02:24.721 [SpringApplicationShutdownHook] WARN  com.alibaba.nacos.client.naming - [NamingHttpClientManager] Destruction of the end
2025-10-18 23:02:24.721 [SpringApplicationShutdownHook] INFO  com.alibaba.nacos.client.naming - com.alibaba.nacos.client.naming.core.ServerListManager do shutdown stop
2025-10-18 23:02:24.721 [SpringApplicationShutdownHook] INFO  com.alibaba.nacos.client.naming - com.alibaba.nacos.client.naming.remote.http.NamingHttpClientProxy do shutdown begin
2025-10-18 23:02:24.721 [SpringApplicationShutdownHook] WARN  com.alibaba.nacos.client.naming - [NamingHttpClientManager] Start destroying NacosRestTemplate
2025-10-18 23:02:24.721 [SpringApplicationShutdownHook] WARN  com.alibaba.nacos.client.naming - [NamingHttpClientManager] Destruction of the end
2025-10-18 23:02:24.721 [SpringApplicationShutdownHook] INFO  com.alibaba.nacos.client.naming - com.alibaba.nacos.client.naming.remote.http.NamingHttpClientProxy do shutdown stop
2025-10-18 23:02:24.721 [SpringApplicationShutdownHook] INFO  com.alibaba.nacos.common.remote.client - Shutdown rpc client, set status to shutdown
2025-10-18 23:02:24.721 [SpringApplicationShutdownHook] INFO  com.alibaba.nacos.common.remote.client - Shutdown client event executor java.util.concurrent.ScheduledThreadPoolExecutor@c42cdb[Running, pool size = 2, active threads = 2, queued tasks = 0, completed tasks = 0]
2025-10-18 23:02:24.721 [SpringApplicationShutdownHook] INFO  com.alibaba.nacos.common.remote.client - Close current connection 1760769952668_112.94.129.49_1216
2025-10-18 23:02:24.729 [nacos-grpc-client-executor-8.134.88.169-5984] INFO  c.a.nacos.common.remote.client.grpc.GrpcClient - [1760769952668_112.94.129.49_1216]Ignore complete event,isRunning:false,isAbandon=false
2025-10-18 23:02:24.738 [SpringApplicationShutdownHook] INFO  c.a.nacos.common.remote.client.grpc.GrpcClient - Shutdown grpc executor java.util.concurrent.ThreadPoolExecutor@10afda21[Running, pool size = 4, active threads = 0, queued tasks = 0, completed tasks = 5985]
2025-10-18 23:02:24.738 [SpringApplicationShutdownHook] INFO  com.alibaba.nacos.client.naming - Shutdown grpc redo service executor java.util.concurrent.ScheduledThreadPoolExecutor@4ad1cd76[Running, pool size = 1, active threads = 0, queued tasks = 1, completed tasks = 9905]
2025-10-18 23:02:24.739 [SpringApplicationShutdownHook] INFO  c.a.n.client.auth.ram.identify.CredentialWatcher - [null] CredentialWatcher is stopped
2025-10-18 23:02:24.740 [SpringApplicationShutdownHook] INFO  c.a.n.client.auth.ram.identify.CredentialService - [null] CredentialService is freed
2025-10-18 23:02:24.740 [SpringApplicationShutdownHook] INFO  com.alibaba.nacos.client.naming - com.alibaba.nacos.client.naming.remote.NamingClientProxyDelegate do shutdown stop
