2025-09-15 10:50:20.363 [main] WARN  com.alibaba.nacos.client.logging.NacosLogging - Load Logback Configuration of Nacos fail, message: Could not initialize Logback Nacos logging from classpath:nacos-logback.xml
2025-09-15 10:50:20.470 [main] WARN  com.alibaba.nacos.client.logging.NacosLogging - Load Logback Configuration of Nacos fail, message: Could not initialize Logback Nacos logging from classpath:nacos-logback.xml
2025-09-15 10:50:20.848 [main] WARN  com.alibaba.nacos.client.logging.NacosLogging - Load Logback Configuration of Nacos fail, message: Could not initialize Logback Nacos logging from classpath:nacos-logback.xml
2025-09-15 10:50:20.851 [main] INFO  com.alibaba.nacos.client.utils.ParamUtil - [settings] [req-serv] nacos-server port:8848
2025-09-15 10:50:20.851 [main] INFO  com.alibaba.nacos.client.utils.ParamUtil - [settings] [http-client] connect timeout:1000
2025-09-15 10:50:20.852 [main] INFO  com.alibaba.nacos.client.utils.ParamUtil - PER_TASK_CONFIG_SIZE: 3000.0
2025-09-15 10:50:20.898 [main] INFO  c.a.n.p.auth.spi.client.ClientAuthPluginManager - [ClientAuthPluginManager] Load ClientAuthService com.alibaba.nacos.client.auth.impl.NacosClientAuthServiceImpl success.
2025-09-15 10:50:20.898 [main] INFO  c.a.n.p.auth.spi.client.ClientAuthPluginManager - [ClientAuthPluginManager] Load ClientAuthService com.alibaba.nacos.client.auth.ram.RamClientAuthServiceImpl success.
2025-09-15 10:50:20.903 [main] INFO  c.a.n.client.auth.ram.identify.CredentialWatcher - null No credential found
2025-09-15 10:50:21.350 [main] WARN  com.alibaba.nacos.client.logging.NacosLogging - Load Logback Configuration of Nacos fail, message: Could not initialize Logback Nacos logging from classpath:nacos-logback.xml
2025-09-15 10:50:21.378 [main] INFO  c.a.n.client.config.impl.LocalConfigInfoProcessor - LOCAL_SNAPSHOT_PATH:C:\Users\Rey\nacos\config
2025-09-15 10:50:21.383 [main] INFO  com.alibaba.nacos.common.remote.client - [RpcClientFactory] create a new rpc client of d84b5d76-c823-45db-96b9-9db35ba3e4b5_config-0
2025-09-15 10:50:21.413 [main] INFO  com.alibaba.nacos.common.remote.client - [d84b5d76-c823-45db-96b9-9db35ba3e4b5_config-0] Register server push request handler:com.alibaba.nacos.client.config.impl.ClientWorker$ConfigRpcTransportClient$$Lambda$589/0x0000026d4e38efa8
2025-09-15 10:50:21.414 [main] INFO  com.alibaba.nacos.common.remote.client - [d84b5d76-c823-45db-96b9-9db35ba3e4b5_config-0] Register server push request handler:com.alibaba.nacos.client.config.impl.ClientWorker$ConfigRpcTransportClient$$Lambda$590/0x0000026d4e38f3c8
2025-09-15 10:50:21.415 [main] INFO  com.alibaba.nacos.common.remote.client - [d84b5d76-c823-45db-96b9-9db35ba3e4b5_config-0] Registry connection listener to current client:com.alibaba.nacos.client.config.impl.ClientWorker$ConfigRpcTransportClient$1
2025-09-15 10:50:21.416 [main] INFO  com.alibaba.nacos.common.remote.client - [d84b5d76-c823-45db-96b9-9db35ba3e4b5_config-0] RpcClient init, ServerListFactory = com.alibaba.nacos.client.config.impl.ClientWorker$ConfigRpcTransportClient$2
2025-09-15 10:50:21.432 [main] INFO  com.alibaba.nacos.common.remote.client - [d84b5d76-c823-45db-96b9-9db35ba3e4b5_config-0] Try to connect to server on start up, server: {serverIp = '47.236.36.111', server main port = 8848}
2025-09-15 10:50:21.485 [main] INFO  c.a.nacos.common.remote.client.grpc.GrpcClient - grpc client connection server:47.236.36.111 ip,serverPort:9848,grpcTslConfig:{"sslProvider":"OPENSSL","enableTls":false,"mutualAuthEnable":false,"trustAll":false}
2025-09-15 10:50:23.195 [main] INFO  com.alibaba.nacos.common.remote.client - [d84b5d76-c823-45db-96b9-9db35ba3e4b5_config-0] Success to connect to server [47.236.36.111:8848] on start up, connectionId = 1757904622798_120.85.130.202_5840
2025-09-15 10:50:23.196 [com.alibaba.nacos.client.remote.worker] INFO  com.alibaba.nacos.common.remote.client - [d84b5d76-c823-45db-96b9-9db35ba3e4b5_config-0] Notify connected event to listeners.
2025-09-15 10:50:23.197 [com.alibaba.nacos.client.remote.worker] INFO  com.alibaba.nacos.client.config.impl.ClientWorker - [d84b5d76-c823-45db-96b9-9db35ba3e4b5_config-0] Connected,notify listen context...
2025-09-15 10:50:23.197 [main] INFO  com.alibaba.nacos.common.remote.client - [d84b5d76-c823-45db-96b9-9db35ba3e4b5_config-0] Register server push request handler:com.alibaba.nacos.common.remote.client.RpcClient$ConnectResetRequestHandler
2025-09-15 10:50:23.197 [main] INFO  com.alibaba.nacos.common.remote.client - [d84b5d76-c823-45db-96b9-9db35ba3e4b5_config-0] Register server push request handler:com.alibaba.nacos.common.remote.client.RpcClient$$Lambda$610/0x0000026d4e4d6c40
2025-09-15 10:50:23.268 [main] INFO  com.alibaba.nacos.client.config.impl.Limiter - limitTime:5.0
2025-09-15 10:50:23.350 [main] INFO  com.alibaba.nacos.client.config.utils.JvmUtil - isMultiInstance:false
2025-09-15 10:50:23.421 [main] WARN  c.a.cloud.nacos.client.NacosPropertySourceBuilder - Ignore the empty nacos configuration and get it based on dataId[xiaohongshu-auth.yaml] & group[DEFAULT_GROUP]
2025-09-15 10:50:23.486 [main] INFO  o.s.c.b.c.PropertySourceBootstrapConfiguration - Located property source: [BootstrapPropertySource {name='bootstrapProperties-xiaohongshu-auth-dev.yaml,DEFAULT_GROUP'}, BootstrapPropertySource {name='bootstrapProperties-xiaohongshu-auth.yaml,DEFAULT_GROUP'}, BootstrapPropertySource {name='bootstrapProperties-xiaohongshu-auth,DEFAULT_GROUP'}]
2025-09-15 10:50:23.519 [main] WARN  com.alibaba.nacos.client.logging.NacosLogging - Load Logback Configuration of Nacos fail, message: Could not initialize Logback Nacos logging from classpath:nacos-logback.xml
2025-09-15 10:50:23.522 [main] INFO  c.zry.xiaohongshu.auth.XiaohongshuAuthApplication - The following 1 profile is active: "dev"
2025-09-15 10:50:24.736 [main] INFO  o.s.d.r.config.RepositoryConfigurationDelegate - Multiple Spring Data modules found, entering strict repository configuration mode
2025-09-15 10:50:24.741 [main] INFO  o.s.d.r.config.RepositoryConfigurationDelegate - Bootstrapping Spring Data Redis repositories in DEFAULT mode.
2025-09-15 10:50:24.788 [main] INFO  o.s.d.r.config.RepositoryConfigurationDelegate - Finished Spring Data repository scanning in 20 ms. Found 0 Redis repository interfaces.
2025-09-15 10:50:25.057 [main] INFO  o.springframework.cloud.context.scope.GenericScope - BeanFactory id=4caec7a2-dc6b-3701-b75d-86e0235c3ca4
2025-09-15 10:50:25.079 [main] INFO  o.s.c.s.PostProcessorRegistrationDelegate$BeanPostProcessorChecker - Bean 'com.zry.xiaohongshu.user.api.UserFeignApi' of type [org.springframework.cloud.openfeign.FeignClientFactoryBean] is not eligible for getting processed by all BeanPostProcessors (for example: not eligible for auto-proxying)
2025-09-15 10:50:25.692 [main] INFO  o.s.boot.web.embedded.tomcat.TomcatWebServer - Tomcat initialized with port(s): 8089 (http)
2025-09-15 10:50:25.694 [main] INFO  org.apache.catalina.core.AprLifecycleListener - Loaded Apache Tomcat Native library [2.0.3] using APR version [1.7.2].
2025-09-15 10:50:25.699 [main] INFO  org.apache.catalina.core.AprLifecycleListener - OpenSSL successfully initialized [OpenSSL 3.0.8 7 Feb 2023]
2025-09-15 10:50:25.726 [main] INFO  org.apache.catalina.core.StandardService - Starting service [Tomcat]
2025-09-15 10:50:25.727 [main] INFO  org.apache.catalina.core.StandardEngine - Starting Servlet engine: [Apache Tomcat/10.1.5]
2025-09-15 10:50:25.839 [main] INFO  o.a.c.core.ContainerBase.[Tomcat].[localhost].[/] - Initializing Spring embedded WebApplicationContext
2025-09-15 10:50:25.839 [main] INFO  o.s.b.w.s.c.ServletWebServerApplicationContext - Root WebApplicationContext: initialization completed in 2294 ms
2025-09-15 10:50:26.829 [main] INFO  o.s.cloud.openfeign.FeignClientFactoryBean - For 'xiaohongshu-user' URL not provided. Will try picking an instance via load-balancing.
2025-09-15 10:50:28.966 [main] WARN  o.s.c.l.c.LoadBalancerCacheAutoConfiguration$LoadBalancerCaffeineWarnLogger - Spring Cloud LoadBalancer is currently working with the default cache. While this cache implementation is useful for development and tests, it's recommended to use Caffeine cache in production.You can switch to using Caffeine cache, by adding it and org.springframework.cache.caffeine.CaffeineCacheManager to the classpath.
2025-09-15 10:50:29.086 [main] INFO  o.s.boot.web.embedded.tomcat.TomcatWebServer - Tomcat started on port(s): 8089 (http) with context path ''
2025-09-15 10:50:29.098 [main] INFO  com.alibaba.nacos.client.naming - initializer namespace from ans.namespace attribute : null
2025-09-15 10:50:29.099 [main] INFO  com.alibaba.nacos.client.naming - initializer namespace from ALIBABA_ALIWARE_NAMESPACE attribute :null
2025-09-15 10:50:29.100 [main] INFO  com.alibaba.nacos.client.naming - initializer namespace from namespace attribute :null
2025-09-15 10:50:29.119 [main] INFO  c.a.n.p.auth.spi.client.ClientAuthPluginManager - [ClientAuthPluginManager] Load ClientAuthService com.alibaba.nacos.client.auth.impl.NacosClientAuthServiceImpl success.
2025-09-15 10:50:29.120 [main] INFO  c.a.n.p.auth.spi.client.ClientAuthPluginManager - [ClientAuthPluginManager] Load ClientAuthService com.alibaba.nacos.client.auth.ram.RamClientAuthServiceImpl success.
2025-09-15 10:50:29.127 [main] INFO  com.alibaba.nacos.common.remote.client - [RpcClientFactory] create a new rpc client of 07e5d84f-1835-4796-8b09-6327d4d71ea7
2025-09-15 10:50:29.134 [main] INFO  com.alibaba.nacos.common.remote.client - [07e5d84f-1835-4796-8b09-6327d4d71ea7] RpcClient init, ServerListFactory = com.alibaba.nacos.client.naming.core.ServerListManager
2025-09-15 10:50:29.134 [main] INFO  com.alibaba.nacos.common.remote.client - [07e5d84f-1835-4796-8b09-6327d4d71ea7] Registry connection listener to current client:com.alibaba.nacos.client.naming.remote.gprc.redo.NamingGrpcRedoService
2025-09-15 10:50:29.136 [main] INFO  com.alibaba.nacos.common.remote.client - [07e5d84f-1835-4796-8b09-6327d4d71ea7] Register server push request handler:com.alibaba.nacos.client.naming.remote.gprc.NamingPushRequestHandler
2025-09-15 10:50:29.136 [main] INFO  com.alibaba.nacos.common.remote.client - [07e5d84f-1835-4796-8b09-6327d4d71ea7] Try to connect to server on start up, server: {serverIp = '47.236.36.111', server main port = 8848}
2025-09-15 10:50:29.136 [main] INFO  c.a.nacos.common.remote.client.grpc.GrpcClient - grpc client connection server:47.236.36.111 ip,serverPort:9848,grpcTslConfig:{"sslProvider":"OPENSSL","enableTls":false,"mutualAuthEnable":false,"trustAll":false}
2025-09-15 10:50:29.445 [main] INFO  com.alibaba.nacos.common.remote.client - [07e5d84f-1835-4796-8b09-6327d4d71ea7] Success to connect to server [47.236.36.111:8848] on start up, connectionId = 1757904629044_120.85.130.202_5858
2025-09-15 10:50:29.445 [com.alibaba.nacos.client.remote.worker] INFO  com.alibaba.nacos.common.remote.client - [07e5d84f-1835-4796-8b09-6327d4d71ea7] Notify connected event to listeners.
2025-09-15 10:50:29.445 [main] INFO  com.alibaba.nacos.common.remote.client - [07e5d84f-1835-4796-8b09-6327d4d71ea7] Register server push request handler:com.alibaba.nacos.common.remote.client.RpcClient$ConnectResetRequestHandler
2025-09-15 10:50:29.445 [main] INFO  com.alibaba.nacos.common.remote.client - [07e5d84f-1835-4796-8b09-6327d4d71ea7] Register server push request handler:com.alibaba.nacos.common.remote.client.RpcClient$$Lambda$610/0x0000026d4e4d6c40
2025-09-15 10:50:29.446 [com.alibaba.nacos.client.remote.worker] INFO  com.alibaba.nacos.client.naming - Grpc connection connect
2025-09-15 10:50:29.448 [main] INFO  com.alibaba.nacos.client.naming - [REGISTER-SERVICE] xiaohongshu registering service xiaohongshu-auth with instance Instance{instanceId='null', ip='10.91.138.46', port=8089, weight=1.0, healthy=true, enabled=true, ephemeral=true, clusterName='DEFAULT', serviceName='null', metadata={IPv6=null, preserved.register.source=SPRING_CLOUD}}
2025-09-15 10:50:29.586 [main] INFO  c.a.cloud.nacos.registry.NacosServiceRegistry - nacos registry, DEFAULT_GROUP xiaohongshu-auth 10.91.138.46:8089 register finished
2025-09-15 10:50:30.031 [main] INFO  c.zry.xiaohongshu.auth.XiaohongshuAuthApplication - Started XiaohongshuAuthApplication in 10.914 seconds (process running for 11.964)
2025-09-15 10:50:30.037 [main] INFO  com.alibaba.nacos.client.config.impl.CacheData - nacos.cache.data.init.snapshot = true 
2025-09-15 10:50:30.038 [main] INFO  com.alibaba.nacos.client.config.impl.ClientWorker - [fixed-xiaohongshu-47.236.36.111_8848_] [subscribe] xiaohongshu-auth.yaml+DEFAULT_GROUP+xiaohongshu
2025-09-15 10:50:30.050 [main] INFO  com.alibaba.nacos.client.config.impl.CacheData - [fixed-xiaohongshu-47.236.36.111_8848_] [add-listener] ok, tenant=xiaohongshu, dataId=xiaohongshu-auth.yaml, group=DEFAULT_GROUP, cnt=1
2025-09-15 10:50:30.050 [main] INFO  c.a.cloud.nacos.refresh.NacosContextRefresher - [Nacos Config] Listening config: dataId=xiaohongshu-auth.yaml, group=DEFAULT_GROUP
2025-09-15 10:50:30.052 [main] INFO  com.alibaba.nacos.client.config.impl.ClientWorker - [fixed-xiaohongshu-47.236.36.111_8848_] [subscribe] xiaohongshu-auth-dev.yaml+DEFAULT_GROUP+xiaohongshu
2025-09-15 10:50:30.052 [main] INFO  com.alibaba.nacos.client.config.impl.CacheData - [fixed-xiaohongshu-47.236.36.111_8848_] [add-listener] ok, tenant=xiaohongshu, dataId=xiaohongshu-auth-dev.yaml, group=DEFAULT_GROUP, cnt=1
2025-09-15 10:50:30.052 [main] INFO  c.a.cloud.nacos.refresh.NacosContextRefresher - [Nacos Config] Listening config: dataId=xiaohongshu-auth-dev.yaml, group=DEFAULT_GROUP
2025-09-15 10:50:30.054 [main] INFO  com.alibaba.nacos.client.config.impl.ClientWorker - [fixed-xiaohongshu-47.236.36.111_8848_] [subscribe] xiaohongshu-auth+DEFAULT_GROUP+xiaohongshu
2025-09-15 10:50:30.054 [main] INFO  com.alibaba.nacos.client.config.impl.CacheData - [fixed-xiaohongshu-47.236.36.111_8848_] [add-listener] ok, tenant=xiaohongshu, dataId=xiaohongshu-auth, group=DEFAULT_GROUP, cnt=1
2025-09-15 10:50:30.054 [main] INFO  c.a.cloud.nacos.refresh.NacosContextRefresher - [Nacos Config] Listening config: dataId=xiaohongshu-auth, group=DEFAULT_GROUP
2025-09-15 10:50:45.808 [http-nio-8089-exec-1] INFO  o.a.c.core.ContainerBase.[Tomcat].[localhost].[/] - Initializing Spring DispatcherServlet 'dispatcherServlet'
2025-09-15 10:50:45.808 [http-nio-8089-exec-1] INFO  org.springframework.web.servlet.DispatcherServlet - Initializing Servlet 'dispatcherServlet'
2025-09-15 10:50:45.810 [http-nio-8089-exec-1] INFO  org.springframework.web.servlet.DispatcherServlet - Completed initialization in 1 ms
2025-09-15 10:50:45.821 [http-nio-8089-exec-1] INFO  c.z.f.b.context.filter.HeaderUserId2ContextFilter - ## HeaderUserId2ContextFilter, 用户 ID: null
2025-09-15 10:50:46.001 [http-nio-8089-exec-1] INFO  c.z.f.b.operationlog.aspect.ApiOperationLogAspect - ====== 请求开始: [用户登录], 入参: {"phone":"13068920712","code":null,"password":"123456","type":2}, 请求类: AuthController, 请求方法: loginAndRegister =================================== 
2025-09-15 10:50:46.161 [http-nio-8089-exec-1] INFO  com.alibaba.nacos.client.naming - [SUBSCRIBE-SERVICE] service:xiaohongshu-user, group:DEFAULT_GROUP, clusters: 
2025-09-15 10:50:46.240 [http-nio-8089-exec-1] INFO  com.alibaba.nacos.client.naming - init new ips(1) service: DEFAULT_GROUP@@xiaohongshu-user -> [{"ip":"10.91.138.46","port":8082,"weight":1.0,"healthy":true,"enabled":true,"ephemeral":true,"clusterName":"DEFAULT","serviceName":"DEFAULT_GROUP@@xiaohongshu-user","metadata":{"preserved.register.source":"SPRING_CLOUD"},"instanceHeartBeatInterval":5000,"instanceHeartBeatTimeOut":15000,"ipDeleteTimeout":30000}]
2025-09-15 10:50:46.242 [http-nio-8089-exec-1] INFO  com.alibaba.nacos.client.naming - current ips:(1) service: DEFAULT_GROUP@@xiaohongshu-user -> [{"ip":"10.91.138.46","port":8082,"weight":1.0,"healthy":true,"enabled":true,"ephemeral":true,"clusterName":"DEFAULT","serviceName":"DEFAULT_GROUP@@xiaohongshu-user","metadata":{"preserved.register.source":"SPRING_CLOUD"},"instanceHeartBeatInterval":5000,"instanceHeartBeatTimeOut":15000,"ipDeleteTimeout":30000}]
2025-09-15 10:50:46.822 [nacos-grpc-client-executor-47.236.36.111-12] INFO  com.alibaba.nacos.common.remote.client - [07e5d84f-1835-4796-8b09-6327d4d71ea7] Receive server push request, request = NotifySubscriberRequest, requestId = 3
2025-09-15 10:50:46.824 [nacos-grpc-client-executor-47.236.36.111-12] INFO  com.alibaba.nacos.common.remote.client - [07e5d84f-1835-4796-8b09-6327d4d71ea7] Ack server push request, request = NotifySubscriberRequest, requestId = 3
2025-09-15 10:50:48.741 [http-nio-8089-exec-1] INFO  c.z.f.b.operationlog.aspect.ApiOperationLogAspect - ====== 请求结束: [用户登录], 耗时: 2743ms, 出参: {"success":true,"message":null,"errorCode":null,"data":"APbEiqLYg2gsqXJHTRY8C9k79k3IXAo7j2sXfygS8ak2oi8r0zlOqpJaS6hGB4n4jclhwcxW9joTRgFso0jfCrJPJA2bXd9q5neCFgOGFxCiEspmKRpindhpf8gB1FmM"} =================================== 
2025-09-15 10:52:34.972 [Thread-2] WARN  c.alibaba.nacos.common.http.HttpClientBeanHolder - [HttpClientBeanHolder] Start destroying common HttpClient
2025-09-15 10:52:34.972 [Thread-9] WARN  com.alibaba.nacos.common.notify.NotifyCenter - [NotifyCenter] Start destroying Publisher
2025-09-15 10:52:34.972 [Thread-9] WARN  com.alibaba.nacos.common.notify.NotifyCenter - [NotifyCenter] Destruction of the end
2025-09-15 10:52:34.972 [Thread-2] WARN  c.alibaba.nacos.common.http.HttpClientBeanHolder - [HttpClientBeanHolder] Destruction of the end
2025-09-15 10:52:35.009 [SpringApplicationShutdownHook] INFO  c.a.cloud.nacos.registry.NacosServiceRegistry - De-registering from Nacos Server now...
2025-09-15 10:52:35.009 [SpringApplicationShutdownHook] INFO  com.alibaba.nacos.client.naming - [DEREGISTER-SERVICE] xiaohongshu deregistering service xiaohongshu-auth with instance: Instance{instanceId='null', ip='10.91.138.46', port=8089, weight=1.0, healthy=true, enabled=true, ephemeral=true, clusterName='DEFAULT', serviceName='null', metadata={}}
2025-09-15 10:52:35.060 [SpringApplicationShutdownHook] INFO  c.a.cloud.nacos.registry.NacosServiceRegistry - De-registration finished.
2025-09-15 10:52:35.061 [SpringApplicationShutdownHook] INFO  com.alibaba.nacos.client.naming - com.alibaba.nacos.client.naming.cache.ServiceInfoHolder do shutdown begin
2025-09-15 10:52:35.061 [SpringApplicationShutdownHook] INFO  com.alibaba.nacos.client.naming - com.alibaba.nacos.client.naming.backups.FailoverReactor do shutdown begin
2025-09-15 10:52:35.061 [SpringApplicationShutdownHook] INFO  com.alibaba.nacos.client.naming - com.alibaba.nacos.client.naming.backups.FailoverReactor do shutdown stop
2025-09-15 10:52:35.061 [SpringApplicationShutdownHook] INFO  com.alibaba.nacos.client.naming - com.alibaba.nacos.client.naming.cache.ServiceInfoHolder do shutdown stop
2025-09-15 10:52:35.061 [SpringApplicationShutdownHook] INFO  com.alibaba.nacos.client.naming - com.alibaba.nacos.client.naming.remote.NamingClientProxyDelegate do shutdown begin
2025-09-15 10:52:35.061 [SpringApplicationShutdownHook] INFO  com.alibaba.nacos.client.naming - com.alibaba.nacos.client.naming.core.ServiceInfoUpdateService do shutdown begin
2025-09-15 10:52:35.061 [SpringApplicationShutdownHook] INFO  com.alibaba.nacos.client.naming - com.alibaba.nacos.client.naming.core.ServiceInfoUpdateService do shutdown stop
2025-09-15 10:52:35.061 [SpringApplicationShutdownHook] INFO  com.alibaba.nacos.client.naming - com.alibaba.nacos.client.naming.core.ServerListManager do shutdown begin
2025-09-15 10:52:35.061 [SpringApplicationShutdownHook] WARN  com.alibaba.nacos.client.naming - [NamingHttpClientManager] Start destroying NacosRestTemplate
2025-09-15 10:52:35.061 [SpringApplicationShutdownHook] WARN  com.alibaba.nacos.client.naming - [NamingHttpClientManager] Destruction of the end
2025-09-15 10:52:35.062 [SpringApplicationShutdownHook] INFO  com.alibaba.nacos.client.naming - com.alibaba.nacos.client.naming.core.ServerListManager do shutdown stop
2025-09-15 10:52:35.062 [SpringApplicationShutdownHook] INFO  com.alibaba.nacos.client.naming - com.alibaba.nacos.client.naming.remote.http.NamingHttpClientProxy do shutdown begin
2025-09-15 10:52:35.062 [SpringApplicationShutdownHook] WARN  com.alibaba.nacos.client.naming - [NamingHttpClientManager] Start destroying NacosRestTemplate
2025-09-15 10:52:35.062 [SpringApplicationShutdownHook] WARN  com.alibaba.nacos.client.naming - [NamingHttpClientManager] Destruction of the end
2025-09-15 10:52:35.062 [SpringApplicationShutdownHook] INFO  com.alibaba.nacos.client.naming - com.alibaba.nacos.client.naming.remote.http.NamingHttpClientProxy do shutdown stop
2025-09-15 10:52:35.062 [SpringApplicationShutdownHook] INFO  com.alibaba.nacos.common.remote.client - Shutdown rpc client, set status to shutdown
2025-09-15 10:52:35.062 [SpringApplicationShutdownHook] INFO  com.alibaba.nacos.common.remote.client - Shutdown client event executor java.util.concurrent.ScheduledThreadPoolExecutor@15013072[Running, pool size = 2, active threads = 2, queued tasks = 0, completed tasks = 0]
2025-09-15 10:52:35.062 [SpringApplicationShutdownHook] INFO  com.alibaba.nacos.common.remote.client - Close current connection 1757904629044_120.85.130.202_5858
2025-09-15 10:52:35.066 [SpringApplicationShutdownHook] INFO  c.a.nacos.common.remote.client.grpc.GrpcClient - Shutdown grpc executor java.util.concurrent.ThreadPoolExecutor@508988f7[Running, pool size = 5, active threads = 0, queued tasks = 0, completed tasks = 38]
2025-09-15 10:52:35.066 [SpringApplicationShutdownHook] INFO  com.alibaba.nacos.client.naming - Shutdown grpc redo service executor java.util.concurrent.ScheduledThreadPoolExecutor@1bc5aa1c[Running, pool size = 1, active threads = 0, queued tasks = 1, completed tasks = 41]
2025-09-15 10:52:35.067 [SpringApplicationShutdownHook] INFO  c.a.n.client.auth.ram.identify.CredentialWatcher - [null] CredentialWatcher is stopped
2025-09-15 10:52:35.067 [SpringApplicationShutdownHook] INFO  c.a.n.client.auth.ram.identify.CredentialService - [null] CredentialService is freed
2025-09-15 10:52:35.067 [SpringApplicationShutdownHook] INFO  com.alibaba.nacos.client.naming - com.alibaba.nacos.client.naming.remote.NamingClientProxyDelegate do shutdown stop
