2025-10-09 23:23:19.091 [main] WARN  com.alibaba.nacos.client.logging.NacosLogging - Load Logback Configuration of Nacos fail, message: Could not initialize Logback Nacos logging from classpath:nacos-logback.xml
2025-10-09 23:23:19.161 [main] WARN  com.alibaba.nacos.client.logging.NacosLogging - Load Logback Configuration of Nacos fail, message: Could not initialize Logback Nacos logging from classpath:nacos-logback.xml
2025-10-09 23:23:19.410 [main] WARN  com.alibaba.nacos.client.logging.NacosLogging - Load Logback Configuration of Nacos fail, message: Could not initialize Logback Nacos logging from classpath:nacos-logback.xml
2025-10-09 23:23:19.412 [main] INFO  com.alibaba.nacos.client.utils.ParamUtil - [settings] [req-serv] nacos-server port:8848
2025-10-09 23:23:19.412 [main] INFO  com.alibaba.nacos.client.utils.ParamUtil - [settings] [http-client] connect timeout:1000
2025-10-09 23:23:19.413 [main] INFO  com.alibaba.nacos.client.utils.ParamUtil - PER_TASK_CONFIG_SIZE: 3000.0
2025-10-09 23:23:19.441 [main] INFO  c.a.n.p.auth.spi.client.ClientAuthPluginManager - [ClientAuthPluginManager] Load ClientAuthService com.alibaba.nacos.client.auth.impl.NacosClientAuthServiceImpl success.
2025-10-09 23:23:19.441 [main] INFO  c.a.n.p.auth.spi.client.ClientAuthPluginManager - [ClientAuthPluginManager] Load ClientAuthService com.alibaba.nacos.client.auth.ram.RamClientAuthServiceImpl success.
2025-10-09 23:23:19.443 [main] INFO  c.a.n.client.auth.ram.identify.CredentialWatcher - null No credential found
2025-10-09 23:23:19.801 [main] WARN  com.alibaba.nacos.client.logging.NacosLogging - Load Logback Configuration of Nacos fail, message: Could not initialize Logback Nacos logging from classpath:nacos-logback.xml
2025-10-09 23:23:19.816 [main] INFO  c.a.n.client.config.impl.LocalConfigInfoProcessor - LOCAL_SNAPSHOT_PATH:C:\Users\Rey\nacos\config
2025-10-09 23:23:19.822 [main] INFO  com.alibaba.nacos.common.remote.client - [RpcClientFactory] create a new rpc client of 9f828e3a-fb5a-42b4-9b6b-448106528964_config-0
2025-10-09 23:23:19.836 [main] INFO  com.alibaba.nacos.common.remote.client - [9f828e3a-fb5a-42b4-9b6b-448106528964_config-0] Register server push request handler:com.alibaba.nacos.client.config.impl.ClientWorker$ConfigRpcTransportClient$$Lambda$589/0x000001ffce390848
2025-10-09 23:23:19.837 [main] INFO  com.alibaba.nacos.common.remote.client - [9f828e3a-fb5a-42b4-9b6b-448106528964_config-0] Register server push request handler:com.alibaba.nacos.client.config.impl.ClientWorker$ConfigRpcTransportClient$$Lambda$590/0x000001ffce390c68
2025-10-09 23:23:19.838 [main] INFO  com.alibaba.nacos.common.remote.client - [9f828e3a-fb5a-42b4-9b6b-448106528964_config-0] Registry connection listener to current client:com.alibaba.nacos.client.config.impl.ClientWorker$ConfigRpcTransportClient$1
2025-10-09 23:23:19.838 [main] INFO  com.alibaba.nacos.common.remote.client - [9f828e3a-fb5a-42b4-9b6b-448106528964_config-0] RpcClient init, ServerListFactory = com.alibaba.nacos.client.config.impl.ClientWorker$ConfigRpcTransportClient$2
2025-10-09 23:23:19.850 [main] INFO  com.alibaba.nacos.common.remote.client - [9f828e3a-fb5a-42b4-9b6b-448106528964_config-0] Try to connect to server on start up, server: {serverIp = '8.134.88.169', server main port = 8848}
2025-10-09 23:23:19.883 [main] INFO  c.a.nacos.common.remote.client.grpc.GrpcClient - grpc client connection server:8.134.88.169 ip,serverPort:9848,grpcTslConfig:{"sslProvider":"OPENSSL","enableTls":false,"mutualAuthEnable":false,"trustAll":false}
2025-10-09 23:23:20.914 [main] INFO  com.alibaba.nacos.common.remote.client - [9f828e3a-fb5a-42b4-9b6b-448106528964_config-0] Success to connect to server [8.134.88.169:8848] on start up, connectionId = 1760023400337_112.94.129.49_1071
2025-10-09 23:23:20.915 [com.alibaba.nacos.client.remote.worker] INFO  com.alibaba.nacos.common.remote.client - [9f828e3a-fb5a-42b4-9b6b-448106528964_config-0] Notify connected event to listeners.
2025-10-09 23:23:20.916 [main] INFO  com.alibaba.nacos.common.remote.client - [9f828e3a-fb5a-42b4-9b6b-448106528964_config-0] Register server push request handler:com.alibaba.nacos.common.remote.client.RpcClient$ConnectResetRequestHandler
2025-10-09 23:23:20.916 [com.alibaba.nacos.client.remote.worker] INFO  com.alibaba.nacos.client.config.impl.ClientWorker - [9f828e3a-fb5a-42b4-9b6b-448106528964_config-0] Connected,notify listen context...
2025-10-09 23:23:20.916 [main] INFO  com.alibaba.nacos.common.remote.client - [9f828e3a-fb5a-42b4-9b6b-448106528964_config-0] Register server push request handler:com.alibaba.nacos.common.remote.client.RpcClient$$Lambda$610/0x000001ffce4d8890
2025-10-09 23:23:20.962 [main] INFO  com.alibaba.nacos.client.config.impl.Limiter - limitTime:5.0
2025-10-09 23:23:21.016 [main] WARN  c.a.cloud.nacos.client.NacosPropertySourceBuilder - Ignore the empty nacos configuration and get it based on dataId[xiaohongshu-auth] & group[DEFAULT_GROUP]
2025-10-09 23:23:21.032 [main] WARN  c.a.cloud.nacos.client.NacosPropertySourceBuilder - Ignore the empty nacos configuration and get it based on dataId[xiaohongshu-auth.yaml] & group[DEFAULT_GROUP]
2025-10-09 23:23:21.044 [main] WARN  c.a.cloud.nacos.client.NacosPropertySourceBuilder - Ignore the empty nacos configuration and get it based on dataId[xiaohongshu-auth-dev.yaml] & group[DEFAULT_GROUP]
2025-10-09 23:23:21.045 [main] INFO  o.s.c.b.c.PropertySourceBootstrapConfiguration - Located property source: [BootstrapPropertySource {name='bootstrapProperties-xiaohongshu-auth-dev.yaml,DEFAULT_GROUP'}, BootstrapPropertySource {name='bootstrapProperties-xiaohongshu-auth.yaml,DEFAULT_GROUP'}, BootstrapPropertySource {name='bootstrapProperties-xiaohongshu-auth,DEFAULT_GROUP'}]
2025-10-09 23:23:21.072 [main] WARN  com.alibaba.nacos.client.logging.NacosLogging - Load Logback Configuration of Nacos fail, message: Could not initialize Logback Nacos logging from classpath:nacos-logback.xml
2025-10-09 23:23:21.073 [main] INFO  c.zry.xiaohongshu.auth.XiaohongshuAuthApplication - The following 1 profile is active: "dev"
2025-10-09 23:23:21.776 [main] INFO  o.s.d.r.config.RepositoryConfigurationDelegate - Multiple Spring Data modules found, entering strict repository configuration mode
2025-10-09 23:23:21.781 [main] INFO  o.s.d.r.config.RepositoryConfigurationDelegate - Bootstrapping Spring Data Redis repositories in DEFAULT mode.
2025-10-09 23:23:21.811 [main] INFO  o.s.d.r.config.RepositoryConfigurationDelegate - Finished Spring Data repository scanning in 15 ms. Found 0 Redis repository interfaces.
2025-10-09 23:23:21.978 [main] INFO  o.springframework.cloud.context.scope.GenericScope - BeanFactory id=4caec7a2-dc6b-3701-b75d-86e0235c3ca4
2025-10-09 23:23:22.000 [main] INFO  o.s.c.s.PostProcessorRegistrationDelegate$BeanPostProcessorChecker - Bean 'com.zry.xiaohongshu.user.api.UserFeignApi' of type [org.springframework.cloud.openfeign.FeignClientFactoryBean] is not eligible for getting processed by all BeanPostProcessors (for example: not eligible for auto-proxying)
2025-10-09 23:23:22.417 [main] INFO  o.s.boot.web.embedded.tomcat.TomcatWebServer - Tomcat initialized with port(s): 8089 (http)
2025-10-09 23:23:22.418 [main] INFO  org.apache.catalina.core.AprLifecycleListener - Loaded Apache Tomcat Native library [2.0.3] using APR version [1.7.2].
2025-10-09 23:23:22.423 [main] INFO  org.apache.catalina.core.AprLifecycleListener - OpenSSL successfully initialized [OpenSSL 3.0.8 7 Feb 2023]
2025-10-09 23:23:22.440 [main] INFO  org.apache.catalina.core.StandardService - Starting service [Tomcat]
2025-10-09 23:23:22.440 [main] INFO  org.apache.catalina.core.StandardEngine - Starting Servlet engine: [Apache Tomcat/10.1.5]
2025-10-09 23:23:22.550 [main] INFO  o.a.c.core.ContainerBase.[Tomcat].[localhost].[/] - Initializing Spring embedded WebApplicationContext
2025-10-09 23:23:22.551 [main] INFO  o.s.b.w.s.c.ServletWebServerApplicationContext - Root WebApplicationContext: initialization completed in 1463 ms
2025-10-09 23:23:23.107 [main] INFO  o.s.cloud.openfeign.FeignClientFactoryBean - For 'xiaohongshu-user' URL not provided. Will try picking an instance via load-balancing.
2025-10-09 23:23:24.376 [main] WARN  o.s.c.l.c.LoadBalancerCacheAutoConfiguration$LoadBalancerCaffeineWarnLogger - Spring Cloud LoadBalancer is currently working with the default cache. While this cache implementation is useful for development and tests, it's recommended to use Caffeine cache in production.You can switch to using Caffeine cache, by adding it and org.springframework.cache.caffeine.CaffeineCacheManager to the classpath.
2025-10-09 23:23:24.441 [main] INFO  o.s.boot.web.embedded.tomcat.TomcatWebServer - Tomcat started on port(s): 8089 (http) with context path ''
2025-10-09 23:23:24.445 [main] INFO  com.alibaba.nacos.client.naming - initializer namespace from ans.namespace attribute : null
2025-10-09 23:23:24.446 [main] INFO  com.alibaba.nacos.client.naming - initializer namespace from ALIBABA_ALIWARE_NAMESPACE attribute :null
2025-10-09 23:23:24.446 [main] INFO  com.alibaba.nacos.client.naming - initializer namespace from namespace attribute :null
2025-10-09 23:23:24.456 [main] INFO  c.a.n.p.auth.spi.client.ClientAuthPluginManager - [ClientAuthPluginManager] Load ClientAuthService com.alibaba.nacos.client.auth.impl.NacosClientAuthServiceImpl success.
2025-10-09 23:23:24.456 [main] INFO  c.a.n.p.auth.spi.client.ClientAuthPluginManager - [ClientAuthPluginManager] Load ClientAuthService com.alibaba.nacos.client.auth.ram.RamClientAuthServiceImpl success.
2025-10-09 23:23:24.460 [main] INFO  com.alibaba.nacos.common.remote.client - [RpcClientFactory] create a new rpc client of 707cd6f8-11bf-49fe-8a52-1625c51e98cf
2025-10-09 23:23:24.463 [main] INFO  com.alibaba.nacos.common.remote.client - [707cd6f8-11bf-49fe-8a52-1625c51e98cf] RpcClient init, ServerListFactory = com.alibaba.nacos.client.naming.core.ServerListManager
2025-10-09 23:23:24.463 [main] INFO  com.alibaba.nacos.common.remote.client - [707cd6f8-11bf-49fe-8a52-1625c51e98cf] Registry connection listener to current client:com.alibaba.nacos.client.naming.remote.gprc.redo.NamingGrpcRedoService
2025-10-09 23:23:24.463 [main] INFO  com.alibaba.nacos.common.remote.client - [707cd6f8-11bf-49fe-8a52-1625c51e98cf] Register server push request handler:com.alibaba.nacos.client.naming.remote.gprc.NamingPushRequestHandler
2025-10-09 23:23:24.463 [main] INFO  com.alibaba.nacos.common.remote.client - [707cd6f8-11bf-49fe-8a52-1625c51e98cf] Try to connect to server on start up, server: {serverIp = '8.134.88.169', server main port = 8848}
2025-10-09 23:23:24.463 [main] INFO  c.a.nacos.common.remote.client.grpc.GrpcClient - grpc client connection server:8.134.88.169 ip,serverPort:9848,grpcTslConfig:{"sslProvider":"OPENSSL","enableTls":false,"mutualAuthEnable":false,"trustAll":false}
2025-10-09 23:23:24.594 [main] INFO  com.alibaba.nacos.common.remote.client - [707cd6f8-11bf-49fe-8a52-1625c51e98cf] Success to connect to server [8.134.88.169:8848] on start up, connectionId = 1760023404113_112.94.129.49_1073
2025-10-09 23:23:24.594 [main] INFO  com.alibaba.nacos.common.remote.client - [707cd6f8-11bf-49fe-8a52-1625c51e98cf] Register server push request handler:com.alibaba.nacos.common.remote.client.RpcClient$ConnectResetRequestHandler
2025-10-09 23:23:24.595 [main] INFO  com.alibaba.nacos.common.remote.client - [707cd6f8-11bf-49fe-8a52-1625c51e98cf] Register server push request handler:com.alibaba.nacos.common.remote.client.RpcClient$$Lambda$610/0x000001ffce4d8890
2025-10-09 23:23:24.595 [com.alibaba.nacos.client.remote.worker] INFO  com.alibaba.nacos.common.remote.client - [707cd6f8-11bf-49fe-8a52-1625c51e98cf] Notify connected event to listeners.
2025-10-09 23:23:24.595 [com.alibaba.nacos.client.remote.worker] INFO  com.alibaba.nacos.client.naming - Grpc connection connect
2025-10-09 23:23:24.596 [main] INFO  com.alibaba.nacos.client.naming - [REGISTER-SERVICE] xiaohongshu registering service xiaohongshu-auth with instance Instance{instanceId='null', ip='10.2.66.3', port=8089, weight=1.0, healthy=true, enabled=true, ephemeral=true, clusterName='DEFAULT', serviceName='null', metadata={IPv6=null, preserved.register.source=SPRING_CLOUD}}
2025-10-09 23:23:24.612 [main] INFO  c.a.cloud.nacos.registry.NacosServiceRegistry - nacos registry, DEFAULT_GROUP xiaohongshu-auth 10.2.66.3:8089 register finished
2025-10-09 23:23:24.853 [main] WARN  o.s.b.w.s.c.AnnotationConfigServletWebServerApplicationContext - Exception encountered during context initialization - cancelling refresh attempt: org.springframework.beans.factory.BeanCreationException: Error creating bean with name 'scopedTarget.alarmConfig': Injection of autowired dependencies failed
2025-10-09 23:23:24.854 [main] INFO  c.a.cloud.nacos.registry.NacosServiceRegistry - De-registering from Nacos Server now...
2025-10-09 23:23:24.854 [main] INFO  com.alibaba.nacos.client.naming - [DEREGISTER-SERVICE] xiaohongshu deregistering service xiaohongshu-auth with instance: Instance{instanceId='null', ip='10.2.66.3', port=8089, weight=1.0, healthy=true, enabled=true, ephemeral=true, clusterName='DEFAULT', serviceName='null', metadata={}}
2025-10-09 23:23:24.871 [main] INFO  c.a.cloud.nacos.registry.NacosServiceRegistry - De-registration finished.
2025-10-09 23:23:24.871 [main] INFO  com.alibaba.nacos.client.naming - com.alibaba.nacos.client.naming.cache.ServiceInfoHolder do shutdown begin
2025-10-09 23:23:24.871 [main] INFO  com.alibaba.nacos.client.naming - com.alibaba.nacos.client.naming.backups.FailoverReactor do shutdown begin
2025-10-09 23:23:25.202 [main] INFO  com.alibaba.nacos.client.naming - com.alibaba.nacos.client.naming.backups.FailoverReactor do shutdown stop
2025-10-09 23:23:25.202 [main] INFO  com.alibaba.nacos.client.naming - com.alibaba.nacos.client.naming.cache.ServiceInfoHolder do shutdown stop
2025-10-09 23:23:25.202 [main] INFO  com.alibaba.nacos.client.naming - com.alibaba.nacos.client.naming.remote.NamingClientProxyDelegate do shutdown begin
2025-10-09 23:23:25.202 [main] INFO  com.alibaba.nacos.client.naming - com.alibaba.nacos.client.naming.core.ServiceInfoUpdateService do shutdown begin
2025-10-09 23:23:25.202 [main] INFO  com.alibaba.nacos.client.naming - com.alibaba.nacos.client.naming.core.ServiceInfoUpdateService do shutdown stop
2025-10-09 23:23:25.202 [main] INFO  com.alibaba.nacos.client.naming - com.alibaba.nacos.client.naming.core.ServerListManager do shutdown begin
2025-10-09 23:23:25.202 [main] WARN  com.alibaba.nacos.client.naming - [NamingHttpClientManager] Start destroying NacosRestTemplate
2025-10-09 23:23:25.202 [main] WARN  com.alibaba.nacos.client.naming - [NamingHttpClientManager] Destruction of the end
2025-10-09 23:23:25.202 [main] INFO  com.alibaba.nacos.client.naming - com.alibaba.nacos.client.naming.core.ServerListManager do shutdown stop
2025-10-09 23:23:25.202 [main] INFO  com.alibaba.nacos.client.naming - com.alibaba.nacos.client.naming.remote.http.NamingHttpClientProxy do shutdown begin
2025-10-09 23:23:25.202 [main] WARN  com.alibaba.nacos.client.naming - [NamingHttpClientManager] Start destroying NacosRestTemplate
2025-10-09 23:23:25.202 [main] WARN  com.alibaba.nacos.client.naming - [NamingHttpClientManager] Destruction of the end
2025-10-09 23:23:25.202 [main] INFO  com.alibaba.nacos.client.naming - com.alibaba.nacos.client.naming.remote.http.NamingHttpClientProxy do shutdown stop
2025-10-09 23:23:25.202 [main] INFO  com.alibaba.nacos.common.remote.client - Shutdown rpc client, set status to shutdown
2025-10-09 23:23:25.202 [main] INFO  com.alibaba.nacos.common.remote.client - Shutdown client event executor java.util.concurrent.ScheduledThreadPoolExecutor@5f190cfe[Running, pool size = 2, active threads = 2, queued tasks = 0, completed tasks = 0]
2025-10-09 23:23:25.202 [main] INFO  com.alibaba.nacos.common.remote.client - Close current connection 1760023404113_112.94.129.49_1073
2025-10-09 23:23:25.205 [nacos-grpc-client-executor-8.134.88.169-9] WARN  c.a.nacos.common.remote.client.grpc.GrpcClient - [1760023404113_112.94.129.49_1073]Ignore error event,isRunning:false,isAbandon=false
2025-10-09 23:23:25.206 [main] INFO  c.a.nacos.common.remote.client.grpc.GrpcClient - Shutdown grpc executor java.util.concurrent.ThreadPoolExecutor@30221cfa[Running, pool size = 10, active threads = 0, queued tasks = 0, completed tasks = 10]
2025-10-09 23:23:25.206 [main] INFO  com.alibaba.nacos.client.naming - Shutdown grpc redo service executor java.util.concurrent.ScheduledThreadPoolExecutor@662061e3[Running, pool size = 1, active threads = 0, queued tasks = 1, completed tasks = 0]
2025-10-09 23:23:25.206 [main] INFO  c.a.n.client.auth.ram.identify.CredentialWatcher - [null] CredentialWatcher is stopped
2025-10-09 23:23:25.206 [main] INFO  c.a.n.client.auth.ram.identify.CredentialService - [null] CredentialService is freed
2025-10-09 23:23:25.206 [main] INFO  com.alibaba.nacos.client.naming - com.alibaba.nacos.client.naming.remote.NamingClientProxyDelegate do shutdown stop
2025-10-09 23:23:25.242 [main] INFO  org.apache.catalina.core.StandardService - Stopping service [Tomcat]
2025-10-09 23:23:25.256 [main] INFO  o.s.b.a.logging.ConditionEvaluationReportLogger - 

Error starting ApplicationContext. To display the condition evaluation report re-run your application with 'debug' enabled.
2025-10-09 23:23:25.278 [main] ERROR org.springframework.boot.SpringApplication - Application run failed
org.springframework.beans.factory.BeanCreationException: Error creating bean with name 'scopedTarget.alarmConfig': Injection of autowired dependencies failed
	at org.springframework.beans.factory.annotation.AutowiredAnnotationBeanPostProcessor.postProcessProperties(AutowiredAnnotationBeanPostProcessor.java:487)
	at org.springframework.beans.factory.support.AbstractAutowireCapableBeanFactory.populateBean(AbstractAutowireCapableBeanFactory.java:1397)
	at org.springframework.beans.factory.support.AbstractAutowireCapableBeanFactory.doCreateBean(AbstractAutowireCapableBeanFactory.java:598)
	at org.springframework.beans.factory.support.AbstractAutowireCapableBeanFactory.createBean(AbstractAutowireCapableBeanFactory.java:521)
	at org.springframework.beans.factory.support.AbstractBeanFactory.lambda$doGetBean$1(AbstractBeanFactory.java:365)
	at org.springframework.cloud.context.scope.GenericScope$BeanLifecycleWrapper.getBean(GenericScope.java:375)
	at org.springframework.cloud.context.scope.GenericScope.get(GenericScope.java:179)
	at org.springframework.beans.factory.support.AbstractBeanFactory.doGetBean(AbstractBeanFactory.java:362)
	at org.springframework.beans.factory.support.AbstractBeanFactory.getBean(AbstractBeanFactory.java:200)
	at org.springframework.context.support.AbstractApplicationContext.getBean(AbstractApplicationContext.java:1130)
	at org.springframework.cloud.context.scope.refresh.RefreshScope.eagerlyInitialize(RefreshScope.java:126)
	at org.springframework.cloud.context.scope.refresh.RefreshScope.start(RefreshScope.java:118)
	at org.springframework.cloud.context.scope.refresh.RefreshScope.onApplicationEvent(RefreshScope.java:113)
	at org.springframework.cloud.context.scope.refresh.RefreshScope.onApplicationEvent(RefreshScope.java:68)
	at org.springframework.context.event.SimpleApplicationEventMulticaster.doInvokeListener(SimpleApplicationEventMulticaster.java:176)
	at org.springframework.context.event.SimpleApplicationEventMulticaster.invokeListener(SimpleApplicationEventMulticaster.java:169)
	at org.springframework.context.event.SimpleApplicationEventMulticaster.multicastEvent(SimpleApplicationEventMulticaster.java:143)
	at org.springframework.context.support.AbstractApplicationContext.publishEvent(AbstractApplicationContext.java:413)
	at org.springframework.context.support.AbstractApplicationContext.publishEvent(AbstractApplicationContext.java:370)
	at org.springframework.context.support.AbstractApplicationContext.finishRefresh(AbstractApplicationContext.java:935)
	at org.springframework.context.support.AbstractApplicationContext.refresh(AbstractApplicationContext.java:587)
	at org.springframework.boot.web.servlet.context.ServletWebServerApplicationContext.refresh(ServletWebServerApplicationContext.java:146)
	at org.springframework.boot.SpringApplication.refresh(SpringApplication.java:730)
	at org.springframework.boot.SpringApplication.refreshContext(SpringApplication.java:432)
	at org.springframework.boot.SpringApplication.run(SpringApplication.java:308)
	at org.springframework.boot.SpringApplication.run(SpringApplication.java:1302)
	at org.springframework.boot.SpringApplication.run(SpringApplication.java:1291)
	at com.zry.xiaohongshu.auth.XiaohongshuAuthApplication.main(XiaohongshuAuthApplication.java:12)
Caused by: java.lang.IllegalArgumentException: Could not resolve placeholder 'alarm.type' in value "${alarm.type}"
	at org.springframework.util.PropertyPlaceholderHelper.parseStringValue(PropertyPlaceholderHelper.java:180)
	at org.springframework.util.PropertyPlaceholderHelper.replacePlaceholders(PropertyPlaceholderHelper.java:126)
	at org.springframework.core.env.AbstractPropertyResolver.doResolvePlaceholders(AbstractPropertyResolver.java:239)
	at org.springframework.core.env.AbstractPropertyResolver.resolveRequiredPlaceholders(AbstractPropertyResolver.java:210)
	at org.springframework.context.support.PropertySourcesPlaceholderConfigurer.lambda$processProperties$0(PropertySourcesPlaceholderConfigurer.java:191)
	at org.springframework.beans.factory.support.AbstractBeanFactory.resolveEmbeddedValue(AbstractBeanFactory.java:920)
	at org.springframework.beans.factory.support.DefaultListableBeanFactory.doResolveDependency(DefaultListableBeanFactory.java:1346)
	at org.springframework.beans.factory.support.DefaultListableBeanFactory.resolveDependency(DefaultListableBeanFactory.java:1325)
	at org.springframework.beans.factory.annotation.AutowiredAnnotationBeanPostProcessor$AutowiredFieldElement.resolveFieldValue(AutowiredAnnotationBeanPostProcessor.java:709)
	at org.springframework.beans.factory.annotation.AutowiredAnnotationBeanPostProcessor$AutowiredFieldElement.inject(AutowiredAnnotationBeanPostProcessor.java:692)
	at org.springframework.beans.factory.annotation.InjectionMetadata.inject(InjectionMetadata.java:133)
	at org.springframework.beans.factory.annotation.AutowiredAnnotationBeanPostProcessor.postProcessProperties(AutowiredAnnotationBeanPostProcessor.java:481)
	... 27 common frames omitted
2025-10-09 23:23:26.239 [Thread-9] WARN  com.alibaba.nacos.common.notify.NotifyCenter - [NotifyCenter] Start destroying Publisher
2025-10-09 23:23:26.240 [Thread-9] WARN  com.alibaba.nacos.common.notify.NotifyCenter - [NotifyCenter] Destruction of the end
2025-10-09 23:23:26.240 [Thread-2] WARN  c.alibaba.nacos.common.http.HttpClientBeanHolder - [HttpClientBeanHolder] Start destroying common HttpClient
2025-10-09 23:23:26.240 [Thread-2] WARN  c.alibaba.nacos.common.http.HttpClientBeanHolder - [HttpClientBeanHolder] Destruction of the end
2025-10-09 23:26:04.051 [main] WARN  com.alibaba.nacos.client.logging.NacosLogging - Load Logback Configuration of Nacos fail, message: Could not initialize Logback Nacos logging from classpath:nacos-logback.xml
2025-10-09 23:26:04.111 [main] WARN  com.alibaba.nacos.client.logging.NacosLogging - Load Logback Configuration of Nacos fail, message: Could not initialize Logback Nacos logging from classpath:nacos-logback.xml
2025-10-09 23:26:04.323 [main] WARN  com.alibaba.nacos.client.logging.NacosLogging - Load Logback Configuration of Nacos fail, message: Could not initialize Logback Nacos logging from classpath:nacos-logback.xml
2025-10-09 23:26:04.324 [main] INFO  com.alibaba.nacos.client.utils.ParamUtil - [settings] [req-serv] nacos-server port:8848
2025-10-09 23:26:04.324 [main] INFO  com.alibaba.nacos.client.utils.ParamUtil - [settings] [http-client] connect timeout:1000
2025-10-09 23:26:04.324 [main] INFO  com.alibaba.nacos.client.utils.ParamUtil - PER_TASK_CONFIG_SIZE: 3000.0
2025-10-09 23:26:04.346 [main] INFO  c.a.n.p.auth.spi.client.ClientAuthPluginManager - [ClientAuthPluginManager] Load ClientAuthService com.alibaba.nacos.client.auth.impl.NacosClientAuthServiceImpl success.
2025-10-09 23:26:04.346 [main] INFO  c.a.n.p.auth.spi.client.ClientAuthPluginManager - [ClientAuthPluginManager] Load ClientAuthService com.alibaba.nacos.client.auth.ram.RamClientAuthServiceImpl success.
2025-10-09 23:26:04.349 [main] INFO  c.a.n.client.auth.ram.identify.CredentialWatcher - null No credential found
2025-10-09 23:26:04.666 [main] WARN  com.alibaba.nacos.client.logging.NacosLogging - Load Logback Configuration of Nacos fail, message: Could not initialize Logback Nacos logging from classpath:nacos-logback.xml
2025-10-09 23:26:04.679 [main] INFO  c.a.n.client.config.impl.LocalConfigInfoProcessor - LOCAL_SNAPSHOT_PATH:C:\Users\Rey\nacos\config
2025-10-09 23:26:04.682 [main] INFO  com.alibaba.nacos.common.remote.client - [RpcClientFactory] create a new rpc client of fa29650d-e6b8-4ea8-82c6-7827bacdb751_config-0
2025-10-09 23:26:04.700 [main] INFO  com.alibaba.nacos.common.remote.client - [fa29650d-e6b8-4ea8-82c6-7827bacdb751_config-0] Register server push request handler:com.alibaba.nacos.client.config.impl.ClientWorker$ConfigRpcTransportClient$$Lambda$589/0x000001dcb338f600
2025-10-09 23:26:04.701 [main] INFO  com.alibaba.nacos.common.remote.client - [fa29650d-e6b8-4ea8-82c6-7827bacdb751_config-0] Register server push request handler:com.alibaba.nacos.client.config.impl.ClientWorker$ConfigRpcTransportClient$$Lambda$590/0x000001dcb338fa20
2025-10-09 23:26:04.701 [main] INFO  com.alibaba.nacos.common.remote.client - [fa29650d-e6b8-4ea8-82c6-7827bacdb751_config-0] Registry connection listener to current client:com.alibaba.nacos.client.config.impl.ClientWorker$ConfigRpcTransportClient$1
2025-10-09 23:26:04.702 [main] INFO  com.alibaba.nacos.common.remote.client - [fa29650d-e6b8-4ea8-82c6-7827bacdb751_config-0] RpcClient init, ServerListFactory = com.alibaba.nacos.client.config.impl.ClientWorker$ConfigRpcTransportClient$2
2025-10-09 23:26:04.710 [main] INFO  com.alibaba.nacos.common.remote.client - [fa29650d-e6b8-4ea8-82c6-7827bacdb751_config-0] Try to connect to server on start up, server: {serverIp = '8.134.88.169', server main port = 8848}
2025-10-09 23:26:04.745 [main] INFO  c.a.nacos.common.remote.client.grpc.GrpcClient - grpc client connection server:8.134.88.169 ip,serverPort:9848,grpcTslConfig:{"sslProvider":"OPENSSL","enableTls":false,"mutualAuthEnable":false,"trustAll":false}
2025-10-09 23:26:05.760 [main] INFO  com.alibaba.nacos.common.remote.client - [fa29650d-e6b8-4ea8-82c6-7827bacdb751_config-0] Success to connect to server [8.134.88.169:8848] on start up, connectionId = 1760023565215_112.94.129.49_1203
2025-10-09 23:26:05.763 [com.alibaba.nacos.client.remote.worker] INFO  com.alibaba.nacos.common.remote.client - [fa29650d-e6b8-4ea8-82c6-7827bacdb751_config-0] Notify connected event to listeners.
2025-10-09 23:26:05.763 [com.alibaba.nacos.client.remote.worker] INFO  com.alibaba.nacos.client.config.impl.ClientWorker - [fa29650d-e6b8-4ea8-82c6-7827bacdb751_config-0] Connected,notify listen context...
2025-10-09 23:26:05.763 [main] INFO  com.alibaba.nacos.common.remote.client - [fa29650d-e6b8-4ea8-82c6-7827bacdb751_config-0] Register server push request handler:com.alibaba.nacos.common.remote.client.RpcClient$ConnectResetRequestHandler
2025-10-09 23:26:05.764 [main] INFO  com.alibaba.nacos.common.remote.client - [fa29650d-e6b8-4ea8-82c6-7827bacdb751_config-0] Register server push request handler:com.alibaba.nacos.common.remote.client.RpcClient$$Lambda$610/0x000001dcb34d76d0
2025-10-09 23:26:05.815 [main] INFO  com.alibaba.nacos.client.config.impl.Limiter - limitTime:5.0
2025-10-09 23:26:05.838 [main] WARN  c.a.cloud.nacos.client.NacosPropertySourceBuilder - Ignore the empty nacos configuration and get it based on dataId[xiaohongshu-auth] & group[DEFAULT_GROUP]
2025-10-09 23:26:05.851 [main] WARN  c.a.cloud.nacos.client.NacosPropertySourceBuilder - Ignore the empty nacos configuration and get it based on dataId[xiaohongshu-auth.yaml] & group[DEFAULT_GROUP]
2025-10-09 23:26:05.861 [main] WARN  c.a.cloud.nacos.client.NacosPropertySourceBuilder - Ignore the empty nacos configuration and get it based on dataId[xiaohongshu-auth-dev.yaml] & group[DEFAULT_GROUP]
2025-10-09 23:26:05.862 [main] INFO  o.s.c.b.c.PropertySourceBootstrapConfiguration - Located property source: [BootstrapPropertySource {name='bootstrapProperties-xiaohongshu-auth-dev.yaml,DEFAULT_GROUP'}, BootstrapPropertySource {name='bootstrapProperties-xiaohongshu-auth.yaml,DEFAULT_GROUP'}, BootstrapPropertySource {name='bootstrapProperties-xiaohongshu-auth,DEFAULT_GROUP'}]
2025-10-09 23:26:05.889 [main] WARN  com.alibaba.nacos.client.logging.NacosLogging - Load Logback Configuration of Nacos fail, message: Could not initialize Logback Nacos logging from classpath:nacos-logback.xml
2025-10-09 23:26:05.889 [main] INFO  c.zry.xiaohongshu.auth.XiaohongshuAuthApplication - The following 1 profile is active: "dev"
2025-10-09 23:26:06.547 [main] INFO  o.s.d.r.config.RepositoryConfigurationDelegate - Multiple Spring Data modules found, entering strict repository configuration mode
2025-10-09 23:26:06.551 [main] INFO  o.s.d.r.config.RepositoryConfigurationDelegate - Bootstrapping Spring Data Redis repositories in DEFAULT mode.
2025-10-09 23:26:06.577 [main] INFO  o.s.d.r.config.RepositoryConfigurationDelegate - Finished Spring Data repository scanning in 11 ms. Found 0 Redis repository interfaces.
2025-10-09 23:26:06.721 [main] INFO  o.springframework.cloud.context.scope.GenericScope - BeanFactory id=4caec7a2-dc6b-3701-b75d-86e0235c3ca4
2025-10-09 23:26:06.732 [main] INFO  o.s.c.s.PostProcessorRegistrationDelegate$BeanPostProcessorChecker - Bean 'com.zry.xiaohongshu.user.api.UserFeignApi' of type [org.springframework.cloud.openfeign.FeignClientFactoryBean] is not eligible for getting processed by all BeanPostProcessors (for example: not eligible for auto-proxying)
2025-10-09 23:26:07.136 [main] INFO  o.s.boot.web.embedded.tomcat.TomcatWebServer - Tomcat initialized with port(s): 8089 (http)
2025-10-09 23:26:07.136 [main] INFO  org.apache.catalina.core.AprLifecycleListener - Loaded Apache Tomcat Native library [2.0.3] using APR version [1.7.2].
2025-10-09 23:26:07.142 [main] INFO  org.apache.catalina.core.AprLifecycleListener - OpenSSL successfully initialized [OpenSSL 3.0.8 7 Feb 2023]
2025-10-09 23:26:07.154 [main] INFO  org.apache.catalina.core.StandardService - Starting service [Tomcat]
2025-10-09 23:26:07.154 [main] INFO  org.apache.catalina.core.StandardEngine - Starting Servlet engine: [Apache Tomcat/10.1.5]
2025-10-09 23:26:07.248 [main] INFO  o.a.c.core.ContainerBase.[Tomcat].[localhost].[/] - Initializing Spring embedded WebApplicationContext
2025-10-09 23:26:07.248 [main] INFO  o.s.b.w.s.c.ServletWebServerApplicationContext - Root WebApplicationContext: initialization completed in 1343 ms
2025-10-09 23:26:07.797 [main] INFO  o.s.cloud.openfeign.FeignClientFactoryBean - For 'xiaohongshu-user' URL not provided. Will try picking an instance via load-balancing.
2025-10-09 23:26:08.983 [main] WARN  o.s.c.l.c.LoadBalancerCacheAutoConfiguration$LoadBalancerCaffeineWarnLogger - Spring Cloud LoadBalancer is currently working with the default cache. While this cache implementation is useful for development and tests, it's recommended to use Caffeine cache in production.You can switch to using Caffeine cache, by adding it and org.springframework.cache.caffeine.CaffeineCacheManager to the classpath.
2025-10-09 23:26:09.046 [main] INFO  o.s.boot.web.embedded.tomcat.TomcatWebServer - Tomcat started on port(s): 8089 (http) with context path ''
2025-10-09 23:26:09.050 [main] INFO  com.alibaba.nacos.client.naming - initializer namespace from ans.namespace attribute : null
2025-10-09 23:26:09.051 [main] INFO  com.alibaba.nacos.client.naming - initializer namespace from ALIBABA_ALIWARE_NAMESPACE attribute :null
2025-10-09 23:26:09.051 [main] INFO  com.alibaba.nacos.client.naming - initializer namespace from namespace attribute :null
2025-10-09 23:26:09.058 [main] INFO  c.a.n.p.auth.spi.client.ClientAuthPluginManager - [ClientAuthPluginManager] Load ClientAuthService com.alibaba.nacos.client.auth.impl.NacosClientAuthServiceImpl success.
2025-10-09 23:26:09.058 [main] INFO  c.a.n.p.auth.spi.client.ClientAuthPluginManager - [ClientAuthPluginManager] Load ClientAuthService com.alibaba.nacos.client.auth.ram.RamClientAuthServiceImpl success.
2025-10-09 23:26:09.062 [main] INFO  com.alibaba.nacos.common.remote.client - [RpcClientFactory] create a new rpc client of 85839871-e105-4334-b9db-ce478c0eca01
2025-10-09 23:26:09.064 [main] INFO  com.alibaba.nacos.common.remote.client - [85839871-e105-4334-b9db-ce478c0eca01] RpcClient init, ServerListFactory = com.alibaba.nacos.client.naming.core.ServerListManager
2025-10-09 23:26:09.064 [main] INFO  com.alibaba.nacos.common.remote.client - [85839871-e105-4334-b9db-ce478c0eca01] Registry connection listener to current client:com.alibaba.nacos.client.naming.remote.gprc.redo.NamingGrpcRedoService
2025-10-09 23:26:09.065 [main] INFO  com.alibaba.nacos.common.remote.client - [85839871-e105-4334-b9db-ce478c0eca01] Register server push request handler:com.alibaba.nacos.client.naming.remote.gprc.NamingPushRequestHandler
2025-10-09 23:26:09.065 [main] INFO  com.alibaba.nacos.common.remote.client - [85839871-e105-4334-b9db-ce478c0eca01] Try to connect to server on start up, server: {serverIp = '8.134.88.169', server main port = 8848}
2025-10-09 23:26:09.065 [main] INFO  c.a.nacos.common.remote.client.grpc.GrpcClient - grpc client connection server:8.134.88.169 ip,serverPort:9848,grpcTslConfig:{"sslProvider":"OPENSSL","enableTls":false,"mutualAuthEnable":false,"trustAll":false}
2025-10-09 23:26:09.200 [main] INFO  com.alibaba.nacos.common.remote.client - [85839871-e105-4334-b9db-ce478c0eca01] Success to connect to server [8.134.88.169:8848] on start up, connectionId = 1760023568716_112.94.129.49_1206
2025-10-09 23:26:09.200 [main] INFO  com.alibaba.nacos.common.remote.client - [85839871-e105-4334-b9db-ce478c0eca01] Register server push request handler:com.alibaba.nacos.common.remote.client.RpcClient$ConnectResetRequestHandler
2025-10-09 23:26:09.200 [main] INFO  com.alibaba.nacos.common.remote.client - [85839871-e105-4334-b9db-ce478c0eca01] Register server push request handler:com.alibaba.nacos.common.remote.client.RpcClient$$Lambda$610/0x000001dcb34d76d0
2025-10-09 23:26:09.200 [com.alibaba.nacos.client.remote.worker] INFO  com.alibaba.nacos.common.remote.client - [85839871-e105-4334-b9db-ce478c0eca01] Notify connected event to listeners.
2025-10-09 23:26:09.200 [com.alibaba.nacos.client.remote.worker] INFO  com.alibaba.nacos.client.naming - Grpc connection connect
2025-10-09 23:26:09.201 [main] INFO  com.alibaba.nacos.client.naming - [REGISTER-SERVICE] xiaohongshu registering service xiaohongshu-auth with instance Instance{instanceId='null', ip='10.2.66.3', port=8089, weight=1.0, healthy=true, enabled=true, ephemeral=true, clusterName='DEFAULT', serviceName='null', metadata={IPv6=null, preserved.register.source=SPRING_CLOUD}}
2025-10-09 23:26:09.217 [main] INFO  c.a.cloud.nacos.registry.NacosServiceRegistry - nacos registry, DEFAULT_GROUP xiaohongshu-auth 10.2.66.3:8089 register finished
2025-10-09 23:26:09.409 [main] INFO  c.zry.xiaohongshu.auth.XiaohongshuAuthApplication - Started XiaohongshuAuthApplication in 6.143 seconds (process running for 6.984)
2025-10-09 23:26:09.413 [main] INFO  com.alibaba.nacos.client.config.impl.CacheData - nacos.cache.data.init.snapshot = true 
2025-10-09 23:26:09.414 [main] INFO  com.alibaba.nacos.client.config.impl.ClientWorker - [fixed-xiaohongshu-8.134.88.169_8848_] [subscribe] xiaohongshu-auth.yaml+DEFAULT_GROUP+xiaohongshu
2025-10-09 23:26:09.422 [main] INFO  com.alibaba.nacos.client.config.impl.CacheData - [fixed-xiaohongshu-8.134.88.169_8848_] [add-listener] ok, tenant=xiaohongshu, dataId=xiaohongshu-auth.yaml, group=DEFAULT_GROUP, cnt=1
2025-10-09 23:26:09.422 [main] INFO  c.a.cloud.nacos.refresh.NacosContextRefresher - [Nacos Config] Listening config: dataId=xiaohongshu-auth.yaml, group=DEFAULT_GROUP
2025-10-09 23:26:09.423 [main] INFO  com.alibaba.nacos.client.config.impl.ClientWorker - [fixed-xiaohongshu-8.134.88.169_8848_] [subscribe] xiaohongshu-auth-dev.yaml+DEFAULT_GROUP+xiaohongshu
2025-10-09 23:26:09.423 [main] INFO  com.alibaba.nacos.client.config.impl.CacheData - [fixed-xiaohongshu-8.134.88.169_8848_] [add-listener] ok, tenant=xiaohongshu, dataId=xiaohongshu-auth-dev.yaml, group=DEFAULT_GROUP, cnt=1
2025-10-09 23:26:09.423 [main] INFO  c.a.cloud.nacos.refresh.NacosContextRefresher - [Nacos Config] Listening config: dataId=xiaohongshu-auth-dev.yaml, group=DEFAULT_GROUP
2025-10-09 23:26:09.423 [main] INFO  com.alibaba.nacos.client.config.impl.ClientWorker - [fixed-xiaohongshu-8.134.88.169_8848_] [subscribe] xiaohongshu-auth+DEFAULT_GROUP+xiaohongshu
2025-10-09 23:26:09.423 [main] INFO  com.alibaba.nacos.client.config.impl.CacheData - [fixed-xiaohongshu-8.134.88.169_8848_] [add-listener] ok, tenant=xiaohongshu, dataId=xiaohongshu-auth, group=DEFAULT_GROUP, cnt=1
2025-10-09 23:26:09.423 [main] INFO  c.a.cloud.nacos.refresh.NacosContextRefresher - [Nacos Config] Listening config: dataId=xiaohongshu-auth, group=DEFAULT_GROUP
2025-10-09 23:40:17.894 [http-nio-8089-exec-1] INFO  o.a.c.core.ContainerBase.[Tomcat].[localhost].[/] - Initializing Spring DispatcherServlet 'dispatcherServlet'
2025-10-09 23:40:17.896 [http-nio-8089-exec-1] INFO  org.springframework.web.servlet.DispatcherServlet - Initializing Servlet 'dispatcherServlet'
2025-10-09 23:40:17.899 [http-nio-8089-exec-1] INFO  org.springframework.web.servlet.DispatcherServlet - Completed initialization in 1 ms
2025-10-09 23:40:17.913 [http-nio-8089-exec-1] INFO  c.z.f.b.context.filter.HeaderUserId2ContextFilter - ## HeaderUserId2ContextFilter, 用户 ID: null
2025-10-09 23:40:18.153 [http-nio-8089-exec-1] INFO  c.z.f.b.operationlog.aspect.ApiOperationLogAspect - ====== 请求开始: [发送验证码], 入参: {"phone":"13068920712"}, 请求类: VerificationCodeController, 请求方法: send =================================== 
2025-10-09 23:40:19.158 [http-nio-8089-exec-1] INFO  c.z.x.a.service.impl.VerificationCodeServiceImpl - ==> 手机号: 13068920712, 已生成验证码：【624442】
2025-10-09 23:40:19.163 [AuthExecutor-1] INFO  com.zry.xiaohongshu.auth.sms.AliyunSmsHelper - ==> 开始短信发送, phone: 13068920712, signName: 阿里云短信测试, templateCode: SMS_154950909, templateParam: {"code":"624442"}
2025-10-09 23:40:19.170 [http-nio-8089-exec-1] INFO  c.z.f.b.operationlog.aspect.ApiOperationLogAspect - ====== 请求结束: [发送验证码], 耗时: 1020ms, 出参: {"success":true,"message":null,"errorCode":null,"data":null} =================================== 
2025-10-09 23:40:20.696 [AuthExecutor-1] INFO  com.zry.xiaohongshu.auth.sms.AliyunSmsHelper - ==> 短信发送成功, response: {"headers":{"access-control-allow-origin":"*","date":"Thu, 09 Oct 2025 15:40:20 GMT","content-length":"110","keep-alive":"timeout=25","x-acs-request-id":"EB6094D5-00DF-58AC-B567-2B8A185CDDB5","connection":"keep-alive","content-type":"application/json;charset=utf-8","etag":"1sF06SS8MBnn5SJPWkm/eYw0","access-control-expose-headers":"*","x-acs-trace-id":"08c46b81e06a93439f9b88a0d202490d"},"statusCode":200,"body":{"bizId":"550110460024419806^0","code":"OK","message":"OK","requestId":"EB6094D5-00DF-58AC-B567-2B8A185CDDB5"}}
2025-10-09 23:40:40.219 [http-nio-8089-exec-3] INFO  c.z.f.b.context.filter.HeaderUserId2ContextFilter - ## HeaderUserId2ContextFilter, 用户 ID: null
2025-10-09 23:40:40.227 [http-nio-8089-exec-3] INFO  c.z.f.b.operationlog.aspect.ApiOperationLogAspect - ====== 请求开始: [用户登录], 入参: {"phone":"13068920712","code":"624442","password":null,"type":1}, 请求类: AuthController, 请求方法: loginAndRegister =================================== 
2025-10-09 23:40:40.297 [http-nio-8089-exec-3] INFO  com.alibaba.nacos.client.naming - [SUBSCRIBE-SERVICE] service:xiaohongshu-user, group:DEFAULT_GROUP, clusters: 
2025-10-09 23:40:40.311 [http-nio-8089-exec-3] INFO  com.alibaba.nacos.client.naming - init new ips(1) service: DEFAULT_GROUP@@xiaohongshu-user -> [{"ip":"10.2.66.3","port":8082,"weight":1.0,"healthy":true,"enabled":true,"ephemeral":true,"clusterName":"DEFAULT","serviceName":"DEFAULT_GROUP@@xiaohongshu-user","metadata":{"preserved.register.source":"SPRING_CLOUD"},"instanceHeartBeatInterval":5000,"instanceHeartBeatTimeOut":15000,"ipDeleteTimeout":30000}]
2025-10-09 23:40:40.314 [http-nio-8089-exec-3] INFO  com.alibaba.nacos.client.naming - current ips:(1) service: DEFAULT_GROUP@@xiaohongshu-user -> [{"ip":"10.2.66.3","port":8082,"weight":1.0,"healthy":true,"enabled":true,"ephemeral":true,"clusterName":"DEFAULT","serviceName":"DEFAULT_GROUP@@xiaohongshu-user","metadata":{"preserved.register.source":"SPRING_CLOUD"},"instanceHeartBeatInterval":5000,"instanceHeartBeatTimeOut":15000,"ipDeleteTimeout":30000}]
2025-10-09 23:40:40.441 [http-nio-8089-exec-3] INFO  c.z.f.b.operationlog.aspect.ApiOperationLogAspect - ====== 请求结束: [用户登录], 耗时: 214ms, 出参: {"success":true,"message":null,"errorCode":null,"data":"7mr5CWldbdfU7gSRogFMQoKu9OOufcZve6qf1lKymbfKPbGIqsV3VfR9QhvUoVbRN9s27UCyPiKhPuIfcfed0NYXrsVPQS8eWMCjNBF0rejwg7ZVQwGpD5UBiPCVDY2I"} =================================== 
2025-10-09 23:40:40.879 [nacos-grpc-client-executor-8.134.88.169-202] INFO  com.alibaba.nacos.common.remote.client - [85839871-e105-4334-b9db-ce478c0eca01] Receive server push request, request = NotifySubscriberRequest, requestId = 9
2025-10-09 23:40:40.879 [nacos-grpc-client-executor-8.134.88.169-202] INFO  com.alibaba.nacos.common.remote.client - [85839871-e105-4334-b9db-ce478c0eca01] Ack server push request, request = NotifySubscriberRequest, requestId = 9
