2025-07-10 10:15:10.988 [main] WARN  com.alibaba.nacos.client.logging.NacosLogging - Load Logback Configuration of Nacos fail, message: Could not initialize Logback Nacos logging from classpath:nacos-logback.xml
2025-07-10 10:15:11.058 [main] WARN  com.alibaba.nacos.client.logging.NacosLogging - Load Logback Configuration of Nacos fail, message: Could not initialize Logback Nacos logging from classpath:nacos-logback.xml
2025-07-10 10:15:11.276 [main] WARN  com.alibaba.nacos.client.logging.NacosLogging - Load Logback Configuration of Nacos fail, message: Could not initialize Logback Nacos logging from classpath:nacos-logback.xml
2025-07-10 10:15:11.277 [main] INFO  com.alibaba.nacos.client.utils.ParamUtil - [settings] [req-serv] nacos-server port:8848
2025-07-10 10:15:11.278 [main] INFO  com.alibaba.nacos.client.utils.ParamUtil - [settings] [http-client] connect timeout:1000
2025-07-10 10:15:11.279 [main] INFO  com.alibaba.nacos.client.utils.ParamUtil - PER_TASK_CONFIG_SIZE: 3000.0
2025-07-10 10:15:11.308 [main] INFO  c.a.n.p.auth.spi.client.ClientAuthPluginManager - [ClientAuthPluginManager] Load ClientAuthService com.alibaba.nacos.client.auth.impl.NacosClientAuthServiceImpl success.
2025-07-10 10:15:11.309 [main] INFO  c.a.n.p.auth.spi.client.ClientAuthPluginManager - [ClientAuthPluginManager] Load ClientAuthService com.alibaba.nacos.client.auth.ram.RamClientAuthServiceImpl success.
2025-07-10 10:15:11.312 [main] INFO  c.a.n.client.auth.ram.identify.CredentialWatcher - null No credential found
2025-07-10 10:15:11.546 [main] WARN  com.alibaba.nacos.client.logging.NacosLogging - Load Logback Configuration of Nacos fail, message: Could not initialize Logback Nacos logging from classpath:nacos-logback.xml
2025-07-10 10:15:11.559 [main] INFO  c.a.n.client.config.impl.LocalConfigInfoProcessor - LOCAL_SNAPSHOT_PATH:C:\Users\Rey\nacos\config
2025-07-10 10:15:11.564 [main] INFO  com.alibaba.nacos.common.remote.client - [RpcClientFactory] create a new rpc client of c5774885-af9c-4188-8074-a6a67b4d4986_config-0
2025-07-10 10:15:11.578 [main] INFO  com.alibaba.nacos.common.remote.client - [c5774885-af9c-4188-8074-a6a67b4d4986_config-0] Register server push request handler:com.alibaba.nacos.client.config.impl.ClientWorker$ConfigRpcTransportClient$$Lambda$589/0x000002d35c370d28
2025-07-10 10:15:11.579 [main] INFO  com.alibaba.nacos.common.remote.client - [c5774885-af9c-4188-8074-a6a67b4d4986_config-0] Register server push request handler:com.alibaba.nacos.client.config.impl.ClientWorker$ConfigRpcTransportClient$$Lambda$590/0x000002d35c371148
2025-07-10 10:15:11.579 [main] INFO  com.alibaba.nacos.common.remote.client - [c5774885-af9c-4188-8074-a6a67b4d4986_config-0] Registry connection listener to current client:com.alibaba.nacos.client.config.impl.ClientWorker$ConfigRpcTransportClient$1
2025-07-10 10:15:11.579 [main] INFO  com.alibaba.nacos.common.remote.client - [c5774885-af9c-4188-8074-a6a67b4d4986_config-0] RpcClient init, ServerListFactory = com.alibaba.nacos.client.config.impl.ClientWorker$ConfigRpcTransportClient$2
2025-07-10 10:15:11.591 [main] INFO  com.alibaba.nacos.common.remote.client - [c5774885-af9c-4188-8074-a6a67b4d4986_config-0] Try to connect to server on start up, server: {serverIp = '47.236.36.111', server main port = 8848}
2025-07-10 10:15:11.631 [main] INFO  c.a.nacos.common.remote.client.grpc.GrpcClient - grpc client connection server:47.236.36.111 ip,serverPort:9848,grpcTslConfig:{"sslProvider":"OPENSSL","enableTls":false,"mutualAuthEnable":false,"trustAll":false}
2025-07-10 10:15:13.298 [main] INFO  com.alibaba.nacos.common.remote.client - [c5774885-af9c-4188-8074-a6a67b4d4986_config-0] Success to connect to server [47.236.36.111:8848] on start up, connectionId = 1752113712160_112.94.129.189_9427
2025-07-10 10:15:13.300 [com.alibaba.nacos.client.remote.worker] INFO  com.alibaba.nacos.common.remote.client - [c5774885-af9c-4188-8074-a6a67b4d4986_config-0] Notify connected event to listeners.
2025-07-10 10:15:13.301 [com.alibaba.nacos.client.remote.worker] INFO  com.alibaba.nacos.client.config.impl.ClientWorker - [c5774885-af9c-4188-8074-a6a67b4d4986_config-0] Connected,notify listen context...
2025-07-10 10:15:13.301 [main] INFO  com.alibaba.nacos.common.remote.client - [c5774885-af9c-4188-8074-a6a67b4d4986_config-0] Register server push request handler:com.alibaba.nacos.common.remote.client.RpcClient$ConnectResetRequestHandler
2025-07-10 10:15:13.302 [main] INFO  com.alibaba.nacos.common.remote.client - [c5774885-af9c-4188-8074-a6a67b4d4986_config-0] Register server push request handler:com.alibaba.nacos.common.remote.client.RpcClient$$Lambda$610/0x000002d35c4f6608
2025-07-10 10:15:13.346 [main] INFO  com.alibaba.nacos.client.config.impl.Limiter - limitTime:5.0
2025-07-10 10:15:13.406 [main] INFO  com.alibaba.nacos.client.config.utils.JvmUtil - isMultiInstance:false
2025-07-10 10:15:13.464 [main] WARN  c.a.cloud.nacos.client.NacosPropertySourceBuilder - Ignore the empty nacos configuration and get it based on dataId[xiaohongshu-auth.yaml] & group[DEFAULT_GROUP]
2025-07-10 10:15:13.518 [main] INFO  o.s.c.b.c.PropertySourceBootstrapConfiguration - Located property source: [BootstrapPropertySource {name='bootstrapProperties-xiaohongshu-auth-dev.yaml,DEFAULT_GROUP'}, BootstrapPropertySource {name='bootstrapProperties-xiaohongshu-auth.yaml,DEFAULT_GROUP'}, BootstrapPropertySource {name='bootstrapProperties-xiaohongshu-auth,DEFAULT_GROUP'}]
2025-07-10 10:15:13.546 [main] WARN  com.alibaba.nacos.client.logging.NacosLogging - Load Logback Configuration of Nacos fail, message: Could not initialize Logback Nacos logging from classpath:nacos-logback.xml
2025-07-10 10:15:13.547 [main] INFO  c.zry.xiaohongshu.auth.XiaohongshuAuthApplication - The following 1 profile is active: "dev"
2025-07-10 10:15:14.269 [main] INFO  o.s.d.r.config.RepositoryConfigurationDelegate - Multiple Spring Data modules found, entering strict repository configuration mode
2025-07-10 10:15:14.272 [main] INFO  o.s.d.r.config.RepositoryConfigurationDelegate - Bootstrapping Spring Data Redis repositories in DEFAULT mode.
2025-07-10 10:15:14.302 [main] INFO  o.s.d.r.config.RepositoryConfigurationDelegate - Finished Spring Data repository scanning in 14 ms. Found 0 Redis repository interfaces.
2025-07-10 10:15:14.436 [main] INFO  o.springframework.cloud.context.scope.GenericScope - BeanFactory id=1da6b807-94b9-3446-a1d2-4ddac5339bc4
2025-07-10 10:15:15.205 [main] INFO  o.s.boot.web.embedded.tomcat.TomcatWebServer - Tomcat initialized with port(s): 8080 (http)
2025-07-10 10:15:15.206 [main] INFO  org.apache.catalina.core.AprLifecycleListener - Loaded Apache Tomcat Native library [2.0.3] using APR version [1.7.2].
2025-07-10 10:15:15.225 [main] INFO  org.apache.catalina.core.AprLifecycleListener - OpenSSL successfully initialized [OpenSSL 3.0.8 7 Feb 2023]
2025-07-10 10:15:15.241 [main] INFO  org.apache.catalina.core.StandardService - Starting service [Tomcat]
2025-07-10 10:15:15.242 [main] INFO  org.apache.catalina.core.StandardEngine - Starting Servlet engine: [Apache Tomcat/10.1.5]
2025-07-10 10:15:15.318 [main] INFO  o.a.c.core.ContainerBase.[Tomcat].[localhost].[/] - Initializing Spring embedded WebApplicationContext
2025-07-10 10:15:15.318 [main] INFO  o.s.b.w.s.c.ServletWebServerApplicationContext - Root WebApplicationContext: initialization completed in 1754 ms
2025-07-10 10:15:15.707 [main] INFO  c.a.d.s.b.a.DruidDataSourceAutoConfigure - Init DruidDataSource
2025-07-10 10:15:16.133 [main] INFO  com.alibaba.druid.pool.DruidDataSource - {dataSource-1} inited
2025-07-10 10:15:17.405 [main] INFO  o.s.boot.web.embedded.tomcat.TomcatWebServer - Tomcat started on port(s): 8080 (http) with context path ''
2025-07-10 10:15:17.409 [main] INFO  com.alibaba.nacos.client.naming - initializer namespace from ans.namespace attribute : null
2025-07-10 10:15:17.409 [main] INFO  com.alibaba.nacos.client.naming - initializer namespace from ALIBABA_ALIWARE_NAMESPACE attribute :null
2025-07-10 10:15:17.410 [main] INFO  com.alibaba.nacos.client.naming - initializer namespace from namespace attribute :null
2025-07-10 10:15:17.417 [main] INFO  c.a.n.p.auth.spi.client.ClientAuthPluginManager - [ClientAuthPluginManager] Load ClientAuthService com.alibaba.nacos.client.auth.impl.NacosClientAuthServiceImpl success.
2025-07-10 10:15:17.417 [main] INFO  c.a.n.p.auth.spi.client.ClientAuthPluginManager - [ClientAuthPluginManager] Load ClientAuthService com.alibaba.nacos.client.auth.ram.RamClientAuthServiceImpl success.
2025-07-10 10:15:17.420 [main] INFO  com.alibaba.nacos.common.remote.client - [RpcClientFactory] create a new rpc client of 2a175be2-137e-45fc-bf4b-88604032a1ad
2025-07-10 10:15:17.422 [main] INFO  com.alibaba.nacos.common.remote.client - [2a175be2-137e-45fc-bf4b-88604032a1ad] RpcClient init, ServerListFactory = com.alibaba.nacos.client.naming.core.ServerListManager
2025-07-10 10:15:17.422 [main] INFO  com.alibaba.nacos.common.remote.client - [2a175be2-137e-45fc-bf4b-88604032a1ad] Registry connection listener to current client:com.alibaba.nacos.client.naming.remote.gprc.redo.NamingGrpcRedoService
2025-07-10 10:15:17.422 [main] INFO  com.alibaba.nacos.common.remote.client - [2a175be2-137e-45fc-bf4b-88604032a1ad] Register server push request handler:com.alibaba.nacos.client.naming.remote.gprc.NamingPushRequestHandler
2025-07-10 10:15:17.422 [main] INFO  com.alibaba.nacos.common.remote.client - [2a175be2-137e-45fc-bf4b-88604032a1ad] Try to connect to server on start up, server: {serverIp = '47.236.36.111', server main port = 8848}
2025-07-10 10:15:17.422 [main] INFO  c.a.nacos.common.remote.client.grpc.GrpcClient - grpc client connection server:47.236.36.111 ip,serverPort:9848,grpcTslConfig:{"sslProvider":"OPENSSL","enableTls":false,"mutualAuthEnable":false,"trustAll":false}
2025-07-10 10:15:17.757 [main] INFO  com.alibaba.nacos.common.remote.client - [2a175be2-137e-45fc-bf4b-88604032a1ad] Success to connect to server [47.236.36.111:8848] on start up, connectionId = 1752113717268_112.94.129.189_9442
2025-07-10 10:15:17.757 [main] INFO  com.alibaba.nacos.common.remote.client - [2a175be2-137e-45fc-bf4b-88604032a1ad] Register server push request handler:com.alibaba.nacos.common.remote.client.RpcClient$ConnectResetRequestHandler
2025-07-10 10:15:17.757 [main] INFO  com.alibaba.nacos.common.remote.client - [2a175be2-137e-45fc-bf4b-88604032a1ad] Register server push request handler:com.alibaba.nacos.common.remote.client.RpcClient$$Lambda$610/0x000002d35c4f6608
2025-07-10 10:15:17.757 [com.alibaba.nacos.client.remote.worker] INFO  com.alibaba.nacos.common.remote.client - [2a175be2-137e-45fc-bf4b-88604032a1ad] Notify connected event to listeners.
2025-07-10 10:15:17.757 [com.alibaba.nacos.client.remote.worker] INFO  com.alibaba.nacos.client.naming - Grpc connection connect
2025-07-10 10:15:17.758 [main] INFO  com.alibaba.nacos.client.naming - [REGISTER-SERVICE] xiaohongshu registering service xiaohongshu-auth with instance Instance{instanceId='null', ip='10.2.66.65', port=8080, weight=1.0, healthy=true, enabled=true, ephemeral=true, clusterName='DEFAULT', serviceName='null', metadata={IPv6=null, preserved.register.source=SPRING_CLOUD}}
2025-07-10 10:15:17.829 [main] INFO  c.a.cloud.nacos.registry.NacosServiceRegistry - nacos registry, DEFAULT_GROUP xiaohongshu-auth 10.2.66.65:8080 register finished
2025-07-10 10:15:17.971 [main] INFO  c.zry.xiaohongshu.auth.XiaohongshuAuthApplication - Started XiaohongshuAuthApplication in 7.625 seconds (process running for 8.226)
2025-07-10 10:15:17.972 [main] INFO  c.z.x.auth.runner.PushRolePermissions2RedisRunner - ==> 服务启动，开始同步角色权限数据到 Redis 中...
2025-07-10 10:15:18.586 [main] DEBUG c.z.x.a.d.mapper.RoleDOMapper.selectEnabledList - ==>  Preparing: select id,role_key,role_name from t_role where `status` = 0 and `is_deleted` = 0;
2025-07-10 10:15:18.780 [main] DEBUG c.z.x.a.d.mapper.RoleDOMapper.selectEnabledList - ==> Parameters: 
2025-07-10 10:15:18.841 [main] DEBUG c.z.x.a.d.mapper.RoleDOMapper.selectEnabledList - <==      Total: 1
2025-07-10 10:15:18.863 [main] DEBUG c.z.x.a.d.m.RolePermissionDOMapper.selectByRoleIds - ==>  Preparing: select role_id,permission_id from t_role_permission_rel where role_id in ( ? )
2025-07-10 10:15:18.865 [main] DEBUG c.z.x.a.d.m.RolePermissionDOMapper.selectByRoleIds - ==> Parameters: 1(Long)
2025-07-10 10:15:18.878 [main] DEBUG c.z.x.a.d.m.RolePermissionDOMapper.selectByRoleIds - <==      Total: 2
2025-07-10 10:15:18.879 [main] DEBUG c.z.x.a.d.m.P.selectAppEnabledList - ==>  Preparing: select id, name, permission_key from t_permission where status = 0 and type = 3 and is_deleted = 0
2025-07-10 10:15:18.881 [main] DEBUG c.z.x.a.d.m.P.selectAppEnabledList - ==> Parameters: 
2025-07-10 10:15:18.892 [main] DEBUG c.z.x.a.d.m.P.selectAppEnabledList - <==      Total: 2
2025-07-10 10:15:18.973 [main] INFO  c.z.x.auth.runner.PushRolePermissions2RedisRunner - ==> 服务启动，成功同步角色权限数据到 Redis 中...
2025-07-10 10:15:18.977 [main] INFO  com.alibaba.nacos.client.config.impl.CacheData - nacos.cache.data.init.snapshot = true 
2025-07-10 10:15:18.978 [main] INFO  com.alibaba.nacos.client.config.impl.ClientWorker - [fixed-xiaohongshu-47.236.36.111_8848_] [subscribe] xiaohongshu-auth.yaml+DEFAULT_GROUP+xiaohongshu
2025-07-10 10:15:18.984 [main] INFO  com.alibaba.nacos.client.config.impl.CacheData - [fixed-xiaohongshu-47.236.36.111_8848_] [add-listener] ok, tenant=xiaohongshu, dataId=xiaohongshu-auth.yaml, group=DEFAULT_GROUP, cnt=1
2025-07-10 10:15:18.984 [main] INFO  c.a.cloud.nacos.refresh.NacosContextRefresher - [Nacos Config] Listening config: dataId=xiaohongshu-auth.yaml, group=DEFAULT_GROUP
2025-07-10 10:15:18.985 [main] INFO  com.alibaba.nacos.client.config.impl.ClientWorker - [fixed-xiaohongshu-47.236.36.111_8848_] [subscribe] xiaohongshu-auth-dev.yaml+DEFAULT_GROUP+xiaohongshu
2025-07-10 10:15:18.985 [main] INFO  com.alibaba.nacos.client.config.impl.CacheData - [fixed-xiaohongshu-47.236.36.111_8848_] [add-listener] ok, tenant=xiaohongshu, dataId=xiaohongshu-auth-dev.yaml, group=DEFAULT_GROUP, cnt=1
2025-07-10 10:15:18.985 [main] INFO  c.a.cloud.nacos.refresh.NacosContextRefresher - [Nacos Config] Listening config: dataId=xiaohongshu-auth-dev.yaml, group=DEFAULT_GROUP
2025-07-10 10:15:18.986 [main] INFO  com.alibaba.nacos.client.config.impl.ClientWorker - [fixed-xiaohongshu-47.236.36.111_8848_] [subscribe] xiaohongshu-auth+DEFAULT_GROUP+xiaohongshu
2025-07-10 10:15:18.986 [main] INFO  com.alibaba.nacos.client.config.impl.CacheData - [fixed-xiaohongshu-47.236.36.111_8848_] [add-listener] ok, tenant=xiaohongshu, dataId=xiaohongshu-auth, group=DEFAULT_GROUP, cnt=1
2025-07-10 10:15:18.986 [main] INFO  c.a.cloud.nacos.refresh.NacosContextRefresher - [Nacos Config] Listening config: dataId=xiaohongshu-auth, group=DEFAULT_GROUP
2025-07-10 10:17:19.593 [Thread-9] WARN  com.alibaba.nacos.common.notify.NotifyCenter - [NotifyCenter] Start destroying Publisher
2025-07-10 10:17:19.593 [Thread-2] WARN  c.alibaba.nacos.common.http.HttpClientBeanHolder - [HttpClientBeanHolder] Start destroying common HttpClient
2025-07-10 10:17:19.593 [Thread-9] WARN  com.alibaba.nacos.common.notify.NotifyCenter - [NotifyCenter] Destruction of the end
2025-07-10 10:17:19.594 [Thread-2] WARN  c.alibaba.nacos.common.http.HttpClientBeanHolder - [HttpClientBeanHolder] Destruction of the end
2025-07-10 10:17:19.619 [SpringApplicationShutdownHook] INFO  c.a.cloud.nacos.registry.NacosServiceRegistry - De-registering from Nacos Server now...
2025-07-10 10:17:19.619 [SpringApplicationShutdownHook] INFO  com.alibaba.nacos.client.naming - [DEREGISTER-SERVICE] xiaohongshu deregistering service xiaohongshu-auth with instance: Instance{instanceId='null', ip='10.2.66.65', port=8080, weight=1.0, healthy=true, enabled=true, ephemeral=true, clusterName='DEFAULT', serviceName='null', metadata={}}
2025-07-10 10:17:19.674 [SpringApplicationShutdownHook] INFO  c.a.cloud.nacos.registry.NacosServiceRegistry - De-registration finished.
2025-07-10 10:17:19.674 [SpringApplicationShutdownHook] INFO  com.alibaba.nacos.client.naming - com.alibaba.nacos.client.naming.cache.ServiceInfoHolder do shutdown begin
2025-07-10 10:17:19.674 [SpringApplicationShutdownHook] INFO  com.alibaba.nacos.client.naming - com.alibaba.nacos.client.naming.backups.FailoverReactor do shutdown begin
2025-07-10 10:17:19.675 [SpringApplicationShutdownHook] INFO  com.alibaba.nacos.client.naming - com.alibaba.nacos.client.naming.backups.FailoverReactor do shutdown stop
2025-07-10 10:17:19.675 [SpringApplicationShutdownHook] INFO  com.alibaba.nacos.client.naming - com.alibaba.nacos.client.naming.cache.ServiceInfoHolder do shutdown stop
2025-07-10 10:17:19.675 [SpringApplicationShutdownHook] INFO  com.alibaba.nacos.client.naming - com.alibaba.nacos.client.naming.remote.NamingClientProxyDelegate do shutdown begin
2025-07-10 10:17:19.675 [SpringApplicationShutdownHook] INFO  com.alibaba.nacos.client.naming - com.alibaba.nacos.client.naming.core.ServiceInfoUpdateService do shutdown begin
2025-07-10 10:17:19.675 [SpringApplicationShutdownHook] INFO  com.alibaba.nacos.client.naming - com.alibaba.nacos.client.naming.core.ServiceInfoUpdateService do shutdown stop
2025-07-10 10:17:19.675 [SpringApplicationShutdownHook] INFO  com.alibaba.nacos.client.naming - com.alibaba.nacos.client.naming.core.ServerListManager do shutdown begin
2025-07-10 10:17:19.675 [SpringApplicationShutdownHook] WARN  com.alibaba.nacos.client.naming - [NamingHttpClientManager] Start destroying NacosRestTemplate
2025-07-10 10:17:19.675 [SpringApplicationShutdownHook] WARN  com.alibaba.nacos.client.naming - [NamingHttpClientManager] Destruction of the end
2025-07-10 10:17:19.675 [SpringApplicationShutdownHook] INFO  com.alibaba.nacos.client.naming - com.alibaba.nacos.client.naming.core.ServerListManager do shutdown stop
2025-07-10 10:17:19.675 [SpringApplicationShutdownHook] INFO  com.alibaba.nacos.client.naming - com.alibaba.nacos.client.naming.remote.http.NamingHttpClientProxy do shutdown begin
2025-07-10 10:17:19.675 [SpringApplicationShutdownHook] WARN  com.alibaba.nacos.client.naming - [NamingHttpClientManager] Start destroying NacosRestTemplate
2025-07-10 10:17:19.675 [SpringApplicationShutdownHook] WARN  com.alibaba.nacos.client.naming - [NamingHttpClientManager] Destruction of the end
2025-07-10 10:17:19.675 [SpringApplicationShutdownHook] INFO  com.alibaba.nacos.client.naming - com.alibaba.nacos.client.naming.remote.http.NamingHttpClientProxy do shutdown stop
2025-07-10 10:17:19.675 [SpringApplicationShutdownHook] INFO  com.alibaba.nacos.common.remote.client - Shutdown rpc client, set status to shutdown
2025-07-10 10:17:19.675 [SpringApplicationShutdownHook] INFO  com.alibaba.nacos.common.remote.client - Shutdown client event executor java.util.concurrent.ScheduledThreadPoolExecutor@6cc45ba7[Running, pool size = 2, active threads = 2, queued tasks = 0, completed tasks = 0]
2025-07-10 10:17:19.675 [SpringApplicationShutdownHook] INFO  com.alibaba.nacos.common.remote.client - Close current connection 1752113717268_112.94.129.189_9442
2025-07-10 10:17:19.677 [nacos-grpc-client-executor-47.236.36.111-36] WARN  c.a.nacos.common.remote.client.grpc.GrpcClient - [1752113717268_112.94.129.189_9442]Ignore error event,isRunning:false,isAbandon=false
2025-07-10 10:17:19.679 [SpringApplicationShutdownHook] INFO  c.a.nacos.common.remote.client.grpc.GrpcClient - Shutdown grpc executor java.util.concurrent.ThreadPoolExecutor@14f101f4[Running, pool size = 4, active threads = 0, queued tasks = 0, completed tasks = 37]
2025-07-10 10:17:19.679 [SpringApplicationShutdownHook] INFO  com.alibaba.nacos.client.naming - Shutdown grpc redo service executor java.util.concurrent.ScheduledThreadPoolExecutor@aaf69f0[Running, pool size = 1, active threads = 0, queued tasks = 1, completed tasks = 40]
2025-07-10 10:17:19.679 [SpringApplicationShutdownHook] INFO  c.a.n.client.auth.ram.identify.CredentialWatcher - [null] CredentialWatcher is stopped
2025-07-10 10:17:19.679 [SpringApplicationShutdownHook] INFO  c.a.n.client.auth.ram.identify.CredentialService - [null] CredentialService is freed
2025-07-10 10:17:19.679 [SpringApplicationShutdownHook] INFO  com.alibaba.nacos.client.naming - com.alibaba.nacos.client.naming.remote.NamingClientProxyDelegate do shutdown stop
2025-07-10 10:17:19.681 [SpringApplicationShutdownHook] INFO  com.alibaba.druid.pool.DruidDataSource - {dataSource-1} closing ...
2025-07-10 10:17:19.690 [SpringApplicationShutdownHook] INFO  com.alibaba.druid.pool.DruidDataSource - {dataSource-1} closed
2025-07-10 10:27:29.132 [main] WARN  com.alibaba.nacos.client.logging.NacosLogging - Load Logback Configuration of Nacos fail, message: Could not initialize Logback Nacos logging from classpath:nacos-logback.xml
2025-07-10 10:27:29.201 [main] WARN  com.alibaba.nacos.client.logging.NacosLogging - Load Logback Configuration of Nacos fail, message: Could not initialize Logback Nacos logging from classpath:nacos-logback.xml
2025-07-10 10:27:29.400 [main] WARN  com.alibaba.nacos.client.logging.NacosLogging - Load Logback Configuration of Nacos fail, message: Could not initialize Logback Nacos logging from classpath:nacos-logback.xml
2025-07-10 10:27:29.401 [main] INFO  com.alibaba.nacos.client.utils.ParamUtil - [settings] [req-serv] nacos-server port:8848
2025-07-10 10:27:29.401 [main] INFO  com.alibaba.nacos.client.utils.ParamUtil - [settings] [http-client] connect timeout:1000
2025-07-10 10:27:29.402 [main] INFO  com.alibaba.nacos.client.utils.ParamUtil - PER_TASK_CONFIG_SIZE: 3000.0
2025-07-10 10:27:29.431 [main] INFO  c.a.n.p.auth.spi.client.ClientAuthPluginManager - [ClientAuthPluginManager] Load ClientAuthService com.alibaba.nacos.client.auth.impl.NacosClientAuthServiceImpl success.
2025-07-10 10:27:29.431 [main] INFO  c.a.n.p.auth.spi.client.ClientAuthPluginManager - [ClientAuthPluginManager] Load ClientAuthService com.alibaba.nacos.client.auth.ram.RamClientAuthServiceImpl success.
2025-07-10 10:27:29.434 [main] INFO  c.a.n.client.auth.ram.identify.CredentialWatcher - null No credential found
2025-07-10 10:27:29.673 [main] WARN  com.alibaba.nacos.client.logging.NacosLogging - Load Logback Configuration of Nacos fail, message: Could not initialize Logback Nacos logging from classpath:nacos-logback.xml
2025-07-10 10:27:29.689 [main] INFO  c.a.n.client.config.impl.LocalConfigInfoProcessor - LOCAL_SNAPSHOT_PATH:C:\Users\Rey\nacos\config
2025-07-10 10:27:29.693 [main] INFO  com.alibaba.nacos.common.remote.client - [RpcClientFactory] create a new rpc client of 6f6f9815-0aa8-4a06-b3e0-2a6d17f39cf9_config-0
2025-07-10 10:27:29.717 [main] INFO  com.alibaba.nacos.common.remote.client - [6f6f9815-0aa8-4a06-b3e0-2a6d17f39cf9_config-0] Register server push request handler:com.alibaba.nacos.client.config.impl.ClientWorker$ConfigRpcTransportClient$$Lambda$589/0x000001aa8136f600
2025-07-10 10:27:29.718 [main] INFO  com.alibaba.nacos.common.remote.client - [6f6f9815-0aa8-4a06-b3e0-2a6d17f39cf9_config-0] Register server push request handler:com.alibaba.nacos.client.config.impl.ClientWorker$ConfigRpcTransportClient$$Lambda$590/0x000001aa8136fa20
2025-07-10 10:27:29.718 [main] INFO  com.alibaba.nacos.common.remote.client - [6f6f9815-0aa8-4a06-b3e0-2a6d17f39cf9_config-0] Registry connection listener to current client:com.alibaba.nacos.client.config.impl.ClientWorker$ConfigRpcTransportClient$1
2025-07-10 10:27:29.720 [main] INFO  com.alibaba.nacos.common.remote.client - [6f6f9815-0aa8-4a06-b3e0-2a6d17f39cf9_config-0] RpcClient init, ServerListFactory = com.alibaba.nacos.client.config.impl.ClientWorker$ConfigRpcTransportClient$2
2025-07-10 10:27:29.727 [main] INFO  com.alibaba.nacos.common.remote.client - [6f6f9815-0aa8-4a06-b3e0-2a6d17f39cf9_config-0] Try to connect to server on start up, server: {serverIp = '47.236.36.111', server main port = 8848}
2025-07-10 10:27:29.764 [main] INFO  c.a.nacos.common.remote.client.grpc.GrpcClient - grpc client connection server:47.236.36.111 ip,serverPort:9848,grpcTslConfig:{"sslProvider":"OPENSSL","enableTls":false,"mutualAuthEnable":false,"trustAll":false}
2025-07-10 10:27:30.950 [main] INFO  com.alibaba.nacos.common.remote.client - [6f6f9815-0aa8-4a06-b3e0-2a6d17f39cf9_config-0] Success to connect to server [47.236.36.111:8848] on start up, connectionId = 1752114450501_112.94.129.189_10020
2025-07-10 10:27:30.951 [com.alibaba.nacos.client.remote.worker] INFO  com.alibaba.nacos.common.remote.client - [6f6f9815-0aa8-4a06-b3e0-2a6d17f39cf9_config-0] Notify connected event to listeners.
2025-07-10 10:27:30.952 [com.alibaba.nacos.client.remote.worker] INFO  com.alibaba.nacos.client.config.impl.ClientWorker - [6f6f9815-0aa8-4a06-b3e0-2a6d17f39cf9_config-0] Connected,notify listen context...
2025-07-10 10:27:30.953 [main] INFO  com.alibaba.nacos.common.remote.client - [6f6f9815-0aa8-4a06-b3e0-2a6d17f39cf9_config-0] Register server push request handler:com.alibaba.nacos.common.remote.client.RpcClient$ConnectResetRequestHandler
2025-07-10 10:27:30.954 [main] INFO  com.alibaba.nacos.common.remote.client - [6f6f9815-0aa8-4a06-b3e0-2a6d17f39cf9_config-0] Register server push request handler:com.alibaba.nacos.common.remote.client.RpcClient$$Lambda$610/0x000001aa814f51f0
2025-07-10 10:27:31.015 [main] INFO  com.alibaba.nacos.client.config.impl.Limiter - limitTime:5.0
2025-07-10 10:27:31.084 [main] INFO  com.alibaba.nacos.client.config.utils.JvmUtil - isMultiInstance:false
2025-07-10 10:27:31.146 [main] WARN  c.a.cloud.nacos.client.NacosPropertySourceBuilder - Ignore the empty nacos configuration and get it based on dataId[xiaohongshu-auth.yaml] & group[DEFAULT_GROUP]
2025-07-10 10:27:31.211 [main] INFO  o.s.c.b.c.PropertySourceBootstrapConfiguration - Located property source: [BootstrapPropertySource {name='bootstrapProperties-xiaohongshu-auth-dev.yaml,DEFAULT_GROUP'}, BootstrapPropertySource {name='bootstrapProperties-xiaohongshu-auth.yaml,DEFAULT_GROUP'}, BootstrapPropertySource {name='bootstrapProperties-xiaohongshu-auth,DEFAULT_GROUP'}]
2025-07-10 10:27:31.235 [main] WARN  com.alibaba.nacos.client.logging.NacosLogging - Load Logback Configuration of Nacos fail, message: Could not initialize Logback Nacos logging from classpath:nacos-logback.xml
2025-07-10 10:27:31.237 [main] INFO  c.zry.xiaohongshu.auth.XiaohongshuAuthApplication - The following 1 profile is active: "dev"
2025-07-10 10:27:32.029 [main] INFO  o.s.d.r.config.RepositoryConfigurationDelegate - Multiple Spring Data modules found, entering strict repository configuration mode
2025-07-10 10:27:32.032 [main] INFO  o.s.d.r.config.RepositoryConfigurationDelegate - Bootstrapping Spring Data Redis repositories in DEFAULT mode.
2025-07-10 10:27:32.064 [main] INFO  o.s.d.r.config.RepositoryConfigurationDelegate - Finished Spring Data repository scanning in 15 ms. Found 0 Redis repository interfaces.
2025-07-10 10:27:32.233 [main] INFO  o.springframework.cloud.context.scope.GenericScope - BeanFactory id=1da6b807-94b9-3446-a1d2-4ddac5339bc4
2025-07-10 10:27:32.811 [main] INFO  o.s.boot.web.embedded.tomcat.TomcatWebServer - Tomcat initialized with port(s): 8080 (http)
2025-07-10 10:27:32.812 [main] INFO  org.apache.catalina.core.AprLifecycleListener - Loaded Apache Tomcat Native library [2.0.3] using APR version [1.7.2].
2025-07-10 10:27:32.829 [main] INFO  org.apache.catalina.core.AprLifecycleListener - OpenSSL successfully initialized [OpenSSL 3.0.8 7 Feb 2023]
2025-07-10 10:27:32.842 [main] INFO  org.apache.catalina.core.StandardService - Starting service [Tomcat]
2025-07-10 10:27:32.842 [main] INFO  org.apache.catalina.core.StandardEngine - Starting Servlet engine: [Apache Tomcat/10.1.5]
2025-07-10 10:27:32.924 [main] INFO  o.a.c.core.ContainerBase.[Tomcat].[localhost].[/] - Initializing Spring embedded WebApplicationContext
2025-07-10 10:27:32.925 [main] INFO  o.s.b.w.s.c.ServletWebServerApplicationContext - Root WebApplicationContext: initialization completed in 1673 ms
2025-07-10 10:27:33.394 [main] INFO  c.a.d.s.b.a.DruidDataSourceAutoConfigure - Init DruidDataSource
2025-07-10 10:27:33.758 [main] INFO  com.alibaba.druid.pool.DruidDataSource - {dataSource-1} inited
2025-07-10 10:27:35.303 [main] INFO  o.s.boot.web.embedded.tomcat.TomcatWebServer - Tomcat started on port(s): 8080 (http) with context path ''
2025-07-10 10:27:35.307 [main] INFO  com.alibaba.nacos.client.naming - initializer namespace from ans.namespace attribute : null
2025-07-10 10:27:35.307 [main] INFO  com.alibaba.nacos.client.naming - initializer namespace from ALIBABA_ALIWARE_NAMESPACE attribute :null
2025-07-10 10:27:35.308 [main] INFO  com.alibaba.nacos.client.naming - initializer namespace from namespace attribute :null
2025-07-10 10:27:35.318 [main] INFO  c.a.n.p.auth.spi.client.ClientAuthPluginManager - [ClientAuthPluginManager] Load ClientAuthService com.alibaba.nacos.client.auth.impl.NacosClientAuthServiceImpl success.
2025-07-10 10:27:35.318 [main] INFO  c.a.n.p.auth.spi.client.ClientAuthPluginManager - [ClientAuthPluginManager] Load ClientAuthService com.alibaba.nacos.client.auth.ram.RamClientAuthServiceImpl success.
2025-07-10 10:27:35.325 [main] INFO  com.alibaba.nacos.common.remote.client - [RpcClientFactory] create a new rpc client of 4a5974f8-e4e3-44ec-bfb6-807691b9a9ad
2025-07-10 10:27:35.327 [main] INFO  com.alibaba.nacos.common.remote.client - [4a5974f8-e4e3-44ec-bfb6-807691b9a9ad] RpcClient init, ServerListFactory = com.alibaba.nacos.client.naming.core.ServerListManager
2025-07-10 10:27:35.327 [main] INFO  com.alibaba.nacos.common.remote.client - [4a5974f8-e4e3-44ec-bfb6-807691b9a9ad] Registry connection listener to current client:com.alibaba.nacos.client.naming.remote.gprc.redo.NamingGrpcRedoService
2025-07-10 10:27:35.327 [main] INFO  com.alibaba.nacos.common.remote.client - [4a5974f8-e4e3-44ec-bfb6-807691b9a9ad] Register server push request handler:com.alibaba.nacos.client.naming.remote.gprc.NamingPushRequestHandler
2025-07-10 10:27:35.327 [main] INFO  com.alibaba.nacos.common.remote.client - [4a5974f8-e4e3-44ec-bfb6-807691b9a9ad] Try to connect to server on start up, server: {serverIp = '47.236.36.111', server main port = 8848}
2025-07-10 10:27:35.328 [main] INFO  c.a.nacos.common.remote.client.grpc.GrpcClient - grpc client connection server:47.236.36.111 ip,serverPort:9848,grpcTslConfig:{"sslProvider":"OPENSSL","enableTls":false,"mutualAuthEnable":false,"trustAll":false}
2025-07-10 10:27:35.600 [main] INFO  com.alibaba.nacos.common.remote.client - [4a5974f8-e4e3-44ec-bfb6-807691b9a9ad] Success to connect to server [47.236.36.111:8848] on start up, connectionId = 1752114455130_112.94.129.189_10039
2025-07-10 10:27:35.600 [main] INFO  com.alibaba.nacos.common.remote.client - [4a5974f8-e4e3-44ec-bfb6-807691b9a9ad] Register server push request handler:com.alibaba.nacos.common.remote.client.RpcClient$ConnectResetRequestHandler
2025-07-10 10:27:35.600 [com.alibaba.nacos.client.remote.worker] INFO  com.alibaba.nacos.common.remote.client - [4a5974f8-e4e3-44ec-bfb6-807691b9a9ad] Notify connected event to listeners.
2025-07-10 10:27:35.600 [main] INFO  com.alibaba.nacos.common.remote.client - [4a5974f8-e4e3-44ec-bfb6-807691b9a9ad] Register server push request handler:com.alibaba.nacos.common.remote.client.RpcClient$$Lambda$610/0x000001aa814f51f0
2025-07-10 10:27:35.600 [com.alibaba.nacos.client.remote.worker] INFO  com.alibaba.nacos.client.naming - Grpc connection connect
2025-07-10 10:27:35.601 [main] INFO  com.alibaba.nacos.client.naming - [REGISTER-SERVICE] xiaohongshu registering service xiaohongshu-auth with instance Instance{instanceId='null', ip='10.2.66.65', port=8080, weight=1.0, healthy=true, enabled=true, ephemeral=true, clusterName='DEFAULT', serviceName='null', metadata={IPv6=null, preserved.register.source=SPRING_CLOUD}}
2025-07-10 10:27:35.659 [main] INFO  c.a.cloud.nacos.registry.NacosServiceRegistry - nacos registry, DEFAULT_GROUP xiaohongshu-auth 10.2.66.65:8080 register finished
2025-07-10 10:27:35.824 [main] INFO  c.zry.xiaohongshu.auth.XiaohongshuAuthApplication - Started XiaohongshuAuthApplication in 7.371 seconds (process running for 7.927)
2025-07-10 10:27:35.826 [main] INFO  c.z.x.auth.runner.PushRolePermissions2RedisRunner - ==> 服务启动，开始同步角色权限数据到 Redis 中...
2025-07-10 10:27:36.403 [main] WARN  c.z.x.auth.runner.PushRolePermissions2RedisRunner - ==> 角色权限数据已经同步至 Redis 中，不再同步...
2025-07-10 10:27:36.407 [main] INFO  com.alibaba.nacos.client.config.impl.CacheData - nacos.cache.data.init.snapshot = true 
2025-07-10 10:27:36.408 [main] INFO  com.alibaba.nacos.client.config.impl.ClientWorker - [fixed-xiaohongshu-47.236.36.111_8848_] [subscribe] xiaohongshu-auth.yaml+DEFAULT_GROUP+xiaohongshu
2025-07-10 10:27:36.417 [main] INFO  com.alibaba.nacos.client.config.impl.CacheData - [fixed-xiaohongshu-47.236.36.111_8848_] [add-listener] ok, tenant=xiaohongshu, dataId=xiaohongshu-auth.yaml, group=DEFAULT_GROUP, cnt=1
2025-07-10 10:27:36.417 [main] INFO  c.a.cloud.nacos.refresh.NacosContextRefresher - [Nacos Config] Listening config: dataId=xiaohongshu-auth.yaml, group=DEFAULT_GROUP
2025-07-10 10:27:36.420 [main] INFO  com.alibaba.nacos.client.config.impl.ClientWorker - [fixed-xiaohongshu-47.236.36.111_8848_] [subscribe] xiaohongshu-auth-dev.yaml+DEFAULT_GROUP+xiaohongshu
2025-07-10 10:27:36.420 [main] INFO  com.alibaba.nacos.client.config.impl.CacheData - [fixed-xiaohongshu-47.236.36.111_8848_] [add-listener] ok, tenant=xiaohongshu, dataId=xiaohongshu-auth-dev.yaml, group=DEFAULT_GROUP, cnt=1
2025-07-10 10:27:36.420 [main] INFO  c.a.cloud.nacos.refresh.NacosContextRefresher - [Nacos Config] Listening config: dataId=xiaohongshu-auth-dev.yaml, group=DEFAULT_GROUP
2025-07-10 10:27:36.421 [main] INFO  com.alibaba.nacos.client.config.impl.ClientWorker - [fixed-xiaohongshu-47.236.36.111_8848_] [subscribe] xiaohongshu-auth+DEFAULT_GROUP+xiaohongshu
2025-07-10 10:27:36.422 [main] INFO  com.alibaba.nacos.client.config.impl.CacheData - [fixed-xiaohongshu-47.236.36.111_8848_] [add-listener] ok, tenant=xiaohongshu, dataId=xiaohongshu-auth, group=DEFAULT_GROUP, cnt=1
2025-07-10 10:27:36.422 [main] INFO  c.a.cloud.nacos.refresh.NacosContextRefresher - [Nacos Config] Listening config: dataId=xiaohongshu-auth, group=DEFAULT_GROUP
2025-07-10 10:28:53.338 [http-nio-8080-exec-2] INFO  o.a.c.core.ContainerBase.[Tomcat].[localhost].[/] - Initializing Spring DispatcherServlet 'dispatcherServlet'
2025-07-10 10:28:53.339 [http-nio-8080-exec-2] INFO  org.springframework.web.servlet.DispatcherServlet - Initializing Servlet 'dispatcherServlet'
2025-07-10 10:28:53.340 [http-nio-8080-exec-2] INFO  org.springframework.web.servlet.DispatcherServlet - Completed initialization in 1 ms
