2025-10-12 10:23:24.788 [main] WARN  com.alibaba.nacos.client.logging.NacosLogging - Load Logback Configuration of Nacos fail, message: Could not initialize Logback Nacos logging from classpath:nacos-logback.xml
2025-10-12 10:23:24.850 [main] WARN  com.alibaba.nacos.client.logging.NacosLogging - Load Logback Configuration of Nacos fail, message: Could not initialize Logback Nacos logging from classpath:nacos-logback.xml
2025-10-12 10:23:25.390 [main] WARN  com.alibaba.nacos.client.logging.NacosLogging - Load Logback Configuration of Nacos fail, message: Could not initialize Logback Nacos logging from classpath:nacos-logback.xml
2025-10-12 10:23:25.406 [main] WARN  com.alibaba.nacos.client.logging.NacosLogging - Load Logback Configuration of Nacos fail, message: Could not initialize Logback Nacos logging from classpath:nacos-logback.xml
2025-10-12 10:23:25.407 [main] INFO  c.z.x.comment.biz.XiaohongshuCommentApplication - The following 1 profile is active: "dev"
2025-10-12 10:23:25.427 [main] WARN  o.s.core.annotation.AnnotationTypeMapping - Support for convention-based annotation attribute overrides is deprecated and will be removed in Spring Framework 6.1. Please annotate the following attributes in @org.springframework.retry.annotation.EnableRetry with appropriate @AliasFor declarations: [proxyTargetClass]
2025-10-12 10:23:26.205 [main] INFO  o.s.d.r.config.RepositoryConfigurationDelegate - Multiple Spring Data modules found, entering strict repository configuration mode
2025-10-12 10:23:26.208 [main] INFO  o.s.d.r.config.RepositoryConfigurationDelegate - Bootstrapping Spring Data Redis repositories in DEFAULT mode.
2025-10-12 10:23:26.238 [main] INFO  o.s.d.r.config.RepositoryConfigurationDelegate - Finished Spring Data repository scanning in 11 ms. Found 0 Redis repository interfaces.
2025-10-12 10:23:26.516 [main] INFO  o.springframework.cloud.context.scope.GenericScope - BeanFactory id=f9540961-baa3-31a2-9c49-444c2719e2e1
2025-10-12 10:23:26.571 [main] INFO  o.s.c.s.PostProcessorRegistrationDelegate$BeanPostProcessorChecker - Bean 'com.zry.xiaohongshu.distributed.id.generator.api.DistributedIdGeneratorFeignApi' of type [org.springframework.cloud.openfeign.FeignClientFactoryBean] is not eligible for getting processed by all BeanPostProcessors (for example: not eligible for auto-proxying)
2025-10-12 10:23:26.574 [main] INFO  o.s.c.s.PostProcessorRegistrationDelegate$BeanPostProcessorChecker - Bean 'com.zry.xiaohongshu.kv.api.KeyValueFeignApi' of type [org.springframework.cloud.openfeign.FeignClientFactoryBean] is not eligible for getting processed by all BeanPostProcessors (for example: not eligible for auto-proxying)
2025-10-12 10:23:26.576 [main] INFO  o.s.c.s.PostProcessorRegistrationDelegate$BeanPostProcessorChecker - Bean 'com.zry.xiaohongshu.user.api.UserFeignApi' of type [org.springframework.cloud.openfeign.FeignClientFactoryBean] is not eligible for getting processed by all BeanPostProcessors (for example: not eligible for auto-proxying)
2025-10-12 10:23:26.840 [main] INFO  o.s.c.s.PostProcessorRegistrationDelegate$BeanPostProcessorChecker - Bean 'org.apache.rocketmq.spring.autoconfigure.MessageConverterConfiguration' of type [org.apache.rocketmq.spring.autoconfigure.MessageConverterConfiguration$$SpringCGLIB$$0] is not eligible for getting processed by all BeanPostProcessors (for example: not eligible for auto-proxying)
2025-10-12 10:23:26.905 [main] INFO  o.s.c.s.PostProcessorRegistrationDelegate$BeanPostProcessorChecker - Bean 'createRocketMQMessageConverter' of type [org.apache.rocketmq.spring.support.RocketMQMessageConverter] is not eligible for getting processed by all BeanPostProcessors (for example: not eligible for auto-proxying)
2025-10-12 10:23:26.907 [main] INFO  o.s.c.s.PostProcessorRegistrationDelegate$BeanPostProcessorChecker - Bean 'org.springframework.cloud.commons.config.CommonsConfigAutoConfiguration' of type [org.springframework.cloud.commons.config.CommonsConfigAutoConfiguration] is not eligible for getting processed by all BeanPostProcessors (for example: not eligible for auto-proxying)
2025-10-12 10:23:26.912 [main] INFO  o.s.c.s.PostProcessorRegistrationDelegate$BeanPostProcessorChecker - Bean 'org.springframework.cloud.client.loadbalancer.LoadBalancerDefaultMappingsProviderAutoConfiguration' of type [org.springframework.cloud.client.loadbalancer.LoadBalancerDefaultMappingsProviderAutoConfiguration] is not eligible for getting processed by all BeanPostProcessors (for example: not eligible for auto-proxying)
2025-10-12 10:23:26.913 [main] INFO  o.s.c.s.PostProcessorRegistrationDelegate$BeanPostProcessorChecker - Bean 'loadBalancerClientsDefaultsMappingsProvider' of type [org.springframework.cloud.client.loadbalancer.LoadBalancerDefaultMappingsProviderAutoConfiguration$$Lambda$727/0x0000022aa4526818] is not eligible for getting processed by all BeanPostProcessors (for example: not eligible for auto-proxying)
2025-10-12 10:23:26.914 [main] INFO  o.s.c.s.PostProcessorRegistrationDelegate$BeanPostProcessorChecker - Bean 'defaultsBindHandlerAdvisor' of type [org.springframework.cloud.commons.config.DefaultsBindHandlerAdvisor] is not eligible for getting processed by all BeanPostProcessors (for example: not eligible for auto-proxying)
2025-10-12 10:23:26.922 [main] INFO  o.s.c.s.PostProcessorRegistrationDelegate$BeanPostProcessorChecker - Bean 'rocketmq-org.apache.rocketmq.spring.autoconfigure.RocketMQProperties' of type [org.apache.rocketmq.spring.autoconfigure.RocketMQProperties] is not eligible for getting processed by all BeanPostProcessors (for example: not eligible for auto-proxying)
2025-10-12 10:23:26.924 [main] INFO  o.s.c.s.PostProcessorRegistrationDelegate$BeanPostProcessorChecker - Bean 'org.apache.rocketmq.spring.autoconfigure.ListenerContainerConfiguration' of type [org.apache.rocketmq.spring.autoconfigure.ListenerContainerConfiguration$$SpringCGLIB$$0] is not eligible for getting processed by all BeanPostProcessors (for example: not eligible for auto-proxying)
2025-10-12 10:23:27.200 [main] INFO  o.s.boot.web.embedded.tomcat.TomcatWebServer - Tomcat initialized with port(s): 8093 (http)
2025-10-12 10:23:27.200 [main] INFO  org.apache.catalina.core.AprLifecycleListener - Loaded Apache Tomcat Native library [2.0.3] using APR version [1.7.2].
2025-10-12 10:23:27.204 [main] INFO  org.apache.catalina.core.AprLifecycleListener - OpenSSL successfully initialized [OpenSSL 3.0.8 7 Feb 2023]
2025-10-12 10:23:27.214 [main] INFO  org.apache.catalina.core.StandardService - Starting service [Tomcat]
2025-10-12 10:23:27.214 [main] INFO  org.apache.catalina.core.StandardEngine - Starting Servlet engine: [Apache Tomcat/10.1.5]
2025-10-12 10:23:27.312 [main] INFO  o.a.c.core.ContainerBase.[Tomcat].[localhost].[/] - Initializing Spring embedded WebApplicationContext
2025-10-12 10:23:27.313 [main] INFO  o.s.b.w.s.c.ServletWebServerApplicationContext - Root WebApplicationContext: initialization completed in 1881 ms
2025-10-12 10:23:27.443 [main] INFO  c.a.d.s.b.a.DruidDataSourceAutoConfigure - Init DruidDataSource
2025-10-12 10:23:27.855 [main] INFO  com.alibaba.druid.pool.DruidDataSource - {dataSource-1} inited
2025-10-12 10:23:28.287 [main] INFO  o.s.cloud.openfeign.FeignClientFactoryBean - For 'xiaohongshu-kv' URL not provided. Will try picking an instance via load-balancing.
2025-10-12 10:23:28.393 [main] INFO  o.a.r.s.autoconfigure.RocketMQAutoConfiguration - a producer (xiaohongshu_group) init on namesrv 127.0.0.1:9876
2025-10-12 10:23:29.078 [main] INFO  o.a.r.s.support.DefaultRocketMQListenerContainer - running container: DefaultRocketMQListenerContainer{consumerGroup='xiaohongshu_group_CommentHeatUpdateTopic', namespace='', nameServer='127.0.0.1:9876', topic='CommentHeatUpdateTopic', consumeMode=CONCURRENTLY, selectorType=TAG, selectorExpression='*', messageModel=CLUSTERING', tlsEnable=false, instanceName=DEFAULT}
2025-10-12 10:23:29.079 [main] INFO  o.a.r.s.a.ListenerContainerConfiguration - Register the listener to container, listenerBeanName:commentHeatUpdateConsumer, containerBeanName:org.apache.rocketmq.spring.support.DefaultRocketMQListenerContainer_1
2025-10-12 10:23:29.146 [main] INFO  o.a.r.s.support.DefaultRocketMQListenerContainer - running container: DefaultRocketMQListenerContainer{consumerGroup='xiaohongshu_group_DeleteCommentTopic', namespace='', nameServer='127.0.0.1:9876', topic='DeleteCommentTopic', consumeMode=CONCURRENTLY, selectorType=TAG, selectorExpression='*', messageModel=CLUSTERING', tlsEnable=false, instanceName=DEFAULT}
2025-10-12 10:23:29.146 [main] INFO  o.a.r.s.a.ListenerContainerConfiguration - Register the listener to container, listenerBeanName:deleteCommentConsumer, containerBeanName:org.apache.rocketmq.spring.support.DefaultRocketMQListenerContainer_2
2025-10-12 10:23:29.238 [main] INFO  o.s.cloud.openfeign.FeignClientFactoryBean - For 'xiaohongshu-distributed-id-generator' URL not provided. Will try picking an instance via load-balancing.
2025-10-12 10:23:29.260 [main] INFO  o.s.cloud.openfeign.FeignClientFactoryBean - For 'xiaohongshu-user' URL not provided. Will try picking an instance via load-balancing.
2025-10-12 10:23:29.334 [main] INFO  o.a.r.s.support.DefaultRocketMQListenerContainer - running container: DefaultRocketMQListenerContainer{consumerGroup='xiaohongshu_group_DeleteCommentTopic', namespace='', nameServer='127.0.0.1:9876', topic='DeleteCommentDetailLocalCacheTopic', consumeMode=CONCURRENTLY, selectorType=TAG, selectorExpression='*', messageModel=BROADCASTING', tlsEnable=false, instanceName=DEFAULT}
2025-10-12 10:23:29.334 [main] INFO  o.a.r.s.a.ListenerContainerConfiguration - Register the listener to container, listenerBeanName:deleteCommentLocalCacheConsumer, containerBeanName:org.apache.rocketmq.spring.support.DefaultRocketMQListenerContainer_3
2025-10-12 10:23:29.386 [main] INFO  o.a.r.s.support.DefaultRocketMQListenerContainer - running container: DefaultRocketMQListenerContainer{consumerGroup='xiaohongshu_group_first_reply_comment_idCountNoteCommentTopic', namespace='', nameServer='127.0.0.1:9876', topic='CountNoteCommentTopic', consumeMode=CONCURRENTLY, selectorType=TAG, selectorExpression='*', messageModel=CLUSTERING', tlsEnable=false, instanceName=DEFAULT}
2025-10-12 10:23:29.387 [main] INFO  o.a.r.s.a.ListenerContainerConfiguration - Register the listener to container, listenerBeanName:oneLevelCommentFirstReplyCommentIdUpdateConsumer, containerBeanName:org.apache.rocketmq.spring.support.DefaultRocketMQListenerContainer_4
2025-10-12 10:23:30.858 [main] INFO  o.s.boot.web.embedded.tomcat.TomcatWebServer - Tomcat started on port(s): 8093 (http) with context path ''
2025-10-12 10:23:30.866 [main] WARN  com.alibaba.nacos.client.logging.NacosLogging - Load Logback Configuration of Nacos fail, message: Could not initialize Logback Nacos logging from classpath:nacos-logback.xml
2025-10-12 10:23:30.867 [main] INFO  com.alibaba.nacos.client.naming - initializer namespace from ans.namespace attribute : null
2025-10-12 10:23:30.868 [main] INFO  com.alibaba.nacos.client.naming - initializer namespace from ALIBABA_ALIWARE_NAMESPACE attribute :null
2025-10-12 10:23:30.869 [main] INFO  com.alibaba.nacos.client.naming - initializer namespace from namespace attribute :null
2025-10-12 10:23:30.899 [main] INFO  com.alibaba.nacos.client.utils.ParamUtil - [settings] [req-serv] nacos-server port:8848
2025-10-12 10:23:30.900 [main] INFO  com.alibaba.nacos.client.utils.ParamUtil - [settings] [http-client] connect timeout:1000
2025-10-12 10:23:30.901 [main] INFO  com.alibaba.nacos.client.utils.ParamUtil - PER_TASK_CONFIG_SIZE: 3000.0
2025-10-12 10:23:30.907 [main] INFO  c.a.n.p.auth.spi.client.ClientAuthPluginManager - [ClientAuthPluginManager] Load ClientAuthService com.alibaba.nacos.client.auth.impl.NacosClientAuthServiceImpl success.
2025-10-12 10:23:30.907 [main] INFO  c.a.n.p.auth.spi.client.ClientAuthPluginManager - [ClientAuthPluginManager] Load ClientAuthService com.alibaba.nacos.client.auth.ram.RamClientAuthServiceImpl success.
2025-10-12 10:23:30.911 [main] INFO  c.a.n.client.auth.ram.identify.CredentialWatcher - null No credential found
2025-10-12 10:23:30.926 [main] INFO  com.alibaba.nacos.common.remote.client - [RpcClientFactory] create a new rpc client of 5742b683-3956-4890-8d1d-547969900b76
2025-10-12 10:23:30.951 [main] INFO  com.alibaba.nacos.common.remote.client - [5742b683-3956-4890-8d1d-547969900b76] RpcClient init, ServerListFactory = com.alibaba.nacos.client.naming.core.ServerListManager
2025-10-12 10:23:30.951 [main] INFO  com.alibaba.nacos.common.remote.client - [5742b683-3956-4890-8d1d-547969900b76] Registry connection listener to current client:com.alibaba.nacos.client.naming.remote.gprc.redo.NamingGrpcRedoService
2025-10-12 10:23:30.951 [main] INFO  com.alibaba.nacos.common.remote.client - [5742b683-3956-4890-8d1d-547969900b76] Register server push request handler:com.alibaba.nacos.client.naming.remote.gprc.NamingPushRequestHandler
2025-10-12 10:23:30.954 [main] INFO  com.alibaba.nacos.common.remote.client - [5742b683-3956-4890-8d1d-547969900b76] Try to connect to server on start up, server: {serverIp = '8.134.88.169', server main port = 8848}
2025-10-12 10:23:30.983 [main] INFO  c.a.nacos.common.remote.client.grpc.GrpcClient - grpc client connection server:8.134.88.169 ip,serverPort:9848,grpcTslConfig:{"sslProvider":"OPENSSL","enableTls":false,"mutualAuthEnable":false,"trustAll":false}
2025-10-12 10:23:32.168 [main] INFO  com.alibaba.nacos.common.remote.client - [5742b683-3956-4890-8d1d-547969900b76] Success to connect to server [8.134.88.169:8848] on start up, connectionId = 1760235811950_112.94.129.49_1679
2025-10-12 10:23:32.168 [com.alibaba.nacos.client.remote.worker] INFO  com.alibaba.nacos.common.remote.client - [5742b683-3956-4890-8d1d-547969900b76] Notify connected event to listeners.
2025-10-12 10:23:32.169 [com.alibaba.nacos.client.remote.worker] INFO  com.alibaba.nacos.client.naming - Grpc connection connect
2025-10-12 10:23:32.169 [main] INFO  com.alibaba.nacos.common.remote.client - [5742b683-3956-4890-8d1d-547969900b76] Register server push request handler:com.alibaba.nacos.common.remote.client.RpcClient$ConnectResetRequestHandler
2025-10-12 10:23:32.169 [main] INFO  com.alibaba.nacos.common.remote.client - [5742b683-3956-4890-8d1d-547969900b76] Register server push request handler:com.alibaba.nacos.common.remote.client.RpcClient$$Lambda$1326/0x0000022aa49ea110
2025-10-12 10:23:32.171 [main] INFO  com.alibaba.nacos.client.naming - [REGISTER-SERVICE] xiaohongshu registering service xiaohongshu-comment with instance Instance{instanceId='null', ip='10.2.66.18', port=8093, weight=1.0, healthy=true, enabled=true, ephemeral=true, clusterName='DEFAULT', serviceName='null', metadata={IPv6=null, preserved.register.source=SPRING_CLOUD}}
2025-10-12 10:23:32.190 [main] INFO  c.a.cloud.nacos.registry.NacosServiceRegistry - nacos registry, DEFAULT_GROUP xiaohongshu-comment 10.2.66.18:8093 register finished
2025-10-12 10:23:32.442 [main] INFO  c.z.x.comment.biz.XiaohongshuCommentApplication - Started XiaohongshuCommentApplication in 8.503 seconds (process running for 9.61)
2025-10-12 10:32:30.540 [http-nio-8093-exec-1] INFO  o.a.c.core.ContainerBase.[Tomcat].[localhost].[/] - Initializing Spring DispatcherServlet 'dispatcherServlet'
2025-10-12 10:32:30.549 [http-nio-8093-exec-1] INFO  org.springframework.web.servlet.DispatcherServlet - Initializing Servlet 'dispatcherServlet'
2025-10-12 10:32:30.594 [http-nio-8093-exec-1] INFO  org.springframework.web.servlet.DispatcherServlet - Completed initialization in 45 ms
2025-10-12 10:32:30.623 [http-nio-8093-exec-1] INFO  c.z.f.b.context.filter.HeaderUserId2ContextFilter - ## HeaderUserId2ContextFilter, 用户 ID: 100
2025-10-12 10:32:31.024 [http-nio-8093-exec-1] INFO  c.z.f.b.operationlog.aspect.ApiOperationLogAspect - ====== 请求开始: [评论分页查询], 入参: {"noteId":1977200655760126016,"pageNo":1}, 请求类: CommentController, 请求方法: findCommentPageList =================================== 
2025-10-12 10:32:31.906 [http-nio-8093-exec-1] DEBUG c.z.x.c.b.d.m.N.selectCommentTotalByNoteId - ==>  Preparing: select comment_total from t_note_count where note_id = ?
2025-10-12 10:32:32.339 [http-nio-8093-exec-1] DEBUG c.z.x.c.b.d.m.N.selectCommentTotalByNoteId - ==> Parameters: 1977200655760126016(Long)
2025-10-12 10:32:32.381 [http-nio-8093-exec-1] DEBUG c.z.x.c.b.d.m.N.selectCommentTotalByNoteId - <==      Total: 0
2025-10-12 10:32:32.402 [http-nio-8093-exec-1] WARN  c.z.x.comment.biz.exception.GlobalExceptionHandler - /comment/list request fail, errorCode: COMMENT-20001, errorMessage: 此评论不存在
2025-10-12 10:32:32.434 [http-nio-8093-exec-1] INFO  c.z.f.b.context.filter.HeaderUserId2ContextFilter - ===== 删除 ThreadLocal， userId: 100
2025-10-12 10:32:39.070 [http-nio-8093-exec-4] INFO  c.z.f.b.context.filter.HeaderUserId2ContextFilter - ## HeaderUserId2ContextFilter, 用户 ID: 100
2025-10-12 10:32:39.073 [http-nio-8093-exec-4] INFO  c.z.f.b.operationlog.aspect.ApiOperationLogAspect - ====== 请求开始: [评论分页查询], 入参: {"noteId":1977200649661607982,"pageNo":1}, 请求类: CommentController, 请求方法: findCommentPageList =================================== 
2025-10-12 10:32:39.076 [http-nio-8093-exec-4] DEBUG c.z.x.c.b.d.m.N.selectCommentTotalByNoteId - ==>  Preparing: select comment_total from t_note_count where note_id = ?
2025-10-12 10:32:39.077 [http-nio-8093-exec-4] DEBUG c.z.x.c.b.d.m.N.selectCommentTotalByNoteId - ==> Parameters: 1977200649661607982(Long)
2025-10-12 10:32:39.078 [http-nio-8093-exec-4] DEBUG c.z.x.c.b.d.m.N.selectCommentTotalByNoteId - <==      Total: 0
2025-10-12 10:32:39.079 [http-nio-8093-exec-4] WARN  c.z.x.comment.biz.exception.GlobalExceptionHandler - /comment/list request fail, errorCode: COMMENT-20001, errorMessage: 此评论不存在
2025-10-12 10:32:39.081 [http-nio-8093-exec-4] INFO  c.z.f.b.context.filter.HeaderUserId2ContextFilter - ===== 删除 ThreadLocal， userId: 100
2025-10-12 10:47:12.500 [http-nio-8093-exec-2] INFO  c.z.f.b.context.filter.HeaderUserId2ContextFilter - ## HeaderUserId2ContextFilter, 用户 ID: 100
2025-10-12 10:47:12.522 [http-nio-8093-exec-2] INFO  c.z.f.b.operationlog.aspect.ApiOperationLogAspect - ====== 请求开始: [评论分页查询], 入参: {"noteId":1977200655760126016,"pageNo":1}, 请求类: CommentController, 请求方法: findCommentPageList =================================== 
2025-10-12 10:47:12.536 [http-nio-8093-exec-2] DEBUG c.z.x.c.b.d.m.N.selectCommentTotalByNoteId - ==>  Preparing: select comment_total from t_note_count where note_id = ?
2025-10-12 10:47:12.543 [http-nio-8093-exec-2] DEBUG c.z.x.c.b.d.m.N.selectCommentTotalByNoteId - ==> Parameters: 1977200655760126016(Long)
2025-10-12 10:47:12.546 [http-nio-8093-exec-2] DEBUG c.z.x.c.b.d.m.N.selectCommentTotalByNoteId - <==      Total: 0
2025-10-12 10:47:12.548 [http-nio-8093-exec-2] WARN  c.z.x.comment.biz.exception.GlobalExceptionHandler - /comment/list request fail, errorCode: COMMENT-20001, errorMessage: 此评论不存在
2025-10-12 10:47:12.551 [http-nio-8093-exec-2] INFO  c.z.f.b.context.filter.HeaderUserId2ContextFilter - ===== 删除 ThreadLocal， userId: 100
2025-10-12 10:47:14.112 [http-nio-8093-exec-5] INFO  c.z.f.b.context.filter.HeaderUserId2ContextFilter - ## HeaderUserId2ContextFilter, 用户 ID: 100
2025-10-12 10:47:14.115 [http-nio-8093-exec-5] INFO  c.z.f.b.operationlog.aspect.ApiOperationLogAspect - ====== 请求开始: [评论分页查询], 入参: {"noteId":1977200649661607982,"pageNo":1}, 请求类: CommentController, 请求方法: findCommentPageList =================================== 
2025-10-12 10:47:14.118 [http-nio-8093-exec-5] DEBUG c.z.x.c.b.d.m.N.selectCommentTotalByNoteId - ==>  Preparing: select comment_total from t_note_count where note_id = ?
2025-10-12 10:47:14.118 [http-nio-8093-exec-5] DEBUG c.z.x.c.b.d.m.N.selectCommentTotalByNoteId - ==> Parameters: 1977200649661607982(Long)
2025-10-12 10:47:14.120 [http-nio-8093-exec-5] DEBUG c.z.x.c.b.d.m.N.selectCommentTotalByNoteId - <==      Total: 0
2025-10-12 10:47:14.120 [http-nio-8093-exec-5] WARN  c.z.x.comment.biz.exception.GlobalExceptionHandler - /comment/list request fail, errorCode: COMMENT-20001, errorMessage: 此评论不存在
2025-10-12 10:47:14.121 [http-nio-8093-exec-5] INFO  c.z.f.b.context.filter.HeaderUserId2ContextFilter - ===== 删除 ThreadLocal， userId: 100
2025-10-12 10:47:23.783 [http-nio-8093-exec-7] INFO  c.z.f.b.context.filter.HeaderUserId2ContextFilter - ## HeaderUserId2ContextFilter, 用户 ID: 100
2025-10-12 10:47:23.787 [http-nio-8093-exec-7] INFO  c.z.f.b.operationlog.aspect.ApiOperationLogAspect - ====== 请求开始: [评论分页查询], 入参: {"noteId":1977200655760126016,"pageNo":1}, 请求类: CommentController, 请求方法: findCommentPageList =================================== 
2025-10-12 10:47:23.791 [http-nio-8093-exec-7] DEBUG c.z.x.c.b.d.m.N.selectCommentTotalByNoteId - ==>  Preparing: select comment_total from t_note_count where note_id = ?
2025-10-12 10:47:23.792 [http-nio-8093-exec-7] DEBUG c.z.x.c.b.d.m.N.selectCommentTotalByNoteId - ==> Parameters: 1977200655760126016(Long)
2025-10-12 10:47:23.793 [http-nio-8093-exec-7] DEBUG c.z.x.c.b.d.m.N.selectCommentTotalByNoteId - <==      Total: 0
2025-10-12 10:47:23.794 [http-nio-8093-exec-7] WARN  c.z.x.comment.biz.exception.GlobalExceptionHandler - /comment/list request fail, errorCode: COMMENT-20001, errorMessage: 此评论不存在
2025-10-12 10:47:23.795 [http-nio-8093-exec-7] INFO  c.z.f.b.context.filter.HeaderUserId2ContextFilter - ===== 删除 ThreadLocal， userId: 100
2025-10-12 10:47:28.089 [http-nio-8093-exec-8] INFO  c.z.f.b.context.filter.HeaderUserId2ContextFilter - ## HeaderUserId2ContextFilter, 用户 ID: 100
2025-10-12 10:47:28.091 [http-nio-8093-exec-8] INFO  c.z.f.b.operationlog.aspect.ApiOperationLogAspect - ====== 请求开始: [评论分页查询], 入参: {"noteId":1977200649661607982,"pageNo":1}, 请求类: CommentController, 请求方法: findCommentPageList =================================== 
2025-10-12 10:47:28.094 [http-nio-8093-exec-8] DEBUG c.z.x.c.b.d.m.N.selectCommentTotalByNoteId - ==>  Preparing: select comment_total from t_note_count where note_id = ?
2025-10-12 10:47:28.095 [http-nio-8093-exec-8] DEBUG c.z.x.c.b.d.m.N.selectCommentTotalByNoteId - ==> Parameters: 1977200649661607982(Long)
2025-10-12 10:47:28.098 [http-nio-8093-exec-8] DEBUG c.z.x.c.b.d.m.N.selectCommentTotalByNoteId - <==      Total: 0
2025-10-12 10:47:28.099 [http-nio-8093-exec-8] WARN  c.z.x.comment.biz.exception.GlobalExceptionHandler - /comment/list request fail, errorCode: COMMENT-20001, errorMessage: 此评论不存在
2025-10-12 10:47:28.100 [http-nio-8093-exec-8] INFO  c.z.f.b.context.filter.HeaderUserId2ContextFilter - ===== 删除 ThreadLocal， userId: 100
2025-10-12 11:10:52.654 [http-nio-8093-exec-6] INFO  c.z.f.b.context.filter.HeaderUserId2ContextFilter - ## HeaderUserId2ContextFilter, 用户 ID: 100
2025-10-12 11:10:52.717 [http-nio-8093-exec-6] INFO  c.z.f.b.operationlog.aspect.ApiOperationLogAspect - ====== 请求开始: [评论分页查询], 入参: {"noteId":1977210311400255519,"pageNo":1}, 请求类: CommentController, 请求方法: findCommentPageList =================================== 
2025-10-12 11:10:52.812 [http-nio-8093-exec-6] DEBUG c.z.x.c.b.d.m.N.selectCommentTotalByNoteId - ==>  Preparing: select comment_total from t_note_count where note_id = ?
2025-10-12 11:10:52.820 [http-nio-8093-exec-6] DEBUG c.z.x.c.b.d.m.N.selectCommentTotalByNoteId - ==> Parameters: 1977210311400255519(Long)
2025-10-12 11:10:52.828 [http-nio-8093-exec-6] DEBUG c.z.x.c.b.d.m.N.selectCommentTotalByNoteId - <==      Total: 0
2025-10-12 11:10:52.834 [http-nio-8093-exec-6] WARN  c.z.x.comment.biz.exception.GlobalExceptionHandler - /comment/list request fail, errorCode: COMMENT-20001, errorMessage: 此评论不存在
2025-10-12 11:10:52.845 [http-nio-8093-exec-6] INFO  c.z.f.b.context.filter.HeaderUserId2ContextFilter - ===== 删除 ThreadLocal， userId: 100
2025-10-12 11:11:02.831 [http-nio-8093-exec-10] INFO  c.z.f.b.context.filter.HeaderUserId2ContextFilter - ## HeaderUserId2ContextFilter, 用户 ID: 100
2025-10-12 11:11:02.834 [http-nio-8093-exec-10] INFO  c.z.f.b.operationlog.aspect.ApiOperationLogAspect - ====== 请求开始: [评论分页查询], 入参: {"noteId":1977210311236677641,"pageNo":1}, 请求类: CommentController, 请求方法: findCommentPageList =================================== 
2025-10-12 11:11:02.854 [http-nio-8093-exec-10] DEBUG c.z.x.c.b.d.m.N.selectCommentTotalByNoteId - ==>  Preparing: select comment_total from t_note_count where note_id = ?
2025-10-12 11:11:02.855 [http-nio-8093-exec-10] DEBUG c.z.x.c.b.d.m.N.selectCommentTotalByNoteId - ==> Parameters: 1977210311236677641(Long)
2025-10-12 11:11:02.857 [http-nio-8093-exec-10] DEBUG c.z.x.c.b.d.m.N.selectCommentTotalByNoteId - <==      Total: 0
2025-10-12 11:11:02.859 [http-nio-8093-exec-10] WARN  c.z.x.comment.biz.exception.GlobalExceptionHandler - /comment/list request fail, errorCode: COMMENT-20001, errorMessage: 此评论不存在
2025-10-12 11:11:02.861 [http-nio-8093-exec-10] INFO  c.z.f.b.context.filter.HeaderUserId2ContextFilter - ===== 删除 ThreadLocal， userId: 100
2025-10-12 11:14:13.790 [http-nio-8093-exec-4] INFO  c.z.f.b.context.filter.HeaderUserId2ContextFilter - ## HeaderUserId2ContextFilter, 用户 ID: 100
2025-10-12 11:14:13.793 [http-nio-8093-exec-4] INFO  c.z.f.b.operationlog.aspect.ApiOperationLogAspect - ====== 请求开始: [评论分页查询], 入参: {"noteId":1977206438811955287,"pageNo":1}, 请求类: CommentController, 请求方法: findCommentPageList =================================== 
2025-10-12 11:14:13.796 [http-nio-8093-exec-4] DEBUG c.z.x.c.b.d.m.N.selectCommentTotalByNoteId - ==>  Preparing: select comment_total from t_note_count where note_id = ?
2025-10-12 11:14:13.798 [http-nio-8093-exec-4] DEBUG c.z.x.c.b.d.m.N.selectCommentTotalByNoteId - ==> Parameters: 1977206438811955287(Long)
2025-10-12 11:14:13.799 [http-nio-8093-exec-4] DEBUG c.z.x.c.b.d.m.N.selectCommentTotalByNoteId - <==      Total: 0
2025-10-12 11:14:13.800 [http-nio-8093-exec-4] WARN  c.z.x.comment.biz.exception.GlobalExceptionHandler - /comment/list request fail, errorCode: COMMENT-20001, errorMessage: 此评论不存在
2025-10-12 11:14:13.802 [http-nio-8093-exec-4] INFO  c.z.f.b.context.filter.HeaderUserId2ContextFilter - ===== 删除 ThreadLocal， userId: 100
2025-10-12 11:32:59.280 [http-nio-8093-exec-2] INFO  c.z.f.b.context.filter.HeaderUserId2ContextFilter - ## HeaderUserId2ContextFilter, 用户 ID: 100
2025-10-12 11:32:59.300 [http-nio-8093-exec-2] INFO  c.z.f.b.operationlog.aspect.ApiOperationLogAspect - ====== 请求开始: [评论分页查询], 入参: {"noteId":1977206438811955287,"pageNo":1}, 请求类: CommentController, 请求方法: findCommentPageList =================================== 
2025-10-12 11:32:59.335 [http-nio-8093-exec-2] DEBUG c.z.x.c.b.d.m.N.selectCommentTotalByNoteId - ==>  Preparing: select comment_total from t_note_count where note_id = ?
2025-10-12 11:32:59.340 [http-nio-8093-exec-2] DEBUG c.z.x.c.b.d.m.N.selectCommentTotalByNoteId - ==> Parameters: 1977206438811955287(Long)
2025-10-12 11:32:59.345 [http-nio-8093-exec-2] DEBUG c.z.x.c.b.d.m.N.selectCommentTotalByNoteId - <==      Total: 0
2025-10-12 11:32:59.347 [http-nio-8093-exec-2] WARN  c.z.x.comment.biz.exception.GlobalExceptionHandler - /comment/list request fail, errorCode: COMMENT-20001, errorMessage: 此评论不存在
2025-10-12 11:32:59.352 [http-nio-8093-exec-2] INFO  c.z.f.b.context.filter.HeaderUserId2ContextFilter - ===== 删除 ThreadLocal， userId: 100
2025-10-12 11:33:00.557 [http-nio-8093-exec-5] INFO  c.z.f.b.context.filter.HeaderUserId2ContextFilter - ## HeaderUserId2ContextFilter, 用户 ID: 100
2025-10-12 11:33:00.559 [http-nio-8093-exec-5] INFO  c.z.f.b.operationlog.aspect.ApiOperationLogAspect - ====== 请求开始: [评论分页查询], 入参: {"noteId":1977208188813996056,"pageNo":1}, 请求类: CommentController, 请求方法: findCommentPageList =================================== 
2025-10-12 11:33:00.562 [http-nio-8093-exec-5] DEBUG c.z.x.c.b.d.m.N.selectCommentTotalByNoteId - ==>  Preparing: select comment_total from t_note_count where note_id = ?
2025-10-12 11:33:00.562 [http-nio-8093-exec-5] DEBUG c.z.x.c.b.d.m.N.selectCommentTotalByNoteId - ==> Parameters: 1977208188813996056(Long)
2025-10-12 11:33:00.564 [http-nio-8093-exec-5] DEBUG c.z.x.c.b.d.m.N.selectCommentTotalByNoteId - <==      Total: 0
2025-10-12 11:33:00.564 [http-nio-8093-exec-5] WARN  c.z.x.comment.biz.exception.GlobalExceptionHandler - /comment/list request fail, errorCode: COMMENT-20001, errorMessage: 此评论不存在
2025-10-12 11:33:00.566 [http-nio-8093-exec-5] INFO  c.z.f.b.context.filter.HeaderUserId2ContextFilter - ===== 删除 ThreadLocal， userId: 100
2025-10-12 11:35:13.287 [http-nio-8093-exec-8] INFO  c.z.f.b.context.filter.HeaderUserId2ContextFilter - ## HeaderUserId2ContextFilter, 用户 ID: 100
2025-10-12 11:35:13.289 [http-nio-8093-exec-8] INFO  c.z.f.b.operationlog.aspect.ApiOperationLogAspect - ====== 请求开始: [评论分页查询], 入参: {"noteId":1977209490918895715,"pageNo":1}, 请求类: CommentController, 请求方法: findCommentPageList =================================== 
2025-10-12 11:35:13.292 [http-nio-8093-exec-8] DEBUG c.z.x.c.b.d.m.N.selectCommentTotalByNoteId - ==>  Preparing: select comment_total from t_note_count where note_id = ?
2025-10-12 11:35:13.293 [http-nio-8093-exec-8] DEBUG c.z.x.c.b.d.m.N.selectCommentTotalByNoteId - ==> Parameters: 1977209490918895715(Long)
2025-10-12 11:35:13.294 [http-nio-8093-exec-8] DEBUG c.z.x.c.b.d.m.N.selectCommentTotalByNoteId - <==      Total: 0
2025-10-12 11:35:13.296 [http-nio-8093-exec-8] WARN  c.z.x.comment.biz.exception.GlobalExceptionHandler - /comment/list request fail, errorCode: COMMENT-20001, errorMessage: 此评论不存在
2025-10-12 11:35:13.297 [http-nio-8093-exec-8] INFO  c.z.f.b.context.filter.HeaderUserId2ContextFilter - ===== 删除 ThreadLocal， userId: 100
2025-10-12 11:35:17.268 [http-nio-8093-exec-9] INFO  c.z.f.b.context.filter.HeaderUserId2ContextFilter - ## HeaderUserId2ContextFilter, 用户 ID: 100
2025-10-12 11:35:17.270 [http-nio-8093-exec-9] INFO  c.z.f.b.operationlog.aspect.ApiOperationLogAspect - ====== 请求开始: [评论分页查询], 入参: {"noteId":1977209490918895715,"pageNo":1}, 请求类: CommentController, 请求方法: findCommentPageList =================================== 
2025-10-12 11:35:17.274 [http-nio-8093-exec-9] DEBUG c.z.x.c.b.d.m.N.selectCommentTotalByNoteId - ==>  Preparing: select comment_total from t_note_count where note_id = ?
2025-10-12 11:35:17.274 [http-nio-8093-exec-9] DEBUG c.z.x.c.b.d.m.N.selectCommentTotalByNoteId - ==> Parameters: 1977209490918895715(Long)
2025-10-12 11:35:17.276 [http-nio-8093-exec-9] DEBUG c.z.x.c.b.d.m.N.selectCommentTotalByNoteId - <==      Total: 0
2025-10-12 11:35:17.277 [http-nio-8093-exec-9] WARN  c.z.x.comment.biz.exception.GlobalExceptionHandler - /comment/list request fail, errorCode: COMMENT-20001, errorMessage: 此评论不存在
2025-10-12 11:35:17.279 [http-nio-8093-exec-9] INFO  c.z.f.b.context.filter.HeaderUserId2ContextFilter - ===== 删除 ThreadLocal， userId: 100
2025-10-12 11:35:21.087 [http-nio-8093-exec-6] INFO  c.z.f.b.context.filter.HeaderUserId2ContextFilter - ## HeaderUserId2ContextFilter, 用户 ID: 100
2025-10-12 11:35:21.090 [http-nio-8093-exec-6] INFO  c.z.f.b.operationlog.aspect.ApiOperationLogAspect - ====== 请求开始: [评论分页查询], 入参: {"noteId":1977209490918895715,"pageNo":1}, 请求类: CommentController, 请求方法: findCommentPageList =================================== 
2025-10-12 11:35:21.094 [http-nio-8093-exec-6] DEBUG c.z.x.c.b.d.m.N.selectCommentTotalByNoteId - ==>  Preparing: select comment_total from t_note_count where note_id = ?
2025-10-12 11:35:21.094 [http-nio-8093-exec-6] DEBUG c.z.x.c.b.d.m.N.selectCommentTotalByNoteId - ==> Parameters: 1977209490918895715(Long)
2025-10-12 11:35:21.220 [http-nio-8093-exec-6] DEBUG c.z.x.c.b.d.m.N.selectCommentTotalByNoteId - <==      Total: 1
2025-10-12 11:35:21.288 [http-nio-8093-exec-6] INFO  c.z.f.b.operationlog.aspect.ApiOperationLogAspect - ====== 请求结束: [评论分页查询], 耗时: 164ms, 出参: {"success":true,"message":null,"errorCode":null,"data":null,"pageNo":1,"totalCount":0,"pageSize":10,"totalPage":0} =================================== 
2025-10-12 11:35:21.382 [http-nio-8093-exec-6] INFO  c.z.f.b.context.filter.HeaderUserId2ContextFilter - ===== 删除 ThreadLocal， userId: 100
2025-10-12 22:28:31.545 [Thread-16] WARN  com.alibaba.nacos.common.notify.NotifyCenter - [NotifyCenter] Start destroying Publisher
2025-10-12 22:28:31.545 [Thread-19] WARN  c.alibaba.nacos.common.http.HttpClientBeanHolder - [HttpClientBeanHolder] Start destroying common HttpClient
2025-10-12 22:28:31.597 [Thread-16] WARN  com.alibaba.nacos.common.notify.NotifyCenter - [NotifyCenter] Destruction of the end
2025-10-12 22:28:31.655 [Thread-19] WARN  c.alibaba.nacos.common.http.HttpClientBeanHolder - [HttpClientBeanHolder] Destruction of the end
2025-10-12 22:28:32.230 [NettyClientSelector_1] INFO  RocketmqRemoting - closeChannel: close the connection to remote address[127.0.0.1:9876] result: true
2025-10-12 22:28:32.234 [NettyClientSelector_1] INFO  RocketmqRemoting - closeChannel: close the connection to remote address[10.2.66.18:10911] result: true
2025-10-12 22:28:32.633 [NettyClientSelector_1] INFO  RocketmqRemoting - closeChannel: close the connection to remote address[10.2.66.18:10911] result: true
2025-10-12 22:28:32.633 [NettyClientSelector_1] INFO  RocketmqRemoting - closeChannel: close the connection to remote address[127.0.0.1:9876] result: true
2025-10-12 22:28:32.643 [NettyClientSelector_1] INFO  RocketmqRemoting - closeChannel: close the connection to remote address[127.0.0.1:9876] result: true
2025-10-12 22:28:32.643 [NettyClientSelector_1] INFO  RocketmqRemoting - closeChannel: close the connection to remote address[10.2.66.18:10911] result: true
2025-10-12 22:28:32.652 [NettyClientSelector_1] INFO  RocketmqRemoting - closeChannel: close the connection to remote address[10.2.66.18:10911] result: true
2025-10-12 22:28:32.652 [NettyClientSelector_1] INFO  RocketmqRemoting - closeChannel: close the connection to remote address[127.0.0.1:9876] result: true
2025-10-12 22:28:32.927 [SpringApplicationShutdownHook] INFO  c.a.cloud.nacos.registry.NacosServiceRegistry - De-registering from Nacos Server now...
2025-10-12 22:28:32.929 [SpringApplicationShutdownHook] INFO  com.alibaba.nacos.client.naming - [DEREGISTER-SERVICE] xiaohongshu deregistering service xiaohongshu-comment with instance: Instance{instanceId='null', ip='10.2.66.18', port=8093, weight=1.0, healthy=true, enabled=true, ephemeral=true, clusterName='DEFAULT', serviceName='null', metadata={}}
2025-10-12 22:28:32.950 [SpringApplicationShutdownHook] INFO  c.a.cloud.nacos.registry.NacosServiceRegistry - De-registration finished.
2025-10-12 22:28:32.951 [SpringApplicationShutdownHook] INFO  com.alibaba.nacos.client.naming - com.alibaba.nacos.client.naming.cache.ServiceInfoHolder do shutdown begin
2025-10-12 22:28:32.951 [SpringApplicationShutdownHook] INFO  com.alibaba.nacos.client.naming - com.alibaba.nacos.client.naming.backups.FailoverReactor do shutdown begin
2025-10-12 22:28:32.951 [SpringApplicationShutdownHook] INFO  com.alibaba.nacos.client.naming - com.alibaba.nacos.client.naming.backups.FailoverReactor do shutdown stop
2025-10-12 22:28:32.952 [SpringApplicationShutdownHook] INFO  com.alibaba.nacos.client.naming - com.alibaba.nacos.client.naming.cache.ServiceInfoHolder do shutdown stop
2025-10-12 22:28:32.952 [SpringApplicationShutdownHook] INFO  com.alibaba.nacos.client.naming - com.alibaba.nacos.client.naming.remote.NamingClientProxyDelegate do shutdown begin
2025-10-12 22:28:32.952 [SpringApplicationShutdownHook] INFO  com.alibaba.nacos.client.naming - com.alibaba.nacos.client.naming.core.ServiceInfoUpdateService do shutdown begin
2025-10-12 22:28:32.952 [SpringApplicationShutdownHook] INFO  com.alibaba.nacos.client.naming - com.alibaba.nacos.client.naming.core.ServiceInfoUpdateService do shutdown stop
2025-10-12 22:28:32.952 [SpringApplicationShutdownHook] INFO  com.alibaba.nacos.client.naming - com.alibaba.nacos.client.naming.core.ServerListManager do shutdown begin
2025-10-12 22:28:32.952 [SpringApplicationShutdownHook] WARN  com.alibaba.nacos.client.naming - [NamingHttpClientManager] Start destroying NacosRestTemplate
2025-10-12 22:28:32.952 [SpringApplicationShutdownHook] WARN  com.alibaba.nacos.client.naming - [NamingHttpClientManager] Destruction of the end
2025-10-12 22:28:32.952 [SpringApplicationShutdownHook] INFO  com.alibaba.nacos.client.naming - com.alibaba.nacos.client.naming.core.ServerListManager do shutdown stop
2025-10-12 22:28:32.952 [SpringApplicationShutdownHook] INFO  com.alibaba.nacos.client.naming - com.alibaba.nacos.client.naming.remote.http.NamingHttpClientProxy do shutdown begin
2025-10-12 22:28:32.952 [SpringApplicationShutdownHook] WARN  com.alibaba.nacos.client.naming - [NamingHttpClientManager] Start destroying NacosRestTemplate
2025-10-12 22:28:32.952 [SpringApplicationShutdownHook] WARN  com.alibaba.nacos.client.naming - [NamingHttpClientManager] Destruction of the end
2025-10-12 22:28:32.952 [SpringApplicationShutdownHook] INFO  com.alibaba.nacos.client.naming - com.alibaba.nacos.client.naming.remote.http.NamingHttpClientProxy do shutdown stop
2025-10-12 22:28:32.952 [SpringApplicationShutdownHook] INFO  com.alibaba.nacos.common.remote.client - Shutdown rpc client, set status to shutdown
2025-10-12 22:28:32.953 [SpringApplicationShutdownHook] INFO  com.alibaba.nacos.common.remote.client - Shutdown client event executor java.util.concurrent.ScheduledThreadPoolExecutor@1af050e7[Running, pool size = 2, active threads = 2, queued tasks = 0, completed tasks = 0]
2025-10-12 22:28:32.953 [SpringApplicationShutdownHook] INFO  com.alibaba.nacos.common.remote.client - Close current connection 1760235811950_112.94.129.49_1679
2025-10-12 22:28:32.963 [SpringApplicationShutdownHook] INFO  c.a.nacos.common.remote.client.grpc.GrpcClient - Shutdown grpc executor java.util.concurrent.ThreadPoolExecutor@e579e3e[Running, pool size = 3, active threads = 0, queued tasks = 0, completed tasks = 8714]
2025-10-12 22:28:32.963 [SpringApplicationShutdownHook] INFO  com.alibaba.nacos.client.naming - Shutdown grpc redo service executor java.util.concurrent.ScheduledThreadPoolExecutor@2b9513a7[Running, pool size = 1, active threads = 0, queued tasks = 1, completed tasks = 14464]
2025-10-12 22:28:32.964 [SpringApplicationShutdownHook] INFO  c.a.n.client.auth.ram.identify.CredentialWatcher - [null] CredentialWatcher is stopped
2025-10-12 22:28:32.964 [SpringApplicationShutdownHook] INFO  c.a.n.client.auth.ram.identify.CredentialService - [null] CredentialService is freed
2025-10-12 22:28:32.964 [SpringApplicationShutdownHook] INFO  com.alibaba.nacos.client.naming - com.alibaba.nacos.client.naming.remote.NamingClientProxyDelegate do shutdown stop
2025-10-12 22:28:32.993 [NettyClientSelector_1] INFO  RocketmqRemoting - closeChannel: close the connection to remote address[127.0.0.1:9876] result: true
2025-10-12 22:28:32.993 [NettyClientSelector_1] INFO  RocketmqRemoting - closeChannel: close the connection to remote address[10.2.66.18:10911] result: true
2025-10-12 22:28:32.998 [NettyClientSelector_1] INFO  RocketmqRemoting - closeChannel: close the connection to remote address[10.2.66.18:10911] result: true
2025-10-12 22:28:32.998 [NettyClientSelector_1] INFO  RocketmqRemoting - closeChannel: close the connection to remote address[127.0.0.1:9876] result: true
2025-10-12 22:28:32.999 [SpringApplicationShutdownHook] INFO  o.a.r.s.support.DefaultRocketMQListenerContainer - container destroyed, DefaultRocketMQListenerContainer{consumerGroup='xiaohongshu_group_first_reply_comment_idCountNoteCommentTopic', namespace='', nameServer='127.0.0.1:9876', topic='CountNoteCommentTopic', consumeMode=CONCURRENTLY, selectorType=TAG, selectorExpression='*', messageModel=CLUSTERING', tlsEnable=false, instanceName=DEFAULT}
2025-10-12 22:28:33.000 [SpringApplicationShutdownHook] INFO  o.a.r.s.support.DefaultRocketMQListenerContainer - container destroyed, DefaultRocketMQListenerContainer{consumerGroup='xiaohongshu_group_DeleteCommentTopic', namespace='', nameServer='127.0.0.1:9876', topic='DeleteCommentDetailLocalCacheTopic', consumeMode=CONCURRENTLY, selectorType=TAG, selectorExpression='*', messageModel=BROADCASTING', tlsEnable=false, instanceName=DEFAULT}
2025-10-12 22:28:33.002 [SpringApplicationShutdownHook] INFO  o.a.r.s.support.DefaultRocketMQListenerContainer - container destroyed, DefaultRocketMQListenerContainer{consumerGroup='xiaohongshu_group_DeleteCommentTopic', namespace='', nameServer='127.0.0.1:9876', topic='DeleteCommentTopic', consumeMode=CONCURRENTLY, selectorType=TAG, selectorExpression='*', messageModel=CLUSTERING', tlsEnable=false, instanceName=DEFAULT}
2025-10-12 22:28:33.002 [SpringApplicationShutdownHook] INFO  o.a.r.s.support.DefaultRocketMQListenerContainer - container destroyed, DefaultRocketMQListenerContainer{consumerGroup='xiaohongshu_group_CommentHeatUpdateTopic', namespace='', nameServer='127.0.0.1:9876', topic='CommentHeatUpdateTopic', consumeMode=CONCURRENTLY, selectorType=TAG, selectorExpression='*', messageModel=CLUSTERING', tlsEnable=false, instanceName=DEFAULT}
2025-10-12 22:28:33.185 [NettyClientSelector_1] INFO  RocketmqRemoting - closeChannel: close the connection to remote address[10.2.66.18:10911] result: true
2025-10-12 22:28:33.186 [NettyClientSelector_1] INFO  RocketmqRemoting - closeChannel: close the connection to remote address[127.0.0.1:9876] result: true
2025-10-12 22:28:33.198 [SpringApplicationShutdownHook] INFO  com.alibaba.druid.pool.DruidDataSource - {dataSource-1} closing ...
2025-10-12 22:28:33.201 [SpringApplicationShutdownHook] INFO  com.alibaba.druid.pool.DruidDataSource - {dataSource-1} closed
