2025-10-10 00:00:36.832 [http-nio-8093-exec-1] INFO  o.a.c.core.ContainerBase.[Tomcat].[localhost].[/] - Initializing Spring DispatcherServlet 'dispatcherServlet'
2025-10-10 00:00:36.833 [http-nio-8093-exec-1] INFO  org.springframework.web.servlet.DispatcherServlet - Initializing Servlet 'dispatcherServlet'
2025-10-10 00:00:36.846 [http-nio-8093-exec-1] INFO  org.springframework.web.servlet.DispatcherServlet - Completed initialization in 13 ms
2025-10-10 00:00:36.863 [http-nio-8093-exec-1] INFO  c.z.f.b.context.filter.HeaderUserId2ContextFilter - ## HeaderUserId2ContextFilter, 用户 ID: null
2025-10-10 00:00:37.004 [http-nio-8093-exec-1] INFO  c.z.f.b.operationlog.aspect.ApiOperationLogAspect - ====== 请求开始: [评论分页查询], 入参: {"noteId":1968957166329008196,"pageNo":1}, 请求类: CommentController, 请求方法: findCommentPageList =================================== 
2025-10-10 00:00:37.395 [http-nio-8093-exec-1] DEBUG c.z.x.c.b.d.m.N.selectCommentTotalByNoteId - ==>  Preparing: select comment_total from t_note_count where note_id = ?
2025-10-10 00:00:37.613 [http-nio-8093-exec-1] DEBUG c.z.x.c.b.d.m.N.selectCommentTotalByNoteId - ==> Parameters: 1968957166329008196(Long)
2025-10-10 00:00:37.634 [http-nio-8093-exec-1] DEBUG c.z.x.c.b.d.m.N.selectCommentTotalByNoteId - <==      Total: 0
2025-10-10 00:00:37.642 [http-nio-8093-exec-1] WARN  c.z.x.comment.biz.exception.GlobalExceptionHandler - /comment/list request fail, errorCode: COMMENT-20001, errorMessage: 此评论不存在
2025-10-10 00:00:39.209 [http-nio-8093-exec-3] INFO  c.z.f.b.context.filter.HeaderUserId2ContextFilter - ## HeaderUserId2ContextFilter, 用户 ID: 100
2025-10-10 00:00:39.223 [http-nio-8093-exec-3] INFO  c.z.f.b.operationlog.aspect.ApiOperationLogAspect - ====== 请求开始: [评论分页查询], 入参: {"noteId":1968945300714295362,"pageNo":1}, 请求类: CommentController, 请求方法: findCommentPageList =================================== 
2025-10-10 00:00:39.226 [http-nio-8093-exec-3] DEBUG c.z.x.c.b.d.m.N.selectCommentTotalByNoteId - ==>  Preparing: select comment_total from t_note_count where note_id = ?
2025-10-10 00:00:39.227 [http-nio-8093-exec-3] DEBUG c.z.x.c.b.d.m.N.selectCommentTotalByNoteId - ==> Parameters: 1968945300714295362(Long)
2025-10-10 00:00:39.233 [http-nio-8093-exec-3] DEBUG c.z.x.c.b.d.m.N.selectCommentTotalByNoteId - <==      Total: 1
2025-10-10 00:00:39.249 [NoteExecutor-2] DEBUG c.z.x.c.b.d.m.CommentDOMapper.selectHeatComments - ==>  Preparing: select id, heat from t_comment where note_id = ? and level = 1 order by heat desc limit 500
2025-10-10 00:00:39.250 [http-nio-8093-exec-3] DEBUG c.z.x.c.b.d.mapper.CommentDOMapper.selectPageList - ==>  Preparing: select id, user_id, content_uuid, is_content_empty, image_url, like_total, is_top, create_time, first_reply_comment_id, child_comment_total,heat from t_comment where note_id = ? and level = 1 order by heat desc limit ?, ?
2025-10-10 00:00:39.253 [http-nio-8093-exec-3] DEBUG c.z.x.c.b.d.mapper.CommentDOMapper.selectPageList - ==> Parameters: 1968945300714295362(Long), 0(Long), 10(Long)
2025-10-10 00:00:39.253 [NoteExecutor-2] DEBUG c.z.x.c.b.d.m.CommentDOMapper.selectHeatComments - ==> Parameters: 1968945300714295362(Long)
2025-10-10 00:00:39.285 [NoteExecutor-2] DEBUG c.z.x.c.b.d.m.CommentDOMapper.selectHeatComments - <==      Total: 1
2025-10-10 00:00:39.288 [http-nio-8093-exec-3] DEBUG c.z.x.c.b.d.mapper.CommentDOMapper.selectPageList - <==      Total: 1
2025-10-10 00:00:39.310 [http-nio-8093-exec-3] DEBUG c.z.x.c.b.d.m.C.selectTwoLevelCommentByIds - ==>  Preparing: select id, user_id, content_uuid, is_content_empty, image_url, like_total, create_time,heat from t_comment where id in ( ? )
2025-10-10 00:00:39.311 [http-nio-8093-exec-3] DEBUG c.z.x.c.b.d.m.C.selectTwoLevelCommentByIds - ==> Parameters: 8006(Long)
2025-10-10 00:00:39.313 [http-nio-8093-exec-3] DEBUG c.z.x.c.b.d.m.C.selectTwoLevelCommentByIds - <==      Total: 1
2025-10-10 00:00:39.329 [http-nio-8093-exec-3] INFO  c.z.f.b.c.interceptor.FeignRequestInterceptor - ==> feign请求设置请求头 userId: 100
2025-10-10 00:00:39.399 [http-nio-8093-exec-3] INFO  com.alibaba.nacos.client.naming - [SUBSCRIBE-SERVICE] service:xiaohongshu-kv, group:DEFAULT_GROUP, clusters: 
2025-10-10 00:00:39.418 [http-nio-8093-exec-3] INFO  com.alibaba.nacos.client.naming - init new ips(1) service: DEFAULT_GROUP@@xiaohongshu-kv -> [{"ip":"10.2.66.3","port":8084,"weight":1.0,"healthy":true,"enabled":true,"ephemeral":true,"clusterName":"DEFAULT","serviceName":"DEFAULT_GROUP@@xiaohongshu-kv","metadata":{"preserved.register.source":"SPRING_CLOUD"},"ipDeleteTimeout":30000,"instanceHeartBeatInterval":5000,"instanceHeartBeatTimeOut":15000}]
2025-10-10 00:00:39.428 [http-nio-8093-exec-3] INFO  com.alibaba.nacos.client.naming - current ips:(1) service: DEFAULT_GROUP@@xiaohongshu-kv -> [{"ip":"10.2.66.3","port":8084,"weight":1.0,"healthy":true,"enabled":true,"ephemeral":true,"clusterName":"DEFAULT","serviceName":"DEFAULT_GROUP@@xiaohongshu-kv","metadata":{"preserved.register.source":"SPRING_CLOUD"},"ipDeleteTimeout":30000,"instanceHeartBeatInterval":5000,"instanceHeartBeatTimeOut":15000}]
2025-10-10 00:00:39.864 [http-nio-8093-exec-3] INFO  c.z.f.b.c.interceptor.FeignRequestInterceptor - ==> feign请求设置请求头 userId: 100
2025-10-10 00:00:39.883 [http-nio-8093-exec-3] INFO  com.alibaba.nacos.client.naming - [SUBSCRIBE-SERVICE] service:xiaohongshu-user, group:DEFAULT_GROUP, clusters: 
2025-10-10 00:00:39.893 [http-nio-8093-exec-3] INFO  com.alibaba.nacos.client.naming - init new ips(1) service: DEFAULT_GROUP@@xiaohongshu-user -> [{"ip":"10.2.66.3","port":8082,"weight":1.0,"healthy":true,"enabled":true,"ephemeral":true,"clusterName":"DEFAULT","serviceName":"DEFAULT_GROUP@@xiaohongshu-user","metadata":{"preserved.register.source":"SPRING_CLOUD"},"ipDeleteTimeout":30000,"instanceHeartBeatInterval":5000,"instanceHeartBeatTimeOut":15000}]
2025-10-10 00:00:39.893 [http-nio-8093-exec-3] INFO  com.alibaba.nacos.client.naming - current ips:(1) service: DEFAULT_GROUP@@xiaohongshu-user -> [{"ip":"10.2.66.3","port":8082,"weight":1.0,"healthy":true,"enabled":true,"ephemeral":true,"clusterName":"DEFAULT","serviceName":"DEFAULT_GROUP@@xiaohongshu-user","metadata":{"preserved.register.source":"SPRING_CLOUD"},"ipDeleteTimeout":30000,"instanceHeartBeatInterval":5000,"instanceHeartBeatTimeOut":15000}]
2025-10-10 00:00:39.922 [http-nio-8093-exec-3] INFO  c.z.f.b.operationlog.aspect.ApiOperationLogAspect - ====== 请求结束: [评论分页查询], 耗时: 689ms, 出参: {"success":true,"message":null,"errorCode":null,"data":[{"commentId":8005,"userId":100,"avatar":"https://my-xiaohongshu-oss.oss-cn-guangzhou.aliyuncs.com/ca709c5d72304bedbcf9ee14e4a3bcb2.jpg","nickname":"稚生","content":"哈哈哈","imageUrl":"","createTime":"09-19","likeTotal":0,"childCommentTotal":5,"firstReplyComment":{"commentId":8006,"userId":100,"avatar":"https://my-xiaohongshu-oss.oss-cn-guangzhou.aliyuncs.com/ca709c5d72304bedbcf9ee14e4a3bcb2.jpg","nickname":"稚生","content":"哈哈哈哈","imageUrl":"","createTime":"09-19","likeTotal":0,"childCommentTotal":null,"firstReplyComment":null,"heat":0.0},"heat":1.5}],"pageNo":1,"totalCount":6,"pageSize":10,"totalPage":1} =================================== 
2025-10-10 00:00:39.926 [http-nio-8093-exec-3] INFO  c.z.f.b.context.filter.HeaderUserId2ContextFilter - ===== 删除 ThreadLocal， userId: 100
2025-10-10 00:00:39.938 [nacos-grpc-client-executor-8.134.88.169-193] INFO  com.alibaba.nacos.common.remote.client - [13aa9b78-499d-4f14-bf32-30f045f41f9f] Receive server push request, request = NotifySubscriberRequest, requestId = 13
2025-10-10 00:00:39.939 [nacos-grpc-client-executor-8.134.88.169-193] INFO  com.alibaba.nacos.common.remote.client - [13aa9b78-499d-4f14-bf32-30f045f41f9f] Ack server push request, request = NotifySubscriberRequest, requestId = 13
2025-10-10 00:00:40.421 [nacos-grpc-client-executor-8.134.88.169-194] INFO  com.alibaba.nacos.common.remote.client - [13aa9b78-499d-4f14-bf32-30f045f41f9f] Receive server push request, request = NotifySubscriberRequest, requestId = 14
2025-10-10 00:00:40.421 [nacos-grpc-client-executor-8.134.88.169-194] INFO  com.alibaba.nacos.common.remote.client - [13aa9b78-499d-4f14-bf32-30f045f41f9f] Ack server push request, request = NotifySubscriberRequest, requestId = 14
2025-10-10 00:00:51.081 [http-nio-8093-exec-2] INFO  c.z.f.b.context.filter.HeaderUserId2ContextFilter - ## HeaderUserId2ContextFilter, 用户 ID: 100
2025-10-10 00:00:51.082 [http-nio-8093-exec-2] INFO  c.z.f.b.operationlog.aspect.ApiOperationLogAspect - ====== 请求开始: [评论分页查询], 入参: {"noteId":1968957166329008196,"pageNo":1}, 请求类: CommentController, 请求方法: findCommentPageList =================================== 
2025-10-10 00:00:51.085 [http-nio-8093-exec-2] DEBUG c.z.x.c.b.d.m.N.selectCommentTotalByNoteId - ==>  Preparing: select comment_total from t_note_count where note_id = ?
2025-10-10 00:00:51.086 [http-nio-8093-exec-2] DEBUG c.z.x.c.b.d.m.N.selectCommentTotalByNoteId - ==> Parameters: 1968957166329008196(Long)
2025-10-10 00:00:51.087 [http-nio-8093-exec-2] DEBUG c.z.x.c.b.d.m.N.selectCommentTotalByNoteId - <==      Total: 0
2025-10-10 00:00:51.088 [http-nio-8093-exec-2] WARN  c.z.x.comment.biz.exception.GlobalExceptionHandler - /comment/list request fail, errorCode: COMMENT-20001, errorMessage: 此评论不存在
2025-10-10 00:00:51.090 [http-nio-8093-exec-2] INFO  c.z.f.b.context.filter.HeaderUserId2ContextFilter - ===== 删除 ThreadLocal， userId: 100
2025-10-10 00:02:39.675 [http-nio-8093-exec-10] INFO  c.z.f.b.context.filter.HeaderUserId2ContextFilter - ## HeaderUserId2ContextFilter, 用户 ID: 100
2025-10-10 00:02:39.677 [http-nio-8093-exec-10] INFO  c.z.f.b.operationlog.aspect.ApiOperationLogAspect - ====== 请求开始: [评论分页查询], 入参: {"noteId":1968945300714295362,"pageNo":1}, 请求类: CommentController, 请求方法: findCommentPageList =================================== 
2025-10-10 00:02:39.741 [http-nio-8093-exec-10] DEBUG c.z.x.c.b.d.m.C.selectCommentCountByIds - ==>  Preparing: select id, child_comment_total, like_total, level from t_comment where id in ( ? , ? )
2025-10-10 00:02:39.743 [http-nio-8093-exec-10] DEBUG c.z.x.c.b.d.m.C.selectCommentCountByIds - ==> Parameters: 8005(Long), 8006(Long)
2025-10-10 00:02:39.745 [http-nio-8093-exec-10] DEBUG c.z.x.c.b.d.m.C.selectCommentCountByIds - <==      Total: 2
2025-10-10 00:02:39.749 [http-nio-8093-exec-10] INFO  c.z.f.b.operationlog.aspect.ApiOperationLogAspect - ====== 请求结束: [评论分页查询], 耗时: 71ms, 出参: {"success":true,"message":null,"errorCode":null,"data":[{"commentId":8005,"userId":100,"avatar":"https://my-xiaohongshu-oss.oss-cn-guangzhou.aliyuncs.com/ca709c5d72304bedbcf9ee14e4a3bcb2.jpg","nickname":"稚生","content":"哈哈哈","imageUrl":"","createTime":"09-19","likeTotal":0,"childCommentTotal":5,"firstReplyComment":{"commentId":8006,"userId":100,"avatar":"https://my-xiaohongshu-oss.oss-cn-guangzhou.aliyuncs.com/ca709c5d72304bedbcf9ee14e4a3bcb2.jpg","nickname":"稚生","content":"哈哈哈哈","imageUrl":"","createTime":"09-19","likeTotal":0,"childCommentTotal":null,"firstReplyComment":null,"heat":0.0},"heat":1.5}],"pageNo":1,"totalCount":6,"pageSize":10,"totalPage":1} =================================== 
2025-10-10 00:02:39.751 [http-nio-8093-exec-10] INFO  c.z.f.b.context.filter.HeaderUserId2ContextFilter - ===== 删除 ThreadLocal， userId: 100
2025-10-10 00:02:45.413 [http-nio-8093-exec-6] INFO  c.z.f.b.context.filter.HeaderUserId2ContextFilter - ## HeaderUserId2ContextFilter, 用户 ID: 100
2025-10-10 00:02:45.416 [http-nio-8093-exec-6] INFO  c.z.f.b.operationlog.aspect.ApiOperationLogAspect - ====== 请求开始: [评论分页查询], 入参: {"noteId":1968940587423895639,"pageNo":1}, 请求类: CommentController, 请求方法: findCommentPageList =================================== 
2025-10-10 00:02:45.419 [http-nio-8093-exec-6] DEBUG c.z.x.c.b.d.m.N.selectCommentTotalByNoteId - ==>  Preparing: select comment_total from t_note_count where note_id = ?
2025-10-10 00:02:45.420 [http-nio-8093-exec-6] DEBUG c.z.x.c.b.d.m.N.selectCommentTotalByNoteId - ==> Parameters: 1968940587423895639(Long)
2025-10-10 00:02:45.422 [http-nio-8093-exec-6] DEBUG c.z.x.c.b.d.m.N.selectCommentTotalByNoteId - <==      Total: 1
2025-10-10 00:02:45.422 [http-nio-8093-exec-6] INFO  c.z.f.b.operationlog.aspect.ApiOperationLogAspect - ====== 请求结束: [评论分页查询], 耗时: 7ms, 出参: {"success":true,"message":null,"errorCode":null,"data":null,"pageNo":1,"totalCount":0,"pageSize":10,"totalPage":0} =================================== 
2025-10-10 00:02:45.423 [http-nio-8093-exec-6] INFO  c.z.f.b.context.filter.HeaderUserId2ContextFilter - ===== 删除 ThreadLocal， userId: 100
2025-10-10 00:02:46.893 [http-nio-8093-exec-7] INFO  c.z.f.b.context.filter.HeaderUserId2ContextFilter - ## HeaderUserId2ContextFilter, 用户 ID: 100
2025-10-10 00:02:46.895 [http-nio-8093-exec-7] INFO  c.z.f.b.operationlog.aspect.ApiOperationLogAspect - ====== 请求开始: [评论分页查询], 入参: {"noteId":1968940587423895639,"pageNo":1}, 请求类: CommentController, 请求方法: findCommentPageList =================================== 
2025-10-10 00:02:46.898 [http-nio-8093-exec-7] INFO  c.z.f.b.operationlog.aspect.ApiOperationLogAspect - ====== 请求结束: [评论分页查询], 耗时: 3ms, 出参: {"success":true,"message":null,"errorCode":null,"data":null,"pageNo":1,"totalCount":0,"pageSize":10,"totalPage":0} =================================== 
2025-10-10 00:02:46.899 [http-nio-8093-exec-7] INFO  c.z.f.b.context.filter.HeaderUserId2ContextFilter - ===== 删除 ThreadLocal， userId: 100
2025-10-10 00:02:50.176 [http-nio-8093-exec-4] INFO  c.z.f.b.context.filter.HeaderUserId2ContextFilter - ## HeaderUserId2ContextFilter, 用户 ID: 100
2025-10-10 00:02:50.178 [http-nio-8093-exec-4] INFO  c.z.f.b.operationlog.aspect.ApiOperationLogAspect - ====== 请求开始: [评论分页查询], 入参: {"noteId":1968957166329008196,"pageNo":1}, 请求类: CommentController, 请求方法: findCommentPageList =================================== 
2025-10-10 00:02:50.179 [http-nio-8093-exec-4] DEBUG c.z.x.c.b.d.m.N.selectCommentTotalByNoteId - ==>  Preparing: select comment_total from t_note_count where note_id = ?
2025-10-10 00:02:50.181 [http-nio-8093-exec-4] DEBUG c.z.x.c.b.d.m.N.selectCommentTotalByNoteId - ==> Parameters: 1968957166329008196(Long)
2025-10-10 00:02:50.183 [http-nio-8093-exec-4] DEBUG c.z.x.c.b.d.m.N.selectCommentTotalByNoteId - <==      Total: 0
2025-10-10 00:02:50.184 [http-nio-8093-exec-4] WARN  c.z.x.comment.biz.exception.GlobalExceptionHandler - /comment/list request fail, errorCode: COMMENT-20001, errorMessage: 此评论不存在
2025-10-10 00:02:50.185 [http-nio-8093-exec-4] INFO  c.z.f.b.context.filter.HeaderUserId2ContextFilter - ===== 删除 ThreadLocal， userId: 100
2025-10-10 00:03:05.075 [http-nio-8093-exec-9] INFO  c.z.f.b.context.filter.HeaderUserId2ContextFilter - ## HeaderUserId2ContextFilter, 用户 ID: 100
2025-10-10 00:03:05.077 [http-nio-8093-exec-9] INFO  c.z.f.b.operationlog.aspect.ApiOperationLogAspect - ====== 请求开始: [评论分页查询], 入参: {"noteId":1968957166329008196,"pageNo":1}, 请求类: CommentController, 请求方法: findCommentPageList =================================== 
2025-10-10 00:03:05.081 [http-nio-8093-exec-9] DEBUG c.z.x.c.b.d.m.N.selectCommentTotalByNoteId - ==>  Preparing: select comment_total from t_note_count where note_id = ?
2025-10-10 00:03:05.082 [http-nio-8093-exec-9] DEBUG c.z.x.c.b.d.m.N.selectCommentTotalByNoteId - ==> Parameters: 1968957166329008196(Long)
2025-10-10 00:03:05.085 [http-nio-8093-exec-9] DEBUG c.z.x.c.b.d.m.N.selectCommentTotalByNoteId - <==      Total: 0
2025-10-10 00:03:05.086 [http-nio-8093-exec-9] WARN  c.z.x.comment.biz.exception.GlobalExceptionHandler - /comment/list request fail, errorCode: COMMENT-20001, errorMessage: 此评论不存在
2025-10-10 00:03:05.088 [http-nio-8093-exec-9] INFO  c.z.f.b.context.filter.HeaderUserId2ContextFilter - ===== 删除 ThreadLocal， userId: 100
2025-10-10 00:03:10.333 [http-nio-8093-exec-5] INFO  c.z.f.b.context.filter.HeaderUserId2ContextFilter - ## HeaderUserId2ContextFilter, 用户 ID: 100
2025-10-10 00:03:10.336 [http-nio-8093-exec-5] INFO  c.z.f.b.operationlog.aspect.ApiOperationLogAspect - ====== 请求开始: [评论分页查询], 入参: {"noteId":1968957166329008196,"pageNo":1}, 请求类: CommentController, 请求方法: findCommentPageList =================================== 
2025-10-10 00:03:10.338 [http-nio-8093-exec-5] DEBUG c.z.x.c.b.d.m.N.selectCommentTotalByNoteId - ==>  Preparing: select comment_total from t_note_count where note_id = ?
2025-10-10 00:03:10.340 [http-nio-8093-exec-5] DEBUG c.z.x.c.b.d.m.N.selectCommentTotalByNoteId - ==> Parameters: 1968957166329008196(Long)
2025-10-10 00:03:10.341 [http-nio-8093-exec-5] DEBUG c.z.x.c.b.d.m.N.selectCommentTotalByNoteId - <==      Total: 0
2025-10-10 00:03:10.342 [http-nio-8093-exec-5] WARN  c.z.x.comment.biz.exception.GlobalExceptionHandler - /comment/list request fail, errorCode: COMMENT-20001, errorMessage: 此评论不存在
2025-10-10 00:03:10.343 [http-nio-8093-exec-5] INFO  c.z.f.b.context.filter.HeaderUserId2ContextFilter - ===== 删除 ThreadLocal， userId: 100
2025-10-10 00:03:23.015 [http-nio-8093-exec-1] INFO  c.z.f.b.context.filter.HeaderUserId2ContextFilter - ## HeaderUserId2ContextFilter, 用户 ID: 100
2025-10-10 00:03:23.018 [http-nio-8093-exec-1] INFO  c.z.f.b.operationlog.aspect.ApiOperationLogAspect - ====== 请求开始: [评论分页查询], 入参: {"noteId":1968945300714295362,"pageNo":1}, 请求类: CommentController, 请求方法: findCommentPageList =================================== 
2025-10-10 00:03:23.037 [http-nio-8093-exec-1] INFO  c.z.f.b.operationlog.aspect.ApiOperationLogAspect - ====== 请求结束: [评论分页查询], 耗时: 19ms, 出参: {"success":true,"message":null,"errorCode":null,"data":[{"commentId":8005,"userId":100,"avatar":"https://my-xiaohongshu-oss.oss-cn-guangzhou.aliyuncs.com/ca709c5d72304bedbcf9ee14e4a3bcb2.jpg","nickname":"稚生","content":"哈哈哈","imageUrl":"","createTime":"09-19","likeTotal":0,"childCommentTotal":5,"firstReplyComment":{"commentId":8006,"userId":100,"avatar":"https://my-xiaohongshu-oss.oss-cn-guangzhou.aliyuncs.com/ca709c5d72304bedbcf9ee14e4a3bcb2.jpg","nickname":"稚生","content":"哈哈哈哈","imageUrl":"","createTime":"09-19","likeTotal":0,"childCommentTotal":null,"firstReplyComment":null,"heat":0.0},"heat":1.5}],"pageNo":1,"totalCount":6,"pageSize":10,"totalPage":1} =================================== 
2025-10-10 00:03:23.040 [http-nio-8093-exec-1] INFO  c.z.f.b.context.filter.HeaderUserId2ContextFilter - ===== 删除 ThreadLocal， userId: 100
2025-10-10 00:03:24.705 [http-nio-8093-exec-3] INFO  c.z.f.b.context.filter.HeaderUserId2ContextFilter - ## HeaderUserId2ContextFilter, 用户 ID: 100
2025-10-10 00:03:24.706 [http-nio-8093-exec-3] INFO  c.z.f.b.operationlog.aspect.ApiOperationLogAspect - ====== 请求开始: [评论分页查询], 入参: {"noteId":1968957166329008196,"pageNo":1}, 请求类: CommentController, 请求方法: findCommentPageList =================================== 
2025-10-10 00:03:24.710 [http-nio-8093-exec-3] DEBUG c.z.x.c.b.d.m.N.selectCommentTotalByNoteId - ==>  Preparing: select comment_total from t_note_count where note_id = ?
2025-10-10 00:03:24.711 [http-nio-8093-exec-3] DEBUG c.z.x.c.b.d.m.N.selectCommentTotalByNoteId - ==> Parameters: 1968957166329008196(Long)
2025-10-10 00:03:24.712 [http-nio-8093-exec-3] DEBUG c.z.x.c.b.d.m.N.selectCommentTotalByNoteId - <==      Total: 0
2025-10-10 00:03:24.713 [http-nio-8093-exec-3] WARN  c.z.x.comment.biz.exception.GlobalExceptionHandler - /comment/list request fail, errorCode: COMMENT-20001, errorMessage: 此评论不存在
2025-10-10 00:03:24.715 [http-nio-8093-exec-3] INFO  c.z.f.b.context.filter.HeaderUserId2ContextFilter - ===== 删除 ThreadLocal， userId: 100
2025-10-10 00:03:27.156 [http-nio-8093-exec-2] INFO  c.z.f.b.context.filter.HeaderUserId2ContextFilter - ## HeaderUserId2ContextFilter, 用户 ID: 100
2025-10-10 00:03:27.158 [http-nio-8093-exec-2] INFO  c.z.f.b.operationlog.aspect.ApiOperationLogAspect - ====== 请求开始: [评论分页查询], 入参: {"noteId":1968957166329008196,"pageNo":1}, 请求类: CommentController, 请求方法: findCommentPageList =================================== 
2025-10-10 00:03:27.160 [http-nio-8093-exec-2] DEBUG c.z.x.c.b.d.m.N.selectCommentTotalByNoteId - ==>  Preparing: select comment_total from t_note_count where note_id = ?
2025-10-10 00:03:27.161 [http-nio-8093-exec-2] DEBUG c.z.x.c.b.d.m.N.selectCommentTotalByNoteId - ==> Parameters: 1968957166329008196(Long)
2025-10-10 00:03:27.163 [http-nio-8093-exec-2] DEBUG c.z.x.c.b.d.m.N.selectCommentTotalByNoteId - <==      Total: 0
2025-10-10 00:03:27.164 [http-nio-8093-exec-2] WARN  c.z.x.comment.biz.exception.GlobalExceptionHandler - /comment/list request fail, errorCode: COMMENT-20001, errorMessage: 此评论不存在
2025-10-10 00:03:27.166 [http-nio-8093-exec-2] INFO  c.z.f.b.context.filter.HeaderUserId2ContextFilter - ===== 删除 ThreadLocal， userId: 100
2025-10-10 00:03:38.192 [http-nio-8093-exec-8] INFO  c.z.f.b.context.filter.HeaderUserId2ContextFilter - ## HeaderUserId2ContextFilter, 用户 ID: 100
2025-10-10 00:03:38.193 [http-nio-8093-exec-8] INFO  c.z.f.b.operationlog.aspect.ApiOperationLogAspect - ====== 请求开始: [评论分页查询], 入参: {"noteId":1968957166329008196,"pageNo":1}, 请求类: CommentController, 请求方法: findCommentPageList =================================== 
2025-10-10 00:03:38.196 [http-nio-8093-exec-8] DEBUG c.z.x.c.b.d.m.N.selectCommentTotalByNoteId - ==>  Preparing: select comment_total from t_note_count where note_id = ?
2025-10-10 00:03:38.196 [http-nio-8093-exec-8] DEBUG c.z.x.c.b.d.m.N.selectCommentTotalByNoteId - ==> Parameters: 1968957166329008196(Long)
2025-10-10 00:03:38.198 [http-nio-8093-exec-8] DEBUG c.z.x.c.b.d.m.N.selectCommentTotalByNoteId - <==      Total: 0
2025-10-10 00:03:38.199 [http-nio-8093-exec-8] WARN  c.z.x.comment.biz.exception.GlobalExceptionHandler - /comment/list request fail, errorCode: COMMENT-20001, errorMessage: 此评论不存在
2025-10-10 00:03:38.200 [http-nio-8093-exec-8] INFO  c.z.f.b.context.filter.HeaderUserId2ContextFilter - ===== 删除 ThreadLocal， userId: 100
2025-10-10 00:03:45.242 [http-nio-8093-exec-10] INFO  c.z.f.b.context.filter.HeaderUserId2ContextFilter - ## HeaderUserId2ContextFilter, 用户 ID: 100
2025-10-10 00:03:45.244 [http-nio-8093-exec-10] INFO  c.z.f.b.operationlog.aspect.ApiOperationLogAspect - ====== 请求开始: [评论分页查询], 入参: {"noteId":1968945300714295362,"pageNo":1}, 请求类: CommentController, 请求方法: findCommentPageList =================================== 
2025-10-10 00:03:45.262 [http-nio-8093-exec-10] INFO  c.z.f.b.operationlog.aspect.ApiOperationLogAspect - ====== 请求结束: [评论分页查询], 耗时: 18ms, 出参: {"success":true,"message":null,"errorCode":null,"data":[{"commentId":8005,"userId":100,"avatar":"https://my-xiaohongshu-oss.oss-cn-guangzhou.aliyuncs.com/ca709c5d72304bedbcf9ee14e4a3bcb2.jpg","nickname":"稚生","content":"哈哈哈","imageUrl":"","createTime":"09-19","likeTotal":0,"childCommentTotal":5,"firstReplyComment":{"commentId":8006,"userId":100,"avatar":"https://my-xiaohongshu-oss.oss-cn-guangzhou.aliyuncs.com/ca709c5d72304bedbcf9ee14e4a3bcb2.jpg","nickname":"稚生","content":"哈哈哈哈","imageUrl":"","createTime":"09-19","likeTotal":0,"childCommentTotal":null,"firstReplyComment":null,"heat":0.0},"heat":1.5}],"pageNo":1,"totalCount":6,"pageSize":10,"totalPage":1} =================================== 
2025-10-10 00:03:45.263 [http-nio-8093-exec-10] INFO  c.z.f.b.context.filter.HeaderUserId2ContextFilter - ===== 删除 ThreadLocal， userId: 100
2025-10-10 00:03:51.829 [http-nio-8093-exec-6] INFO  c.z.f.b.context.filter.HeaderUserId2ContextFilter - ## HeaderUserId2ContextFilter, 用户 ID: 100
2025-10-10 00:03:51.832 [http-nio-8093-exec-6] INFO  c.z.f.b.operationlog.aspect.ApiOperationLogAspect - ====== 请求开始: [评论分页查询], 入参: {"noteId":1968945300714295362,"pageNo":1}, 请求类: CommentController, 请求方法: findCommentPageList =================================== 
2025-10-10 00:03:51.852 [http-nio-8093-exec-6] INFO  c.z.f.b.operationlog.aspect.ApiOperationLogAspect - ====== 请求结束: [评论分页查询], 耗时: 20ms, 出参: {"success":true,"message":null,"errorCode":null,"data":[{"commentId":8005,"userId":100,"avatar":"https://my-xiaohongshu-oss.oss-cn-guangzhou.aliyuncs.com/ca709c5d72304bedbcf9ee14e4a3bcb2.jpg","nickname":"稚生","content":"哈哈哈","imageUrl":"","createTime":"09-19","likeTotal":0,"childCommentTotal":5,"firstReplyComment":{"commentId":8006,"userId":100,"avatar":"https://my-xiaohongshu-oss.oss-cn-guangzhou.aliyuncs.com/ca709c5d72304bedbcf9ee14e4a3bcb2.jpg","nickname":"稚生","content":"哈哈哈哈","imageUrl":"","createTime":"09-19","likeTotal":0,"childCommentTotal":null,"firstReplyComment":null,"heat":0.0},"heat":1.5}],"pageNo":1,"totalCount":6,"pageSize":10,"totalPage":1} =================================== 
2025-10-10 00:03:51.854 [http-nio-8093-exec-6] INFO  c.z.f.b.context.filter.HeaderUserId2ContextFilter - ===== 删除 ThreadLocal， userId: 100
2025-10-10 00:04:09.629 [http-nio-8093-exec-7] INFO  c.z.f.b.context.filter.HeaderUserId2ContextFilter - ## HeaderUserId2ContextFilter, 用户 ID: 100
2025-10-10 00:04:09.632 [http-nio-8093-exec-7] INFO  c.z.f.b.operationlog.aspect.ApiOperationLogAspect - ====== 请求开始: [评论分页查询], 入参: {"noteId":1968945300714295362,"pageNo":1}, 请求类: CommentController, 请求方法: findCommentPageList =================================== 
2025-10-10 00:04:09.650 [http-nio-8093-exec-7] INFO  c.z.f.b.operationlog.aspect.ApiOperationLogAspect - ====== 请求结束: [评论分页查询], 耗时: 18ms, 出参: {"success":true,"message":null,"errorCode":null,"data":[{"commentId":8005,"userId":100,"avatar":"https://my-xiaohongshu-oss.oss-cn-guangzhou.aliyuncs.com/ca709c5d72304bedbcf9ee14e4a3bcb2.jpg","nickname":"稚生","content":"哈哈哈","imageUrl":"","createTime":"09-19","likeTotal":0,"childCommentTotal":5,"firstReplyComment":{"commentId":8006,"userId":100,"avatar":"https://my-xiaohongshu-oss.oss-cn-guangzhou.aliyuncs.com/ca709c5d72304bedbcf9ee14e4a3bcb2.jpg","nickname":"稚生","content":"哈哈哈哈","imageUrl":"","createTime":"09-19","likeTotal":0,"childCommentTotal":null,"firstReplyComment":null,"heat":0.0},"heat":1.5}],"pageNo":1,"totalCount":6,"pageSize":10,"totalPage":1} =================================== 
2025-10-10 00:04:09.652 [http-nio-8093-exec-7] INFO  c.z.f.b.context.filter.HeaderUserId2ContextFilter - ===== 删除 ThreadLocal， userId: 100
2025-10-10 00:04:13.503 [http-nio-8093-exec-4] INFO  c.z.f.b.context.filter.HeaderUserId2ContextFilter - ## HeaderUserId2ContextFilter, 用户 ID: 100
2025-10-10 00:04:13.504 [http-nio-8093-exec-4] INFO  c.z.f.b.operationlog.aspect.ApiOperationLogAspect - ====== 请求开始: [评论分页查询], 入参: {"noteId":1968940587423895639,"pageNo":1}, 请求类: CommentController, 请求方法: findCommentPageList =================================== 
2025-10-10 00:04:13.507 [http-nio-8093-exec-4] INFO  c.z.f.b.operationlog.aspect.ApiOperationLogAspect - ====== 请求结束: [评论分页查询], 耗时: 2ms, 出参: {"success":true,"message":null,"errorCode":null,"data":null,"pageNo":1,"totalCount":0,"pageSize":10,"totalPage":0} =================================== 
2025-10-10 00:04:13.508 [http-nio-8093-exec-4] INFO  c.z.f.b.context.filter.HeaderUserId2ContextFilter - ===== 删除 ThreadLocal， userId: 100
2025-10-10 00:04:19.109 [http-nio-8093-exec-9] INFO  c.z.f.b.context.filter.HeaderUserId2ContextFilter - ## HeaderUserId2ContextFilter, 用户 ID: 100
2025-10-10 00:04:19.111 [http-nio-8093-exec-9] INFO  c.z.f.b.operationlog.aspect.ApiOperationLogAspect - ====== 请求开始: [评论分页查询], 入参: {"noteId":1968957166329008196,"pageNo":1}, 请求类: CommentController, 请求方法: findCommentPageList =================================== 
2025-10-10 00:04:19.114 [http-nio-8093-exec-9] DEBUG c.z.x.c.b.d.m.N.selectCommentTotalByNoteId - ==>  Preparing: select comment_total from t_note_count where note_id = ?
2025-10-10 00:04:19.115 [http-nio-8093-exec-9] DEBUG c.z.x.c.b.d.m.N.selectCommentTotalByNoteId - ==> Parameters: 1968957166329008196(Long)
2025-10-10 00:04:19.116 [http-nio-8093-exec-9] DEBUG c.z.x.c.b.d.m.N.selectCommentTotalByNoteId - <==      Total: 0
2025-10-10 00:04:19.117 [http-nio-8093-exec-9] WARN  c.z.x.comment.biz.exception.GlobalExceptionHandler - /comment/list request fail, errorCode: COMMENT-20001, errorMessage: 此评论不存在
2025-10-10 00:04:19.117 [http-nio-8093-exec-9] INFO  c.z.f.b.context.filter.HeaderUserId2ContextFilter - ===== 删除 ThreadLocal， userId: 100
2025-10-10 00:05:20.395 [Thread-16] WARN  com.alibaba.nacos.common.notify.NotifyCenter - [NotifyCenter] Start destroying Publisher
2025-10-10 00:05:20.395 [Thread-19] WARN  c.alibaba.nacos.common.http.HttpClientBeanHolder - [HttpClientBeanHolder] Start destroying common HttpClient
2025-10-10 00:05:20.395 [Thread-16] WARN  com.alibaba.nacos.common.notify.NotifyCenter - [NotifyCenter] Destruction of the end
2025-10-10 00:05:20.398 [Thread-19] WARN  c.alibaba.nacos.common.http.HttpClientBeanHolder - [HttpClientBeanHolder] Destruction of the end
2025-10-10 00:05:20.409 [NettyClientSelector_1] INFO  RocketmqRemoting - closeChannel: close the connection to remote address[127.0.0.1:9876] result: true
2025-10-10 00:05:20.412 [NettyClientSelector_1] INFO  RocketmqRemoting - closeChannel: close the connection to remote address[127.0.0.1:9876] result: true
2025-10-10 00:05:20.413 [NettyClientSelector_1] INFO  RocketmqRemoting - closeChannel: close the connection to remote address[127.0.0.1:9876] result: true
2025-10-10 00:05:20.415 [NettyClientSelector_1] INFO  RocketmqRemoting - closeChannel: close the connection to remote address[127.0.0.1:9876] result: true
2025-10-10 00:05:20.504 [SpringApplicationShutdownHook] INFO  c.a.cloud.nacos.registry.NacosServiceRegistry - De-registering from Nacos Server now...
2025-10-10 00:05:20.504 [SpringApplicationShutdownHook] INFO  com.alibaba.nacos.client.naming - [DEREGISTER-SERVICE] xiaohongshu deregistering service xiaohongshu-comment with instance: Instance{instanceId='null', ip='10.2.66.3', port=8093, weight=1.0, healthy=true, enabled=true, ephemeral=true, clusterName='DEFAULT', serviceName='null', metadata={}}
2025-10-10 00:05:20.518 [SpringApplicationShutdownHook] INFO  c.a.cloud.nacos.registry.NacosServiceRegistry - De-registration finished.
2025-10-10 00:05:20.519 [SpringApplicationShutdownHook] INFO  com.alibaba.nacos.client.naming - com.alibaba.nacos.client.naming.cache.ServiceInfoHolder do shutdown begin
2025-10-10 00:05:20.519 [SpringApplicationShutdownHook] INFO  com.alibaba.nacos.client.naming - com.alibaba.nacos.client.naming.backups.FailoverReactor do shutdown begin
2025-10-10 00:05:20.519 [SpringApplicationShutdownHook] INFO  com.alibaba.nacos.client.naming - com.alibaba.nacos.client.naming.backups.FailoverReactor do shutdown stop
2025-10-10 00:05:20.519 [SpringApplicationShutdownHook] INFO  com.alibaba.nacos.client.naming - com.alibaba.nacos.client.naming.cache.ServiceInfoHolder do shutdown stop
2025-10-10 00:05:20.519 [SpringApplicationShutdownHook] INFO  com.alibaba.nacos.client.naming - com.alibaba.nacos.client.naming.remote.NamingClientProxyDelegate do shutdown begin
2025-10-10 00:05:20.519 [SpringApplicationShutdownHook] INFO  com.alibaba.nacos.client.naming - com.alibaba.nacos.client.naming.core.ServiceInfoUpdateService do shutdown begin
2025-10-10 00:05:20.519 [SpringApplicationShutdownHook] INFO  com.alibaba.nacos.client.naming - com.alibaba.nacos.client.naming.core.ServiceInfoUpdateService do shutdown stop
2025-10-10 00:05:20.519 [SpringApplicationShutdownHook] INFO  com.alibaba.nacos.client.naming - com.alibaba.nacos.client.naming.core.ServerListManager do shutdown begin
2025-10-10 00:05:20.519 [SpringApplicationShutdownHook] WARN  com.alibaba.nacos.client.naming - [NamingHttpClientManager] Start destroying NacosRestTemplate
2025-10-10 00:05:20.519 [SpringApplicationShutdownHook] WARN  com.alibaba.nacos.client.naming - [NamingHttpClientManager] Destruction of the end
2025-10-10 00:05:20.519 [SpringApplicationShutdownHook] INFO  com.alibaba.nacos.client.naming - com.alibaba.nacos.client.naming.core.ServerListManager do shutdown stop
2025-10-10 00:05:20.519 [SpringApplicationShutdownHook] INFO  com.alibaba.nacos.client.naming - com.alibaba.nacos.client.naming.remote.http.NamingHttpClientProxy do shutdown begin
2025-10-10 00:05:20.519 [SpringApplicationShutdownHook] WARN  com.alibaba.nacos.client.naming - [NamingHttpClientManager] Start destroying NacosRestTemplate
2025-10-10 00:05:20.519 [SpringApplicationShutdownHook] WARN  com.alibaba.nacos.client.naming - [NamingHttpClientManager] Destruction of the end
2025-10-10 00:05:20.519 [SpringApplicationShutdownHook] INFO  com.alibaba.nacos.client.naming - com.alibaba.nacos.client.naming.remote.http.NamingHttpClientProxy do shutdown stop
2025-10-10 00:05:20.519 [SpringApplicationShutdownHook] INFO  com.alibaba.nacos.common.remote.client - Shutdown rpc client, set status to shutdown
2025-10-10 00:05:20.519 [SpringApplicationShutdownHook] INFO  com.alibaba.nacos.common.remote.client - Shutdown client event executor java.util.concurrent.ScheduledThreadPoolExecutor@3cd80f44[Running, pool size = 2, active threads = 2, queued tasks = 0, completed tasks = 0]
2025-10-10 00:05:20.520 [SpringApplicationShutdownHook] INFO  com.alibaba.nacos.common.remote.client - Close current connection 1760024866807_112.94.129.49_1348
2025-10-10 00:05:20.528 [nacos-grpc-client-executor-8.134.88.169-252] INFO  c.a.nacos.common.remote.client.grpc.GrpcClient - [1760024866807_112.94.129.49_1348]Ignore complete event,isRunning:false,isAbandon=false
2025-10-10 00:05:20.530 [SpringApplicationShutdownHook] INFO  c.a.nacos.common.remote.client.grpc.GrpcClient - Shutdown grpc executor java.util.concurrent.ThreadPoolExecutor@70c78e60[Running, pool size = 4, active threads = 1, queued tasks = 0, completed tasks = 252]
2025-10-10 00:05:20.530 [SpringApplicationShutdownHook] INFO  com.alibaba.nacos.client.naming - Shutdown grpc redo service executor java.util.concurrent.ScheduledThreadPoolExecutor@7cabbc79[Running, pool size = 1, active threads = 0, queued tasks = 1, completed tasks = 351]
2025-10-10 00:05:20.530 [SpringApplicationShutdownHook] INFO  c.a.n.client.auth.ram.identify.CredentialWatcher - [null] CredentialWatcher is stopped
2025-10-10 00:05:20.530 [SpringApplicationShutdownHook] INFO  c.a.n.client.auth.ram.identify.CredentialService - [null] CredentialService is freed
2025-10-10 00:05:20.530 [SpringApplicationShutdownHook] INFO  com.alibaba.nacos.client.naming - com.alibaba.nacos.client.naming.remote.NamingClientProxyDelegate do shutdown stop
2025-10-10 00:05:20.532 [NettyClientSelector_1] INFO  RocketmqRemoting - closeChannel: close the connection to remote address[127.0.0.1:9876] result: true
2025-10-10 00:05:20.533 [NettyClientSelector_1] INFO  RocketmqRemoting - closeChannel: close the connection to remote address[127.0.0.1:9876] result: true
2025-10-10 00:05:20.534 [SpringApplicationShutdownHook] INFO  o.a.r.s.support.DefaultRocketMQListenerContainer - container destroyed, DefaultRocketMQListenerContainer{consumerGroup='xiaohongshu_group_first_reply_comment_idCountNoteCommentTopic', namespace='', nameServer='127.0.0.1:9876', topic='CountNoteCommentTopic', consumeMode=CONCURRENTLY, selectorType=TAG, selectorExpression='*', messageModel=CLUSTERING', tlsEnable=false, instanceName=DEFAULT}
2025-10-10 00:05:20.534 [SpringApplicationShutdownHook] INFO  o.a.r.s.support.DefaultRocketMQListenerContainer - container destroyed, DefaultRocketMQListenerContainer{consumerGroup='xiaohongshu_group_DeleteCommentTopic', namespace='', nameServer='127.0.0.1:9876', topic='DeleteCommentDetailLocalCacheTopic', consumeMode=CONCURRENTLY, selectorType=TAG, selectorExpression='*', messageModel=BROADCASTING', tlsEnable=false, instanceName=DEFAULT}
2025-10-10 00:05:20.534 [SpringApplicationShutdownHook] INFO  o.a.r.s.support.DefaultRocketMQListenerContainer - container destroyed, DefaultRocketMQListenerContainer{consumerGroup='xiaohongshu_group_DeleteCommentTopic', namespace='', nameServer='127.0.0.1:9876', topic='DeleteCommentTopic', consumeMode=CONCURRENTLY, selectorType=TAG, selectorExpression='*', messageModel=CLUSTERING', tlsEnable=false, instanceName=DEFAULT}
2025-10-10 00:05:20.534 [SpringApplicationShutdownHook] INFO  o.a.r.s.support.DefaultRocketMQListenerContainer - container destroyed, DefaultRocketMQListenerContainer{consumerGroup='xiaohongshu_group_CommentHeatUpdateTopic', namespace='', nameServer='127.0.0.1:9876', topic='CommentHeatUpdateTopic', consumeMode=CONCURRENTLY, selectorType=TAG, selectorExpression='*', messageModel=CLUSTERING', tlsEnable=false, instanceName=DEFAULT}
2025-10-10 00:05:20.659 [NettyClientSelector_1] INFO  RocketmqRemoting - closeChannel: close the connection to remote address[127.0.0.1:9876] result: true
2025-10-10 00:05:20.664 [SpringApplicationShutdownHook] INFO  com.alibaba.druid.pool.DruidDataSource - {dataSource-1} closing ...
2025-10-10 00:05:20.668 [SpringApplicationShutdownHook] INFO  com.alibaba.druid.pool.DruidDataSource - {dataSource-1} closed
2025-10-10 09:14:54.668 [main] WARN  com.alibaba.nacos.client.logging.NacosLogging - Load Logback Configuration of Nacos fail, message: Could not initialize Logback Nacos logging from classpath:nacos-logback.xml
2025-10-10 09:14:54.736 [main] WARN  com.alibaba.nacos.client.logging.NacosLogging - Load Logback Configuration of Nacos fail, message: Could not initialize Logback Nacos logging from classpath:nacos-logback.xml
2025-10-10 09:14:55.312 [main] WARN  com.alibaba.nacos.client.logging.NacosLogging - Load Logback Configuration of Nacos fail, message: Could not initialize Logback Nacos logging from classpath:nacos-logback.xml
2025-10-10 09:14:55.328 [main] WARN  com.alibaba.nacos.client.logging.NacosLogging - Load Logback Configuration of Nacos fail, message: Could not initialize Logback Nacos logging from classpath:nacos-logback.xml
2025-10-10 09:14:55.329 [main] INFO  c.z.x.comment.biz.XiaohongshuCommentApplication - The following 1 profile is active: "dev"
2025-10-10 09:14:55.350 [main] WARN  o.s.core.annotation.AnnotationTypeMapping - Support for convention-based annotation attribute overrides is deprecated and will be removed in Spring Framework 6.1. Please annotate the following attributes in @org.springframework.retry.annotation.EnableRetry with appropriate @AliasFor declarations: [proxyTargetClass]
2025-10-10 09:14:56.127 [main] INFO  o.s.d.r.config.RepositoryConfigurationDelegate - Multiple Spring Data modules found, entering strict repository configuration mode
2025-10-10 09:14:56.131 [main] INFO  o.s.d.r.config.RepositoryConfigurationDelegate - Bootstrapping Spring Data Redis repositories in DEFAULT mode.
2025-10-10 09:14:56.163 [main] INFO  o.s.d.r.config.RepositoryConfigurationDelegate - Finished Spring Data repository scanning in 15 ms. Found 0 Redis repository interfaces.
2025-10-10 09:14:56.450 [main] INFO  o.springframework.cloud.context.scope.GenericScope - BeanFactory id=f9540961-baa3-31a2-9c49-444c2719e2e1
2025-10-10 09:14:56.513 [main] INFO  o.s.c.s.PostProcessorRegistrationDelegate$BeanPostProcessorChecker - Bean 'com.zry.xiaohongshu.distributed.id.generator.api.DistributedIdGeneratorFeignApi' of type [org.springframework.cloud.openfeign.FeignClientFactoryBean] is not eligible for getting processed by all BeanPostProcessors (for example: not eligible for auto-proxying)
2025-10-10 09:14:56.515 [main] INFO  o.s.c.s.PostProcessorRegistrationDelegate$BeanPostProcessorChecker - Bean 'com.zry.xiaohongshu.kv.api.KeyValueFeignApi' of type [org.springframework.cloud.openfeign.FeignClientFactoryBean] is not eligible for getting processed by all BeanPostProcessors (for example: not eligible for auto-proxying)
2025-10-10 09:14:56.518 [main] INFO  o.s.c.s.PostProcessorRegistrationDelegate$BeanPostProcessorChecker - Bean 'com.zry.xiaohongshu.user.api.UserFeignApi' of type [org.springframework.cloud.openfeign.FeignClientFactoryBean] is not eligible for getting processed by all BeanPostProcessors (for example: not eligible for auto-proxying)
2025-10-10 09:14:56.822 [main] INFO  o.s.c.s.PostProcessorRegistrationDelegate$BeanPostProcessorChecker - Bean 'org.apache.rocketmq.spring.autoconfigure.MessageConverterConfiguration' of type [org.apache.rocketmq.spring.autoconfigure.MessageConverterConfiguration$$SpringCGLIB$$0] is not eligible for getting processed by all BeanPostProcessors (for example: not eligible for auto-proxying)
2025-10-10 09:14:56.899 [main] INFO  o.s.c.s.PostProcessorRegistrationDelegate$BeanPostProcessorChecker - Bean 'createRocketMQMessageConverter' of type [org.apache.rocketmq.spring.support.RocketMQMessageConverter] is not eligible for getting processed by all BeanPostProcessors (for example: not eligible for auto-proxying)
2025-10-10 09:14:56.903 [main] INFO  o.s.c.s.PostProcessorRegistrationDelegate$BeanPostProcessorChecker - Bean 'org.springframework.cloud.commons.config.CommonsConfigAutoConfiguration' of type [org.springframework.cloud.commons.config.CommonsConfigAutoConfiguration] is not eligible for getting processed by all BeanPostProcessors (for example: not eligible for auto-proxying)
2025-10-10 09:14:56.907 [main] INFO  o.s.c.s.PostProcessorRegistrationDelegate$BeanPostProcessorChecker - Bean 'org.springframework.cloud.client.loadbalancer.LoadBalancerDefaultMappingsProviderAutoConfiguration' of type [org.springframework.cloud.client.loadbalancer.LoadBalancerDefaultMappingsProviderAutoConfiguration] is not eligible for getting processed by all BeanPostProcessors (for example: not eligible for auto-proxying)
2025-10-10 09:14:56.908 [main] INFO  o.s.c.s.PostProcessorRegistrationDelegate$BeanPostProcessorChecker - Bean 'loadBalancerClientsDefaultsMappingsProvider' of type [org.springframework.cloud.client.loadbalancer.LoadBalancerDefaultMappingsProviderAutoConfiguration$$Lambda$727/0x0000021733526818] is not eligible for getting processed by all BeanPostProcessors (for example: not eligible for auto-proxying)
2025-10-10 09:14:56.911 [main] INFO  o.s.c.s.PostProcessorRegistrationDelegate$BeanPostProcessorChecker - Bean 'defaultsBindHandlerAdvisor' of type [org.springframework.cloud.commons.config.DefaultsBindHandlerAdvisor] is not eligible for getting processed by all BeanPostProcessors (for example: not eligible for auto-proxying)
2025-10-10 09:14:56.919 [main] INFO  o.s.c.s.PostProcessorRegistrationDelegate$BeanPostProcessorChecker - Bean 'rocketmq-org.apache.rocketmq.spring.autoconfigure.RocketMQProperties' of type [org.apache.rocketmq.spring.autoconfigure.RocketMQProperties] is not eligible for getting processed by all BeanPostProcessors (for example: not eligible for auto-proxying)
2025-10-10 09:14:56.920 [main] INFO  o.s.c.s.PostProcessorRegistrationDelegate$BeanPostProcessorChecker - Bean 'org.apache.rocketmq.spring.autoconfigure.ListenerContainerConfiguration' of type [org.apache.rocketmq.spring.autoconfigure.ListenerContainerConfiguration$$SpringCGLIB$$0] is not eligible for getting processed by all BeanPostProcessors (for example: not eligible for auto-proxying)
2025-10-10 09:14:57.228 [main] INFO  o.s.boot.web.embedded.tomcat.TomcatWebServer - Tomcat initialized with port(s): 8093 (http)
2025-10-10 09:14:57.229 [main] INFO  org.apache.catalina.core.AprLifecycleListener - Loaded Apache Tomcat Native library [2.0.3] using APR version [1.7.2].
2025-10-10 09:14:57.235 [main] INFO  org.apache.catalina.core.AprLifecycleListener - OpenSSL successfully initialized [OpenSSL 3.0.8 7 Feb 2023]
2025-10-10 09:14:57.249 [main] INFO  org.apache.catalina.core.StandardService - Starting service [Tomcat]
2025-10-10 09:14:57.249 [main] INFO  org.apache.catalina.core.StandardEngine - Starting Servlet engine: [Apache Tomcat/10.1.5]
2025-10-10 09:14:57.368 [main] INFO  o.a.c.core.ContainerBase.[Tomcat].[localhost].[/] - Initializing Spring embedded WebApplicationContext
2025-10-10 09:14:57.368 [main] INFO  o.s.b.w.s.c.ServletWebServerApplicationContext - Root WebApplicationContext: initialization completed in 2013 ms
2025-10-10 09:14:57.499 [main] INFO  c.a.d.s.b.a.DruidDataSourceAutoConfigure - Init DruidDataSource
2025-10-10 09:14:57.954 [main] INFO  com.alibaba.druid.pool.DruidDataSource - {dataSource-1} inited
2025-10-10 09:14:58.372 [main] INFO  o.s.cloud.openfeign.FeignClientFactoryBean - For 'xiaohongshu-kv' URL not provided. Will try picking an instance via load-balancing.
2025-10-10 09:14:58.461 [main] INFO  o.a.r.s.autoconfigure.RocketMQAutoConfiguration - a producer (xiaohongshu_group) init on namesrv 127.0.0.1:9876
2025-10-10 09:15:02.144 [main] INFO  o.a.r.s.support.DefaultRocketMQListenerContainer - running container: DefaultRocketMQListenerContainer{consumerGroup='xiaohongshu_group_CommentHeatUpdateTopic', namespace='', nameServer='127.0.0.1:9876', topic='CommentHeatUpdateTopic', consumeMode=CONCURRENTLY, selectorType=TAG, selectorExpression='*', messageModel=CLUSTERING', tlsEnable=false, instanceName=DEFAULT}
2025-10-10 09:15:02.144 [main] INFO  o.a.r.s.a.ListenerContainerConfiguration - Register the listener to container, listenerBeanName:commentHeatUpdateConsumer, containerBeanName:org.apache.rocketmq.spring.support.DefaultRocketMQListenerContainer_1
2025-10-10 09:15:02.717 [NettyClientSelector_1] INFO  RocketmqRemoting - closeChannel: close the connection to remote address[10.91.138.46:10911] result: true
2025-10-10 09:15:05.158 [NettyClientSelector_1] INFO  RocketmqRemoting - closeChannel: close the connection to remote address[10.91.138.46:10911] result: true
2025-10-10 09:15:05.212 [main] INFO  o.a.r.s.support.DefaultRocketMQListenerContainer - running container: DefaultRocketMQListenerContainer{consumerGroup='xiaohongshu_group_DeleteCommentTopic', namespace='', nameServer='127.0.0.1:9876', topic='DeleteCommentTopic', consumeMode=CONCURRENTLY, selectorType=TAG, selectorExpression='*', messageModel=CLUSTERING', tlsEnable=false, instanceName=DEFAULT}
2025-10-10 09:15:05.213 [main] INFO  o.a.r.s.a.ListenerContainerConfiguration - Register the listener to container, listenerBeanName:deleteCommentConsumer, containerBeanName:org.apache.rocketmq.spring.support.DefaultRocketMQListenerContainer_2
2025-10-10 09:15:05.215 [NettyClientSelector_1] INFO  RocketmqRemoting - closeChannel: close the connection to remote address[10.91.138.46:10911] result: true
2025-10-10 09:15:05.301 [main] INFO  o.s.cloud.openfeign.FeignClientFactoryBean - For 'xiaohongshu-distributed-id-generator' URL not provided. Will try picking an instance via load-balancing.
2025-10-10 09:15:05.326 [main] INFO  o.s.cloud.openfeign.FeignClientFactoryBean - For 'xiaohongshu-user' URL not provided. Will try picking an instance via load-balancing.
2025-10-10 09:15:05.398 [main] INFO  o.a.r.s.support.DefaultRocketMQListenerContainer - running container: DefaultRocketMQListenerContainer{consumerGroup='xiaohongshu_group_DeleteCommentTopic', namespace='', nameServer='127.0.0.1:9876', topic='DeleteCommentDetailLocalCacheTopic', consumeMode=CONCURRENTLY, selectorType=TAG, selectorExpression='*', messageModel=BROADCASTING', tlsEnable=false, instanceName=DEFAULT}
2025-10-10 09:15:05.399 [main] INFO  o.a.r.s.a.ListenerContainerConfiguration - Register the listener to container, listenerBeanName:deleteCommentLocalCacheConsumer, containerBeanName:org.apache.rocketmq.spring.support.DefaultRocketMQListenerContainer_3
2025-10-10 09:15:08.223 [NettyClientSelector_1] INFO  RocketmqRemoting - closeChannel: close the connection to remote address[10.91.138.46:10911] result: true
2025-10-10 09:15:08.464 [main] INFO  o.a.r.s.support.DefaultRocketMQListenerContainer - running container: DefaultRocketMQListenerContainer{consumerGroup='xiaohongshu_group_first_reply_comment_idCountNoteCommentTopic', namespace='', nameServer='127.0.0.1:9876', topic='CountNoteCommentTopic', consumeMode=CONCURRENTLY, selectorType=TAG, selectorExpression='*', messageModel=CLUSTERING', tlsEnable=false, instanceName=DEFAULT}
2025-10-10 09:15:08.464 [main] INFO  o.a.r.s.a.ListenerContainerConfiguration - Register the listener to container, listenerBeanName:oneLevelCommentFirstReplyCommentIdUpdateConsumer, containerBeanName:org.apache.rocketmq.spring.support.DefaultRocketMQListenerContainer_4
2025-10-10 09:15:09.395 [NettyClientSelector_1] INFO  RocketmqRemoting - closeChannel: close the connection to remote address[10.91.138.46:10911] result: true
2025-10-10 09:15:11.469 [NettyClientSelector_1] INFO  RocketmqRemoting - closeChannel: close the connection to remote address[10.91.138.46:10911] result: true
2025-10-10 09:15:14.554 [NettyClientSelector_1] INFO  RocketmqRemoting - closeChannel: close the connection to remote address[10.91.138.46:10911] result: true
2025-10-10 09:15:14.607 [NettyClientSelector_1] INFO  RocketmqRemoting - closeChannel: close the connection to remote address[10.91.138.46:10911] result: true
2025-10-10 09:15:15.819 [main] INFO  o.s.boot.web.embedded.tomcat.TomcatWebServer - Tomcat started on port(s): 8093 (http) with context path ''
2025-10-10 09:15:15.827 [main] WARN  com.alibaba.nacos.client.logging.NacosLogging - Load Logback Configuration of Nacos fail, message: Could not initialize Logback Nacos logging from classpath:nacos-logback.xml
2025-10-10 09:15:15.827 [main] INFO  com.alibaba.nacos.client.naming - initializer namespace from ans.namespace attribute : null
2025-10-10 09:15:15.828 [main] INFO  com.alibaba.nacos.client.naming - initializer namespace from ALIBABA_ALIWARE_NAMESPACE attribute :null
2025-10-10 09:15:15.828 [main] INFO  com.alibaba.nacos.client.naming - initializer namespace from namespace attribute :null
2025-10-10 09:15:15.858 [main] INFO  com.alibaba.nacos.client.utils.ParamUtil - [settings] [req-serv] nacos-server port:8848
2025-10-10 09:15:15.858 [main] INFO  com.alibaba.nacos.client.utils.ParamUtil - [settings] [http-client] connect timeout:1000
2025-10-10 09:15:15.859 [main] INFO  com.alibaba.nacos.client.utils.ParamUtil - PER_TASK_CONFIG_SIZE: 3000.0
2025-10-10 09:15:15.865 [main] INFO  c.a.n.p.auth.spi.client.ClientAuthPluginManager - [ClientAuthPluginManager] Load ClientAuthService com.alibaba.nacos.client.auth.impl.NacosClientAuthServiceImpl success.
2025-10-10 09:15:15.866 [main] INFO  c.a.n.p.auth.spi.client.ClientAuthPluginManager - [ClientAuthPluginManager] Load ClientAuthService com.alibaba.nacos.client.auth.ram.RamClientAuthServiceImpl success.
2025-10-10 09:15:15.870 [main] INFO  c.a.n.client.auth.ram.identify.CredentialWatcher - null No credential found
2025-10-10 09:15:15.884 [main] INFO  com.alibaba.nacos.common.remote.client - [RpcClientFactory] create a new rpc client of 1cc7f189-e6cd-41e6-9d79-436d27c6a021
2025-10-10 09:15:15.910 [main] INFO  com.alibaba.nacos.common.remote.client - [1cc7f189-e6cd-41e6-9d79-436d27c6a021] RpcClient init, ServerListFactory = com.alibaba.nacos.client.naming.core.ServerListManager
2025-10-10 09:15:15.910 [main] INFO  com.alibaba.nacos.common.remote.client - [1cc7f189-e6cd-41e6-9d79-436d27c6a021] Registry connection listener to current client:com.alibaba.nacos.client.naming.remote.gprc.redo.NamingGrpcRedoService
2025-10-10 09:15:15.910 [main] INFO  com.alibaba.nacos.common.remote.client - [1cc7f189-e6cd-41e6-9d79-436d27c6a021] Register server push request handler:com.alibaba.nacos.client.naming.remote.gprc.NamingPushRequestHandler
2025-10-10 09:15:15.913 [main] INFO  com.alibaba.nacos.common.remote.client - [1cc7f189-e6cd-41e6-9d79-436d27c6a021] Try to connect to server on start up, server: {serverIp = '8.134.88.169', server main port = 8848}
2025-10-10 09:15:15.942 [main] INFO  c.a.nacos.common.remote.client.grpc.GrpcClient - grpc client connection server:8.134.88.169 ip,serverPort:9848,grpcTslConfig:{"sslProvider":"OPENSSL","enableTls":false,"mutualAuthEnable":false,"trustAll":false}
2025-10-10 09:15:17.073 [main] INFO  com.alibaba.nacos.common.remote.client - [1cc7f189-e6cd-41e6-9d79-436d27c6a021] Success to connect to server [8.134.88.169:8848] on start up, connectionId = 1760058916910_112.94.129.49_1430
2025-10-10 09:15:17.073 [com.alibaba.nacos.client.remote.worker] INFO  com.alibaba.nacos.common.remote.client - [1cc7f189-e6cd-41e6-9d79-436d27c6a021] Notify connected event to listeners.
2025-10-10 09:15:17.073 [com.alibaba.nacos.client.remote.worker] INFO  com.alibaba.nacos.client.naming - Grpc connection connect
2025-10-10 09:15:17.074 [main] INFO  com.alibaba.nacos.common.remote.client - [1cc7f189-e6cd-41e6-9d79-436d27c6a021] Register server push request handler:com.alibaba.nacos.common.remote.client.RpcClient$ConnectResetRequestHandler
2025-10-10 09:15:17.074 [main] INFO  com.alibaba.nacos.common.remote.client - [1cc7f189-e6cd-41e6-9d79-436d27c6a021] Register server push request handler:com.alibaba.nacos.common.remote.client.RpcClient$$Lambda$1327/0x00000217339ea788
2025-10-10 09:15:17.075 [main] INFO  com.alibaba.nacos.client.naming - [REGISTER-SERVICE] xiaohongshu registering service xiaohongshu-comment with instance Instance{instanceId='null', ip='10.95.157.7', port=8093, weight=1.0, healthy=true, enabled=true, ephemeral=true, clusterName='DEFAULT', serviceName='null', metadata={IPv6=null, preserved.register.source=SPRING_CLOUD}}
2025-10-10 09:15:17.095 [main] INFO  c.a.cloud.nacos.registry.NacosServiceRegistry - nacos registry, DEFAULT_GROUP xiaohongshu-comment 10.95.157.7:8093 register finished
2025-10-10 09:15:17.321 [main] INFO  c.z.x.comment.biz.XiaohongshuCommentApplication - Started XiaohongshuCommentApplication in 23.423 seconds (process running for 24.421)
2025-10-10 09:15:28.163 [NettyClientSelector_1] INFO  RocketmqRemoting - closeChannel: close the connection to remote address[10.91.138.46:10911] result: true
2025-10-10 09:15:31.231 [NettyClientSelector_1] INFO  RocketmqRemoting - closeChannel: close the connection to remote address[10.91.138.46:10911] result: true
2025-10-10 09:15:32.694 [NettyClientSelector_1] INFO  RocketmqRemoting - closeChannel: close the connection to remote address[10.91.138.46:10911] result: true
2025-10-10 09:15:33.109 [NettyClientSelector_1] INFO  RocketmqRemoting - closeChannel: close the connection to remote address[10.91.138.46:10911] result: true
2025-10-10 09:15:34.471 [NettyClientSelector_1] INFO  RocketmqRemoting - closeChannel: close the connection to remote address[10.91.138.46:10911] result: true
2025-10-10 09:15:36.197 [NettyClientSelector_1] INFO  RocketmqRemoting - closeChannel: close the connection to remote address[10.91.138.46:10911] result: true
2025-10-10 09:15:37.557 [NettyClientSelector_1] INFO  RocketmqRemoting - closeChannel: close the connection to remote address[10.91.138.46:10911] result: true
2025-10-10 09:15:37.616 [NettyClientSelector_1] INFO  RocketmqRemoting - closeChannel: close the connection to remote address[10.91.138.46:10911] result: true
2025-10-10 09:15:39.392 [NettyClientSelector_1] INFO  RocketmqRemoting - closeChannel: close the connection to remote address[10.91.138.46:10911] result: true
2025-10-10 09:15:39.452 [NettyClientSelector_1] INFO  RocketmqRemoting - closeChannel: close the connection to remote address[10.91.138.46:10911] result: true
2025-10-10 09:15:42.538 [NettyClientSelector_1] INFO  RocketmqRemoting - closeChannel: close the connection to remote address[10.91.138.46:10911] result: true
2025-10-10 09:15:45.599 [NettyClientSelector_1] INFO  RocketmqRemoting - closeChannel: close the connection to remote address[10.91.138.46:10911] result: true
2025-10-10 09:15:51.167 [NettyClientSelector_1] INFO  RocketmqRemoting - closeChannel: close the connection to remote address[10.91.138.46:10911] result: true
2025-10-10 09:15:54.237 [NettyClientSelector_1] INFO  RocketmqRemoting - closeChannel: close the connection to remote address[10.91.138.46:10911] result: true
2025-10-10 09:15:57.475 [NettyClientSelector_1] INFO  RocketmqRemoting - closeChannel: close the connection to remote address[10.91.138.46:10911] result: true
2025-10-10 09:16:00.620 [NettyClientSelector_1] INFO  RocketmqRemoting - closeChannel: close the connection to remote address[10.91.138.46:10911] result: true
2025-10-10 09:16:02.694 [NettyClientSelector_1] INFO  RocketmqRemoting - closeChannel: close the connection to remote address[10.91.138.46:10911] result: true
2025-10-10 09:16:03.108 [NettyClientSelector_1] INFO  RocketmqRemoting - closeChannel: close the connection to remote address[10.91.138.46:10911] result: true
2025-10-10 09:16:03.561 [NettyClientSelector_1] INFO  RocketmqRemoting - closeChannel: close the connection to remote address[10.91.138.46:10911] result: true
2025-10-10 09:16:06.198 [NettyClientSelector_1] INFO  RocketmqRemoting - closeChannel: close the connection to remote address[10.91.138.46:10911] result: true
2025-10-10 09:16:09.394 [NettyClientSelector_1] INFO  RocketmqRemoting - closeChannel: close the connection to remote address[10.91.138.46:10911] result: true
2025-10-10 09:16:09.452 [NettyClientSelector_1] INFO  RocketmqRemoting - closeChannel: close the connection to remote address[10.91.138.46:10911] result: true
2025-10-10 09:16:12.539 [NettyClientSelector_1] INFO  RocketmqRemoting - closeChannel: close the connection to remote address[10.91.138.46:10911] result: true
2025-10-10 09:16:14.171 [NettyClientSelector_1] INFO  RocketmqRemoting - closeChannel: close the connection to remote address[10.91.138.46:10911] result: true
2025-10-10 09:16:15.597 [NettyClientSelector_1] INFO  RocketmqRemoting - closeChannel: close the connection to remote address[10.91.138.46:10911] result: true
2025-10-10 09:16:17.241 [NettyClientSelector_1] INFO  RocketmqRemoting - closeChannel: close the connection to remote address[10.91.138.46:10911] result: true
2025-10-10 09:16:20.478 [NettyClientSelector_1] INFO  RocketmqRemoting - closeChannel: close the connection to remote address[10.91.138.46:10911] result: true
2025-10-10 09:16:23.627 [NettyClientSelector_1] INFO  RocketmqRemoting - closeChannel: close the connection to remote address[10.91.138.46:10911] result: true
2025-10-10 09:16:26.564 [NettyClientSelector_1] INFO  RocketmqRemoting - closeChannel: close the connection to remote address[10.91.138.46:10911] result: true
2025-10-10 09:16:32.694 [NettyClientSelector_1] INFO  RocketmqRemoting - closeChannel: close the connection to remote address[10.91.138.46:10911] result: true
2025-10-10 09:16:33.107 [NettyClientSelector_1] INFO  RocketmqRemoting - closeChannel: close the connection to remote address[10.91.138.46:10911] result: true
2025-10-10 09:16:36.197 [NettyClientSelector_1] INFO  RocketmqRemoting - closeChannel: close the connection to remote address[10.91.138.46:10911] result: true
2025-10-10 09:16:37.176 [NettyClientSelector_1] INFO  RocketmqRemoting - closeChannel: close the connection to remote address[10.91.138.46:10911] result: true
2025-10-10 09:16:39.394 [NettyClientSelector_1] INFO  RocketmqRemoting - closeChannel: close the connection to remote address[10.91.138.46:10911] result: true
2025-10-10 09:16:39.453 [NettyClientSelector_1] INFO  RocketmqRemoting - closeChannel: close the connection to remote address[10.91.138.46:10911] result: true
2025-10-10 09:16:40.246 [NettyClientSelector_1] INFO  RocketmqRemoting - closeChannel: close the connection to remote address[10.91.138.46:10911] result: true
2025-10-10 09:16:42.538 [NettyClientSelector_1] INFO  RocketmqRemoting - closeChannel: close the connection to remote address[10.91.138.46:10911] result: true
2025-10-10 09:16:43.479 [NettyClientSelector_1] INFO  RocketmqRemoting - closeChannel: close the connection to remote address[10.91.138.46:10911] result: true
2025-10-10 09:16:45.598 [NettyClientSelector_1] INFO  RocketmqRemoting - closeChannel: close the connection to remote address[10.91.138.46:10911] result: true
2025-10-10 09:16:46.480 [NettyClientSelector_1] INFO  RocketmqRemoting - closeChannel: close the connection to remote address[10.91.138.46:10911] result: true
2025-10-10 09:16:49.567 [NettyClientSelector_1] INFO  RocketmqRemoting - closeChannel: close the connection to remote address[10.91.138.46:10911] result: true
2025-10-10 09:17:00.179 [NettyClientSelector_1] INFO  RocketmqRemoting - closeChannel: close the connection to remote address[10.91.138.46:10911] result: true
2025-10-10 09:17:02.691 [NettyClientSelector_1] INFO  RocketmqRemoting - closeChannel: close the connection to remote address[10.91.138.46:10911] result: true
2025-10-10 09:17:03.251 [NettyClientSelector_1] INFO  RocketmqRemoting - closeChannel: close the connection to remote address[10.91.138.46:10911] result: true
2025-10-10 09:17:08.604 [NettyClientSelector_1] INFO  RocketmqRemoting - closeChannel: close the connection to remote address[10.91.138.46:10911] result: true
2025-10-10 09:17:09.390 [NettyClientSelector_1] INFO  RocketmqRemoting - closeChannel: close the connection to remote address[10.91.138.46:10911] result: true
2025-10-10 09:17:12.455 [NettyClientSelector_1] INFO  RocketmqRemoting - closeChannel: close the connection to remote address[10.91.138.46:10911] result: true
2025-10-10 09:17:12.540 [NettyClientSelector_1] INFO  RocketmqRemoting - closeChannel: close the connection to remote address[10.91.138.46:10911] result: true
2025-10-10 09:17:15.542 [NettyClientSelector_1] INFO  RocketmqRemoting - closeChannel: close the connection to remote address[10.91.138.46:10911] result: true
2025-10-10 09:17:15.597 [NettyClientSelector_1] INFO  RocketmqRemoting - closeChannel: close the connection to remote address[10.91.138.46:10911] result: true
2025-10-10 09:17:23.182 [NettyClientSelector_1] INFO  RocketmqRemoting - closeChannel: close the connection to remote address[10.91.138.46:10911] result: true
2025-10-10 09:17:26.254 [NettyClientSelector_1] INFO  RocketmqRemoting - closeChannel: close the connection to remote address[10.91.138.46:10911] result: true
2025-10-10 09:17:31.608 [NettyClientSelector_1] INFO  RocketmqRemoting - closeChannel: close the connection to remote address[10.91.138.46:10911] result: true
2025-10-10 09:17:32.692 [NettyClientSelector_1] INFO  RocketmqRemoting - closeChannel: close the connection to remote address[10.91.138.46:10911] result: true
2025-10-10 09:17:33.107 [NettyClientSelector_1] INFO  RocketmqRemoting - closeChannel: close the connection to remote address[10.91.138.46:10911] result: true
2025-10-10 09:17:35.457 [NettyClientSelector_1] INFO  RocketmqRemoting - closeChannel: close the connection to remote address[10.91.138.46:10911] result: true
2025-10-10 09:17:36.200 [NettyClientSelector_1] INFO  RocketmqRemoting - closeChannel: close the connection to remote address[10.91.138.46:10911] result: true
2025-10-10 09:17:38.546 [NettyClientSelector_1] INFO  RocketmqRemoting - closeChannel: close the connection to remote address[10.91.138.46:10911] result: true
2025-10-10 09:17:39.401 [NettyClientSelector_1] INFO  RocketmqRemoting - closeChannel: close the connection to remote address[10.91.138.46:10911] result: true
2025-10-10 09:17:39.458 [NettyClientSelector_1] INFO  RocketmqRemoting - closeChannel: close the connection to remote address[10.91.138.46:10911] result: true
2025-10-10 09:17:42.541 [NettyClientSelector_1] INFO  RocketmqRemoting - closeChannel: close the connection to remote address[10.91.138.46:10911] result: true
2025-10-10 09:17:45.597 [NettyClientSelector_1] INFO  RocketmqRemoting - closeChannel: close the connection to remote address[10.91.138.46:10911] result: true
2025-10-10 09:17:49.185 [NettyClientSelector_1] INFO  RocketmqRemoting - closeChannel: close the connection to remote address[10.91.138.46:10911] result: true
2025-10-10 09:17:49.259 [NettyClientSelector_1] INFO  RocketmqRemoting - closeChannel: close the connection to remote address[10.91.138.46:10911] result: true
2025-10-10 09:17:54.614 [NettyClientSelector_1] INFO  RocketmqRemoting - closeChannel: close the connection to remote address[10.91.138.46:10911] result: true
2025-10-10 09:17:58.459 [NettyClientSelector_1] INFO  RocketmqRemoting - closeChannel: close the connection to remote address[10.91.138.46:10911] result: true
2025-10-10 09:18:01.551 [NettyClientSelector_1] INFO  RocketmqRemoting - closeChannel: close the connection to remote address[10.91.138.46:10911] result: true
2025-10-10 09:18:02.696 [NettyClientSelector_1] INFO  RocketmqRemoting - closeChannel: close the connection to remote address[10.91.138.46:10911] result: true
2025-10-10 09:18:03.106 [NettyClientSelector_1] INFO  RocketmqRemoting - closeChannel: close the connection to remote address[10.91.138.46:10911] result: true
2025-10-10 09:18:06.198 [NettyClientSelector_1] INFO  RocketmqRemoting - closeChannel: close the connection to remote address[10.91.138.46:10911] result: true
2025-10-10 09:18:09.391 [NettyClientSelector_1] INFO  RocketmqRemoting - closeChannel: close the connection to remote address[10.91.138.46:10911] result: true
2025-10-10 09:18:09.453 [NettyClientSelector_1] INFO  RocketmqRemoting - closeChannel: close the connection to remote address[10.91.138.46:10911] result: true
2025-10-10 09:18:12.265 [NettyClientSelector_1] INFO  RocketmqRemoting - closeChannel: close the connection to remote address[10.91.138.46:10911] result: true
2025-10-10 09:18:12.538 [NettyClientSelector_1] INFO  RocketmqRemoting - closeChannel: close the connection to remote address[10.91.138.46:10911] result: true
2025-10-10 09:18:15.189 [NettyClientSelector_1] INFO  RocketmqRemoting - closeChannel: close the connection to remote address[10.91.138.46:10911] result: true
2025-10-10 09:18:15.597 [NettyClientSelector_1] INFO  RocketmqRemoting - closeChannel: close the connection to remote address[10.91.138.46:10911] result: true
2025-10-10 09:18:21.461 [NettyClientSelector_1] INFO  RocketmqRemoting - closeChannel: close the connection to remote address[10.91.138.46:10911] result: true
2025-10-10 09:18:24.554 [NettyClientSelector_1] INFO  RocketmqRemoting - closeChannel: close the connection to remote address[10.91.138.46:10911] result: true
2025-10-10 09:18:32.693 [NettyClientSelector_1] INFO  RocketmqRemoting - closeChannel: close the connection to remote address[10.91.138.46:10911] result: true
2025-10-10 09:18:33.109 [NettyClientSelector_1] INFO  RocketmqRemoting - closeChannel: close the connection to remote address[10.91.138.46:10911] result: true
2025-10-10 09:18:35.274 [NettyClientSelector_1] INFO  RocketmqRemoting - closeChannel: close the connection to remote address[10.91.138.46:10911] result: true
2025-10-10 09:18:38.190 [NettyClientSelector_1] INFO  RocketmqRemoting - closeChannel: close the connection to remote address[10.91.138.46:10911] result: true
2025-10-10 09:18:38.602 [NettyClientSelector_1] INFO  RocketmqRemoting - closeChannel: close the connection to remote address[10.91.138.46:10911] result: true
2025-10-10 09:18:39.391 [NettyClientSelector_1] INFO  RocketmqRemoting - closeChannel: close the connection to remote address[10.91.138.46:10911] result: true
2025-10-10 09:18:39.453 [NettyClientSelector_1] INFO  RocketmqRemoting - closeChannel: close the connection to remote address[10.91.138.46:10911] result: true
2025-10-10 09:18:41.192 [NettyClientSelector_1] INFO  RocketmqRemoting - closeChannel: close the connection to remote address[10.91.138.46:10911] result: true
2025-10-10 09:18:42.539 [NettyClientSelector_1] INFO  RocketmqRemoting - closeChannel: close the connection to remote address[10.91.138.46:10911] result: true
2025-10-10 09:18:44.462 [NettyClientSelector_1] INFO  RocketmqRemoting - closeChannel: close the connection to remote address[10.91.138.46:10911] result: true
2025-10-10 09:18:45.599 [NettyClientSelector_1] INFO  RocketmqRemoting - closeChannel: close the connection to remote address[10.91.138.46:10911] result: true
2025-10-10 09:18:47.558 [NettyClientSelector_1] INFO  RocketmqRemoting - closeChannel: close the connection to remote address[10.91.138.46:10911] result: true
2025-10-10 09:18:58.278 [NettyClientSelector_1] INFO  RocketmqRemoting - closeChannel: close the connection to remote address[10.91.138.46:10911] result: true
2025-10-10 09:19:01.610 [NettyClientSelector_1] INFO  RocketmqRemoting - closeChannel: close the connection to remote address[10.91.138.46:10911] result: true
2025-10-10 09:19:02.691 [NettyClientSelector_1] INFO  RocketmqRemoting - closeChannel: close the connection to remote address[10.91.138.46:10911] result: true
2025-10-10 09:19:06.109 [NettyClientSelector_1] INFO  RocketmqRemoting - closeChannel: close the connection to remote address[10.91.138.46:10911] result: true
2025-10-10 09:19:06.197 [NettyClientSelector_1] INFO  RocketmqRemoting - closeChannel: close the connection to remote address[10.91.138.46:10911] result: true
2025-10-10 09:19:09.391 [NettyClientSelector_1] INFO  RocketmqRemoting - closeChannel: close the connection to remote address[10.91.138.46:10911] result: true
2025-10-10 09:19:10.467 [NettyClientSelector_1] INFO  RocketmqRemoting - closeChannel: close the connection to remote address[10.91.138.46:10911] result: true
2025-10-10 09:19:10.561 [NettyClientSelector_1] INFO  RocketmqRemoting - closeChannel: close the connection to remote address[10.91.138.46:10911] result: true
2025-10-10 09:19:15.596 [NettyClientSelector_1] INFO  RocketmqRemoting - closeChannel: close the connection to remote address[10.91.138.46:10911] result: true
2025-10-10 09:19:21.285 [NettyClientSelector_1] INFO  RocketmqRemoting - closeChannel: close the connection to remote address[10.91.138.46:10911] result: true
2025-10-10 09:19:24.614 [NettyClientSelector_1] INFO  RocketmqRemoting - closeChannel: close the connection to remote address[10.91.138.46:10911] result: true
2025-10-10 09:19:29.110 [NettyClientSelector_1] INFO  RocketmqRemoting - closeChannel: close the connection to remote address[10.91.138.46:10911] result: true
2025-10-10 09:19:32.693 [NettyClientSelector_1] INFO  RocketmqRemoting - closeChannel: close the connection to remote address[10.91.138.46:10911] result: true
2025-10-10 09:19:33.107 [NettyClientSelector_1] INFO  RocketmqRemoting - closeChannel: close the connection to remote address[10.91.138.46:10911] result: true
2025-10-10 09:19:33.472 [NettyClientSelector_1] INFO  RocketmqRemoting - closeChannel: close the connection to remote address[10.91.138.46:10911] result: true
2025-10-10 09:19:33.567 [NettyClientSelector_1] INFO  RocketmqRemoting - closeChannel: close the connection to remote address[10.91.138.46:10911] result: true
2025-10-10 09:19:36.196 [NettyClientSelector_1] INFO  RocketmqRemoting - closeChannel: close the connection to remote address[10.91.138.46:10911] result: true
2025-10-10 09:19:37.755 [http-nio-8093-exec-2] INFO  o.a.c.core.ContainerBase.[Tomcat].[localhost].[/] - Initializing Spring DispatcherServlet 'dispatcherServlet'
2025-10-10 09:19:37.755 [http-nio-8093-exec-2] INFO  org.springframework.web.servlet.DispatcherServlet - Initializing Servlet 'dispatcherServlet'
2025-10-10 09:19:37.760 [http-nio-8093-exec-2] INFO  org.springframework.web.servlet.DispatcherServlet - Completed initialization in 5 ms
2025-10-10 09:19:37.772 [http-nio-8093-exec-2] INFO  c.z.f.b.context.filter.HeaderUserId2ContextFilter - ## HeaderUserId2ContextFilter, 用户 ID: 100
2025-10-10 09:19:37.899 [http-nio-8093-exec-2] INFO  c.z.f.b.operationlog.aspect.ApiOperationLogAspect - ====== 请求开始: [评论分页查询], 入参: {"noteId":1968957166329008196,"pageNo":1}, 请求类: CommentController, 请求方法: findCommentPageList =================================== 
2025-10-10 09:19:38.273 [http-nio-8093-exec-2] DEBUG c.z.x.c.b.d.m.N.selectCommentTotalByNoteId - ==>  Preparing: select comment_total from t_note_count where note_id = ?
2025-10-10 09:19:38.463 [http-nio-8093-exec-2] DEBUG c.z.x.c.b.d.m.N.selectCommentTotalByNoteId - ==> Parameters: 1968957166329008196(Long)
2025-10-10 09:19:38.486 [http-nio-8093-exec-2] DEBUG c.z.x.c.b.d.m.N.selectCommentTotalByNoteId - <==      Total: 0
2025-10-10 09:19:38.493 [http-nio-8093-exec-2] WARN  c.z.x.comment.biz.exception.GlobalExceptionHandler - /comment/list request fail, errorCode: COMMENT-20001, errorMessage: 此评论不存在
2025-10-10 09:19:38.509 [http-nio-8093-exec-2] INFO  c.z.f.b.context.filter.HeaderUserId2ContextFilter - ===== 删除 ThreadLocal， userId: 100
2025-10-10 09:19:39.391 [NettyClientSelector_1] INFO  RocketmqRemoting - closeChannel: close the connection to remote address[10.91.138.46:10911] result: true
2025-10-10 09:19:39.453 [NettyClientSelector_1] INFO  RocketmqRemoting - closeChannel: close the connection to remote address[10.91.138.46:10911] result: true
2025-10-10 09:19:42.538 [NettyClientSelector_1] INFO  RocketmqRemoting - closeChannel: close the connection to remote address[10.91.138.46:10911] result: true
2025-10-10 09:19:44.290 [NettyClientSelector_1] INFO  RocketmqRemoting - closeChannel: close the connection to remote address[10.91.138.46:10911] result: true
2025-10-10 09:19:44.432 [http-nio-8093-exec-1] INFO  c.z.f.b.context.filter.HeaderUserId2ContextFilter - ## HeaderUserId2ContextFilter, 用户 ID: 100
2025-10-10 09:19:44.434 [http-nio-8093-exec-1] INFO  c.z.f.b.operationlog.aspect.ApiOperationLogAspect - ====== 请求开始: [评论分页查询], 入参: {"noteId":1968945300714295362,"pageNo":1}, 请求类: CommentController, 请求方法: findCommentPageList =================================== 
2025-10-10 09:19:44.436 [http-nio-8093-exec-1] DEBUG c.z.x.c.b.d.m.N.selectCommentTotalByNoteId - ==>  Preparing: select comment_total from t_note_count where note_id = ?
2025-10-10 09:19:44.437 [http-nio-8093-exec-1] DEBUG c.z.x.c.b.d.m.N.selectCommentTotalByNoteId - ==> Parameters: 1968945300714295362(Long)
2025-10-10 09:19:44.444 [http-nio-8093-exec-1] DEBUG c.z.x.c.b.d.m.N.selectCommentTotalByNoteId - <==      Total: 1
2025-10-10 09:19:44.455 [NoteExecutor-2] DEBUG c.z.x.c.b.d.m.CommentDOMapper.selectHeatComments - ==>  Preparing: select id, heat from t_comment where note_id = ? and level = 1 order by heat desc limit 500
2025-10-10 09:19:44.456 [http-nio-8093-exec-1] DEBUG c.z.x.c.b.d.mapper.CommentDOMapper.selectPageList - ==>  Preparing: select id, user_id, content_uuid, is_content_empty, image_url, like_total, is_top, create_time, first_reply_comment_id, child_comment_total,heat from t_comment where note_id = ? and level = 1 order by heat desc limit ?, ?
2025-10-10 09:19:44.459 [http-nio-8093-exec-1] DEBUG c.z.x.c.b.d.mapper.CommentDOMapper.selectPageList - ==> Parameters: 1968945300714295362(Long), 0(Long), 10(Long)
2025-10-10 09:19:44.459 [NoteExecutor-2] DEBUG c.z.x.c.b.d.m.CommentDOMapper.selectHeatComments - ==> Parameters: 1968945300714295362(Long)
2025-10-10 09:19:44.467 [NoteExecutor-2] DEBUG c.z.x.c.b.d.m.CommentDOMapper.selectHeatComments - <==      Total: 1
2025-10-10 09:19:44.470 [http-nio-8093-exec-1] DEBUG c.z.x.c.b.d.mapper.CommentDOMapper.selectPageList - <==      Total: 1
2025-10-10 09:19:44.488 [http-nio-8093-exec-1] DEBUG c.z.x.c.b.d.m.C.selectTwoLevelCommentByIds - ==>  Preparing: select id, user_id, content_uuid, is_content_empty, image_url, like_total, create_time,heat from t_comment where id in ( ? )
2025-10-10 09:19:44.489 [http-nio-8093-exec-1] DEBUG c.z.x.c.b.d.m.C.selectTwoLevelCommentByIds - ==> Parameters: 8006(Long)
2025-10-10 09:19:44.490 [http-nio-8093-exec-1] DEBUG c.z.x.c.b.d.m.C.selectTwoLevelCommentByIds - <==      Total: 1
2025-10-10 09:19:44.509 [http-nio-8093-exec-1] INFO  c.z.f.b.c.interceptor.FeignRequestInterceptor - ==> feign请求设置请求头 userId: 100
2025-10-10 09:19:44.584 [http-nio-8093-exec-1] INFO  com.alibaba.nacos.client.naming - [SUBSCRIBE-SERVICE] service:xiaohongshu-kv, group:DEFAULT_GROUP, clusters: 
2025-10-10 09:19:44.600 [http-nio-8093-exec-1] INFO  com.alibaba.nacos.client.naming - init new ips(1) service: DEFAULT_GROUP@@xiaohongshu-kv -> [{"ip":"10.95.157.7","port":8084,"weight":1.0,"healthy":true,"enabled":true,"ephemeral":true,"clusterName":"DEFAULT","serviceName":"DEFAULT_GROUP@@xiaohongshu-kv","metadata":{"preserved.register.source":"SPRING_CLOUD"},"ipDeleteTimeout":30000,"instanceHeartBeatInterval":5000,"instanceHeartBeatTimeOut":15000}]
2025-10-10 09:19:44.611 [http-nio-8093-exec-1] INFO  com.alibaba.nacos.client.naming - current ips:(1) service: DEFAULT_GROUP@@xiaohongshu-kv -> [{"ip":"10.95.157.7","port":8084,"weight":1.0,"healthy":true,"enabled":true,"ephemeral":true,"clusterName":"DEFAULT","serviceName":"DEFAULT_GROUP@@xiaohongshu-kv","metadata":{"preserved.register.source":"SPRING_CLOUD"},"ipDeleteTimeout":30000,"instanceHeartBeatInterval":5000,"instanceHeartBeatTimeOut":15000}]
2025-10-10 09:19:45.053 [http-nio-8093-exec-1] INFO  c.z.f.b.c.interceptor.FeignRequestInterceptor - ==> feign请求设置请求头 userId: 100
2025-10-10 09:19:45.072 [http-nio-8093-exec-1] INFO  com.alibaba.nacos.client.naming - [SUBSCRIBE-SERVICE] service:xiaohongshu-user, group:DEFAULT_GROUP, clusters: 
2025-10-10 09:19:45.082 [http-nio-8093-exec-1] INFO  com.alibaba.nacos.client.naming - init new ips(1) service: DEFAULT_GROUP@@xiaohongshu-user -> [{"ip":"10.95.157.7","port":8082,"weight":1.0,"healthy":true,"enabled":true,"ephemeral":true,"clusterName":"DEFAULT","serviceName":"DEFAULT_GROUP@@xiaohongshu-user","metadata":{"preserved.register.source":"SPRING_CLOUD"},"ipDeleteTimeout":30000,"instanceHeartBeatInterval":5000,"instanceHeartBeatTimeOut":15000}]
2025-10-10 09:19:45.083 [http-nio-8093-exec-1] INFO  com.alibaba.nacos.client.naming - current ips:(1) service: DEFAULT_GROUP@@xiaohongshu-user -> [{"ip":"10.95.157.7","port":8082,"weight":1.0,"healthy":true,"enabled":true,"ephemeral":true,"clusterName":"DEFAULT","serviceName":"DEFAULT_GROUP@@xiaohongshu-user","metadata":{"preserved.register.source":"SPRING_CLOUD"},"ipDeleteTimeout":30000,"instanceHeartBeatInterval":5000,"instanceHeartBeatTimeOut":15000}]
2025-10-10 09:19:45.106 [http-nio-8093-exec-1] INFO  c.z.f.b.operationlog.aspect.ApiOperationLogAspect - ====== 请求结束: [评论分页查询], 耗时: 669ms, 出参: {"success":true,"message":null,"errorCode":null,"data":[{"commentId":8005,"userId":100,"avatar":"https://my-xiaohongshu-oss.oss-cn-guangzhou.aliyuncs.com/ca709c5d72304bedbcf9ee14e4a3bcb2.jpg","nickname":"稚生","content":"哈哈哈","imageUrl":"","createTime":"09-19","likeTotal":0,"childCommentTotal":5,"firstReplyComment":{"commentId":8006,"userId":100,"avatar":"https://my-xiaohongshu-oss.oss-cn-guangzhou.aliyuncs.com/ca709c5d72304bedbcf9ee14e4a3bcb2.jpg","nickname":"稚生","content":"哈哈哈哈","imageUrl":"","createTime":"09-19","likeTotal":0,"childCommentTotal":null,"firstReplyComment":null,"heat":0.0},"heat":1.5}],"pageNo":1,"totalCount":6,"pageSize":10,"totalPage":1} =================================== 
2025-10-10 09:19:45.111 [http-nio-8093-exec-1] INFO  c.z.f.b.context.filter.HeaderUserId2ContextFilter - ===== 删除 ThreadLocal， userId: 100
2025-10-10 09:19:45.134 [nacos-grpc-client-executor-8.134.88.169-74] INFO  com.alibaba.nacos.common.remote.client - [1cc7f189-e6cd-41e6-9d79-436d27c6a021] Receive server push request, request = NotifySubscriberRequest, requestId = 18
2025-10-10 09:19:45.134 [nacos-grpc-client-executor-8.134.88.169-74] INFO  com.alibaba.nacos.common.remote.client - [1cc7f189-e6cd-41e6-9d79-436d27c6a021] Ack server push request, request = NotifySubscriberRequest, requestId = 18
2025-10-10 09:19:45.597 [NettyClientSelector_1] INFO  RocketmqRemoting - closeChannel: close the connection to remote address[10.91.138.46:10911] result: true
2025-10-10 09:19:45.625 [nacos-grpc-client-executor-8.134.88.169-75] INFO  com.alibaba.nacos.common.remote.client - [1cc7f189-e6cd-41e6-9d79-436d27c6a021] Receive server push request, request = NotifySubscriberRequest, requestId = 19
2025-10-10 09:19:45.626 [nacos-grpc-client-executor-8.134.88.169-75] INFO  com.alibaba.nacos.common.remote.client - [1cc7f189-e6cd-41e6-9d79-436d27c6a021] Ack server push request, request = NotifySubscriberRequest, requestId = 19
2025-10-10 09:19:47.451 [http-nio-8093-exec-3] INFO  c.z.f.b.context.filter.HeaderUserId2ContextFilter - ## HeaderUserId2ContextFilter, 用户 ID: 100
2025-10-10 09:19:47.453 [http-nio-8093-exec-3] INFO  c.z.f.b.operationlog.aspect.ApiOperationLogAspect - ====== 请求开始: [评论分页查询], 入参: {"noteId":1968957166329008196,"pageNo":1}, 请求类: CommentController, 请求方法: findCommentPageList =================================== 
2025-10-10 09:19:47.456 [http-nio-8093-exec-3] DEBUG c.z.x.c.b.d.m.N.selectCommentTotalByNoteId - ==>  Preparing: select comment_total from t_note_count where note_id = ?
2025-10-10 09:19:47.457 [http-nio-8093-exec-3] DEBUG c.z.x.c.b.d.m.N.selectCommentTotalByNoteId - ==> Parameters: 1968957166329008196(Long)
2025-10-10 09:19:47.458 [http-nio-8093-exec-3] DEBUG c.z.x.c.b.d.m.N.selectCommentTotalByNoteId - <==      Total: 0
2025-10-10 09:19:47.459 [http-nio-8093-exec-3] WARN  c.z.x.comment.biz.exception.GlobalExceptionHandler - /comment/list request fail, errorCode: COMMENT-20001, errorMessage: 此评论不存在
2025-10-10 09:19:47.460 [http-nio-8093-exec-3] INFO  c.z.f.b.context.filter.HeaderUserId2ContextFilter - ===== 删除 ThreadLocal， userId: 100
2025-10-10 09:19:52.115 [NettyClientSelector_1] INFO  RocketmqRemoting - closeChannel: close the connection to remote address[10.91.138.46:10911] result: true
2025-10-10 09:19:56.474 [NettyClientSelector_1] INFO  RocketmqRemoting - closeChannel: close the connection to remote address[10.91.138.46:10911] result: true
2025-10-10 09:19:56.569 [NettyClientSelector_1] INFO  RocketmqRemoting - closeChannel: close the connection to remote address[10.91.138.46:10911] result: true
2025-10-10 09:20:00.571 [http-nio-8093-exec-4] INFO  c.z.f.b.context.filter.HeaderUserId2ContextFilter - ## HeaderUserId2ContextFilter, 用户 ID: 100
2025-10-10 09:20:00.573 [http-nio-8093-exec-4] INFO  c.z.f.b.operationlog.aspect.ApiOperationLogAspect - ====== 请求开始: [评论分页查询], 入参: {"noteId":1968957166329008196,"pageNo":1}, 请求类: CommentController, 请求方法: findCommentPageList =================================== 
2025-10-10 09:20:00.577 [http-nio-8093-exec-4] DEBUG c.z.x.c.b.d.m.N.selectCommentTotalByNoteId - ==>  Preparing: select comment_total from t_note_count where note_id = ?
2025-10-10 09:20:00.578 [http-nio-8093-exec-4] DEBUG c.z.x.c.b.d.m.N.selectCommentTotalByNoteId - ==> Parameters: 1968957166329008196(Long)
2025-10-10 09:20:00.580 [http-nio-8093-exec-4] DEBUG c.z.x.c.b.d.m.N.selectCommentTotalByNoteId - <==      Total: 0
2025-10-10 09:20:00.580 [http-nio-8093-exec-4] WARN  c.z.x.comment.biz.exception.GlobalExceptionHandler - /comment/list request fail, errorCode: COMMENT-20001, errorMessage: 此评论不存在
2025-10-10 09:20:00.581 [http-nio-8093-exec-4] INFO  c.z.f.b.context.filter.HeaderUserId2ContextFilter - ===== 删除 ThreadLocal， userId: 100
2025-10-10 09:20:02.572 [http-nio-8093-exec-5] INFO  c.z.f.b.context.filter.HeaderUserId2ContextFilter - ## HeaderUserId2ContextFilter, 用户 ID: 100
2025-10-10 09:20:02.573 [http-nio-8093-exec-5] INFO  c.z.f.b.operationlog.aspect.ApiOperationLogAspect - ====== 请求开始: [评论分页查询], 入参: {"noteId":1968957166329008196,"pageNo":1}, 请求类: CommentController, 请求方法: findCommentPageList =================================== 
2025-10-10 09:20:02.576 [http-nio-8093-exec-5] DEBUG c.z.x.c.b.d.m.N.selectCommentTotalByNoteId - ==>  Preparing: select comment_total from t_note_count where note_id = ?
2025-10-10 09:20:02.576 [http-nio-8093-exec-5] DEBUG c.z.x.c.b.d.m.N.selectCommentTotalByNoteId - ==> Parameters: 1968957166329008196(Long)
2025-10-10 09:20:02.578 [http-nio-8093-exec-5] DEBUG c.z.x.c.b.d.m.N.selectCommentTotalByNoteId - <==      Total: 0
2025-10-10 09:20:02.579 [http-nio-8093-exec-5] WARN  c.z.x.comment.biz.exception.GlobalExceptionHandler - /comment/list request fail, errorCode: COMMENT-20001, errorMessage: 此评论不存在
2025-10-10 09:20:02.580 [http-nio-8093-exec-5] INFO  c.z.f.b.context.filter.HeaderUserId2ContextFilter - ===== 删除 ThreadLocal， userId: 100
2025-10-10 09:20:02.694 [NettyClientSelector_1] INFO  RocketmqRemoting - closeChannel: close the connection to remote address[10.91.138.46:10911] result: true
2025-10-10 09:20:03.106 [NettyClientSelector_1] INFO  RocketmqRemoting - closeChannel: close the connection to remote address[10.91.138.46:10911] result: true
2025-10-10 09:20:06.197 [NettyClientSelector_1] INFO  RocketmqRemoting - closeChannel: close the connection to remote address[10.91.138.46:10911] result: true
2025-10-10 09:20:06.237 [http-nio-8093-exec-10] INFO  c.z.f.b.context.filter.HeaderUserId2ContextFilter - ## HeaderUserId2ContextFilter, 用户 ID: 100
2025-10-10 09:20:06.238 [http-nio-8093-exec-10] INFO  c.z.f.b.operationlog.aspect.ApiOperationLogAspect - ====== 请求开始: [评论分页查询], 入参: {"noteId":1968957166329008196,"pageNo":1}, 请求类: CommentController, 请求方法: findCommentPageList =================================== 
2025-10-10 09:20:06.241 [http-nio-8093-exec-10] DEBUG c.z.x.c.b.d.m.N.selectCommentTotalByNoteId - ==>  Preparing: select comment_total from t_note_count where note_id = ?
2025-10-10 09:20:06.242 [http-nio-8093-exec-10] DEBUG c.z.x.c.b.d.m.N.selectCommentTotalByNoteId - ==> Parameters: 1968957166329008196(Long)
2025-10-10 09:20:06.244 [http-nio-8093-exec-10] DEBUG c.z.x.c.b.d.m.N.selectCommentTotalByNoteId - <==      Total: 0
2025-10-10 09:20:06.245 [http-nio-8093-exec-10] WARN  c.z.x.comment.biz.exception.GlobalExceptionHandler - /comment/list request fail, errorCode: COMMENT-20001, errorMessage: 此评论不存在
2025-10-10 09:20:06.246 [http-nio-8093-exec-10] INFO  c.z.f.b.context.filter.HeaderUserId2ContextFilter - ===== 删除 ThreadLocal， userId: 100
2025-10-10 09:20:08.604 [NettyClientSelector_1] INFO  RocketmqRemoting - closeChannel: close the connection to remote address[10.91.138.46:10911] result: true
2025-10-10 09:20:09.392 [NettyClientSelector_1] INFO  RocketmqRemoting - closeChannel: close the connection to remote address[10.91.138.46:10911] result: true
2025-10-10 09:20:09.454 [NettyClientSelector_1] INFO  RocketmqRemoting - closeChannel: close the connection to remote address[10.91.138.46:10911] result: true
2025-10-10 09:20:10.583 [http-nio-8093-exec-7] INFO  c.z.f.b.context.filter.HeaderUserId2ContextFilter - ## HeaderUserId2ContextFilter, 用户 ID: 100
2025-10-10 09:20:10.585 [http-nio-8093-exec-7] INFO  c.z.f.b.operationlog.aspect.ApiOperationLogAspect - ====== 请求开始: [评论分页查询], 入参: {"noteId":1968957166329008196,"pageNo":1}, 请求类: CommentController, 请求方法: findCommentPageList =================================== 
2025-10-10 09:20:10.588 [http-nio-8093-exec-7] DEBUG c.z.x.c.b.d.m.N.selectCommentTotalByNoteId - ==>  Preparing: select comment_total from t_note_count where note_id = ?
2025-10-10 09:20:10.588 [http-nio-8093-exec-7] DEBUG c.z.x.c.b.d.m.N.selectCommentTotalByNoteId - ==> Parameters: 1968957166329008196(Long)
2025-10-10 09:20:10.589 [http-nio-8093-exec-7] DEBUG c.z.x.c.b.d.m.N.selectCommentTotalByNoteId - <==      Total: 0
2025-10-10 09:20:10.589 [http-nio-8093-exec-7] WARN  c.z.x.comment.biz.exception.GlobalExceptionHandler - /comment/list request fail, errorCode: COMMENT-20001, errorMessage: 此评论不存在
2025-10-10 09:20:10.591 [http-nio-8093-exec-7] INFO  c.z.f.b.context.filter.HeaderUserId2ContextFilter - ===== 删除 ThreadLocal， userId: 100
2025-10-10 09:20:12.538 [NettyClientSelector_1] INFO  RocketmqRemoting - closeChannel: close the connection to remote address[10.91.138.46:10911] result: true
2025-10-10 09:20:15.602 [NettyClientSelector_1] INFO  RocketmqRemoting - closeChannel: close the connection to remote address[10.91.138.46:10911] result: true
2025-10-10 09:20:18.120 [NettyClientSelector_1] INFO  RocketmqRemoting - closeChannel: close the connection to remote address[10.91.138.46:10911] result: true
2025-10-10 09:20:19.476 [NettyClientSelector_1] INFO  RocketmqRemoting - closeChannel: close the connection to remote address[10.91.138.46:10911] result: true
2025-10-10 09:20:19.571 [NettyClientSelector_1] INFO  RocketmqRemoting - closeChannel: close the connection to remote address[10.91.138.46:10911] result: true
2025-10-10 09:20:29.208 [NettyClientSelector_1] INFO  RocketmqRemoting - closeChannel: close the connection to remote address[10.91.138.46:10911] result: true
2025-10-10 09:20:31.609 [NettyClientSelector_1] INFO  RocketmqRemoting - closeChannel: close the connection to remote address[10.91.138.46:10911] result: true
2025-10-10 09:20:32.693 [NettyClientSelector_1] INFO  RocketmqRemoting - closeChannel: close the connection to remote address[10.91.138.46:10911] result: true
2025-10-10 09:20:33.109 [NettyClientSelector_1] INFO  RocketmqRemoting - closeChannel: close the connection to remote address[10.91.138.46:10911] result: true
2025-10-10 09:20:36.197 [NettyClientSelector_1] INFO  RocketmqRemoting - closeChannel: close the connection to remote address[10.91.138.46:10911] result: true
2025-10-10 09:20:38.807 [http-nio-8093-exec-8] INFO  c.z.f.b.context.filter.HeaderUserId2ContextFilter - ## HeaderUserId2ContextFilter, 用户 ID: 100
2025-10-10 09:20:38.808 [http-nio-8093-exec-8] INFO  c.z.f.b.operationlog.aspect.ApiOperationLogAspect - ====== 请求开始: [评论分页查询], 入参: {"noteId":1968957166329008196,"pageNo":1}, 请求类: CommentController, 请求方法: findCommentPageList =================================== 
2025-10-10 09:20:38.813 [http-nio-8093-exec-8] DEBUG c.z.x.c.b.d.m.N.selectCommentTotalByNoteId - ==>  Preparing: select comment_total from t_note_count where note_id = ?
2025-10-10 09:20:38.814 [http-nio-8093-exec-8] DEBUG c.z.x.c.b.d.m.N.selectCommentTotalByNoteId - ==> Parameters: 1968957166329008196(Long)
2025-10-10 09:20:38.815 [http-nio-8093-exec-8] DEBUG c.z.x.c.b.d.m.N.selectCommentTotalByNoteId - <==      Total: 0
2025-10-10 09:20:38.815 [http-nio-8093-exec-8] WARN  c.z.x.comment.biz.exception.GlobalExceptionHandler - /comment/list request fail, errorCode: COMMENT-20001, errorMessage: 此评论不存在
2025-10-10 09:20:38.816 [http-nio-8093-exec-8] INFO  c.z.f.b.context.filter.HeaderUserId2ContextFilter - ===== 删除 ThreadLocal， userId: 100
2025-10-10 09:20:39.391 [NettyClientSelector_1] INFO  RocketmqRemoting - closeChannel: close the connection to remote address[10.91.138.46:10911] result: true
2025-10-10 09:20:39.453 [NettyClientSelector_1] INFO  RocketmqRemoting - closeChannel: close the connection to remote address[10.91.138.46:10911] result: true
2025-10-10 09:20:41.122 [NettyClientSelector_1] INFO  RocketmqRemoting - closeChannel: close the connection to remote address[10.91.138.46:10911] result: true
2025-10-10 09:20:42.538 [NettyClientSelector_1] INFO  RocketmqRemoting - closeChannel: close the connection to remote address[10.91.138.46:10911] result: true
2025-10-10 09:20:45.484 [NettyClientSelector_1] INFO  RocketmqRemoting - closeChannel: close the connection to remote address[10.91.138.46:10911] result: true
2025-10-10 09:20:45.540 [NettyClientSelector_1] INFO  RocketmqRemoting - closeChannel: close the connection to remote address[10.91.138.46:10911] result: true
2025-10-10 09:20:45.597 [NettyClientSelector_1] INFO  RocketmqRemoting - closeChannel: close the connection to remote address[10.91.138.46:10911] result: true
2025-10-10 09:20:52.213 [NettyClientSelector_1] INFO  RocketmqRemoting - closeChannel: close the connection to remote address[10.91.138.46:10911] result: true
2025-10-10 09:20:54.614 [NettyClientSelector_1] INFO  RocketmqRemoting - closeChannel: close the connection to remote address[10.91.138.46:10911] result: true
2025-10-10 09:21:02.693 [NettyClientSelector_1] INFO  RocketmqRemoting - closeChannel: close the connection to remote address[10.91.138.46:10911] result: true
2025-10-10 09:21:03.113 [NettyClientSelector_1] INFO  RocketmqRemoting - closeChannel: close the connection to remote address[10.91.138.46:10911] result: true
2025-10-10 09:21:06.121 [NettyClientSelector_1] INFO  RocketmqRemoting - closeChannel: close the connection to remote address[10.91.138.46:10911] result: true
2025-10-10 09:21:06.214 [NettyClientSelector_1] INFO  RocketmqRemoting - closeChannel: close the connection to remote address[10.91.138.46:10911] result: true
2025-10-10 09:21:08.554 [NettyClientSelector_1] INFO  RocketmqRemoting - closeChannel: close the connection to remote address[10.91.138.46:10911] result: true
2025-10-10 09:21:09.409 [NettyClientSelector_1] INFO  RocketmqRemoting - closeChannel: close the connection to remote address[10.91.138.46:10911] result: true
2025-10-10 09:21:11.500 [NettyClientSelector_1] INFO  RocketmqRemoting - closeChannel: close the connection to remote address[10.91.138.46:10911] result: true
2025-10-10 09:21:12.552 [NettyClientSelector_1] INFO  RocketmqRemoting - closeChannel: close the connection to remote address[10.91.138.46:10911] result: true
2025-10-10 09:21:15.245 [NettyClientSelector_1] INFO  RocketmqRemoting - closeChannel: close the connection to remote address[10.91.138.46:10911] result: true
2025-10-10 09:21:15.606 [NettyClientSelector_1] INFO  RocketmqRemoting - closeChannel: close the connection to remote address[10.91.138.46:10911] result: true
2025-10-10 09:21:31.575 [NettyClientSelector_1] INFO  RocketmqRemoting - closeChannel: close the connection to remote address[10.91.138.46:10911] result: true
2025-10-10 09:21:32.139 [NettyClientSelector_1] INFO  RocketmqRemoting - closeChannel: close the connection to remote address[10.91.138.46:10911] result: true
2025-10-10 09:21:32.718 [NettyClientSelector_1] INFO  RocketmqRemoting - closeChannel: close the connection to remote address[10.91.138.46:10911] result: true
2025-10-10 09:21:34.526 [NettyClientSelector_1] INFO  RocketmqRemoting - closeChannel: close the connection to remote address[10.91.138.46:10911] result: true
2025-10-10 09:21:36.208 [NettyClientSelector_1] INFO  RocketmqRemoting - closeChannel: close the connection to remote address[10.91.138.46:10911] result: true
2025-10-10 09:21:38.622 [NettyClientSelector_1] INFO  RocketmqRemoting - closeChannel: close the connection to remote address[10.91.138.46:10911] result: true
2025-10-10 09:21:39.411 [NettyClientSelector_1] INFO  RocketmqRemoting - closeChannel: close the connection to remote address[10.91.138.46:10911] result: true
2025-10-10 09:21:39.472 [NettyClientSelector_1] INFO  RocketmqRemoting - closeChannel: close the connection to remote address[10.91.138.46:10911] result: true
2025-10-10 09:21:42.554 [NettyClientSelector_1] INFO  RocketmqRemoting - closeChannel: close the connection to remote address[10.91.138.46:10911] result: true
2025-10-10 09:21:45.604 [NettyClientSelector_1] INFO  RocketmqRemoting - closeChannel: close the connection to remote address[10.91.138.46:10911] result: true
2025-10-10 09:21:55.160 [NettyClientSelector_1] INFO  RocketmqRemoting - closeChannel: close the connection to remote address[10.91.138.46:10911] result: true
2025-10-10 09:21:57.593 [NettyClientSelector_1] INFO  RocketmqRemoting - closeChannel: close the connection to remote address[10.91.138.46:10911] result: true
2025-10-10 09:21:58.171 [NettyClientSelector_1] INFO  RocketmqRemoting - closeChannel: close the connection to remote address[10.91.138.46:10911] result: true
2025-10-10 09:21:59.213 [NettyClientSelector_1] INFO  RocketmqRemoting - closeChannel: close the connection to remote address[10.91.138.46:10911] result: true
2025-10-10 09:22:00.545 [NettyClientSelector_1] INFO  RocketmqRemoting - closeChannel: close the connection to remote address[10.91.138.46:10911] result: true
2025-10-10 09:22:01.638 [NettyClientSelector_1] INFO  RocketmqRemoting - closeChannel: close the connection to remote address[10.91.138.46:10911] result: true
2025-10-10 09:22:02.708 [NettyClientSelector_1] INFO  RocketmqRemoting - closeChannel: close the connection to remote address[10.91.138.46:10911] result: true
2025-10-10 09:22:03.113 [NettyClientSelector_1] INFO  RocketmqRemoting - closeChannel: close the connection to remote address[10.91.138.46:10911] result: true
2025-10-10 09:22:06.208 [NettyClientSelector_1] INFO  RocketmqRemoting - closeChannel: close the connection to remote address[10.91.138.46:10911] result: true
2025-10-10 09:22:09.410 [NettyClientSelector_1] INFO  RocketmqRemoting - closeChannel: close the connection to remote address[10.91.138.46:10911] result: true
2025-10-10 09:22:09.457 [NettyClientSelector_1] INFO  RocketmqRemoting - closeChannel: close the connection to remote address[10.91.138.46:10911] result: true
2025-10-10 09:22:11.130 [http-nio-8093-exec-6] INFO  c.z.f.b.context.filter.HeaderUserId2ContextFilter - ## HeaderUserId2ContextFilter, 用户 ID: 100
2025-10-10 09:22:11.133 [http-nio-8093-exec-6] INFO  c.z.f.b.operationlog.aspect.ApiOperationLogAspect - ====== 请求开始: [评论分页查询], 入参: {"noteId":1968957166329008196,"pageNo":1}, 请求类: CommentController, 请求方法: findCommentPageList =================================== 
2025-10-10 09:22:11.139 [http-nio-8093-exec-6] DEBUG c.z.x.c.b.d.m.N.selectCommentTotalByNoteId - ==>  Preparing: select comment_total from t_note_count where note_id = ?
2025-10-10 09:22:11.140 [http-nio-8093-exec-6] DEBUG c.z.x.c.b.d.m.N.selectCommentTotalByNoteId - ==> Parameters: 1968957166329008196(Long)
2025-10-10 09:22:11.142 [http-nio-8093-exec-6] DEBUG c.z.x.c.b.d.m.N.selectCommentTotalByNoteId - <==      Total: 0
2025-10-10 09:22:11.143 [http-nio-8093-exec-6] WARN  c.z.x.comment.biz.exception.GlobalExceptionHandler - /comment/list request fail, errorCode: COMMENT-20001, errorMessage: 此评论不存在
2025-10-10 09:22:11.144 [http-nio-8093-exec-6] INFO  c.z.f.b.context.filter.HeaderUserId2ContextFilter - ===== 删除 ThreadLocal， userId: 100
2025-10-10 09:22:12.538 [NettyClientSelector_1] INFO  RocketmqRemoting - closeChannel: close the connection to remote address[10.91.138.46:10911] result: true
2025-10-10 09:22:15.596 [NettyClientSelector_1] INFO  RocketmqRemoting - closeChannel: close the connection to remote address[10.91.138.46:10911] result: true
2025-10-10 09:22:20.604 [NettyClientSelector_1] INFO  RocketmqRemoting - closeChannel: close the connection to remote address[10.91.138.46:10911] result: true
2025-10-10 09:22:22.232 [NettyClientSelector_1] INFO  RocketmqRemoting - closeChannel: close the connection to remote address[10.91.138.46:10911] result: true
2025-10-10 09:22:23.612 [NettyClientSelector_1] INFO  RocketmqRemoting - closeChannel: close the connection to remote address[10.91.138.46:10911] result: true
2025-10-10 09:22:24.189 [NettyClientSelector_1] INFO  RocketmqRemoting - closeChannel: close the connection to remote address[10.91.138.46:10911] result: true
2025-10-10 09:22:24.659 [NettyClientSelector_1] INFO  RocketmqRemoting - closeChannel: close the connection to remote address[10.91.138.46:10911] result: true
2025-10-10 09:22:26.567 [NettyClientSelector_1] INFO  RocketmqRemoting - closeChannel: close the connection to remote address[10.91.138.46:10911] result: true
2025-10-10 09:22:32.692 [NettyClientSelector_1] INFO  RocketmqRemoting - closeChannel: close the connection to remote address[10.91.138.46:10911] result: true
2025-10-10 09:22:33.107 [NettyClientSelector_1] INFO  RocketmqRemoting - closeChannel: close the connection to remote address[10.91.138.46:10911] result: true
2025-10-10 09:22:36.196 [NettyClientSelector_1] INFO  RocketmqRemoting - closeChannel: close the connection to remote address[10.91.138.46:10911] result: true
2025-10-10 09:22:39.390 [NettyClientSelector_1] INFO  RocketmqRemoting - closeChannel: close the connection to remote address[10.91.138.46:10911] result: true
2025-10-10 09:22:39.451 [NettyClientSelector_1] INFO  RocketmqRemoting - closeChannel: close the connection to remote address[10.91.138.46:10911] result: true
2025-10-10 09:22:42.541 [NettyClientSelector_1] INFO  RocketmqRemoting - closeChannel: close the connection to remote address[10.91.138.46:10911] result: true
2025-10-10 09:22:45.243 [NettyClientSelector_1] INFO  RocketmqRemoting - closeChannel: close the connection to remote address[10.91.138.46:10911] result: true
2025-10-10 09:22:45.599 [NettyClientSelector_1] INFO  RocketmqRemoting - closeChannel: close the connection to remote address[10.91.138.46:10911] result: true
2025-10-10 09:22:46.616 [NettyClientSelector_1] INFO  RocketmqRemoting - closeChannel: close the connection to remote address[10.91.138.46:10911] result: true
2025-10-10 09:22:49.569 [NettyClientSelector_1] INFO  RocketmqRemoting - closeChannel: close the connection to remote address[10.91.138.46:10911] result: true
2025-10-10 09:22:50.194 [NettyClientSelector_1] INFO  RocketmqRemoting - closeChannel: close the connection to remote address[10.91.138.46:10911] result: true
2025-10-10 09:23:08.621 [NettyClientSelector_1] INFO  RocketmqRemoting - closeChannel: close the connection to remote address[10.91.138.46:10911] result: true
2025-10-10 09:23:09.625 [NettyClientSelector_1] INFO  RocketmqRemoting - closeChannel: close the connection to remote address[10.91.138.46:10911] result: true
