2025-10-15 00:01:00.254 [http-nio-8090-exec-1] INFO  c.z.f.b.context.filter.HeaderUserId2ContextFilter - ## HeaderUserId2ContextFilter, 用户 ID: 100
2025-10-15 00:01:00.302 [http-nio-8090-exec-1] INFO  c.z.f.b.operationlog.aspect.ApiOperationLogAspect - ====== 请求开始: [获取笔记计数数据], 入参: {"noteId":1978024632262881367}, 请求类: NoteCountController, 请求方法: findNoteCountData =================================== 
2025-10-15 00:01:00.374 [http-nio-8090-exec-1] INFO  c.z.f.b.operationlog.aspect.ApiOperationLogAspect - ====== 请求结束: [获取笔记计数数据], 耗时: 75ms, 出参: {"success":true,"message":null,"errorCode":null,"data":{"noteId":1978024632262881367,"likeTotal":0,"collectTotal":0,"commentTotal":3}} =================================== 
2025-10-15 00:01:00.384 [http-nio-8090-exec-1] INFO  c.z.f.b.context.filter.HeaderUserId2ContextFilter - ===== 删除 ThreadLocal， userId: 100
2025-10-15 00:01:28.288 [http-nio-8090-exec-2] INFO  c.z.f.b.context.filter.HeaderUserId2ContextFilter - ## HeaderUserId2ContextFilter, 用户 ID: 100
2025-10-15 00:01:28.289 [http-nio-8090-exec-2] INFO  c.z.f.b.operationlog.aspect.ApiOperationLogAspect - ====== 请求开始: [获取笔记计数数据], 入参: {"noteId":1977210311236677641}, 请求类: NoteCountController, 请求方法: findNoteCountData =================================== 
2025-10-15 00:01:28.293 [http-nio-8090-exec-2] INFO  c.z.f.b.operationlog.aspect.ApiOperationLogAspect - ====== 请求结束: [获取笔记计数数据], 耗时: 4ms, 出参: {"success":true,"message":null,"errorCode":null,"data":{"noteId":1977210311236677641,"likeTotal":0,"collectTotal":0,"commentTotal":20}} =================================== 
2025-10-15 00:01:28.294 [http-nio-8090-exec-2] INFO  c.z.f.b.context.filter.HeaderUserId2ContextFilter - ===== 删除 ThreadLocal， userId: 100
2025-10-15 00:09:35.829 [http-nio-8090-exec-4] INFO  c.z.f.b.context.filter.HeaderUserId2ContextFilter - ## HeaderUserId2ContextFilter, 用户 ID: 100
2025-10-15 00:09:35.836 [http-nio-8090-exec-4] INFO  c.z.f.b.operationlog.aspect.ApiOperationLogAspect - ====== 请求开始: [获取笔记计数数据], 入参: {"noteId":1978024632262881367}, 请求类: NoteCountController, 请求方法: findNoteCountData =================================== 
2025-10-15 00:09:35.849 [http-nio-8090-exec-4] INFO  c.z.f.b.operationlog.aspect.ApiOperationLogAspect - ====== 请求结束: [获取笔记计数数据], 耗时: 14ms, 出参: {"success":true,"message":null,"errorCode":null,"data":{"noteId":1978024632262881367,"likeTotal":0,"collectTotal":0,"commentTotal":3}} =================================== 
2025-10-15 00:09:35.852 [http-nio-8090-exec-4] INFO  c.z.f.b.context.filter.HeaderUserId2ContextFilter - ===== 删除 ThreadLocal， userId: 100
2025-10-15 00:09:42.626 [http-nio-8090-exec-5] INFO  c.z.f.b.context.filter.HeaderUserId2ContextFilter - ## HeaderUserId2ContextFilter, 用户 ID: 100
2025-10-15 00:09:42.628 [http-nio-8090-exec-5] INFO  c.z.f.b.operationlog.aspect.ApiOperationLogAspect - ====== 请求开始: [获取笔记计数数据], 入参: {"noteId":1978023801027326005}, 请求类: NoteCountController, 请求方法: findNoteCountData =================================== 
2025-10-15 00:09:42.630 [http-nio-8090-exec-5] INFO  c.z.f.b.operationlog.aspect.ApiOperationLogAspect - ====== 请求结束: [获取笔记计数数据], 耗时: 2ms, 出参: {"success":true,"message":null,"errorCode":null,"data":{"noteId":1978023801027326005,"likeTotal":0,"collectTotal":0,"commentTotal":8}} =================================== 
2025-10-15 00:09:42.632 [http-nio-8090-exec-5] INFO  c.z.f.b.context.filter.HeaderUserId2ContextFilter - ===== 删除 ThreadLocal， userId: 100
2025-10-15 00:11:01.871 [http-nio-8090-exec-6] INFO  c.z.f.b.context.filter.HeaderUserId2ContextFilter - ## HeaderUserId2ContextFilter, 用户 ID: 100
2025-10-15 00:11:01.873 [http-nio-8090-exec-6] INFO  c.z.f.b.operationlog.aspect.ApiOperationLogAspect - ====== 请求开始: [获取笔记计数数据], 入参: {"noteId":1978012132934971457}, 请求类: NoteCountController, 请求方法: findNoteCountData =================================== 
2025-10-15 00:11:01.875 [http-nio-8090-exec-6] INFO  c.z.f.b.operationlog.aspect.ApiOperationLogAspect - ====== 请求结束: [获取笔记计数数据], 耗时: 2ms, 出参: {"success":true,"message":null,"errorCode":null,"data":{"noteId":1978012132934971457,"likeTotal":0,"collectTotal":0,"commentTotal":1}} =================================== 
2025-10-15 00:11:01.876 [http-nio-8090-exec-6] INFO  c.z.f.b.context.filter.HeaderUserId2ContextFilter - ===== 删除 ThreadLocal， userId: 100
2025-10-15 00:11:03.452 [http-nio-8090-exec-8] INFO  c.z.f.b.context.filter.HeaderUserId2ContextFilter - ## HeaderUserId2ContextFilter, 用户 ID: 100
2025-10-15 00:11:03.453 [http-nio-8090-exec-8] INFO  c.z.f.b.operationlog.aspect.ApiOperationLogAspect - ====== 请求开始: [获取笔记计数数据], 入参: {"noteId":1978023801027326005}, 请求类: NoteCountController, 请求方法: findNoteCountData =================================== 
2025-10-15 00:11:03.455 [http-nio-8090-exec-8] INFO  c.z.f.b.operationlog.aspect.ApiOperationLogAspect - ====== 请求结束: [获取笔记计数数据], 耗时: 2ms, 出参: {"success":true,"message":null,"errorCode":null,"data":{"noteId":1978023801027326005,"likeTotal":0,"collectTotal":0,"commentTotal":8}} =================================== 
2025-10-15 00:11:03.457 [http-nio-8090-exec-8] INFO  c.z.f.b.context.filter.HeaderUserId2ContextFilter - ===== 删除 ThreadLocal， userId: 100
2025-10-15 00:11:09.803 [http-nio-8090-exec-9] INFO  c.z.f.b.context.filter.HeaderUserId2ContextFilter - ## HeaderUserId2ContextFilter, 用户 ID: 100
2025-10-15 00:11:09.805 [http-nio-8090-exec-9] INFO  c.z.f.b.operationlog.aspect.ApiOperationLogAspect - ====== 请求开始: [获取笔记计数数据], 入参: {"noteId":1978023801027326005}, 请求类: NoteCountController, 请求方法: findNoteCountData =================================== 
2025-10-15 00:11:09.808 [http-nio-8090-exec-9] INFO  c.z.f.b.operationlog.aspect.ApiOperationLogAspect - ====== 请求结束: [获取笔记计数数据], 耗时: 3ms, 出参: {"success":true,"message":null,"errorCode":null,"data":{"noteId":1978023801027326005,"likeTotal":0,"collectTotal":0,"commentTotal":8}} =================================== 
2025-10-15 00:11:09.809 [http-nio-8090-exec-9] INFO  c.z.f.b.context.filter.HeaderUserId2ContextFilter - ===== 删除 ThreadLocal， userId: 100
2025-10-15 00:13:09.103 [http-nio-8090-exec-1] INFO  c.z.f.b.context.filter.HeaderUserId2ContextFilter - ## HeaderUserId2ContextFilter, 用户 ID: 100
2025-10-15 00:13:09.105 [http-nio-8090-exec-1] INFO  c.z.f.b.operationlog.aspect.ApiOperationLogAspect - ====== 请求开始: [获取笔记计数数据], 入参: {"noteId":1977210311236677641}, 请求类: NoteCountController, 请求方法: findNoteCountData =================================== 
2025-10-15 00:13:09.108 [http-nio-8090-exec-1] INFO  c.z.f.b.operationlog.aspect.ApiOperationLogAspect - ====== 请求结束: [获取笔记计数数据], 耗时: 3ms, 出参: {"success":true,"message":null,"errorCode":null,"data":{"noteId":1977210311236677641,"likeTotal":0,"collectTotal":0,"commentTotal":20}} =================================== 
2025-10-15 00:13:09.109 [http-nio-8090-exec-1] INFO  c.z.f.b.context.filter.HeaderUserId2ContextFilter - ===== 删除 ThreadLocal， userId: 100
2025-10-15 00:13:23.025 [http-nio-8090-exec-2] INFO  c.z.f.b.context.filter.HeaderUserId2ContextFilter - ## HeaderUserId2ContextFilter, 用户 ID: 100
2025-10-15 00:13:23.027 [http-nio-8090-exec-2] INFO  c.z.f.b.operationlog.aspect.ApiOperationLogAspect - ====== 请求开始: [获取笔记计数数据], 入参: {"noteId":1977210311236677641}, 请求类: NoteCountController, 请求方法: findNoteCountData =================================== 
2025-10-15 00:13:23.028 [http-nio-8090-exec-2] INFO  c.z.f.b.operationlog.aspect.ApiOperationLogAspect - ====== 请求结束: [获取笔记计数数据], 耗时: 1ms, 出参: {"success":true,"message":null,"errorCode":null,"data":{"noteId":1977210311236677641,"likeTotal":0,"collectTotal":0,"commentTotal":20}} =================================== 
2025-10-15 00:13:23.029 [http-nio-8090-exec-2] INFO  c.z.f.b.context.filter.HeaderUserId2ContextFilter - ===== 删除 ThreadLocal， userId: 100
2025-10-15 00:15:12.932 [http-nio-8090-exec-4] INFO  c.z.f.b.context.filter.HeaderUserId2ContextFilter - ## HeaderUserId2ContextFilter, 用户 ID: 100
2025-10-15 00:15:12.933 [http-nio-8090-exec-4] INFO  c.z.f.b.operationlog.aspect.ApiOperationLogAspect - ====== 请求开始: [获取笔记计数数据], 入参: {"noteId":1977206438811955287}, 请求类: NoteCountController, 请求方法: findNoteCountData =================================== 
2025-10-15 00:15:12.936 [http-nio-8090-exec-4] INFO  c.z.f.b.operationlog.aspect.ApiOperationLogAspect - ====== 请求结束: [获取笔记计数数据], 耗时: 3ms, 出参: {"success":true,"message":null,"errorCode":null,"data":{"noteId":1977206438811955287,"likeTotal":0,"collectTotal":0,"commentTotal":2}} =================================== 
2025-10-15 00:15:12.938 [http-nio-8090-exec-4] INFO  c.z.f.b.context.filter.HeaderUserId2ContextFilter - ===== 删除 ThreadLocal， userId: 100
2025-10-15 00:16:59.182 [http-nio-8090-exec-7] INFO  c.z.f.b.context.filter.HeaderUserId2ContextFilter - ## HeaderUserId2ContextFilter, 用户 ID: 100
2025-10-15 00:16:59.184 [http-nio-8090-exec-7] INFO  c.z.f.b.operationlog.aspect.ApiOperationLogAspect - ====== 请求开始: [获取笔记计数数据], 入参: {"noteId":1978012132934971457}, 请求类: NoteCountController, 请求方法: findNoteCountData =================================== 
2025-10-15 00:16:59.187 [http-nio-8090-exec-7] INFO  c.z.f.b.operationlog.aspect.ApiOperationLogAspect - ====== 请求结束: [获取笔记计数数据], 耗时: 3ms, 出参: {"success":true,"message":null,"errorCode":null,"data":{"noteId":1978012132934971457,"likeTotal":0,"collectTotal":0,"commentTotal":1}} =================================== 
2025-10-15 00:16:59.188 [http-nio-8090-exec-7] INFO  c.z.f.b.context.filter.HeaderUserId2ContextFilter - ===== 删除 ThreadLocal， userId: 100
2025-10-15 00:17:00.379 [http-nio-8090-exec-6] INFO  c.z.f.b.context.filter.HeaderUserId2ContextFilter - ## HeaderUserId2ContextFilter, 用户 ID: 100
2025-10-15 00:17:00.380 [http-nio-8090-exec-6] INFO  c.z.f.b.operationlog.aspect.ApiOperationLogAspect - ====== 请求开始: [获取笔记计数数据], 入参: {"noteId":1977206438811955287}, 请求类: NoteCountController, 请求方法: findNoteCountData =================================== 
2025-10-15 00:17:00.383 [http-nio-8090-exec-6] INFO  c.z.f.b.operationlog.aspect.ApiOperationLogAspect - ====== 请求结束: [获取笔记计数数据], 耗时: 3ms, 出参: {"success":true,"message":null,"errorCode":null,"data":{"noteId":1977206438811955287,"likeTotal":0,"collectTotal":0,"commentTotal":1}} =================================== 
2025-10-15 00:17:00.384 [http-nio-8090-exec-6] INFO  c.z.f.b.context.filter.HeaderUserId2ContextFilter - ===== 删除 ThreadLocal， userId: 100
2025-10-15 00:17:02.951 [http-nio-8090-exec-8] INFO  c.z.f.b.context.filter.HeaderUserId2ContextFilter - ## HeaderUserId2ContextFilter, 用户 ID: 100
2025-10-15 00:17:02.954 [http-nio-8090-exec-8] INFO  c.z.f.b.operationlog.aspect.ApiOperationLogAspect - ====== 请求开始: [获取笔记计数数据], 入参: {"noteId":1978012132934971457}, 请求类: NoteCountController, 请求方法: findNoteCountData =================================== 
2025-10-15 00:17:02.956 [http-nio-8090-exec-8] INFO  c.z.f.b.operationlog.aspect.ApiOperationLogAspect - ====== 请求结束: [获取笔记计数数据], 耗时: 2ms, 出参: {"success":true,"message":null,"errorCode":null,"data":{"noteId":1978012132934971457,"likeTotal":0,"collectTotal":0,"commentTotal":1}} =================================== 
2025-10-15 00:17:02.957 [http-nio-8090-exec-8] INFO  c.z.f.b.context.filter.HeaderUserId2ContextFilter - ===== 删除 ThreadLocal， userId: 100
2025-10-15 00:24:11.279 [Thread-23] WARN  com.alibaba.nacos.common.notify.NotifyCenter - [NotifyCenter] Start destroying Publisher
2025-10-15 00:24:11.279 [Thread-26] WARN  c.alibaba.nacos.common.http.HttpClientBeanHolder - [HttpClientBeanHolder] Start destroying common HttpClient
2025-10-15 00:24:11.290 [Thread-23] WARN  com.alibaba.nacos.common.notify.NotifyCenter - [NotifyCenter] Destruction of the end
2025-10-15 00:24:11.306 [Thread-26] WARN  c.alibaba.nacos.common.http.HttpClientBeanHolder - [HttpClientBeanHolder] Destruction of the end
2025-10-15 09:41:19.598 [main] WARN  com.alibaba.nacos.client.logging.NacosLogging - Load Logback Configuration of Nacos fail, message: Could not initialize Logback Nacos logging from classpath:nacos-logback.xml
2025-10-15 09:41:19.662 [main] WARN  com.alibaba.nacos.client.logging.NacosLogging - Load Logback Configuration of Nacos fail, message: Could not initialize Logback Nacos logging from classpath:nacos-logback.xml
2025-10-15 09:41:20.251 [main] WARN  com.alibaba.nacos.client.logging.NacosLogging - Load Logback Configuration of Nacos fail, message: Could not initialize Logback Nacos logging from classpath:nacos-logback.xml
2025-10-15 09:41:20.267 [main] WARN  com.alibaba.nacos.client.logging.NacosLogging - Load Logback Configuration of Nacos fail, message: Could not initialize Logback Nacos logging from classpath:nacos-logback.xml
2025-10-15 09:41:20.268 [main] INFO  c.z.x.count.biz.XiaohongshuCountBizApplication - The following 1 profile is active: "dev"
2025-10-15 09:41:21.030 [main] INFO  o.s.d.r.config.RepositoryConfigurationDelegate - Multiple Spring Data modules found, entering strict repository configuration mode
2025-10-15 09:41:21.034 [main] INFO  o.s.d.r.config.RepositoryConfigurationDelegate - Bootstrapping Spring Data Redis repositories in DEFAULT mode.
2025-10-15 09:41:21.070 [main] INFO  o.s.d.r.config.RepositoryConfigurationDelegate - Finished Spring Data repository scanning in 17 ms. Found 0 Redis repository interfaces.
2025-10-15 09:41:21.352 [main] INFO  o.springframework.cloud.context.scope.GenericScope - BeanFactory id=998a0c8b-0835-3617-b765-04d211cdd71c
2025-10-15 09:41:21.683 [main] INFO  o.s.c.s.PostProcessorRegistrationDelegate$BeanPostProcessorChecker - Bean 'org.apache.rocketmq.spring.autoconfigure.MessageConverterConfiguration' of type [org.apache.rocketmq.spring.autoconfigure.MessageConverterConfiguration$$SpringCGLIB$$0] is not eligible for getting processed by all BeanPostProcessors (for example: not eligible for auto-proxying)
2025-10-15 09:41:21.756 [main] INFO  o.s.c.s.PostProcessorRegistrationDelegate$BeanPostProcessorChecker - Bean 'createRocketMQMessageConverter' of type [org.apache.rocketmq.spring.support.RocketMQMessageConverter] is not eligible for getting processed by all BeanPostProcessors (for example: not eligible for auto-proxying)
2025-10-15 09:41:21.758 [main] INFO  o.s.c.s.PostProcessorRegistrationDelegate$BeanPostProcessorChecker - Bean 'org.springframework.cloud.commons.config.CommonsConfigAutoConfiguration' of type [org.springframework.cloud.commons.config.CommonsConfigAutoConfiguration] is not eligible for getting processed by all BeanPostProcessors (for example: not eligible for auto-proxying)
2025-10-15 09:41:21.763 [main] INFO  o.s.c.s.PostProcessorRegistrationDelegate$BeanPostProcessorChecker - Bean 'org.springframework.cloud.client.loadbalancer.LoadBalancerDefaultMappingsProviderAutoConfiguration' of type [org.springframework.cloud.client.loadbalancer.LoadBalancerDefaultMappingsProviderAutoConfiguration] is not eligible for getting processed by all BeanPostProcessors (for example: not eligible for auto-proxying)
2025-10-15 09:41:21.763 [main] INFO  o.s.c.s.PostProcessorRegistrationDelegate$BeanPostProcessorChecker - Bean 'loadBalancerClientsDefaultsMappingsProvider' of type [org.springframework.cloud.client.loadbalancer.LoadBalancerDefaultMappingsProviderAutoConfiguration$$Lambda$724/0x0000024bb951c7b8] is not eligible for getting processed by all BeanPostProcessors (for example: not eligible for auto-proxying)
2025-10-15 09:41:21.765 [main] INFO  o.s.c.s.PostProcessorRegistrationDelegate$BeanPostProcessorChecker - Bean 'defaultsBindHandlerAdvisor' of type [org.springframework.cloud.commons.config.DefaultsBindHandlerAdvisor] is not eligible for getting processed by all BeanPostProcessors (for example: not eligible for auto-proxying)
2025-10-15 09:41:21.780 [main] INFO  o.s.c.s.PostProcessorRegistrationDelegate$BeanPostProcessorChecker - Bean 'rocketmq-org.apache.rocketmq.spring.autoconfigure.RocketMQProperties' of type [org.apache.rocketmq.spring.autoconfigure.RocketMQProperties] is not eligible for getting processed by all BeanPostProcessors (for example: not eligible for auto-proxying)
2025-10-15 09:41:21.780 [main] INFO  o.s.c.s.PostProcessorRegistrationDelegate$BeanPostProcessorChecker - Bean 'org.apache.rocketmq.spring.autoconfigure.ListenerContainerConfiguration' of type [org.apache.rocketmq.spring.autoconfigure.ListenerContainerConfiguration$$SpringCGLIB$$0] is not eligible for getting processed by all BeanPostProcessors (for example: not eligible for auto-proxying)
2025-10-15 09:41:22.058 [main] INFO  o.s.boot.web.embedded.tomcat.TomcatWebServer - Tomcat initialized with port(s): 8090 (http)
2025-10-15 09:41:22.059 [main] INFO  org.apache.catalina.core.AprLifecycleListener - Loaded Apache Tomcat Native library [2.0.3] using APR version [1.7.2].
2025-10-15 09:41:22.065 [main] INFO  org.apache.catalina.core.AprLifecycleListener - OpenSSL successfully initialized [OpenSSL 3.0.8 7 Feb 2023]
2025-10-15 09:41:22.075 [main] INFO  org.apache.catalina.core.StandardService - Starting service [Tomcat]
2025-10-15 09:41:22.075 [main] INFO  org.apache.catalina.core.StandardEngine - Starting Servlet engine: [Apache Tomcat/10.1.5]
2025-10-15 09:41:22.191 [main] INFO  o.a.c.core.ContainerBase.[Tomcat].[localhost].[/] - Initializing Spring embedded WebApplicationContext
2025-10-15 09:41:22.192 [main] INFO  o.s.b.w.s.c.ServletWebServerApplicationContext - Root WebApplicationContext: initialization completed in 1903 ms
2025-10-15 09:41:22.315 [main] INFO  c.a.d.s.b.a.DruidDataSourceAutoConfigure - Init DruidDataSource
2025-10-15 09:41:22.802 [main] INFO  com.alibaba.druid.pool.DruidDataSource - {dataSource-1} inited
2025-10-15 09:41:23.865 [main] INFO  o.a.r.s.support.DefaultRocketMQListenerContainer - running container: DefaultRocketMQListenerContainer{consumerGroup='xiaohongshu_group_CountCommentLike2DBTTopic', namespace='', nameServer='127.0.0.1:9876', topic='CountCommentLike2DBTTopic', consumeMode=CONCURRENTLY, selectorType=TAG, selectorExpression='*', messageModel=CLUSTERING', tlsEnable=false, instanceName=DEFAULT}
2025-10-15 09:41:23.865 [main] INFO  o.a.r.s.a.ListenerContainerConfiguration - Register the listener to container, listenerBeanName:countCommentLike2DBConsumer, containerBeanName:org.apache.rocketmq.spring.support.DefaultRocketMQListenerContainer_1
2025-10-15 09:41:24.205 [main] INFO  o.a.r.s.autoconfigure.RocketMQAutoConfiguration - a producer (xiaohongshu_group) init on namesrv 127.0.0.1:9876
2025-10-15 09:41:24.332 [main] INFO  o.a.r.s.support.DefaultRocketMQListenerContainer - running container: DefaultRocketMQListenerContainer{consumerGroup='xiaohongshu_group_count_CommentLikeUnlikeTopic', namespace='', nameServer='127.0.0.1:9876', topic='CommentLikeUnlikeTopic', consumeMode=CONCURRENTLY, selectorType=TAG, selectorExpression='*', messageModel=CLUSTERING', tlsEnable=false, instanceName=DEFAULT}
2025-10-15 09:41:24.332 [main] INFO  o.a.r.s.a.ListenerContainerConfiguration - Register the listener to container, listenerBeanName:countCommentLikeConsumer, containerBeanName:org.apache.rocketmq.spring.support.DefaultRocketMQListenerContainer_2
2025-10-15 09:41:24.419 [main] INFO  o.a.r.s.support.DefaultRocketMQListenerContainer - running container: DefaultRocketMQListenerContainer{consumerGroup='xiaohongshu_group_CountFans2DBTopic', namespace='', nameServer='127.0.0.1:9876', topic='CountFans2DBTopic', consumeMode=CONCURRENTLY, selectorType=TAG, selectorExpression='*', messageModel=CLUSTERING', tlsEnable=false, instanceName=DEFAULT}
2025-10-15 09:41:24.419 [main] INFO  o.a.r.s.a.ListenerContainerConfiguration - Register the listener to container, listenerBeanName:countFans2DBConsumer, containerBeanName:org.apache.rocketmq.spring.support.DefaultRocketMQListenerContainer_3
2025-10-15 09:41:24.499 [main] INFO  o.a.r.s.support.DefaultRocketMQListenerContainer - running container: DefaultRocketMQListenerContainer{consumerGroup='xiaohongshu_group_CountFansTopic', namespace='', nameServer='127.0.0.1:9876', topic='CountFansTopic', consumeMode=CONCURRENTLY, selectorType=TAG, selectorExpression='*', messageModel=CLUSTERING', tlsEnable=false, instanceName=DEFAULT}
2025-10-15 09:41:24.499 [main] INFO  o.a.r.s.a.ListenerContainerConfiguration - Register the listener to container, listenerBeanName:countFansConsumer, containerBeanName:org.apache.rocketmq.spring.support.DefaultRocketMQListenerContainer_4
2025-10-15 09:41:24.580 [main] INFO  o.a.r.s.support.DefaultRocketMQListenerContainer - running container: DefaultRocketMQListenerContainer{consumerGroup='xiaohongshu_group_CountFollowing2DBTopic', namespace='', nameServer='127.0.0.1:9876', topic='CountFollowing2DBTopic', consumeMode=CONCURRENTLY, selectorType=TAG, selectorExpression='*', messageModel=CLUSTERING', tlsEnable=false, instanceName=DEFAULT}
2025-10-15 09:41:24.580 [main] INFO  o.a.r.s.a.ListenerContainerConfiguration - Register the listener to container, listenerBeanName:countFollowing2DBConsumer, containerBeanName:org.apache.rocketmq.spring.support.DefaultRocketMQListenerContainer_5
2025-10-15 09:41:24.659 [main] INFO  o.a.r.s.support.DefaultRocketMQListenerContainer - running container: DefaultRocketMQListenerContainer{consumerGroup='xiaohongshu_group_CountFollowingTopic', namespace='', nameServer='127.0.0.1:9876', topic='CountFollowingTopic', consumeMode=CONCURRENTLY, selectorType=TAG, selectorExpression='*', messageModel=CLUSTERING', tlsEnable=false, instanceName=DEFAULT}
2025-10-15 09:41:24.659 [main] INFO  o.a.r.s.a.ListenerContainerConfiguration - Register the listener to container, listenerBeanName:countFollowingConsumer, containerBeanName:org.apache.rocketmq.spring.support.DefaultRocketMQListenerContainer_6
2025-10-15 09:41:24.739 [main] INFO  o.a.r.s.support.DefaultRocketMQListenerContainer - running container: DefaultRocketMQListenerContainer{consumerGroup='xiaohongshu_group_child_comment_totalCountNoteCommentTopic', namespace='', nameServer='127.0.0.1:9876', topic='CountNoteCommentTopic', consumeMode=CONCURRENTLY, selectorType=TAG, selectorExpression='*', messageModel=CLUSTERING', tlsEnable=false, instanceName=DEFAULT}
2025-10-15 09:41:24.740 [main] INFO  o.a.r.s.a.ListenerContainerConfiguration - Register the listener to container, listenerBeanName:countNoteChildCommentConsumer, containerBeanName:org.apache.rocketmq.spring.support.DefaultRocketMQListenerContainer_7
2025-10-15 09:41:24.844 [main] INFO  o.a.r.s.support.DefaultRocketMQListenerContainer - running container: DefaultRocketMQListenerContainer{consumerGroup='xiaohongshu_group_CountNoteCollect2DBTTopic', namespace='', nameServer='127.0.0.1:9876', topic='CountNoteCollect2DBTTopic', consumeMode=CONCURRENTLY, selectorType=TAG, selectorExpression='*', messageModel=CLUSTERING', tlsEnable=false, instanceName=DEFAULT}
2025-10-15 09:41:24.844 [main] INFO  o.a.r.s.a.ListenerContainerConfiguration - Register the listener to container, listenerBeanName:countNoteCollect2DBConsumer, containerBeanName:org.apache.rocketmq.spring.support.DefaultRocketMQListenerContainer_8
2025-10-15 09:41:24.913 [main] INFO  o.a.r.s.support.DefaultRocketMQListenerContainer - running container: DefaultRocketMQListenerContainer{consumerGroup='xiaohongshu_group_CountNoteCollectTopic', namespace='', nameServer='127.0.0.1:9876', topic='CountNoteCollectTopic', consumeMode=CONCURRENTLY, selectorType=TAG, selectorExpression='*', messageModel=CLUSTERING', tlsEnable=false, instanceName=DEFAULT}
2025-10-15 09:41:24.913 [main] INFO  o.a.r.s.a.ListenerContainerConfiguration - Register the listener to container, listenerBeanName:countNoteCollectConsumer, containerBeanName:org.apache.rocketmq.spring.support.DefaultRocketMQListenerContainer_9
2025-10-15 09:41:24.976 [main] INFO  o.a.r.s.support.DefaultRocketMQListenerContainer - running container: DefaultRocketMQListenerContainer{consumerGroup='xiaohongshu_group_CountNoteCommentTopic', namespace='', nameServer='127.0.0.1:9876', topic='CountNoteCommentTopic', consumeMode=CONCURRENTLY, selectorType=TAG, selectorExpression='*', messageModel=CLUSTERING', tlsEnable=false, instanceName=DEFAULT}
2025-10-15 09:41:24.976 [main] INFO  o.a.r.s.a.ListenerContainerConfiguration - Register the listener to container, listenerBeanName:countNoteCommentConsumer, containerBeanName:org.apache.rocketmq.spring.support.DefaultRocketMQListenerContainer_10
2025-10-15 09:41:25.037 [main] INFO  o.a.r.s.support.DefaultRocketMQListenerContainer - running container: DefaultRocketMQListenerContainer{consumerGroup='xiaohongshu_group_CountNoteLike2DBTTopic', namespace='', nameServer='127.0.0.1:9876', topic='CountNoteLike2DBTTopic', consumeMode=CONCURRENTLY, selectorType=TAG, selectorExpression='*', messageModel=CLUSTERING', tlsEnable=false, instanceName=DEFAULT}
2025-10-15 09:41:25.037 [main] INFO  o.a.r.s.a.ListenerContainerConfiguration - Register the listener to container, listenerBeanName:countNoteLike2DBConsumer, containerBeanName:org.apache.rocketmq.spring.support.DefaultRocketMQListenerContainer_11
2025-10-15 09:41:25.103 [main] INFO  o.a.r.s.support.DefaultRocketMQListenerContainer - running container: DefaultRocketMQListenerContainer{consumerGroup='xiaohongshu_group_LikeUnlikeTopic', namespace='', nameServer='127.0.0.1:9876', topic='LikeUnlikeTopic', consumeMode=CONCURRENTLY, selectorType=TAG, selectorExpression='*', messageModel=CLUSTERING', tlsEnable=false, instanceName=DEFAULT}
2025-10-15 09:41:25.104 [main] INFO  o.a.r.s.a.ListenerContainerConfiguration - Register the listener to container, listenerBeanName:countNoteLikeConsumer, containerBeanName:org.apache.rocketmq.spring.support.DefaultRocketMQListenerContainer_12
2025-10-15 09:41:25.170 [main] INFO  o.a.r.s.support.DefaultRocketMQListenerContainer - running container: DefaultRocketMQListenerContainer{consumerGroup='xiaohongshu_group_NoteOperateTopic', namespace='', nameServer='127.0.0.1:9876', topic='NoteOperateTopic', consumeMode=CONCURRENTLY, selectorType=TAG, selectorExpression='*', messageModel=CLUSTERING', tlsEnable=false, instanceName=DEFAULT}
2025-10-15 09:41:25.171 [main] INFO  o.a.r.s.a.ListenerContainerConfiguration - Register the listener to container, listenerBeanName:countNotePublishConsumer, containerBeanName:org.apache.rocketmq.spring.support.DefaultRocketMQListenerContainer_13
2025-10-15 09:41:26.472 [main] WARN  o.s.c.l.c.LoadBalancerCacheAutoConfiguration$LoadBalancerCaffeineWarnLogger - Spring Cloud LoadBalancer is currently working with the default cache. While this cache implementation is useful for development and tests, it's recommended to use Caffeine cache in production.You can switch to using Caffeine cache, by adding it and org.springframework.cache.caffeine.CaffeineCacheManager to the classpath.
2025-10-15 09:41:26.587 [main] INFO  o.s.boot.web.embedded.tomcat.TomcatWebServer - Tomcat started on port(s): 8090 (http) with context path ''
2025-10-15 09:41:26.597 [main] WARN  com.alibaba.nacos.client.logging.NacosLogging - Load Logback Configuration of Nacos fail, message: Could not initialize Logback Nacos logging from classpath:nacos-logback.xml
2025-10-15 09:41:26.597 [main] INFO  com.alibaba.nacos.client.naming - initializer namespace from ans.namespace attribute : null
2025-10-15 09:41:26.598 [main] INFO  com.alibaba.nacos.client.naming - initializer namespace from ALIBABA_ALIWARE_NAMESPACE attribute :null
2025-10-15 09:41:26.600 [main] INFO  com.alibaba.nacos.client.naming - initializer namespace from namespace attribute :null
2025-10-15 09:41:26.630 [main] INFO  com.alibaba.nacos.client.utils.ParamUtil - [settings] [req-serv] nacos-server port:8848
2025-10-15 09:41:26.630 [main] INFO  com.alibaba.nacos.client.utils.ParamUtil - [settings] [http-client] connect timeout:1000
2025-10-15 09:41:26.631 [main] INFO  com.alibaba.nacos.client.utils.ParamUtil - PER_TASK_CONFIG_SIZE: 3000.0
2025-10-15 09:41:26.634 [main] INFO  c.a.n.p.auth.spi.client.ClientAuthPluginManager - [ClientAuthPluginManager] Load ClientAuthService com.alibaba.nacos.client.auth.impl.NacosClientAuthServiceImpl success.
2025-10-15 09:41:26.634 [main] INFO  c.a.n.p.auth.spi.client.ClientAuthPluginManager - [ClientAuthPluginManager] Load ClientAuthService com.alibaba.nacos.client.auth.ram.RamClientAuthServiceImpl success.
2025-10-15 09:41:26.638 [main] INFO  c.a.n.client.auth.ram.identify.CredentialWatcher - null No credential found
2025-10-15 09:41:26.648 [main] INFO  com.alibaba.nacos.common.remote.client - [RpcClientFactory] create a new rpc client of 6c2ec68c-27e1-4991-882c-0344f4410414
2025-10-15 09:41:26.676 [main] INFO  com.alibaba.nacos.common.remote.client - [6c2ec68c-27e1-4991-882c-0344f4410414] RpcClient init, ServerListFactory = com.alibaba.nacos.client.naming.core.ServerListManager
2025-10-15 09:41:26.676 [main] INFO  com.alibaba.nacos.common.remote.client - [6c2ec68c-27e1-4991-882c-0344f4410414] Registry connection listener to current client:com.alibaba.nacos.client.naming.remote.gprc.redo.NamingGrpcRedoService
2025-10-15 09:41:26.676 [main] INFO  com.alibaba.nacos.common.remote.client - [6c2ec68c-27e1-4991-882c-0344f4410414] Register server push request handler:com.alibaba.nacos.client.naming.remote.gprc.NamingPushRequestHandler
2025-10-15 09:41:26.679 [main] INFO  com.alibaba.nacos.common.remote.client - [6c2ec68c-27e1-4991-882c-0344f4410414] Try to connect to server on start up, server: {serverIp = '8.134.88.169', server main port = 8848}
2025-10-15 09:41:26.709 [main] INFO  c.a.nacos.common.remote.client.grpc.GrpcClient - grpc client connection server:8.134.88.169 ip,serverPort:9848,grpcTslConfig:{"sslProvider":"OPENSSL","enableTls":false,"mutualAuthEnable":false,"trustAll":false}
2025-10-15 09:41:27.855 [main] INFO  com.alibaba.nacos.common.remote.client - [6c2ec68c-27e1-4991-882c-0344f4410414] Success to connect to server [8.134.88.169:8848] on start up, connectionId = 1760492486917_112.94.129.49_1242
2025-10-15 09:41:27.856 [com.alibaba.nacos.client.remote.worker] INFO  com.alibaba.nacos.common.remote.client - [6c2ec68c-27e1-4991-882c-0344f4410414] Notify connected event to listeners.
2025-10-15 09:41:27.856 [com.alibaba.nacos.client.remote.worker] INFO  com.alibaba.nacos.client.naming - Grpc connection connect
2025-10-15 09:41:27.857 [main] INFO  com.alibaba.nacos.common.remote.client - [6c2ec68c-27e1-4991-882c-0344f4410414] Register server push request handler:com.alibaba.nacos.common.remote.client.RpcClient$ConnectResetRequestHandler
2025-10-15 09:41:27.857 [main] INFO  com.alibaba.nacos.common.remote.client - [6c2ec68c-27e1-4991-882c-0344f4410414] Register server push request handler:com.alibaba.nacos.common.remote.client.RpcClient$$Lambda$1251/0x0000024bb99a4800
2025-10-15 09:41:27.859 [main] INFO  com.alibaba.nacos.client.naming - [REGISTER-SERVICE] xiaohongshu registering service xiaohongshu-count with instance Instance{instanceId='null', ip='10.2.66.30', port=8090, weight=1.0, healthy=true, enabled=true, ephemeral=true, clusterName='DEFAULT', serviceName='null', metadata={IPv6=null, preserved.register.source=SPRING_CLOUD}}
2025-10-15 09:41:27.879 [main] INFO  c.a.cloud.nacos.registry.NacosServiceRegistry - nacos registry, DEFAULT_GROUP xiaohongshu-count 10.2.66.30:8090 register finished
2025-10-15 09:41:28.115 [main] INFO  c.z.x.count.biz.XiaohongshuCountBizApplication - Started XiaohongshuCountBizApplication in 9.346 seconds (process running for 10.314)
