2025-10-23 15:02:20.177 [main] WARN  com.alibaba.nacos.client.logging.NacosLogging - Load Logback Configuration of Nacos fail, message: Could not initialize Logback Nacos logging from classpath:nacos-logback.xml
2025-10-23 15:02:20.307 [main] WARN  com.alibaba.nacos.client.logging.NacosLogging - Load Logback Configuration of Nacos fail, message: Could not initialize Logback Nacos logging from classpath:nacos-logback.xml
2025-10-23 15:02:21.126 [main] WARN  com.alibaba.nacos.client.logging.NacosLogging - Load Logback Configuration of Nacos fail, message: Could not initialize Logback Nacos logging from classpath:nacos-logback.xml
2025-10-23 15:02:21.150 [main] WARN  com.alibaba.nacos.client.logging.NacosLogging - Load Logback Configuration of Nacos fail, message: Could not initialize Logback Nacos logging from classpath:nacos-logback.xml
2025-10-23 15:02:21.151 [main] INFO  c.z.x.count.biz.XiaohongshuCountBizApplication - The following 1 profile is active: "dev"
2025-10-23 15:02:22.638 [main] INFO  o.s.d.r.config.RepositoryConfigurationDelegate - Multiple Spring Data modules found, entering strict repository configuration mode
2025-10-23 15:02:22.638 [main] INFO  o.s.d.r.config.RepositoryConfigurationDelegate - Bootstrapping Spring Data Redis repositories in DEFAULT mode.
2025-10-23 15:02:22.700 [main] INFO  o.s.d.r.config.RepositoryConfigurationDelegate - Finished Spring Data repository scanning in 22 ms. Found 0 Redis repository interfaces.
2025-10-23 15:02:23.142 [main] INFO  o.springframework.cloud.context.scope.GenericScope - BeanFactory id=998a0c8b-0835-3617-b765-04d211cdd71c
2025-10-23 15:02:23.671 [main] INFO  o.s.c.s.PostProcessorRegistrationDelegate$BeanPostProcessorChecker - Bean 'org.apache.rocketmq.spring.autoconfigure.MessageConverterConfiguration' of type [org.apache.rocketmq.spring.autoconfigure.MessageConverterConfiguration$$SpringCGLIB$$0] is not eligible for getting processed by all BeanPostProcessors (for example: not eligible for auto-proxying)
2025-10-23 15:02:23.785 [main] INFO  o.s.c.s.PostProcessorRegistrationDelegate$BeanPostProcessorChecker - Bean 'createRocketMQMessageConverter' of type [org.apache.rocketmq.spring.support.RocketMQMessageConverter] is not eligible for getting processed by all BeanPostProcessors (for example: not eligible for auto-proxying)
2025-10-23 15:02:23.785 [main] INFO  o.s.c.s.PostProcessorRegistrationDelegate$BeanPostProcessorChecker - Bean 'org.springframework.cloud.commons.config.CommonsConfigAutoConfiguration' of type [org.springframework.cloud.commons.config.CommonsConfigAutoConfiguration] is not eligible for getting processed by all BeanPostProcessors (for example: not eligible for auto-proxying)
2025-10-23 15:02:23.797 [main] INFO  o.s.c.s.PostProcessorRegistrationDelegate$BeanPostProcessorChecker - Bean 'org.springframework.cloud.client.loadbalancer.LoadBalancerDefaultMappingsProviderAutoConfiguration' of type [org.springframework.cloud.client.loadbalancer.LoadBalancerDefaultMappingsProviderAutoConfiguration] is not eligible for getting processed by all BeanPostProcessors (for example: not eligible for auto-proxying)
2025-10-23 15:02:23.799 [main] INFO  o.s.c.s.PostProcessorRegistrationDelegate$BeanPostProcessorChecker - Bean 'loadBalancerClientsDefaultsMappingsProvider' of type [org.springframework.cloud.client.loadbalancer.LoadBalancerDefaultMappingsProviderAutoConfiguration$$Lambda$724/0x0000023c0151aa58] is not eligible for getting processed by all BeanPostProcessors (for example: not eligible for auto-proxying)
2025-10-23 15:02:23.802 [main] INFO  o.s.c.s.PostProcessorRegistrationDelegate$BeanPostProcessorChecker - Bean 'defaultsBindHandlerAdvisor' of type [org.springframework.cloud.commons.config.DefaultsBindHandlerAdvisor] is not eligible for getting processed by all BeanPostProcessors (for example: not eligible for auto-proxying)
2025-10-23 15:02:23.823 [main] INFO  o.s.c.s.PostProcessorRegistrationDelegate$BeanPostProcessorChecker - Bean 'rocketmq-org.apache.rocketmq.spring.autoconfigure.RocketMQProperties' of type [org.apache.rocketmq.spring.autoconfigure.RocketMQProperties] is not eligible for getting processed by all BeanPostProcessors (for example: not eligible for auto-proxying)
2025-10-23 15:02:23.825 [main] INFO  o.s.c.s.PostProcessorRegistrationDelegate$BeanPostProcessorChecker - Bean 'org.apache.rocketmq.spring.autoconfigure.ListenerContainerConfiguration' of type [org.apache.rocketmq.spring.autoconfigure.ListenerContainerConfiguration$$SpringCGLIB$$0] is not eligible for getting processed by all BeanPostProcessors (for example: not eligible for auto-proxying)
2025-10-23 15:02:24.264 [main] INFO  o.s.boot.web.embedded.tomcat.TomcatWebServer - Tomcat initialized with port(s): 8090 (http)
2025-10-23 15:02:24.266 [main] INFO  org.apache.catalina.core.AprLifecycleListener - Loaded Apache Tomcat Native library [2.0.3] using APR version [1.7.2].
2025-10-23 15:02:24.271 [main] INFO  org.apache.catalina.core.AprLifecycleListener - OpenSSL successfully initialized [OpenSSL 3.0.8 7 Feb 2023]
2025-10-23 15:02:24.289 [main] INFO  org.apache.catalina.core.StandardService - Starting service [Tomcat]
2025-10-23 15:02:24.289 [main] INFO  org.apache.catalina.core.StandardEngine - Starting Servlet engine: [Apache Tomcat/10.1.5]
2025-10-23 15:02:24.470 [main] INFO  o.a.c.core.ContainerBase.[Tomcat].[localhost].[/] - Initializing Spring embedded WebApplicationContext
2025-10-23 15:02:24.470 [main] INFO  o.s.b.w.s.c.ServletWebServerApplicationContext - Root WebApplicationContext: initialization completed in 3295 ms
2025-10-23 15:02:24.664 [main] INFO  c.a.d.s.b.a.DruidDataSourceAutoConfigure - Init DruidDataSource
2025-10-23 15:02:25.335 [main] INFO  com.alibaba.druid.pool.DruidDataSource - {dataSource-1} inited
2025-10-23 15:02:26.845 [main] INFO  o.a.r.s.support.DefaultRocketMQListenerContainer - running container: DefaultRocketMQListenerContainer{consumerGroup='xiaohongshu_group_CountCommentLike2DBTTopic', namespace='', nameServer='127.0.0.1:9876', topic='CountCommentLike2DBTTopic', consumeMode=CONCURRENTLY, selectorType=TAG, selectorExpression='*', messageModel=CLUSTERING', tlsEnable=false, instanceName=DEFAULT}
2025-10-23 15:02:26.846 [main] INFO  o.a.r.s.a.ListenerContainerConfiguration - Register the listener to container, listenerBeanName:countCommentLike2DBConsumer, containerBeanName:org.apache.rocketmq.spring.support.DefaultRocketMQListenerContainer_1
2025-10-23 15:02:27.517 [main] INFO  o.a.r.s.autoconfigure.RocketMQAutoConfiguration - a producer (xiaohongshu_group) init on namesrv 127.0.0.1:9876
2025-10-23 15:02:27.728 [main] INFO  o.a.r.s.support.DefaultRocketMQListenerContainer - running container: DefaultRocketMQListenerContainer{consumerGroup='xiaohongshu_group_count_CommentLikeUnlikeTopic', namespace='', nameServer='127.0.0.1:9876', topic='CommentLikeUnlikeTopic', consumeMode=CONCURRENTLY, selectorType=TAG, selectorExpression='*', messageModel=CLUSTERING', tlsEnable=false, instanceName=DEFAULT}
2025-10-23 15:02:27.728 [main] INFO  o.a.r.s.a.ListenerContainerConfiguration - Register the listener to container, listenerBeanName:countCommentLikeConsumer, containerBeanName:org.apache.rocketmq.spring.support.DefaultRocketMQListenerContainer_2
2025-10-23 15:02:27.869 [main] INFO  o.a.r.s.support.DefaultRocketMQListenerContainer - running container: DefaultRocketMQListenerContainer{consumerGroup='xiaohongshu_group_CountFans2DBTopic', namespace='', nameServer='127.0.0.1:9876', topic='CountFans2DBTopic', consumeMode=CONCURRENTLY, selectorType=TAG, selectorExpression='*', messageModel=CLUSTERING', tlsEnable=false, instanceName=DEFAULT}
2025-10-23 15:02:27.869 [main] INFO  o.a.r.s.a.ListenerContainerConfiguration - Register the listener to container, listenerBeanName:countFans2DBConsumer, containerBeanName:org.apache.rocketmq.spring.support.DefaultRocketMQListenerContainer_3
2025-10-23 15:02:27.991 [main] INFO  o.a.r.s.support.DefaultRocketMQListenerContainer - running container: DefaultRocketMQListenerContainer{consumerGroup='xiaohongshu_group_CountFansTopic', namespace='', nameServer='127.0.0.1:9876', topic='CountFansTopic', consumeMode=CONCURRENTLY, selectorType=TAG, selectorExpression='*', messageModel=CLUSTERING', tlsEnable=false, instanceName=DEFAULT}
2025-10-23 15:02:27.991 [main] INFO  o.a.r.s.a.ListenerContainerConfiguration - Register the listener to container, listenerBeanName:countFansConsumer, containerBeanName:org.apache.rocketmq.spring.support.DefaultRocketMQListenerContainer_4
2025-10-23 15:02:28.119 [main] INFO  o.a.r.s.support.DefaultRocketMQListenerContainer - running container: DefaultRocketMQListenerContainer{consumerGroup='xiaohongshu_group_CountFollowing2DBTopic', namespace='', nameServer='127.0.0.1:9876', topic='CountFollowing2DBTopic', consumeMode=CONCURRENTLY, selectorType=TAG, selectorExpression='*', messageModel=CLUSTERING', tlsEnable=false, instanceName=DEFAULT}
2025-10-23 15:02:28.119 [main] INFO  o.a.r.s.a.ListenerContainerConfiguration - Register the listener to container, listenerBeanName:countFollowing2DBConsumer, containerBeanName:org.apache.rocketmq.spring.support.DefaultRocketMQListenerContainer_5
2025-10-23 15:02:28.244 [main] INFO  o.a.r.s.support.DefaultRocketMQListenerContainer - running container: DefaultRocketMQListenerContainer{consumerGroup='xiaohongshu_group_CountFollowingTopic', namespace='', nameServer='127.0.0.1:9876', topic='CountFollowingTopic', consumeMode=CONCURRENTLY, selectorType=TAG, selectorExpression='*', messageModel=CLUSTERING', tlsEnable=false, instanceName=DEFAULT}
2025-10-23 15:02:28.244 [main] INFO  o.a.r.s.a.ListenerContainerConfiguration - Register the listener to container, listenerBeanName:countFollowingConsumer, containerBeanName:org.apache.rocketmq.spring.support.DefaultRocketMQListenerContainer_6
2025-10-23 15:02:28.363 [main] INFO  o.a.r.s.support.DefaultRocketMQListenerContainer - running container: DefaultRocketMQListenerContainer{consumerGroup='xiaohongshu_group_child_comment_totalCountNoteCommentTopic', namespace='', nameServer='127.0.0.1:9876', topic='CountNoteCommentTopic', consumeMode=CONCURRENTLY, selectorType=TAG, selectorExpression='*', messageModel=CLUSTERING', tlsEnable=false, instanceName=DEFAULT}
2025-10-23 15:02:28.363 [main] INFO  o.a.r.s.a.ListenerContainerConfiguration - Register the listener to container, listenerBeanName:countNoteChildCommentConsumer, containerBeanName:org.apache.rocketmq.spring.support.DefaultRocketMQListenerContainer_7
2025-10-23 15:02:28.535 [main] INFO  o.a.r.s.support.DefaultRocketMQListenerContainer - running container: DefaultRocketMQListenerContainer{consumerGroup='xiaohongshu_group_CountNoteCollect2DBTTopic', namespace='', nameServer='127.0.0.1:9876', topic='CountNoteCollect2DBTTopic', consumeMode=CONCURRENTLY, selectorType=TAG, selectorExpression='*', messageModel=CLUSTERING', tlsEnable=false, instanceName=DEFAULT}
2025-10-23 15:02:28.536 [main] INFO  o.a.r.s.a.ListenerContainerConfiguration - Register the listener to container, listenerBeanName:countNoteCollect2DBConsumer, containerBeanName:org.apache.rocketmq.spring.support.DefaultRocketMQListenerContainer_8
2025-10-23 15:02:28.667 [main] INFO  o.a.r.s.support.DefaultRocketMQListenerContainer - running container: DefaultRocketMQListenerContainer{consumerGroup='xiaohongshu_group_CountNoteCollectTopic', namespace='', nameServer='127.0.0.1:9876', topic='CountNoteCollectTopic', consumeMode=CONCURRENTLY, selectorType=TAG, selectorExpression='*', messageModel=CLUSTERING', tlsEnable=false, instanceName=DEFAULT}
2025-10-23 15:02:28.668 [main] INFO  o.a.r.s.a.ListenerContainerConfiguration - Register the listener to container, listenerBeanName:countNoteCollectConsumer, containerBeanName:org.apache.rocketmq.spring.support.DefaultRocketMQListenerContainer_9
2025-10-23 15:02:28.803 [main] INFO  o.a.r.s.support.DefaultRocketMQListenerContainer - running container: DefaultRocketMQListenerContainer{consumerGroup='xiaohongshu_group_CountNoteCommentTopic', namespace='', nameServer='127.0.0.1:9876', topic='CountNoteCommentTopic', consumeMode=CONCURRENTLY, selectorType=TAG, selectorExpression='*', messageModel=CLUSTERING', tlsEnable=false, instanceName=DEFAULT}
2025-10-23 15:02:28.803 [main] INFO  o.a.r.s.a.ListenerContainerConfiguration - Register the listener to container, listenerBeanName:countNoteCommentConsumer, containerBeanName:org.apache.rocketmq.spring.support.DefaultRocketMQListenerContainer_10
2025-10-23 15:02:29.117 [main] INFO  o.a.r.s.support.DefaultRocketMQListenerContainer - running container: DefaultRocketMQListenerContainer{consumerGroup='xiaohongshu_group_CountNoteLike2DBTTopic', namespace='', nameServer='127.0.0.1:9876', topic='CountNoteLike2DBTTopic', consumeMode=CONCURRENTLY, selectorType=TAG, selectorExpression='*', messageModel=CLUSTERING', tlsEnable=false, instanceName=DEFAULT}
2025-10-23 15:02:29.117 [main] INFO  o.a.r.s.a.ListenerContainerConfiguration - Register the listener to container, listenerBeanName:countNoteLike2DBConsumer, containerBeanName:org.apache.rocketmq.spring.support.DefaultRocketMQListenerContainer_11
2025-10-23 15:02:29.241 [main] INFO  o.a.r.s.support.DefaultRocketMQListenerContainer - running container: DefaultRocketMQListenerContainer{consumerGroup='xiaohongshu_group_LikeUnlikeTopic', namespace='', nameServer='127.0.0.1:9876', topic='LikeUnlikeTopic', consumeMode=CONCURRENTLY, selectorType=TAG, selectorExpression='*', messageModel=CLUSTERING', tlsEnable=false, instanceName=DEFAULT}
2025-10-23 15:02:29.242 [main] INFO  o.a.r.s.a.ListenerContainerConfiguration - Register the listener to container, listenerBeanName:countNoteLikeConsumer, containerBeanName:org.apache.rocketmq.spring.support.DefaultRocketMQListenerContainer_12
2025-10-23 15:02:29.372 [main] INFO  o.a.r.s.support.DefaultRocketMQListenerContainer - running container: DefaultRocketMQListenerContainer{consumerGroup='xiaohongshu_group_NoteOperateTopic', namespace='', nameServer='127.0.0.1:9876', topic='NoteOperateTopic', consumeMode=CONCURRENTLY, selectorType=TAG, selectorExpression='*', messageModel=CLUSTERING', tlsEnable=false, instanceName=DEFAULT}
2025-10-23 15:02:29.373 [main] INFO  o.a.r.s.a.ListenerContainerConfiguration - Register the listener to container, listenerBeanName:countNotePublishConsumer, containerBeanName:org.apache.rocketmq.spring.support.DefaultRocketMQListenerContainer_13
2025-10-23 15:02:31.846 [main] WARN  o.s.c.l.c.LoadBalancerCacheAutoConfiguration$LoadBalancerCaffeineWarnLogger - Spring Cloud LoadBalancer is currently working with the default cache. While this cache implementation is useful for development and tests, it's recommended to use Caffeine cache in production.You can switch to using Caffeine cache, by adding it and org.springframework.cache.caffeine.CaffeineCacheManager to the classpath.
2025-10-23 15:02:32.049 [main] INFO  o.s.boot.web.embedded.tomcat.TomcatWebServer - Tomcat started on port(s): 8090 (http) with context path ''
2025-10-23 15:02:32.064 [main] WARN  com.alibaba.nacos.client.logging.NacosLogging - Load Logback Configuration of Nacos fail, message: Could not initialize Logback Nacos logging from classpath:nacos-logback.xml
2025-10-23 15:02:32.065 [main] INFO  com.alibaba.nacos.client.naming - initializer namespace from ans.namespace attribute : null
2025-10-23 15:02:32.067 [main] INFO  com.alibaba.nacos.client.naming - initializer namespace from ALIBABA_ALIWARE_NAMESPACE attribute :null
2025-10-23 15:02:32.068 [main] INFO  com.alibaba.nacos.client.naming - initializer namespace from namespace attribute :null
2025-10-23 15:02:32.132 [main] INFO  com.alibaba.nacos.client.utils.ParamUtil - [settings] [req-serv] nacos-server port:8848
2025-10-23 15:02:32.132 [main] INFO  com.alibaba.nacos.client.utils.ParamUtil - [settings] [http-client] connect timeout:1000
2025-10-23 15:02:32.134 [main] INFO  com.alibaba.nacos.client.utils.ParamUtil - PER_TASK_CONFIG_SIZE: 3000.0
2025-10-23 15:02:32.144 [main] INFO  c.a.n.p.auth.spi.client.ClientAuthPluginManager - [ClientAuthPluginManager] Load ClientAuthService com.alibaba.nacos.client.auth.impl.NacosClientAuthServiceImpl success.
2025-10-23 15:02:32.144 [main] INFO  c.a.n.p.auth.spi.client.ClientAuthPluginManager - [ClientAuthPluginManager] Load ClientAuthService com.alibaba.nacos.client.auth.ram.RamClientAuthServiceImpl success.
2025-10-23 15:02:32.152 [main] INFO  c.a.n.client.auth.ram.identify.CredentialWatcher - null No credential found
2025-10-23 15:02:32.178 [main] INFO  com.alibaba.nacos.common.remote.client - [RpcClientFactory] create a new rpc client of 184b7193-78b1-4a15-b9a5-52ad0eddffc9
2025-10-23 15:02:32.228 [main] INFO  com.alibaba.nacos.common.remote.client - [184b7193-78b1-4a15-b9a5-52ad0eddffc9] RpcClient init, ServerListFactory = com.alibaba.nacos.client.naming.core.ServerListManager
2025-10-23 15:02:32.228 [main] INFO  com.alibaba.nacos.common.remote.client - [184b7193-78b1-4a15-b9a5-52ad0eddffc9] Registry connection listener to current client:com.alibaba.nacos.client.naming.remote.gprc.redo.NamingGrpcRedoService
2025-10-23 15:02:32.228 [main] INFO  com.alibaba.nacos.common.remote.client - [184b7193-78b1-4a15-b9a5-52ad0eddffc9] Register server push request handler:com.alibaba.nacos.client.naming.remote.gprc.NamingPushRequestHandler
2025-10-23 15:02:32.235 [main] INFO  com.alibaba.nacos.common.remote.client - [184b7193-78b1-4a15-b9a5-52ad0eddffc9] Try to connect to server on start up, server: {serverIp = '8.134.88.169', server main port = 8848}
2025-10-23 15:02:32.289 [main] INFO  c.a.nacos.common.remote.client.grpc.GrpcClient - grpc client connection server:8.134.88.169 ip,serverPort:9848,grpcTslConfig:{"sslProvider":"OPENSSL","enableTls":false,"mutualAuthEnable":false,"trustAll":false}
2025-10-23 15:02:34.521 [main] INFO  com.alibaba.nacos.common.remote.client - [184b7193-78b1-4a15-b9a5-52ad0eddffc9] Success to connect to server [8.134.88.169:8848] on start up, connectionId = 1761202955066_112.94.129.21_7284
2025-10-23 15:02:34.522 [com.alibaba.nacos.client.remote.worker] INFO  com.alibaba.nacos.common.remote.client - [184b7193-78b1-4a15-b9a5-52ad0eddffc9] Notify connected event to listeners.
2025-10-23 15:02:34.522 [com.alibaba.nacos.client.remote.worker] INFO  com.alibaba.nacos.client.naming - Grpc connection connect
2025-10-23 15:02:34.522 [main] INFO  com.alibaba.nacos.common.remote.client - [184b7193-78b1-4a15-b9a5-52ad0eddffc9] Register server push request handler:com.alibaba.nacos.common.remote.client.RpcClient$ConnectResetRequestHandler
2025-10-23 15:02:34.523 [main] INFO  com.alibaba.nacos.common.remote.client - [184b7193-78b1-4a15-b9a5-52ad0eddffc9] Register server push request handler:com.alibaba.nacos.common.remote.client.RpcClient$$Lambda$1251/0x0000023c019a3428
2025-10-23 15:02:34.525 [main] INFO  com.alibaba.nacos.client.naming - [REGISTER-SERVICE] xiaohongshu registering service xiaohongshu-count with instance Instance{instanceId='null', ip='10.2.66.25', port=8090, weight=1.0, healthy=true, enabled=true, ephemeral=true, clusterName='DEFAULT', serviceName='null', metadata={IPv6=null, preserved.register.source=SPRING_CLOUD}}
2025-10-23 15:02:34.559 [main] INFO  c.a.cloud.nacos.registry.NacosServiceRegistry - nacos registry, DEFAULT_GROUP xiaohongshu-count 10.2.66.25:8090 register finished
2025-10-23 15:02:35.066 [main] INFO  c.z.x.count.biz.XiaohongshuCountBizApplication - Started XiaohongshuCountBizApplication in 16.32 seconds (process running for 17.674)
2025-10-23 15:03:34.508 [http-nio-8090-exec-1] INFO  o.a.c.core.ContainerBase.[Tomcat].[localhost].[/] - Initializing Spring DispatcherServlet 'dispatcherServlet'
2025-10-23 15:03:34.508 [http-nio-8090-exec-1] INFO  org.springframework.web.servlet.DispatcherServlet - Initializing Servlet 'dispatcherServlet'
2025-10-23 15:03:34.510 [http-nio-8090-exec-1] INFO  org.springframework.web.servlet.DispatcherServlet - Completed initialization in 2 ms
2025-10-23 15:03:34.526 [http-nio-8090-exec-2] INFO  c.z.f.b.context.filter.HeaderUserId2ContextFilter - ## HeaderUserId2ContextFilter, 用户 ID: 100
2025-10-23 15:03:34.526 [http-nio-8090-exec-1] INFO  c.z.f.b.context.filter.HeaderUserId2ContextFilter - ## HeaderUserId2ContextFilter, 用户 ID: 100
2025-10-23 15:03:34.721 [http-nio-8090-exec-2] INFO  c.z.f.b.operationlog.aspect.ApiOperationLogAspect - ====== 请求开始: [获取用户计数数据], 入参: {"userId":100}, 请求类: UserCountController, 请求方法: findUserCountData =================================== 
2025-10-23 15:03:34.721 [http-nio-8090-exec-1] INFO  c.z.f.b.operationlog.aspect.ApiOperationLogAspect - ====== 请求开始: [获取用户计数数据], 入参: {"userId":100}, 请求类: UserCountController, 请求方法: findUserCountData =================================== 
2025-10-23 15:03:35.617 [http-nio-8090-exec-4] INFO  c.z.f.b.context.filter.HeaderUserId2ContextFilter - ## HeaderUserId2ContextFilter, 用户 ID: 100
2025-10-23 15:03:35.617 [http-nio-8090-exec-3] INFO  c.z.f.b.context.filter.HeaderUserId2ContextFilter - ## HeaderUserId2ContextFilter, 用户 ID: 100
2025-10-23 15:03:35.618 [http-nio-8090-exec-3] INFO  c.z.f.b.operationlog.aspect.ApiOperationLogAspect - ====== 请求开始: [获取用户计数数据], 入参: {"userId":100}, 请求类: UserCountController, 请求方法: findUserCountData =================================== 
2025-10-23 15:03:35.618 [http-nio-8090-exec-4] INFO  c.z.f.b.operationlog.aspect.ApiOperationLogAspect - ====== 请求开始: [获取用户计数数据], 入参: {"userId":100}, 请求类: UserCountController, 请求方法: findUserCountData =================================== 
2025-10-23 15:03:35.744 [http-nio-8090-exec-4] INFO  c.z.f.b.operationlog.aspect.ApiOperationLogAspect - ====== 请求结束: [获取用户计数数据], 耗时: 121ms, 出参: {"success":true,"message":null,"errorCode":null,"data":{"userId":100,"fansTotal":0,"followingTotal":4,"noteTotal":13,"likeTotal":1,"collectTotal":0}} =================================== 
2025-10-23 15:03:35.744 [http-nio-8090-exec-2] INFO  c.z.f.b.operationlog.aspect.ApiOperationLogAspect - ====== 请求结束: [获取用户计数数据], 耗时: 1020ms, 出参: {"success":true,"message":null,"errorCode":null,"data":{"userId":100,"fansTotal":0,"followingTotal":4,"noteTotal":13,"likeTotal":1,"collectTotal":0}} =================================== 
2025-10-23 15:03:35.744 [http-nio-8090-exec-3] INFO  c.z.f.b.operationlog.aspect.ApiOperationLogAspect - ====== 请求结束: [获取用户计数数据], 耗时: 121ms, 出参: {"success":true,"message":null,"errorCode":null,"data":{"userId":100,"fansTotal":0,"followingTotal":4,"noteTotal":13,"likeTotal":1,"collectTotal":0}} =================================== 
2025-10-23 15:03:35.744 [http-nio-8090-exec-1] INFO  c.z.f.b.operationlog.aspect.ApiOperationLogAspect - ====== 请求结束: [获取用户计数数据], 耗时: 1020ms, 出参: {"success":true,"message":null,"errorCode":null,"data":{"userId":100,"fansTotal":0,"followingTotal":4,"noteTotal":13,"likeTotal":1,"collectTotal":0}} =================================== 
2025-10-23 15:03:35.781 [http-nio-8090-exec-2] INFO  c.z.f.b.context.filter.HeaderUserId2ContextFilter - ===== 删除 ThreadLocal， userId: 100
2025-10-23 15:03:35.781 [http-nio-8090-exec-3] INFO  c.z.f.b.context.filter.HeaderUserId2ContextFilter - ===== 删除 ThreadLocal， userId: 100
2025-10-23 15:03:35.781 [http-nio-8090-exec-1] INFO  c.z.f.b.context.filter.HeaderUserId2ContextFilter - ===== 删除 ThreadLocal， userId: 100
2025-10-23 15:03:35.781 [http-nio-8090-exec-4] INFO  c.z.f.b.context.filter.HeaderUserId2ContextFilter - ===== 删除 ThreadLocal， userId: 100
2025-10-23 15:10:16.567 [http-nio-8090-exec-9] INFO  c.z.f.b.context.filter.HeaderUserId2ContextFilter - ## HeaderUserId2ContextFilter, 用户 ID: 100
2025-10-23 15:10:16.577 [http-nio-8090-exec-9] INFO  c.z.f.b.operationlog.aspect.ApiOperationLogAspect - ====== 请求开始: [获取笔记计数数据], 入参: {"noteId":1978823111465795601}, 请求类: NoteCountController, 请求方法: findNoteCountData =================================== 
2025-10-23 15:10:16.586 [http-nio-8090-exec-9] INFO  c.z.f.b.operationlog.aspect.ApiOperationLogAspect - ====== 请求结束: [获取笔记计数数据], 耗时: 8ms, 出参: {"success":true,"message":null,"errorCode":null,"data":{"noteId":1978823111465795601,"likeTotal":1,"collectTotal":0,"commentTotal":0}} =================================== 
2025-10-23 15:10:16.589 [http-nio-8090-exec-9] INFO  c.z.f.b.context.filter.HeaderUserId2ContextFilter - ===== 删除 ThreadLocal， userId: 100
2025-10-23 15:10:18.596 [http-nio-8090-exec-10] INFO  c.z.f.b.context.filter.HeaderUserId2ContextFilter - ## HeaderUserId2ContextFilter, 用户 ID: 100
2025-10-23 15:10:18.598 [http-nio-8090-exec-10] INFO  c.z.f.b.operationlog.aspect.ApiOperationLogAspect - ====== 请求开始: [获取笔记计数数据], 入参: {"noteId":1978823606712434691}, 请求类: NoteCountController, 请求方法: findNoteCountData =================================== 
2025-10-23 15:10:18.601 [http-nio-8090-exec-10] INFO  c.z.f.b.operationlog.aspect.ApiOperationLogAspect - ====== 请求结束: [获取笔记计数数据], 耗时: 3ms, 出参: {"success":true,"message":null,"errorCode":null,"data":{"noteId":1978823606712434691,"likeTotal":1,"collectTotal":0,"commentTotal":5}} =================================== 
2025-10-23 15:10:18.602 [http-nio-8090-exec-10] INFO  c.z.f.b.context.filter.HeaderUserId2ContextFilter - ===== 删除 ThreadLocal， userId: 100
2025-10-23 15:11:15.145 [http-nio-8090-exec-4] INFO  c.z.f.b.context.filter.HeaderUserId2ContextFilter - ## HeaderUserId2ContextFilter, 用户 ID: 100
2025-10-23 15:11:15.147 [http-nio-8090-exec-4] INFO  c.z.f.b.operationlog.aspect.ApiOperationLogAspect - ====== 请求开始: [获取笔记计数数据], 入参: {"noteId":1978823606712434691}, 请求类: NoteCountController, 请求方法: findNoteCountData =================================== 
2025-10-23 15:11:15.149 [http-nio-8090-exec-4] INFO  c.z.f.b.operationlog.aspect.ApiOperationLogAspect - ====== 请求结束: [获取笔记计数数据], 耗时: 3ms, 出参: {"success":true,"message":null,"errorCode":null,"data":{"noteId":1978823606712434691,"likeTotal":1,"collectTotal":0,"commentTotal":5}} =================================== 
2025-10-23 15:11:15.150 [http-nio-8090-exec-4] INFO  c.z.f.b.context.filter.HeaderUserId2ContextFilter - ===== 删除 ThreadLocal， userId: 100
2025-10-23 15:11:20.611 [http-nio-8090-exec-3] INFO  c.z.f.b.context.filter.HeaderUserId2ContextFilter - ## HeaderUserId2ContextFilter, 用户 ID: 100
2025-10-23 15:11:20.611 [http-nio-8090-exec-2] INFO  c.z.f.b.context.filter.HeaderUserId2ContextFilter - ## HeaderUserId2ContextFilter, 用户 ID: 100
2025-10-23 15:11:20.614 [http-nio-8090-exec-3] INFO  c.z.f.b.operationlog.aspect.ApiOperationLogAspect - ====== 请求开始: [获取用户计数数据], 入参: {"userId":100}, 请求类: UserCountController, 请求方法: findUserCountData =================================== 
2025-10-23 15:11:20.614 [http-nio-8090-exec-2] INFO  c.z.f.b.operationlog.aspect.ApiOperationLogAspect - ====== 请求开始: [获取用户计数数据], 入参: {"userId":100}, 请求类: UserCountController, 请求方法: findUserCountData =================================== 
2025-10-23 15:11:20.620 [http-nio-8090-exec-2] INFO  c.z.f.b.operationlog.aspect.ApiOperationLogAspect - ====== 请求结束: [获取用户计数数据], 耗时: 6ms, 出参: {"success":true,"message":null,"errorCode":null,"data":{"userId":100,"fansTotal":0,"followingTotal":4,"noteTotal":13,"likeTotal":1,"collectTotal":0}} =================================== 
2025-10-23 15:11:20.620 [http-nio-8090-exec-3] INFO  c.z.f.b.operationlog.aspect.ApiOperationLogAspect - ====== 请求结束: [获取用户计数数据], 耗时: 6ms, 出参: {"success":true,"message":null,"errorCode":null,"data":{"userId":100,"fansTotal":0,"followingTotal":4,"noteTotal":13,"likeTotal":1,"collectTotal":0}} =================================== 
2025-10-23 15:11:20.621 [http-nio-8090-exec-3] INFO  c.z.f.b.context.filter.HeaderUserId2ContextFilter - ===== 删除 ThreadLocal， userId: 100
2025-10-23 15:11:20.621 [http-nio-8090-exec-2] INFO  c.z.f.b.context.filter.HeaderUserId2ContextFilter - ===== 删除 ThreadLocal， userId: 100
2025-10-23 15:11:24.408 [http-nio-8090-exec-1] INFO  c.z.f.b.context.filter.HeaderUserId2ContextFilter - ## HeaderUserId2ContextFilter, 用户 ID: 100
2025-10-23 15:11:24.409 [http-nio-8090-exec-1] INFO  c.z.f.b.operationlog.aspect.ApiOperationLogAspect - ====== 请求开始: [获取用户计数数据], 入参: {"userId":105}, 请求类: UserCountController, 请求方法: findUserCountData =================================== 
2025-10-23 15:11:24.412 [http-nio-8090-exec-8] INFO  c.z.f.b.context.filter.HeaderUserId2ContextFilter - ## HeaderUserId2ContextFilter, 用户 ID: 100
2025-10-23 15:11:24.414 [http-nio-8090-exec-8] INFO  c.z.f.b.operationlog.aspect.ApiOperationLogAspect - ====== 请求开始: [获取用户计数数据], 入参: {"userId":105}, 请求类: UserCountController, 请求方法: findUserCountData =================================== 
2025-10-23 15:11:24.416 [http-nio-8090-exec-1] INFO  c.z.f.b.operationlog.aspect.ApiOperationLogAspect - ====== 请求结束: [获取用户计数数据], 耗时: 7ms, 出参: {"success":true,"message":null,"errorCode":null,"data":{"userId":105,"fansTotal":1,"followingTotal":1,"noteTotal":3,"likeTotal":3,"collectTotal":0}} =================================== 
2025-10-23 15:11:24.417 [http-nio-8090-exec-1] INFO  c.z.f.b.context.filter.HeaderUserId2ContextFilter - ===== 删除 ThreadLocal， userId: 100
2025-10-23 15:11:24.419 [http-nio-8090-exec-8] INFO  c.z.f.b.operationlog.aspect.ApiOperationLogAspect - ====== 请求结束: [获取用户计数数据], 耗时: 4ms, 出参: {"success":true,"message":null,"errorCode":null,"data":{"userId":105,"fansTotal":1,"followingTotal":1,"noteTotal":3,"likeTotal":3,"collectTotal":0}} =================================== 
2025-10-23 15:11:24.421 [http-nio-8090-exec-8] INFO  c.z.f.b.context.filter.HeaderUserId2ContextFilter - ===== 删除 ThreadLocal， userId: 100
2025-10-23 15:11:25.859 [http-nio-8090-exec-5] INFO  c.z.f.b.context.filter.HeaderUserId2ContextFilter - ## HeaderUserId2ContextFilter, 用户 ID: 100
2025-10-23 15:11:25.861 [http-nio-8090-exec-5] INFO  c.z.f.b.operationlog.aspect.ApiOperationLogAspect - ====== 请求开始: [获取笔记计数数据], 入参: {"noteId":1978823111465795601}, 请求类: NoteCountController, 请求方法: findNoteCountData =================================== 
2025-10-23 15:11:25.863 [http-nio-8090-exec-5] INFO  c.z.f.b.operationlog.aspect.ApiOperationLogAspect - ====== 请求结束: [获取笔记计数数据], 耗时: 2ms, 出参: {"success":true,"message":null,"errorCode":null,"data":{"noteId":1978823111465795601,"likeTotal":1,"collectTotal":0,"commentTotal":0}} =================================== 
2025-10-23 15:11:25.864 [http-nio-8090-exec-5] INFO  c.z.f.b.context.filter.HeaderUserId2ContextFilter - ===== 删除 ThreadLocal， userId: 100
2025-10-23 15:11:34.607 [http-nio-8090-exec-7] INFO  c.z.f.b.context.filter.HeaderUserId2ContextFilter - ## HeaderUserId2ContextFilter, 用户 ID: 100
2025-10-23 15:11:34.609 [http-nio-8090-exec-7] INFO  c.z.f.b.operationlog.aspect.ApiOperationLogAspect - ====== 请求开始: [获取用户计数数据], 入参: {"userId":100}, 请求类: UserCountController, 请求方法: findUserCountData =================================== 
2025-10-23 15:11:34.612 [http-nio-8090-exec-7] INFO  c.z.f.b.operationlog.aspect.ApiOperationLogAspect - ====== 请求结束: [获取用户计数数据], 耗时: 2ms, 出参: {"success":true,"message":null,"errorCode":null,"data":{"userId":100,"fansTotal":0,"followingTotal":4,"noteTotal":13,"likeTotal":1,"collectTotal":0}} =================================== 
2025-10-23 15:11:34.613 [http-nio-8090-exec-6] INFO  c.z.f.b.context.filter.HeaderUserId2ContextFilter - ## HeaderUserId2ContextFilter, 用户 ID: 100
2025-10-23 15:11:34.613 [http-nio-8090-exec-7] INFO  c.z.f.b.context.filter.HeaderUserId2ContextFilter - ===== 删除 ThreadLocal， userId: 100
2025-10-23 15:11:34.614 [http-nio-8090-exec-6] INFO  c.z.f.b.operationlog.aspect.ApiOperationLogAspect - ====== 请求开始: [获取用户计数数据], 入参: {"userId":100}, 请求类: UserCountController, 请求方法: findUserCountData =================================== 
2025-10-23 15:11:34.616 [http-nio-8090-exec-6] INFO  c.z.f.b.operationlog.aspect.ApiOperationLogAspect - ====== 请求结束: [获取用户计数数据], 耗时: 2ms, 出参: {"success":true,"message":null,"errorCode":null,"data":{"userId":100,"fansTotal":0,"followingTotal":4,"noteTotal":13,"likeTotal":1,"collectTotal":0}} =================================== 
2025-10-23 15:11:34.618 [http-nio-8090-exec-6] INFO  c.z.f.b.context.filter.HeaderUserId2ContextFilter - ===== 删除 ThreadLocal， userId: 100
2025-10-23 15:12:14.188 [http-nio-8090-exec-9] INFO  c.z.f.b.context.filter.HeaderUserId2ContextFilter - ## HeaderUserId2ContextFilter, 用户 ID: 100
2025-10-23 15:12:14.189 [http-nio-8090-exec-9] INFO  c.z.f.b.operationlog.aspect.ApiOperationLogAspect - ====== 请求开始: [获取用户计数数据], 入参: {"userId":104}, 请求类: UserCountController, 请求方法: findUserCountData =================================== 
2025-10-23 15:12:14.195 [http-nio-8090-exec-9] INFO  c.z.f.b.operationlog.aspect.ApiOperationLogAspect - ====== 请求结束: [获取用户计数数据], 耗时: 6ms, 出参: {"success":true,"message":null,"errorCode":null,"data":{"userId":104,"fansTotal":1,"followingTotal":0,"noteTotal":4,"likeTotal":1,"collectTotal":0}} =================================== 
2025-10-23 15:12:14.196 [http-nio-8090-exec-9] INFO  c.z.f.b.context.filter.HeaderUserId2ContextFilter - ===== 删除 ThreadLocal， userId: 100
2025-10-23 15:12:14.200 [http-nio-8090-exec-10] INFO  c.z.f.b.context.filter.HeaderUserId2ContextFilter - ## HeaderUserId2ContextFilter, 用户 ID: 100
2025-10-23 15:12:14.202 [http-nio-8090-exec-10] INFO  c.z.f.b.operationlog.aspect.ApiOperationLogAspect - ====== 请求开始: [获取用户计数数据], 入参: {"userId":104}, 请求类: UserCountController, 请求方法: findUserCountData =================================== 
2025-10-23 15:12:14.204 [http-nio-8090-exec-10] INFO  c.z.f.b.operationlog.aspect.ApiOperationLogAspect - ====== 请求结束: [获取用户计数数据], 耗时: 3ms, 出参: {"success":true,"message":null,"errorCode":null,"data":{"userId":104,"fansTotal":1,"followingTotal":0,"noteTotal":4,"likeTotal":1,"collectTotal":0}} =================================== 
2025-10-23 15:12:14.206 [http-nio-8090-exec-10] INFO  c.z.f.b.context.filter.HeaderUserId2ContextFilter - ===== 删除 ThreadLocal， userId: 100
2025-10-23 15:12:53.149 [http-nio-8090-exec-3] INFO  c.z.f.b.context.filter.HeaderUserId2ContextFilter - ## HeaderUserId2ContextFilter, 用户 ID: 100
2025-10-23 15:12:53.154 [http-nio-8090-exec-3] INFO  c.z.f.b.operationlog.aspect.ApiOperationLogAspect - ====== 请求开始: [获取笔记计数数据], 入参: {"noteId":1978463137065631764}, 请求类: NoteCountController, 请求方法: findNoteCountData =================================== 
2025-10-23 15:12:53.155 [http-nio-8090-exec-3] INFO  c.z.f.b.operationlog.aspect.ApiOperationLogAspect - ====== 请求结束: [获取笔记计数数据], 耗时: 1ms, 出参: {"success":true,"message":null,"errorCode":null,"data":{"noteId":1978463137065631764,"likeTotal":0,"collectTotal":0,"commentTotal":0}} =================================== 
2025-10-23 15:12:53.160 [http-nio-8090-exec-3] INFO  c.z.f.b.context.filter.HeaderUserId2ContextFilter - ===== 删除 ThreadLocal， userId: 100
2025-10-23 15:12:54.580 [http-nio-8090-exec-2] INFO  c.z.f.b.context.filter.HeaderUserId2ContextFilter - ## HeaderUserId2ContextFilter, 用户 ID: 100
2025-10-23 15:12:54.581 [http-nio-8090-exec-2] INFO  c.z.f.b.operationlog.aspect.ApiOperationLogAspect - ====== 请求开始: [获取笔记计数数据], 入参: {"noteId":1978463137065631764}, 请求类: NoteCountController, 请求方法: findNoteCountData =================================== 
2025-10-23 15:12:54.582 [http-nio-8090-exec-2] INFO  c.z.f.b.operationlog.aspect.ApiOperationLogAspect - ====== 请求结束: [获取笔记计数数据], 耗时: 2ms, 出参: {"success":true,"message":null,"errorCode":null,"data":{"noteId":1978463137065631764,"likeTotal":0,"collectTotal":0,"commentTotal":0}} =================================== 
2025-10-23 15:12:54.584 [http-nio-8090-exec-2] INFO  c.z.f.b.context.filter.HeaderUserId2ContextFilter - ===== 删除 ThreadLocal， userId: 100
2025-10-23 15:13:02.445 [http-nio-8090-exec-1] INFO  c.z.f.b.context.filter.HeaderUserId2ContextFilter - ## HeaderUserId2ContextFilter, 用户 ID: 100
2025-10-23 15:13:02.446 [http-nio-8090-exec-1] INFO  c.z.f.b.operationlog.aspect.ApiOperationLogAspect - ====== 请求开始: [获取笔记计数数据], 入参: {"noteId":1978463137065631764}, 请求类: NoteCountController, 请求方法: findNoteCountData =================================== 
2025-10-23 15:13:02.448 [http-nio-8090-exec-1] INFO  c.z.f.b.operationlog.aspect.ApiOperationLogAspect - ====== 请求结束: [获取笔记计数数据], 耗时: 2ms, 出参: {"success":true,"message":null,"errorCode":null,"data":{"noteId":1978463137065631764,"likeTotal":0,"collectTotal":0,"commentTotal":0}} =================================== 
2025-10-23 15:13:02.449 [http-nio-8090-exec-1] INFO  c.z.f.b.context.filter.HeaderUserId2ContextFilter - ===== 删除 ThreadLocal， userId: 100
2025-10-23 15:13:03.683 [ConsumeMessageThread_xiaohongshu_group_CountFollowingTopic_1] INFO  c.z.x.count.biz.consumer.CountFollowingConsumer - ## 消费到了 MQ 【计数: 关注数】, {"userId":100,"targetUserId":103,"type":0}...
2025-10-23 15:13:03.683 [ConsumeMessageThread_xiaohongshu_group_CountFansTopic_1] INFO  c.z.x.count.biz.consumer.CountFansConsumer - ## 消费到了 MQ 【计数: 粉丝数】, {"userId":100,"targetUserId":103,"type":0}...
2025-10-23 15:13:03.734 [NettyClientPublicExecutor_1] INFO  c.z.x.count.biz.consumer.CountFollowingConsumer - ==> 【计数服务：关注数入库】MQ 发送成功，SendResult: SendResult [sendStatus=SEND_OK, msgId=7F000001860063947C6B748FD6EC0000, offsetMsgId=0A02421900002A9F00000000010340B2, messageQueue=MessageQueue [topic=CountFollowing2DBTopic, brokerName=broker-a, queueId=3], queueOffset=21]
2025-10-23 15:13:03.737 [ConsumeMessageThread_xiaohongshu_group_CountFollowing2DBTopic_1] INFO  c.z.x.count.biz.consumer.CountFollowing2DBConsumer - ## 消费到了 MQ 【计数: 关注数入库】, {"userId":100,"targetUserId":103,"type":0}...
2025-10-23 15:13:04.710 [pool-batch-consume-blocking-queue-thread-0] INFO  c.z.x.count.biz.consumer.CountFansConsumer - ==> 聚合消息, size: 1
2025-10-23 15:13:04.711 [pool-batch-consume-blocking-queue-thread-0] INFO  c.z.x.count.biz.consumer.CountFansConsumer - ==> 聚合消息, ["{\"userId\":100,\"targetUserId\":103,\"type\":0}"]
2025-10-23 15:13:04.715 [pool-batch-consume-blocking-queue-thread-0] INFO  c.z.x.count.biz.consumer.CountFansConsumer - ## 聚合后的计数数据: {"103":-1}
2025-10-23 15:13:04.727 [NettyClientPublicExecutor_2] INFO  c.z.x.count.biz.consumer.CountFansConsumer - ==> 【计数服务：粉丝数入库】MQ 发送成功，SendResult: SendResult [sendStatus=SEND_OK, msgId=7F000001860063947C6B748FDAD30001, offsetMsgId=0A02421900002A9F0000000001034224, messageQueue=MessageQueue [topic=CountFans2DBTopic, brokerName=broker-a, queueId=1], queueOffset=10]
2025-10-23 15:13:04.729 [ConsumeMessageThread_xiaohongshu_group_CountFans2DBTopic_1] INFO  c.z.x.count.biz.consumer.CountFans2DBConsumer - ## 消费到了 MQ 【计数: 粉丝数入库】, {"103":-1}...
2025-10-23 15:14:01.366 [http-nio-8090-exec-7] INFO  c.z.f.b.context.filter.HeaderUserId2ContextFilter - ## HeaderUserId2ContextFilter, 用户 ID: 100
2025-10-23 15:14:01.371 [http-nio-8090-exec-7] INFO  c.z.f.b.operationlog.aspect.ApiOperationLogAspect - ====== 请求开始: [获取用户计数数据], 入参: {"userId":100}, 请求类: UserCountController, 请求方法: findUserCountData =================================== 
2025-10-23 15:14:01.371 [http-nio-8090-exec-6] INFO  c.z.f.b.context.filter.HeaderUserId2ContextFilter - ## HeaderUserId2ContextFilter, 用户 ID: 100
2025-10-23 15:14:01.373 [http-nio-8090-exec-6] INFO  c.z.f.b.operationlog.aspect.ApiOperationLogAspect - ====== 请求开始: [获取用户计数数据], 入参: {"userId":100}, 请求类: UserCountController, 请求方法: findUserCountData =================================== 
2025-10-23 15:14:01.373 [http-nio-8090-exec-7] INFO  c.z.f.b.operationlog.aspect.ApiOperationLogAspect - ====== 请求结束: [获取用户计数数据], 耗时: 2ms, 出参: {"success":true,"message":null,"errorCode":null,"data":{"userId":100,"fansTotal":0,"followingTotal":3,"noteTotal":13,"likeTotal":1,"collectTotal":0}} =================================== 
2025-10-23 15:14:01.374 [http-nio-8090-exec-7] INFO  c.z.f.b.context.filter.HeaderUserId2ContextFilter - ===== 删除 ThreadLocal， userId: 100
2025-10-23 15:14:01.375 [http-nio-8090-exec-6] INFO  c.z.f.b.operationlog.aspect.ApiOperationLogAspect - ====== 请求结束: [获取用户计数数据], 耗时: 3ms, 出参: {"success":true,"message":null,"errorCode":null,"data":{"userId":100,"fansTotal":0,"followingTotal":3,"noteTotal":13,"likeTotal":1,"collectTotal":0}} =================================== 
2025-10-23 15:14:01.376 [http-nio-8090-exec-6] INFO  c.z.f.b.context.filter.HeaderUserId2ContextFilter - ===== 删除 ThreadLocal， userId: 100
2025-10-23 15:14:18.773 [Thread-23] WARN  com.alibaba.nacos.common.notify.NotifyCenter - [NotifyCenter] Start destroying Publisher
2025-10-23 15:14:18.773 [Thread-23] WARN  com.alibaba.nacos.common.notify.NotifyCenter - [NotifyCenter] Destruction of the end
2025-10-23 15:14:18.773 [Thread-26] WARN  c.alibaba.nacos.common.http.HttpClientBeanHolder - [HttpClientBeanHolder] Start destroying common HttpClient
2025-10-23 15:14:18.774 [Thread-26] WARN  c.alibaba.nacos.common.http.HttpClientBeanHolder - [HttpClientBeanHolder] Destruction of the end
2025-10-23 15:14:18.982 [SpringApplicationShutdownHook] INFO  c.a.cloud.nacos.registry.NacosServiceRegistry - De-registering from Nacos Server now...
2025-10-23 15:14:18.983 [SpringApplicationShutdownHook] INFO  com.alibaba.nacos.client.naming - [DEREGISTER-SERVICE] xiaohongshu deregistering service xiaohongshu-count with instance: Instance{instanceId='null', ip='10.2.66.25', port=8090, weight=1.0, healthy=true, enabled=true, ephemeral=true, clusterName='DEFAULT', serviceName='null', metadata={}}
2025-10-23 15:14:18.991 [SpringApplicationShutdownHook] INFO  c.a.cloud.nacos.registry.NacosServiceRegistry - De-registration finished.
2025-10-23 15:14:18.993 [SpringApplicationShutdownHook] INFO  com.alibaba.nacos.client.naming - com.alibaba.nacos.client.naming.cache.ServiceInfoHolder do shutdown begin
2025-10-23 15:14:18.993 [SpringApplicationShutdownHook] INFO  com.alibaba.nacos.client.naming - com.alibaba.nacos.client.naming.backups.FailoverReactor do shutdown begin
2025-10-23 15:14:18.993 [SpringApplicationShutdownHook] INFO  com.alibaba.nacos.client.naming - com.alibaba.nacos.client.naming.backups.FailoverReactor do shutdown stop
2025-10-23 15:14:18.993 [SpringApplicationShutdownHook] INFO  com.alibaba.nacos.client.naming - com.alibaba.nacos.client.naming.cache.ServiceInfoHolder do shutdown stop
2025-10-23 15:14:18.993 [SpringApplicationShutdownHook] INFO  com.alibaba.nacos.client.naming - com.alibaba.nacos.client.naming.remote.NamingClientProxyDelegate do shutdown begin
2025-10-23 15:14:18.993 [SpringApplicationShutdownHook] INFO  com.alibaba.nacos.client.naming - com.alibaba.nacos.client.naming.core.ServiceInfoUpdateService do shutdown begin
2025-10-23 15:14:18.993 [SpringApplicationShutdownHook] INFO  com.alibaba.nacos.client.naming - com.alibaba.nacos.client.naming.core.ServiceInfoUpdateService do shutdown stop
2025-10-23 15:14:18.993 [SpringApplicationShutdownHook] INFO  com.alibaba.nacos.client.naming - com.alibaba.nacos.client.naming.core.ServerListManager do shutdown begin
2025-10-23 15:14:18.993 [SpringApplicationShutdownHook] WARN  com.alibaba.nacos.client.naming - [NamingHttpClientManager] Start destroying NacosRestTemplate
2025-10-23 15:14:18.993 [SpringApplicationShutdownHook] WARN  com.alibaba.nacos.client.naming - [NamingHttpClientManager] Destruction of the end
2025-10-23 15:14:18.993 [SpringApplicationShutdownHook] INFO  com.alibaba.nacos.client.naming - com.alibaba.nacos.client.naming.core.ServerListManager do shutdown stop
2025-10-23 15:14:18.993 [SpringApplicationShutdownHook] INFO  com.alibaba.nacos.client.naming - com.alibaba.nacos.client.naming.remote.http.NamingHttpClientProxy do shutdown begin
2025-10-23 15:14:18.993 [SpringApplicationShutdownHook] WARN  com.alibaba.nacos.client.naming - [NamingHttpClientManager] Start destroying NacosRestTemplate
2025-10-23 15:14:18.993 [SpringApplicationShutdownHook] WARN  com.alibaba.nacos.client.naming - [NamingHttpClientManager] Destruction of the end
2025-10-23 15:14:18.993 [SpringApplicationShutdownHook] INFO  com.alibaba.nacos.client.naming - com.alibaba.nacos.client.naming.remote.http.NamingHttpClientProxy do shutdown stop
2025-10-23 15:14:18.993 [SpringApplicationShutdownHook] INFO  com.alibaba.nacos.common.remote.client - Shutdown rpc client, set status to shutdown
2025-10-23 15:14:18.994 [SpringApplicationShutdownHook] INFO  com.alibaba.nacos.common.remote.client - Shutdown client event executor java.util.concurrent.ScheduledThreadPoolExecutor@1d02f2d0[Running, pool size = 2, active threads = 2, queued tasks = 0, completed tasks = 0]
2025-10-23 15:14:18.994 [SpringApplicationShutdownHook] INFO  com.alibaba.nacos.common.remote.client - Close current connection 1761202955066_112.94.129.21_7284
2025-10-23 15:14:18.999 [nacos-grpc-client-executor-8.134.88.169-160] WARN  c.a.nacos.common.remote.client.grpc.GrpcClient - [1761202955066_112.94.129.21_7284]Ignore error event,isRunning:false,isAbandon=false
2025-10-23 15:14:19.002 [SpringApplicationShutdownHook] INFO  c.a.nacos.common.remote.client.grpc.GrpcClient - Shutdown grpc executor java.util.concurrent.ThreadPoolExecutor@316b36a3[Running, pool size = 4, active threads = 0, queued tasks = 0, completed tasks = 161]
2025-10-23 15:14:19.002 [SpringApplicationShutdownHook] INFO  com.alibaba.nacos.client.naming - Shutdown grpc redo service executor java.util.concurrent.ScheduledThreadPoolExecutor@35fc9ed5[Running, pool size = 1, active threads = 0, queued tasks = 1, completed tasks = 235]
2025-10-23 15:14:19.002 [SpringApplicationShutdownHook] INFO  c.a.n.client.auth.ram.identify.CredentialWatcher - [null] CredentialWatcher is stopped
2025-10-23 15:14:19.002 [SpringApplicationShutdownHook] INFO  c.a.n.client.auth.ram.identify.CredentialService - [null] CredentialService is freed
2025-10-23 15:14:19.003 [SpringApplicationShutdownHook] INFO  com.alibaba.nacos.client.naming - com.alibaba.nacos.client.naming.remote.NamingClientProxyDelegate do shutdown stop
2025-10-23 15:14:19.004 [SpringApplicationShutdownHook] INFO  o.a.r.s.support.DefaultRocketMQListenerContainer - container destroyed, DefaultRocketMQListenerContainer{consumerGroup='xiaohongshu_group_NoteOperateTopic', namespace='', nameServer='127.0.0.1:9876', topic='NoteOperateTopic', consumeMode=CONCURRENTLY, selectorType=TAG, selectorExpression='*', messageModel=CLUSTERING', tlsEnable=false, instanceName=DEFAULT}
2025-10-23 15:14:19.004 [SpringApplicationShutdownHook] INFO  o.a.r.s.support.DefaultRocketMQListenerContainer - container destroyed, DefaultRocketMQListenerContainer{consumerGroup='xiaohongshu_group_LikeUnlikeTopic', namespace='', nameServer='127.0.0.1:9876', topic='LikeUnlikeTopic', consumeMode=CONCURRENTLY, selectorType=TAG, selectorExpression='*', messageModel=CLUSTERING', tlsEnable=false, instanceName=DEFAULT}
2025-10-23 15:14:19.004 [SpringApplicationShutdownHook] INFO  o.a.r.s.support.DefaultRocketMQListenerContainer - container destroyed, DefaultRocketMQListenerContainer{consumerGroup='xiaohongshu_group_CountNoteLike2DBTTopic', namespace='', nameServer='127.0.0.1:9876', topic='CountNoteLike2DBTTopic', consumeMode=CONCURRENTLY, selectorType=TAG, selectorExpression='*', messageModel=CLUSTERING', tlsEnable=false, instanceName=DEFAULT}
2025-10-23 15:14:19.004 [SpringApplicationShutdownHook] INFO  o.a.r.s.support.DefaultRocketMQListenerContainer - container destroyed, DefaultRocketMQListenerContainer{consumerGroup='xiaohongshu_group_CountNoteCommentTopic', namespace='', nameServer='127.0.0.1:9876', topic='CountNoteCommentTopic', consumeMode=CONCURRENTLY, selectorType=TAG, selectorExpression='*', messageModel=CLUSTERING', tlsEnable=false, instanceName=DEFAULT}
2025-10-23 15:14:19.004 [SpringApplicationShutdownHook] INFO  o.a.r.s.support.DefaultRocketMQListenerContainer - container destroyed, DefaultRocketMQListenerContainer{consumerGroup='xiaohongshu_group_CountNoteCollectTopic', namespace='', nameServer='127.0.0.1:9876', topic='CountNoteCollectTopic', consumeMode=CONCURRENTLY, selectorType=TAG, selectorExpression='*', messageModel=CLUSTERING', tlsEnable=false, instanceName=DEFAULT}
2025-10-23 15:14:19.004 [SpringApplicationShutdownHook] INFO  o.a.r.s.support.DefaultRocketMQListenerContainer - container destroyed, DefaultRocketMQListenerContainer{consumerGroup='xiaohongshu_group_CountNoteCollect2DBTTopic', namespace='', nameServer='127.0.0.1:9876', topic='CountNoteCollect2DBTTopic', consumeMode=CONCURRENTLY, selectorType=TAG, selectorExpression='*', messageModel=CLUSTERING', tlsEnable=false, instanceName=DEFAULT}
2025-10-23 15:14:19.005 [SpringApplicationShutdownHook] INFO  o.a.r.s.support.DefaultRocketMQListenerContainer - container destroyed, DefaultRocketMQListenerContainer{consumerGroup='xiaohongshu_group_child_comment_totalCountNoteCommentTopic', namespace='', nameServer='127.0.0.1:9876', topic='CountNoteCommentTopic', consumeMode=CONCURRENTLY, selectorType=TAG, selectorExpression='*', messageModel=CLUSTERING', tlsEnable=false, instanceName=DEFAULT}
2025-10-23 15:14:19.005 [SpringApplicationShutdownHook] INFO  o.a.r.s.support.DefaultRocketMQListenerContainer - container destroyed, DefaultRocketMQListenerContainer{consumerGroup='xiaohongshu_group_CountFollowingTopic', namespace='', nameServer='127.0.0.1:9876', topic='CountFollowingTopic', consumeMode=CONCURRENTLY, selectorType=TAG, selectorExpression='*', messageModel=CLUSTERING', tlsEnable=false, instanceName=DEFAULT}
2025-10-23 15:14:19.005 [SpringApplicationShutdownHook] INFO  o.a.r.s.support.DefaultRocketMQListenerContainer - container destroyed, DefaultRocketMQListenerContainer{consumerGroup='xiaohongshu_group_CountFollowing2DBTopic', namespace='', nameServer='127.0.0.1:9876', topic='CountFollowing2DBTopic', consumeMode=CONCURRENTLY, selectorType=TAG, selectorExpression='*', messageModel=CLUSTERING', tlsEnable=false, instanceName=DEFAULT}
2025-10-23 15:14:19.005 [SpringApplicationShutdownHook] INFO  o.a.r.s.support.DefaultRocketMQListenerContainer - container destroyed, DefaultRocketMQListenerContainer{consumerGroup='xiaohongshu_group_CountFansTopic', namespace='', nameServer='127.0.0.1:9876', topic='CountFansTopic', consumeMode=CONCURRENTLY, selectorType=TAG, selectorExpression='*', messageModel=CLUSTERING', tlsEnable=false, instanceName=DEFAULT}
2025-10-23 15:14:19.005 [SpringApplicationShutdownHook] INFO  o.a.r.s.support.DefaultRocketMQListenerContainer - container destroyed, DefaultRocketMQListenerContainer{consumerGroup='xiaohongshu_group_CountFans2DBTopic', namespace='', nameServer='127.0.0.1:9876', topic='CountFans2DBTopic', consumeMode=CONCURRENTLY, selectorType=TAG, selectorExpression='*', messageModel=CLUSTERING', tlsEnable=false, instanceName=DEFAULT}
2025-10-23 15:14:19.005 [SpringApplicationShutdownHook] INFO  o.a.r.s.support.DefaultRocketMQListenerContainer - container destroyed, DefaultRocketMQListenerContainer{consumerGroup='xiaohongshu_group_count_CommentLikeUnlikeTopic', namespace='', nameServer='127.0.0.1:9876', topic='CommentLikeUnlikeTopic', consumeMode=CONCURRENTLY, selectorType=TAG, selectorExpression='*', messageModel=CLUSTERING', tlsEnable=false, instanceName=DEFAULT}
2025-10-23 15:14:19.150 [SpringApplicationShutdownHook] INFO  o.a.r.s.support.DefaultRocketMQListenerContainer - container destroyed, DefaultRocketMQListenerContainer{consumerGroup='xiaohongshu_group_CountCommentLike2DBTTopic', namespace='', nameServer='127.0.0.1:9876', topic='CountCommentLike2DBTTopic', consumeMode=CONCURRENTLY, selectorType=TAG, selectorExpression='*', messageModel=CLUSTERING', tlsEnable=false, instanceName=DEFAULT}
2025-10-23 15:14:19.151 [SpringApplicationShutdownHook] INFO  com.alibaba.druid.pool.DruidDataSource - {dataSource-1} closing ...
2025-10-23 15:14:19.165 [SpringApplicationShutdownHook] INFO  com.alibaba.druid.pool.DruidDataSource - {dataSource-1} closed
