2025-10-20 19:00:04.639 [main] WARN  com.alibaba.nacos.client.logging.NacosLogging - Load Logback Configuration of Nacos fail, message: Could not initialize Logback Nacos logging from classpath:nacos-logback.xml
2025-10-20 19:00:04.733 [main] WARN  com.alibaba.nacos.client.logging.NacosLogging - Load Logback Configuration of Nacos fail, message: Could not initialize Logback Nacos logging from classpath:nacos-logback.xml
2025-10-20 19:00:05.506 [main] WARN  com.alibaba.nacos.client.logging.NacosLogging - Load Logback Configuration of Nacos fail, message: Could not initialize Logback Nacos logging from classpath:nacos-logback.xml
2025-10-20 19:00:05.525 [main] WARN  com.alibaba.nacos.client.logging.NacosLogging - Load Logback Configuration of Nacos fail, message: Could not initialize Logback Nacos logging from classpath:nacos-logback.xml
2025-10-20 19:00:05.527 [main] INFO  c.z.x.d.i.g.b.XiaohongshuDistributedIdGeneratorBizApplication - The following 1 profile is active: "dev"
2025-10-20 19:00:06.361 [main] INFO  o.springframework.cloud.context.scope.GenericScope - BeanFactory id=d0565002-c872-3656-bac4-6138f85662d0
2025-10-20 19:00:06.797 [main] INFO  o.s.boot.web.embedded.tomcat.TomcatWebServer - Tomcat initialized with port(s): 8087 (http)
2025-10-20 19:00:06.802 [main] INFO  org.apache.catalina.core.AprLifecycleListener - Loaded Apache Tomcat Native library [2.0.3] using APR version [1.7.2].
2025-10-20 19:00:06.812 [main] INFO  org.apache.catalina.core.AprLifecycleListener - OpenSSL successfully initialized [OpenSSL 3.0.8 7 Feb 2023]
2025-10-20 19:00:06.840 [main] INFO  org.apache.catalina.core.StandardService - Starting service [Tomcat]
2025-10-20 19:00:06.841 [main] INFO  org.apache.catalina.core.StandardEngine - Starting Servlet engine: [Apache Tomcat/10.1.5]
2025-10-20 19:00:07.075 [main] INFO  o.a.c.core.ContainerBase.[Tomcat].[localhost].[/] - Initializing Spring embedded WebApplicationContext
2025-10-20 19:00:07.076 [main] INFO  o.s.b.w.s.c.ServletWebServerApplicationContext - Root WebApplicationContext: initialization completed in 1531 ms
2025-10-20 19:00:07.291 [main] INFO  com.alibaba.druid.pool.DruidDataSource - {dataSource-1} inited
2025-10-20 19:00:07.394 [main] INFO  c.z.x.d.i.g.biz.core.segment.SegmentIDGenImpl - Init ...
2025-10-20 19:00:07.395 [main] INFO  c.z.x.d.i.g.biz.core.segment.SegmentIDGenImpl - update cache from db
2025-10-20 19:00:07.708 [main] INFO  c.z.x.d.i.g.biz.core.segment.SegmentIDGenImpl - Add tag leaf-segment-comment-id from db to IdCache, SegmentBuffer SegmentBuffer{key='leaf-segment-comment-id', segments=[Segment(value:0,max:0,step:0), Segment(value:0,max:0,step:0)], currentPos=0, nextReady=false, initOk=false, threadRunning=false, step=0, minStep=0, updateTimestamp=0}
2025-10-20 19:00:07.710 [main] INFO  c.z.x.d.i.g.biz.core.segment.SegmentIDGenImpl - Add tag leaf-segment-test from db to IdCache, SegmentBuffer SegmentBuffer{key='leaf-segment-test', segments=[Segment(value:0,max:0,step:0), Segment(value:0,max:0,step:0)], currentPos=0, nextReady=false, initOk=false, threadRunning=false, step=0, minStep=0, updateTimestamp=0}
2025-10-20 19:00:07.710 [main] INFO  c.z.x.d.i.g.biz.core.segment.SegmentIDGenImpl - Add tag leaf-segment-user-id from db to IdCache, SegmentBuffer SegmentBuffer{key='leaf-segment-user-id', segments=[Segment(value:0,max:0,step:0), Segment(value:0,max:0,step:0)], currentPos=0, nextReady=false, initOk=false, threadRunning=false, step=0, minStep=0, updateTimestamp=0}
2025-10-20 19:00:07.710 [main] INFO  c.z.x.d.i.g.biz.core.segment.SegmentIDGenImpl - Add tag leaf-segment-xiaohongshu-id from db to IdCache, SegmentBuffer SegmentBuffer{key='leaf-segment-xiaohongshu-id', segments=[Segment(value:0,max:0,step:0), Segment(value:0,max:0,step:0)], currentPos=0, nextReady=false, initOk=false, threadRunning=false, step=0, minStep=0, updateTimestamp=0}
2025-10-20 19:00:07.710 [main] INFO  org.perf4j.TimingLogger - start[1760958007396] time[313] tag[updateCacheFromDb]
2025-10-20 19:00:07.713 [main] INFO  c.z.x.d.id.generator.biz.service.SegmentService - Segment Service Init Successfully
2025-10-20 19:00:07.749 [main] INFO  c.z.x.d.i.g.biz.core.snowflake.SnowflakeIDGenImpl - twepoch:1288834974657 ,ip:10.2.66.25 ,zkAddress:127.0.0.1:2181 port:2222
2025-10-20 19:00:07.851 [main] WARN  org.apache.curator.CuratorZookeeperClient - session timeout [6000] is less than connection timeout [10000]
2025-10-20 19:00:07.880 [main] INFO  o.a.curator.framework.imps.CuratorFrameworkImpl - Starting
2025-10-20 19:00:07.889 [main] INFO  org.apache.zookeeper.ZooKeeper - Client environment:zookeeper.version=3.6.0--b4c89dc7f6083829e18fae6e446907ae0b1f22d7, built on 02/25/2020 14:38 GMT
2025-10-20 19:00:07.889 [main] INFO  org.apache.zookeeper.ZooKeeper - Client environment:host.name=10.2.66.25
2025-10-20 19:00:07.889 [main] INFO  org.apache.zookeeper.ZooKeeper - Client environment:java.version=17.0.12
2025-10-20 19:00:07.889 [main] INFO  org.apache.zookeeper.ZooKeeper - Client environment:java.vendor=Oracle Corporation
2025-10-20 19:00:07.889 [main] INFO  org.apache.zookeeper.ZooKeeper - Client environment:java.home=D:\Program Files\Java\jdk-17.0.12
2025-10-20 19:00:07.889 [main] INFO  org.apache.zookeeper.ZooKeeper - Client environment:java.class.path=D:\subject\JAVA\SpringCloud\xiaohongshu\xiaohongshu-distributed-id-generator\xiaohongshu-distributed-id-generator-biz\target\classes;D:\subject\JAVA\SpringCloud\xiaohongshu\xiaohongshu-framework\xiaohongshu-common\target\classes;D:\data\maven-repository\jakarta\validation\jakarta.validation-api\3.0.2\jakarta.validation-api-3.0.2.jar;D:\data\maven-repository\org\hibernate\validator\hibernate-validator\8.0.0.Final\hibernate-validator-8.0.0.Final.jar;D:\data\maven-repository\org\jboss\logging\jboss-logging\3.5.0.Final\jboss-logging-3.5.0.Final.jar;D:\data\maven-repository\com\fasterxml\classmate\1.5.1\classmate-1.5.1.jar;D:\data\maven-repository\org\projectlombok\lombok\1.18.30\lombok-1.18.30.jar;D:\data\maven-repository\com\fasterxml\jackson\core\jackson-databind\2.16.1\jackson-databind-2.16.1.jar;D:\data\maven-repository\com\fasterxml\jackson\core\jackson-annotations\2.14.1\jackson-annotations-2.14.1.jar;D:\data\maven-repository\com\fasterxml\jackson\core\jackson-core\2.16.1\jackson-core-2.16.1.jar;D:\data\maven-repository\com\fasterxml\jackson\datatype\jackson-datatype-jsr310\2.14.1\jackson-datatype-jsr310-2.14.1.jar;D:\data\maven-repository\com\google\guava\guava\33.0.0-jre\guava-33.0.0-jre.jar;D:\data\maven-repository\com\google\guava\failureaccess\1.0.2\failureaccess-1.0.2.jar;D:\data\maven-repository\com\google\guava\listenablefuture\9999.0-empty-to-avoid-conflict-with-guava\listenablefuture-9999.0-empty-to-avoid-conflict-with-guava.jar;D:\data\maven-repository\com\google\code\findbugs\jsr305\3.0.2\jsr305-3.0.2.jar;D:\data\maven-repository\org\checkerframework\checker-qual\3.41.0\checker-qual-3.41.0.jar;D:\data\maven-repository\com\google\errorprone\error_prone_annotations\2.23.0\error_prone_annotations-2.23.0.jar;D:\data\maven-repository\com\google\j2objc\j2objc-annotations\2.8\j2objc-annotations-2.8.jar;D:\data\maven-repository\cn\hutool\hutool-all\5.8.26\hutool-all-5.8.26.jar;D:\data\maven-repository\org\apache\commons\commons-lang3\3.12.0\commons-lang3-3.12.0.jar;D:\data\maven-repository\org\springframework\boot\spring-boot-starter-web\3.0.2\spring-boot-starter-web-3.0.2.jar;D:\data\maven-repository\org\springframework\boot\spring-boot-starter\3.0.2\spring-boot-starter-3.0.2.jar;D:\data\maven-repository\org\springframework\boot\spring-boot\3.0.2\spring-boot-3.0.2.jar;D:\data\maven-repository\org\springframework\boot\spring-boot-autoconfigure\3.0.2\spring-boot-autoconfigure-3.0.2.jar;D:\data\maven-repository\org\springframework\boot\spring-boot-starter-logging\3.0.2\spring-boot-starter-logging-3.0.2.jar;D:\data\maven-repository\ch\qos\logback\logback-classic\1.4.5\logback-classic-1.4.5.jar;D:\data\maven-repository\ch\qos\logback\logback-core\1.4.5\logback-core-1.4.5.jar;D:\data\maven-repository\org\apache\logging\log4j\log4j-to-slf4j\2.19.0\log4j-to-slf4j-2.19.0.jar;D:\data\maven-repository\org\apache\logging\log4j\log4j-api\2.19.0\log4j-api-2.19.0.jar;D:\data\maven-repository\org\slf4j\jul-to-slf4j\2.0.6\jul-to-slf4j-2.0.6.jar;D:\data\maven-repository\jakarta\annotation\jakarta.annotation-api\2.1.1\jakarta.annotation-api-2.1.1.jar;D:\data\maven-repository\org\yaml\snakeyaml\1.33\snakeyaml-1.33.jar;D:\data\maven-repository\org\springframework\boot\spring-boot-starter-json\3.0.2\spring-boot-starter-json-3.0.2.jar;D:\data\maven-repository\com\fasterxml\jackson\datatype\jackson-datatype-jdk8\2.14.1\jackson-datatype-jdk8-2.14.1.jar;D:\data\maven-repository\com\fasterxml\jackson\module\jackson-module-parameter-names\2.14.1\jackson-module-parameter-names-2.14.1.jar;D:\data\maven-repository\org\springframework\boot\spring-boot-starter-tomcat\3.0.2\spring-boot-starter-tomcat-3.0.2.jar;D:\data\maven-repository\org\apache\tomcat\embed\tomcat-embed-core\10.1.5\tomcat-embed-core-10.1.5.jar;D:\data\maven-repository\org\apache\tomcat\embed\tomcat-embed-el\10.1.5\tomcat-embed-el-10.1.5.jar;D:\data\maven-repository\org\apache\tomcat\embed\tomcat-embed-websocket\10.1.5\tomcat-embed-websocket-10.1.5.jar;D:\data\maven-repository\org\springframework\spring-web\6.0.4\spring-web-6.0.4.jar;D:\data\maven-repository\org\springframework\spring-beans\6.0.4\spring-beans-6.0.4.jar;D:\data\maven-repository\io\micrometer\micrometer-observation\1.10.3\micrometer-observation-1.10.3.jar;D:\data\maven-repository\io\micrometer\micrometer-commons\1.10.3\micrometer-commons-1.10.3.jar;D:\data\maven-repository\org\springframework\spring-webmvc\6.0.4\spring-webmvc-6.0.4.jar;D:\data\maven-repository\org\springframework\spring-aop\6.0.4\spring-aop-6.0.4.jar;D:\data\maven-repository\org\springframework\spring-context\6.0.4\spring-context-6.0.4.jar;D:\data\maven-repository\org\springframework\spring-expression\6.0.4\spring-expression-6.0.4.jar;D:\data\maven-repository\org\slf4j\slf4j-api\2.0.6\slf4j-api-2.0.6.jar;D:\data\maven-repository\org\springframework\spring-core\6.0.4\spring-core-6.0.4.jar;D:\data\maven-repository\org\springframework\spring-jcl\6.0.4\spring-jcl-6.0.4.jar;D:\data\maven-repository\org\springframework\cloud\spring-cloud-starter-bootstrap\4.0.0\spring-cloud-starter-bootstrap-4.0.0.jar;D:\data\maven-repository\org\springframework\cloud\spring-cloud-starter\4.0.0\spring-cloud-starter-4.0.0.jar;D:\data\maven-repository\org\springframework\security\spring-security-rsa\1.0.11.RELEASE\spring-security-rsa-1.0.11.RELEASE.jar;D:\data\maven-repository\org\bouncycastle\bcpkix-jdk15on\1.69\bcpkix-jdk15on-1.69.jar;D:\data\maven-repository\org\bouncycastle\bcprov-jdk15on\1.69\bcprov-jdk15on-1.69.jar;D:\data\maven-repository\org\bouncycastle\bcutil-jdk15on\1.69\bcutil-jdk15on-1.69.jar;D:\data\maven-repository\com\alibaba\cloud\spring-cloud-starter-alibaba-nacos-discovery\2022.0.0.0\spring-cloud-starter-alibaba-nacos-discovery-2022.0.0.0.jar;D:\data\maven-repository\com\alibaba\cloud\spring-cloud-alibaba-commons\2022.0.0.0\spring-cloud-alibaba-commons-2022.0.0.0.jar;D:\data\maven-repository\com\alibaba\nacos\nacos-client\2.2.1\nacos-client-2.2.1.jar;D:\data\maven-repository\com\alibaba\nacos\nacos-auth-plugin\2.2.1\nacos-auth-plugin-2.2.1.jar;D:\data\maven-repository\com\alibaba\nacos\nacos-encryption-plugin\2.2.1\nacos-encryption-plugin-2.2.1.jar;D:\data\maven-repository\commons-codec\commons-codec\1.15\commons-codec-1.15.jar;D:\data\maven-repository\org\apache\httpcomponents\httpasyncclient\4.1.5\httpasyncclient-4.1.5.jar;D:\data\maven-repository\org\apache\httpcomponents\httpcore\4.4.16\httpcore-4.4.16.jar;D:\data\maven-repository\org\apache\httpcomponents\httpcore-nio\4.4.16\httpcore-nio-4.4.16.jar;D:\data\maven-repository\org\apache\httpcomponents\httpclient\4.5.14\httpclient-4.5.14.jar;D:\data\maven-repository\io\prometheus\simpleclient\0.16.0\simpleclient-0.16.0.jar;D:\data\maven-repository\io\prometheus\simpleclient_tracer_otel\0.16.0\simpleclient_tracer_otel-0.16.0.jar;D:\data\maven-repository\io\prometheus\simpleclient_tracer_common\0.16.0\simpleclient_tracer_common-0.16.0.jar;D:\data\maven-repository\io\prometheus\simpleclient_tracer_otel_agent\0.16.0\simpleclient_tracer_otel_agent-0.16.0.jar;D:\data\maven-repository\com\alibaba\spring\spring-context-support\1.0.11\spring-context-support-1.0.11.jar;D:\data\maven-repository\org\springframework\cloud\spring-cloud-commons\4.0.0\spring-cloud-commons-4.0.0.jar;D:\data\maven-repository\org\springframework\security\spring-security-crypto\6.0.1\spring-security-crypto-6.0.1.jar;D:\data\maven-repository\org\springframework\cloud\spring-cloud-context\4.0.0\spring-cloud-context-4.0.0.jar;D:\data\maven-repository\commons-io\commons-io\2.4\commons-io-2.4.jar;D:\data\maven-repository\org\perf4j\perf4j\0.9.16\perf4j-0.9.16.jar;D:\data\maven-repository\mysql\mysql-connector-java\8.0.29\mysql-connector-java-8.0.29.jar;D:\data\maven-repository\com\google\protobuf\protobuf-java\3.19.4\protobuf-java-3.19.4.jar;D:\data\maven-repository\com\alibaba\druid\1.0.18\druid-1.0.18.jar;D:\data\maven-repository\org\mybatis\mybatis\3.3.0\mybatis-3.3.0.jar;D:\data\maven-repository\org\apache\curator\curator-recipes\2.6.0\curator-recipes-2.6.0.jar;D:\data\maven-repository\org\apache\curator\curator-framework\5.1.0\curator-framework-5.1.0.jar;D:\data\maven-repository\org\apache\curator\curator-client\5.1.0\curator-client-5.1.0.jar;D:\data\maven-repository\org\apache\zookeeper\zookeeper\3.6.0\zookeeper-3.6.0.jar;D:\data\maven-repository\commons-lang\commons-lang\2.6\commons-lang-2.6.jar;D:\data\maven-repository\org\apache\zookeeper\zookeeper-jute\3.6.0\zookeeper-jute-3.6.0.jar;D:\data\maven-repository\org\apache\yetus\audience-annotations\0.5.0\audience-annotations-0.5.0.jar;D:\data\maven-repository\io\netty\netty-handler\4.1.87.Final\netty-handler-4.1.87.Final.jar;D:\data\maven-repository\io\netty\netty-common\4.1.87.Final\netty-common-4.1.87.Final.jar;D:\data\maven-repository\io\netty\netty-resolver\4.1.87.Final\netty-resolver-4.1.87.Final.jar;D:\data\maven-repository\io\netty\netty-buffer\4.1.87.Final\netty-buffer-4.1.87.Final.jar;D:\data\maven-repository\io\netty\netty-transport\4.1.87.Final\netty-transport-4.1.87.Final.jar;D:\data\maven-repository\io\netty\netty-transport-native-unix-common\4.1.87.Final\netty-transport-native-unix-common-4.1.87.Final.jar;D:\data\maven-repository\io\netty\netty-codec\4.1.87.Final\netty-codec-4.1.87.Final.jar;D:\data\maven-repository\io\netty\netty-transport-native-epoll\4.1.87.Final\netty-transport-native-epoll-4.1.87.Final.jar;D:\data\maven-repository\io\netty\netty-transport-classes-epoll\4.1.87.Final\netty-transport-classes-epoll-4.1.87.Final.jar
2025-10-20 19:00:07.889 [main] INFO  org.apache.zookeeper.ZooKeeper - Client environment:java.library.path=D:\Program Files\Java\jdk-17.0.12\bin;C:\WINDOWS\Sun\Java\bin;C:\WINDOWS\system32;C:\WINDOWS;C:\Program Files (x86)\Common Files\Oracle\Java\java8path;C:\Program Files (x86)\Common Files\Oracle\Java\javapath;D:\Program Files (x86)\VMware\VMware Workstation\bin\;C:\Windows\system32;C:\Windows;C:\Windows\System32\Wbem;C:\Windows\System32\WindowsPowerShell\v1.0\;C:\Windows\System32\OpenSSH\;D:\graalvm-ce-java17-22.3.0\bin;C:\Program Files\dotnet\;C:\WINDOWS\system32;C:\WINDOWS;C:\WINDOWS\System32\Wbem;C:\WINDOWS\System32\WindowsPowerShell\v1.0\;C:\WINDOWS\System32\OpenSSH\;D:\BaiduNetdiskDownload\runtime\win64;D:\BaiduNetdiskDownload\bin;D:\BaiduNetdiskDownload\polyspace\bin;C:\Users\Rey\mingw64\bin\;%MYSQL_HOME%\bin;C:\Program Files\Azure Data Studio\bin;D:\Program Files\MySQL\MySQL Server 8.0\bin;D:\Program Files\apache-tomcat-10.1.7\bin;D:\Program Files\nodejs\;D:\Server\maven\apache-maven-3.9.4\bin;D:\Program Files\Redis-x64-3.2.100;D:\Program Files\elasticsearch-7.17.16-windows-x86_64\elasticsearch-7.17.16\bin;D:\Program Files\elasticsearch-7.17.16-windows-x86_64\elasticsearch-7.17.16\jdk\bin;D:\Program Files\Git\cmd;D:\Program Files (x86)\NetSarang\Xshell 8\;D:\Program Files\NetSarang\Xftp 8\;D:\software\hadoop-3.1.3\bin;c:\Users\Rey\AppData\Local\Programs\cursor\resources\app\bin;D:\Program Files\Java\jdk-1.8\bin;D:\subject\Third_2\andoirdDev\soft\gradle-8.13-bin\gradle-8.13\bin;D:\software\lua-5.4.2_Win64_bin;D:\Program Files\python\Python38\Scripts;D:\Program Files\Python\Python38\;D:\Program Files (x86)\Tencent\微信web开发者工具\dll;D:\Program Files\apache-jmeter-5.6.3\bin;C:\WINDOWS\system32;C:\WINDOWS;C:\WINDOWS\System32\Wbem;C:\WINDOWS\System32\WindowsPowerShell\v1.0\;C:\WINDOWS\System32\OpenSSH\;D:\subject\JAVA\apache-cassandra-4.0.18\bin;C:\Program Files\Docker\Docker\resources\bin;D:\Program Files\cursor\resources\app\bin;D:\Program Files\Python\Python38\Scripts\;D:\Program Files\Python\Python38\;C:\Users\Rey\AppData\Local\Microsoft\WindowsApps;C:\Users\Rey\.dotnet\tools;C:\Users\Rey\mingw64\bin;C:\Program Files\Azure Data Studio\bin;D:\software\vscode\Microsoft VS Code\bin;C:\Users\Rey\AppData\Roaming\npm;D:\Program Files\Java\jdk-1.8\bin;D:\Program Files\JetBrains\PyCharm 2024.3.5\bin;;;%DevEco Studio%;.
2025-10-20 19:00:07.890 [main] INFO  org.apache.zookeeper.ZooKeeper - Client environment:java.io.tmpdir=C:\Users\Rey\AppData\Local\Temp\
2025-10-20 19:00:07.890 [main] INFO  org.apache.zookeeper.ZooKeeper - Client environment:java.compiler=<NA>
2025-10-20 19:00:07.890 [main] INFO  org.apache.zookeeper.ZooKeeper - Client environment:os.name=Windows 11
2025-10-20 19:00:07.890 [main] INFO  org.apache.zookeeper.ZooKeeper - Client environment:os.arch=amd64
2025-10-20 19:00:07.890 [main] INFO  org.apache.zookeeper.ZooKeeper - Client environment:os.version=10.0
2025-10-20 19:00:07.890 [main] INFO  org.apache.zookeeper.ZooKeeper - Client environment:user.name=Rey
2025-10-20 19:00:07.890 [main] INFO  org.apache.zookeeper.ZooKeeper - Client environment:user.home=C:\Users\Rey
2025-10-20 19:00:07.890 [main] INFO  org.apache.zookeeper.ZooKeeper - Client environment:user.dir=D:\subject\JAVA\SpringCloud\xiaohongshu
2025-10-20 19:00:07.890 [main] INFO  org.apache.zookeeper.ZooKeeper - Client environment:os.memory.free=31MB
2025-10-20 19:00:07.890 [main] INFO  org.apache.zookeeper.ZooKeeper - Client environment:os.memory.max=4028MB
2025-10-20 19:00:07.890 [main] INFO  org.apache.zookeeper.ZooKeeper - Client environment:os.memory.total=60MB
2025-10-20 19:00:07.895 [main] INFO  org.apache.zookeeper.ZooKeeper - Initiating client connection, connectString=127.0.0.1:2181 sessionTimeout=6000 watcher=org.apache.curator.ConnectionState@3b41e1bf
2025-10-20 19:00:07.902 [main] INFO  org.apache.zookeeper.common.X509Util - Setting -D jdk.tls.rejectClientInitiatedRenegotiation=true to disable client-initiated TLS renegotiation
2025-10-20 19:00:07.926 [main] INFO  org.apache.zookeeper.ClientCnxnSocket - jute.maxbuffer value is 1048575 Bytes
2025-10-20 19:00:07.936 [main] INFO  org.apache.zookeeper.ClientCnxn - zookeeper.request.timeout value is 0. feature enabled=false
2025-10-20 19:00:07.945 [main-SendThread(127.0.0.1:2181)] INFO  org.apache.zookeeper.ClientCnxn - Opening socket connection to server kubernetes.docker.internal/127.0.0.1:2181.
2025-10-20 19:00:07.945 [main-SendThread(127.0.0.1:2181)] INFO  org.apache.zookeeper.ClientCnxn - SASL config status: Will not attempt to authenticate using SASL (unknown error)
2025-10-20 19:00:07.949 [main] INFO  o.a.curator.framework.imps.CuratorFrameworkImpl - Default schema
2025-10-20 19:00:07.949 [main-SendThread(127.0.0.1:2181)] INFO  org.apache.zookeeper.ClientCnxn - Socket connection established, initiating session, client: /127.0.0.1:50758, server: kubernetes.docker.internal/127.0.0.1:2181
2025-10-20 19:00:07.998 [main-SendThread(127.0.0.1:2181)] INFO  org.apache.zookeeper.ClientCnxn - Session establishment complete on server kubernetes.docker.internal/127.0.0.1:2181, session id = 0x10011259ccf0000, negotiated timeout = 6000
2025-10-20 19:00:08.006 [main-EventThread] INFO  o.a.curator.framework.state.ConnectionStateManager - State change: CONNECTED
2025-10-20 19:00:08.026 [main-EventThread] INFO  org.apache.curator.framework.imps.EnsembleTracker - New config event received: {}
2025-10-20 19:00:08.026 [main-EventThread] INFO  org.apache.curator.framework.imps.EnsembleTracker - New config event received: {}
2025-10-20 19:00:08.138 [main] INFO  c.z.x.d.i.g.b.c.snowflake.SnowflakeZookeeperHolder - file exists status is true
2025-10-20 19:00:08.147 [main] INFO  c.z.x.d.i.g.b.c.snowflake.SnowflakeZookeeperHolder - update file cache workerID is 9
2025-10-20 19:00:08.147 [main] INFO  c.z.x.d.i.g.b.c.snowflake.SnowflakeZookeeperHolder - [Old NODE]find forever node have this endpoint ip-10.2.66.25 port-2222 workid-9 childnode and start SUCCESS
2025-10-20 19:00:08.147 [main] INFO  c.z.x.d.i.g.biz.core.snowflake.SnowflakeIDGenImpl - START SUCCESS USE ZK WORKERID-9
2025-10-20 19:00:08.147 [main] INFO  c.z.x.d.id.generator.biz.service.SnowflakeService - Snowflake Service Init Successfully
2025-10-20 19:00:09.622 [main] INFO  o.s.boot.web.embedded.tomcat.TomcatWebServer - Tomcat started on port(s): 8087 (http) with context path ''
2025-10-20 19:00:09.633 [main] WARN  com.alibaba.nacos.client.logging.NacosLogging - Load Logback Configuration of Nacos fail, message: Could not initialize Logback Nacos logging from classpath:nacos-logback.xml
2025-10-20 19:00:09.633 [main] INFO  com.alibaba.nacos.client.naming - initializer namespace from ans.namespace attribute : null
2025-10-20 19:00:09.634 [main] INFO  com.alibaba.nacos.client.naming - initializer namespace from ALIBABA_ALIWARE_NAMESPACE attribute :null
2025-10-20 19:00:09.635 [main] INFO  com.alibaba.nacos.client.naming - initializer namespace from namespace attribute :null
2025-10-20 19:00:09.675 [main] INFO  com.alibaba.nacos.client.utils.ParamUtil - [settings] [req-serv] nacos-server port:8848
2025-10-20 19:00:09.675 [main] INFO  com.alibaba.nacos.client.utils.ParamUtil - [settings] [http-client] connect timeout:1000
2025-10-20 19:00:09.677 [main] INFO  com.alibaba.nacos.client.utils.ParamUtil - PER_TASK_CONFIG_SIZE: 3000.0
2025-10-20 19:00:09.683 [main] INFO  c.a.n.p.auth.spi.client.ClientAuthPluginManager - [ClientAuthPluginManager] Load ClientAuthService com.alibaba.nacos.client.auth.impl.NacosClientAuthServiceImpl success.
2025-10-20 19:00:09.684 [main] INFO  c.a.n.p.auth.spi.client.ClientAuthPluginManager - [ClientAuthPluginManager] Load ClientAuthService com.alibaba.nacos.client.auth.ram.RamClientAuthServiceImpl success.
2025-10-20 19:00:09.689 [main] INFO  c.a.n.client.auth.ram.identify.CredentialWatcher - null No credential found
2025-10-20 19:00:09.702 [main] INFO  com.alibaba.nacos.common.remote.client - [RpcClientFactory] create a new rpc client of d6764510-1f44-4dd3-a8e6-9a43156f3c4a
2025-10-20 19:00:09.732 [main] INFO  com.alibaba.nacos.common.remote.client - [d6764510-1f44-4dd3-a8e6-9a43156f3c4a] RpcClient init, ServerListFactory = com.alibaba.nacos.client.naming.core.ServerListManager
2025-10-20 19:00:09.733 [main] INFO  com.alibaba.nacos.common.remote.client - [d6764510-1f44-4dd3-a8e6-9a43156f3c4a] Registry connection listener to current client:com.alibaba.nacos.client.naming.remote.gprc.redo.NamingGrpcRedoService
2025-10-20 19:00:09.734 [main] INFO  com.alibaba.nacos.common.remote.client - [d6764510-1f44-4dd3-a8e6-9a43156f3c4a] Register server push request handler:com.alibaba.nacos.client.naming.remote.gprc.NamingPushRequestHandler
2025-10-20 19:00:09.737 [main] INFO  com.alibaba.nacos.common.remote.client - [d6764510-1f44-4dd3-a8e6-9a43156f3c4a] Try to connect to server on start up, server: {serverIp = '8.134.88.169', server main port = 8848}
2025-10-20 19:00:09.744 [main] INFO  c.a.nacos.common.remote.client.grpc.GrpcClient - grpc client connection server:8.134.88.169 ip,serverPort:9848,grpcTslConfig:{"sslProvider":"OPENSSL","enableTls":false,"mutualAuthEnable":false,"trustAll":false}
2025-10-20 19:00:11.119 [main] INFO  com.alibaba.nacos.common.remote.client - [d6764510-1f44-4dd3-a8e6-9a43156f3c4a] Success to connect to server [8.134.88.169:8848] on start up, connectionId = 1760958010932_112.94.129.49_1079
2025-10-20 19:00:11.120 [com.alibaba.nacos.client.remote.worker] INFO  com.alibaba.nacos.common.remote.client - [d6764510-1f44-4dd3-a8e6-9a43156f3c4a] Notify connected event to listeners.
2025-10-20 19:00:11.120 [com.alibaba.nacos.client.remote.worker] INFO  com.alibaba.nacos.client.naming - Grpc connection connect
2025-10-20 19:00:11.120 [main] INFO  com.alibaba.nacos.common.remote.client - [d6764510-1f44-4dd3-a8e6-9a43156f3c4a] Register server push request handler:com.alibaba.nacos.common.remote.client.RpcClient$ConnectResetRequestHandler
2025-10-20 19:00:11.121 [main] INFO  com.alibaba.nacos.common.remote.client - [d6764510-1f44-4dd3-a8e6-9a43156f3c4a] Register server push request handler:com.alibaba.nacos.common.remote.client.RpcClient$$Lambda$978/0x000002a58171e978
2025-10-20 19:00:11.122 [main] INFO  com.alibaba.nacos.client.naming - [REGISTER-SERVICE] xiaohongshu registering service xiaohongshu-distributed-id-generator with instance Instance{instanceId='null', ip='10.2.66.25', port=8087, weight=1.0, healthy=true, enabled=true, ephemeral=true, clusterName='DEFAULT', serviceName='null', metadata={IPv6=null, preserved.register.source=SPRING_CLOUD}}
2025-10-20 19:00:11.150 [main] INFO  c.a.cloud.nacos.registry.NacosServiceRegistry - nacos registry, DEFAULT_GROUP xiaohongshu-distributed-id-generator 10.2.66.25:8087 register finished
2025-10-20 19:00:11.448 [main] INFO  c.z.x.d.i.g.b.XiaohongshuDistributedIdGeneratorBizApplication - Started XiaohongshuDistributedIdGeneratorBizApplication in 8.132 seconds (process running for 9.087)
2025-10-20 19:01:07.722 [check-idCache-thread] INFO  c.z.x.d.i.g.biz.core.segment.SegmentIDGenImpl - update cache from db
2025-10-20 19:01:07.730 [check-idCache-thread] INFO  org.perf4j.TimingLogger - start[1760958067722] time[8] tag[updateCacheFromDb]
2025-10-20 19:02:07.739 [check-idCache-thread] INFO  c.z.x.d.i.g.biz.core.segment.SegmentIDGenImpl - update cache from db
2025-10-20 19:02:07.743 [check-idCache-thread] INFO  org.perf4j.TimingLogger - start[1760958127739] time[3] tag[updateCacheFromDb]
2025-10-20 19:03:07.749 [check-idCache-thread] INFO  c.z.x.d.i.g.biz.core.segment.SegmentIDGenImpl - update cache from db
2025-10-20 19:03:07.753 [check-idCache-thread] INFO  org.perf4j.TimingLogger - start[1760958187749] time[3] tag[updateCacheFromDb]
2025-10-20 19:04:07.765 [check-idCache-thread] INFO  c.z.x.d.i.g.biz.core.segment.SegmentIDGenImpl - update cache from db
2025-10-20 19:04:07.771 [check-idCache-thread] INFO  org.perf4j.TimingLogger - start[1760958247765] time[6] tag[updateCacheFromDb]
2025-10-20 19:05:07.780 [check-idCache-thread] INFO  c.z.x.d.i.g.biz.core.segment.SegmentIDGenImpl - update cache from db
2025-10-20 19:05:07.788 [check-idCache-thread] INFO  org.perf4j.TimingLogger - start[1760958307781] time[7] tag[updateCacheFromDb]
2025-10-20 19:06:07.803 [check-idCache-thread] INFO  c.z.x.d.i.g.biz.core.segment.SegmentIDGenImpl - update cache from db
2025-10-20 19:06:07.808 [check-idCache-thread] INFO  org.perf4j.TimingLogger - start[1760958367803] time[4] tag[updateCacheFromDb]
2025-10-20 19:07:07.814 [check-idCache-thread] INFO  c.z.x.d.i.g.biz.core.segment.SegmentIDGenImpl - update cache from db
2025-10-20 19:07:07.821 [check-idCache-thread] INFO  org.perf4j.TimingLogger - start[1760958427814] time[6] tag[updateCacheFromDb]
2025-10-20 19:08:07.831 [check-idCache-thread] INFO  c.z.x.d.i.g.biz.core.segment.SegmentIDGenImpl - update cache from db
2025-10-20 19:08:07.839 [check-idCache-thread] INFO  org.perf4j.TimingLogger - start[1760958487832] time[7] tag[updateCacheFromDb]
2025-10-20 19:09:07.849 [check-idCache-thread] INFO  c.z.x.d.i.g.biz.core.segment.SegmentIDGenImpl - update cache from db
2025-10-20 19:09:07.855 [check-idCache-thread] INFO  org.perf4j.TimingLogger - start[1760958547849] time[6] tag[updateCacheFromDb]
2025-10-20 19:10:07.871 [check-idCache-thread] INFO  c.z.x.d.i.g.biz.core.segment.SegmentIDGenImpl - update cache from db
2025-10-20 19:10:07.878 [check-idCache-thread] INFO  org.perf4j.TimingLogger - start[1760958607872] time[6] tag[updateCacheFromDb]
2025-10-20 19:11:07.887 [check-idCache-thread] INFO  c.z.x.d.i.g.biz.core.segment.SegmentIDGenImpl - update cache from db
2025-10-20 19:11:07.892 [check-idCache-thread] INFO  org.perf4j.TimingLogger - start[1760958667887] time[3] tag[updateCacheFromDb]
2025-10-20 19:12:07.906 [check-idCache-thread] INFO  c.z.x.d.i.g.biz.core.segment.SegmentIDGenImpl - update cache from db
2025-10-20 19:12:07.911 [check-idCache-thread] INFO  org.perf4j.TimingLogger - start[1760958727907] time[4] tag[updateCacheFromDb]
2025-10-20 19:13:07.925 [check-idCache-thread] INFO  c.z.x.d.i.g.biz.core.segment.SegmentIDGenImpl - update cache from db
2025-10-20 19:13:07.930 [check-idCache-thread] INFO  org.perf4j.TimingLogger - start[1760958787925] time[5] tag[updateCacheFromDb]
2025-10-20 19:14:07.936 [check-idCache-thread] INFO  c.z.x.d.i.g.biz.core.segment.SegmentIDGenImpl - update cache from db
2025-10-20 19:14:07.939 [check-idCache-thread] INFO  org.perf4j.TimingLogger - start[1760958847937] time[3] tag[updateCacheFromDb]
2025-10-20 19:15:07.947 [check-idCache-thread] INFO  c.z.x.d.i.g.biz.core.segment.SegmentIDGenImpl - update cache from db
2025-10-20 19:15:07.957 [check-idCache-thread] INFO  org.perf4j.TimingLogger - start[1760958907948] time[9] tag[updateCacheFromDb]
2025-10-20 19:16:07.960 [check-idCache-thread] INFO  c.z.x.d.i.g.biz.core.segment.SegmentIDGenImpl - update cache from db
2025-10-20 19:16:07.969 [check-idCache-thread] INFO  org.perf4j.TimingLogger - start[1760958967961] time[8] tag[updateCacheFromDb]
2025-10-20 19:17:07.971 [check-idCache-thread] INFO  c.z.x.d.i.g.biz.core.segment.SegmentIDGenImpl - update cache from db
2025-10-20 19:17:07.971 [check-idCache-thread] INFO  org.perf4j.TimingLogger - start[1760959027971] time[3] tag[updateCacheFromDb]
2025-10-20 19:18:07.982 [check-idCache-thread] INFO  c.z.x.d.i.g.biz.core.segment.SegmentIDGenImpl - update cache from db
2025-10-20 19:18:07.987 [check-idCache-thread] INFO  org.perf4j.TimingLogger - start[1760959087982] time[4] tag[updateCacheFromDb]
2025-10-20 19:19:07.997 [check-idCache-thread] INFO  c.z.x.d.i.g.biz.core.segment.SegmentIDGenImpl - update cache from db
2025-10-20 19:19:08.002 [check-idCache-thread] INFO  org.perf4j.TimingLogger - start[1760959147998] time[4] tag[updateCacheFromDb]
2025-10-20 19:20:08.018 [check-idCache-thread] INFO  c.z.x.d.i.g.biz.core.segment.SegmentIDGenImpl - update cache from db
2025-10-20 19:20:08.021 [check-idCache-thread] INFO  org.perf4j.TimingLogger - start[1760959208019] time[3] tag[updateCacheFromDb]
2025-10-20 19:21:08.023 [check-idCache-thread] INFO  c.z.x.d.i.g.biz.core.segment.SegmentIDGenImpl - update cache from db
2025-10-20 19:21:08.031 [check-idCache-thread] INFO  org.perf4j.TimingLogger - start[1760959268024] time[6] tag[updateCacheFromDb]
2025-10-20 19:22:08.038 [check-idCache-thread] INFO  c.z.x.d.i.g.biz.core.segment.SegmentIDGenImpl - update cache from db
2025-10-20 19:22:08.044 [check-idCache-thread] INFO  org.perf4j.TimingLogger - start[1760959328038] time[6] tag[updateCacheFromDb]
2025-10-20 19:23:08.049 [check-idCache-thread] INFO  c.z.x.d.i.g.biz.core.segment.SegmentIDGenImpl - update cache from db
2025-10-20 19:23:08.057 [check-idCache-thread] INFO  org.perf4j.TimingLogger - start[1760959388050] time[5] tag[updateCacheFromDb]
2025-10-20 19:24:08.061 [check-idCache-thread] INFO  c.z.x.d.i.g.biz.core.segment.SegmentIDGenImpl - update cache from db
2025-10-20 19:24:08.064 [check-idCache-thread] INFO  org.perf4j.TimingLogger - start[1760959448061] time[5] tag[updateCacheFromDb]
2025-10-20 19:25:08.074 [check-idCache-thread] INFO  c.z.x.d.i.g.biz.core.segment.SegmentIDGenImpl - update cache from db
2025-10-20 19:25:08.077 [check-idCache-thread] INFO  org.perf4j.TimingLogger - start[1760959508075] time[5] tag[updateCacheFromDb]
2025-10-20 19:26:08.095 [check-idCache-thread] INFO  c.z.x.d.i.g.biz.core.segment.SegmentIDGenImpl - update cache from db
2025-10-20 19:26:08.097 [check-idCache-thread] INFO  org.perf4j.TimingLogger - start[1760959568096] time[5] tag[updateCacheFromDb]
2025-10-20 19:27:08.102 [check-idCache-thread] INFO  c.z.x.d.i.g.biz.core.segment.SegmentIDGenImpl - update cache from db
2025-10-20 19:27:08.109 [check-idCache-thread] INFO  org.perf4j.TimingLogger - start[1760959628103] time[5] tag[updateCacheFromDb]
2025-10-20 19:28:08.119 [check-idCache-thread] INFO  c.z.x.d.i.g.biz.core.segment.SegmentIDGenImpl - update cache from db
2025-10-20 19:28:08.125 [check-idCache-thread] INFO  org.perf4j.TimingLogger - start[1760959688119] time[5] tag[updateCacheFromDb]
2025-10-20 19:29:08.136 [check-idCache-thread] INFO  c.z.x.d.i.g.biz.core.segment.SegmentIDGenImpl - update cache from db
2025-10-20 19:29:08.142 [check-idCache-thread] INFO  org.perf4j.TimingLogger - start[1760959748137] time[5] tag[updateCacheFromDb]
2025-10-20 19:30:08.146 [check-idCache-thread] INFO  c.z.x.d.i.g.biz.core.segment.SegmentIDGenImpl - update cache from db
2025-10-20 19:30:08.163 [check-idCache-thread] INFO  org.perf4j.TimingLogger - start[1760959808147] time[6] tag[updateCacheFromDb]
2025-10-20 19:31:08.172 [check-idCache-thread] INFO  c.z.x.d.i.g.biz.core.segment.SegmentIDGenImpl - update cache from db
2025-10-20 19:31:08.177 [check-idCache-thread] INFO  org.perf4j.TimingLogger - start[1760959868172] time[5] tag[updateCacheFromDb]
2025-10-20 19:32:08.186 [check-idCache-thread] INFO  c.z.x.d.i.g.biz.core.segment.SegmentIDGenImpl - update cache from db
2025-10-20 19:32:08.193 [check-idCache-thread] INFO  org.perf4j.TimingLogger - start[1760959928187] time[6] tag[updateCacheFromDb]
2025-10-20 19:33:08.200 [check-idCache-thread] INFO  c.z.x.d.i.g.biz.core.segment.SegmentIDGenImpl - update cache from db
2025-10-20 19:33:08.206 [check-idCache-thread] INFO  org.perf4j.TimingLogger - start[1760959988201] time[6] tag[updateCacheFromDb]
2025-10-20 19:34:08.216 [check-idCache-thread] INFO  c.z.x.d.i.g.biz.core.segment.SegmentIDGenImpl - update cache from db
2025-10-20 19:34:08.220 [check-idCache-thread] INFO  org.perf4j.TimingLogger - start[1760960048216] time[6] tag[updateCacheFromDb]
2025-10-20 19:35:08.227 [check-idCache-thread] INFO  c.z.x.d.i.g.biz.core.segment.SegmentIDGenImpl - update cache from db
2025-10-20 19:35:08.232 [check-idCache-thread] INFO  org.perf4j.TimingLogger - start[1760960108227] time[4] tag[updateCacheFromDb]
2025-10-20 19:36:08.242 [check-idCache-thread] INFO  c.z.x.d.i.g.biz.core.segment.SegmentIDGenImpl - update cache from db
2025-10-20 19:36:08.247 [check-idCache-thread] INFO  org.perf4j.TimingLogger - start[1760960168242] time[5] tag[updateCacheFromDb]
2025-10-20 19:37:08.266 [check-idCache-thread] INFO  c.z.x.d.i.g.biz.core.segment.SegmentIDGenImpl - update cache from db
2025-10-20 19:37:08.270 [check-idCache-thread] INFO  org.perf4j.TimingLogger - start[1760960228267] time[5] tag[updateCacheFromDb]
2025-10-20 19:38:08.280 [check-idCache-thread] INFO  c.z.x.d.i.g.biz.core.segment.SegmentIDGenImpl - update cache from db
2025-10-20 19:38:08.284 [check-idCache-thread] INFO  org.perf4j.TimingLogger - start[1760960288282] time[5] tag[updateCacheFromDb]
2025-10-20 19:39:08.295 [check-idCache-thread] INFO  c.z.x.d.i.g.biz.core.segment.SegmentIDGenImpl - update cache from db
2025-10-20 19:39:08.301 [check-idCache-thread] INFO  org.perf4j.TimingLogger - start[1760960348295] time[5] tag[updateCacheFromDb]
2025-10-20 19:40:08.310 [check-idCache-thread] INFO  c.z.x.d.i.g.biz.core.segment.SegmentIDGenImpl - update cache from db
2025-10-20 19:40:08.314 [check-idCache-thread] INFO  org.perf4j.TimingLogger - start[1760960408310] time[4] tag[updateCacheFromDb]
2025-10-20 19:41:08.324 [check-idCache-thread] INFO  c.z.x.d.i.g.biz.core.segment.SegmentIDGenImpl - update cache from db
2025-10-20 19:41:08.330 [check-idCache-thread] INFO  org.perf4j.TimingLogger - start[1760960468324] time[5] tag[updateCacheFromDb]
2025-10-20 19:42:08.343 [check-idCache-thread] INFO  c.z.x.d.i.g.biz.core.segment.SegmentIDGenImpl - update cache from db
2025-10-20 19:42:08.345 [check-idCache-thread] INFO  org.perf4j.TimingLogger - start[1760960528343] time[2] tag[updateCacheFromDb]
2025-10-20 19:43:08.360 [check-idCache-thread] INFO  c.z.x.d.i.g.biz.core.segment.SegmentIDGenImpl - update cache from db
2025-10-20 19:43:08.365 [check-idCache-thread] INFO  org.perf4j.TimingLogger - start[1760960588360] time[4] tag[updateCacheFromDb]
2025-10-20 19:44:08.368 [check-idCache-thread] INFO  c.z.x.d.i.g.biz.core.segment.SegmentIDGenImpl - update cache from db
2025-10-20 19:44:08.372 [check-idCache-thread] INFO  org.perf4j.TimingLogger - start[1760960648368] time[3] tag[updateCacheFromDb]
2025-10-20 19:45:08.376 [check-idCache-thread] INFO  c.z.x.d.i.g.biz.core.segment.SegmentIDGenImpl - update cache from db
2025-10-20 19:45:08.383 [check-idCache-thread] INFO  org.perf4j.TimingLogger - start[1760960708376] time[6] tag[updateCacheFromDb]
2025-10-20 19:46:08.395 [check-idCache-thread] INFO  c.z.x.d.i.g.biz.core.segment.SegmentIDGenImpl - update cache from db
2025-10-20 19:46:08.400 [check-idCache-thread] INFO  org.perf4j.TimingLogger - start[1760960768395] time[5] tag[updateCacheFromDb]
2025-10-20 19:47:08.407 [check-idCache-thread] INFO  c.z.x.d.i.g.biz.core.segment.SegmentIDGenImpl - update cache from db
2025-10-20 19:47:08.413 [check-idCache-thread] INFO  org.perf4j.TimingLogger - start[1760960828408] time[5] tag[updateCacheFromDb]
2025-10-20 19:48:08.425 [check-idCache-thread] INFO  c.z.x.d.i.g.biz.core.segment.SegmentIDGenImpl - update cache from db
2025-10-20 19:48:08.432 [check-idCache-thread] INFO  org.perf4j.TimingLogger - start[1760960888426] time[6] tag[updateCacheFromDb]
2025-10-20 19:49:08.434 [check-idCache-thread] INFO  c.z.x.d.i.g.biz.core.segment.SegmentIDGenImpl - update cache from db
2025-10-20 19:49:08.439 [check-idCache-thread] INFO  org.perf4j.TimingLogger - start[1760960948435] time[5] tag[updateCacheFromDb]
2025-10-20 19:50:08.446 [check-idCache-thread] INFO  c.z.x.d.i.g.biz.core.segment.SegmentIDGenImpl - update cache from db
2025-10-20 19:50:08.450 [check-idCache-thread] INFO  org.perf4j.TimingLogger - start[1760961008446] time[4] tag[updateCacheFromDb]
2025-10-20 19:51:08.457 [check-idCache-thread] INFO  c.z.x.d.i.g.biz.core.segment.SegmentIDGenImpl - update cache from db
2025-10-20 19:51:08.465 [check-idCache-thread] INFO  org.perf4j.TimingLogger - start[1760961068458] time[6] tag[updateCacheFromDb]
2025-10-20 19:52:08.470 [check-idCache-thread] INFO  c.z.x.d.i.g.biz.core.segment.SegmentIDGenImpl - update cache from db
2025-10-20 19:52:08.477 [check-idCache-thread] INFO  org.perf4j.TimingLogger - start[1760961128471] time[6] tag[updateCacheFromDb]
2025-10-20 19:53:08.480 [check-idCache-thread] INFO  c.z.x.d.i.g.biz.core.segment.SegmentIDGenImpl - update cache from db
2025-10-20 19:53:08.485 [check-idCache-thread] INFO  org.perf4j.TimingLogger - start[1760961188480] time[4] tag[updateCacheFromDb]
2025-10-20 19:54:08.490 [check-idCache-thread] INFO  c.z.x.d.i.g.biz.core.segment.SegmentIDGenImpl - update cache from db
2025-10-20 19:54:08.498 [check-idCache-thread] INFO  org.perf4j.TimingLogger - start[1760961248491] time[6] tag[updateCacheFromDb]
2025-10-20 19:55:08.501 [check-idCache-thread] INFO  c.z.x.d.i.g.biz.core.segment.SegmentIDGenImpl - update cache from db
2025-10-20 19:55:08.506 [check-idCache-thread] INFO  org.perf4j.TimingLogger - start[1760961308502] time[4] tag[updateCacheFromDb]
2025-10-20 19:56:08.515 [check-idCache-thread] INFO  c.z.x.d.i.g.biz.core.segment.SegmentIDGenImpl - update cache from db
2025-10-20 19:56:08.518 [check-idCache-thread] INFO  org.perf4j.TimingLogger - start[1760961368515] time[3] tag[updateCacheFromDb]
2025-10-20 19:57:08.534 [check-idCache-thread] INFO  c.z.x.d.i.g.biz.core.segment.SegmentIDGenImpl - update cache from db
2025-10-20 19:57:08.549 [check-idCache-thread] INFO  org.perf4j.TimingLogger - start[1760961428534] time[16] tag[updateCacheFromDb]
2025-10-20 19:58:08.564 [check-idCache-thread] INFO  c.z.x.d.i.g.biz.core.segment.SegmentIDGenImpl - update cache from db
2025-10-20 19:58:08.568 [check-idCache-thread] INFO  org.perf4j.TimingLogger - start[1760961488564] time[3] tag[updateCacheFromDb]
2025-10-20 19:59:08.580 [check-idCache-thread] INFO  c.z.x.d.i.g.biz.core.segment.SegmentIDGenImpl - update cache from db
2025-10-20 19:59:08.586 [check-idCache-thread] INFO  org.perf4j.TimingLogger - start[1760961548580] time[5] tag[updateCacheFromDb]
2025-10-20 20:00:08.594 [check-idCache-thread] INFO  c.z.x.d.i.g.biz.core.segment.SegmentIDGenImpl - update cache from db
2025-10-20 20:00:08.610 [check-idCache-thread] INFO  org.perf4j.TimingLogger - start[1760961608594] time[15] tag[updateCacheFromDb]
2025-10-20 20:01:08.612 [check-idCache-thread] INFO  c.z.x.d.i.g.biz.core.segment.SegmentIDGenImpl - update cache from db
2025-10-20 20:01:08.615 [check-idCache-thread] INFO  org.perf4j.TimingLogger - start[1760961668612] time[2] tag[updateCacheFromDb]
2025-10-20 20:02:08.630 [check-idCache-thread] INFO  c.z.x.d.i.g.biz.core.segment.SegmentIDGenImpl - update cache from db
2025-10-20 20:02:08.636 [check-idCache-thread] INFO  org.perf4j.TimingLogger - start[1760961728631] time[4] tag[updateCacheFromDb]
2025-10-20 20:03:08.640 [check-idCache-thread] INFO  c.z.x.d.i.g.biz.core.segment.SegmentIDGenImpl - update cache from db
2025-10-20 20:03:08.648 [check-idCache-thread] INFO  org.perf4j.TimingLogger - start[1760961788641] time[7] tag[updateCacheFromDb]
2025-10-20 20:04:08.661 [check-idCache-thread] INFO  c.z.x.d.i.g.biz.core.segment.SegmentIDGenImpl - update cache from db
2025-10-20 20:04:08.669 [check-idCache-thread] INFO  org.perf4j.TimingLogger - start[1760961848662] time[6] tag[updateCacheFromDb]
2025-10-20 20:05:08.678 [check-idCache-thread] INFO  c.z.x.d.i.g.biz.core.segment.SegmentIDGenImpl - update cache from db
2025-10-20 20:05:08.684 [check-idCache-thread] INFO  org.perf4j.TimingLogger - start[1760961908678] time[5] tag[updateCacheFromDb]
2025-10-20 20:06:08.695 [check-idCache-thread] INFO  c.z.x.d.i.g.biz.core.segment.SegmentIDGenImpl - update cache from db
2025-10-20 20:06:08.699 [check-idCache-thread] INFO  org.perf4j.TimingLogger - start[1760961968695] time[3] tag[updateCacheFromDb]
2025-10-20 20:07:08.705 [check-idCache-thread] INFO  c.z.x.d.i.g.biz.core.segment.SegmentIDGenImpl - update cache from db
2025-10-20 20:07:08.711 [check-idCache-thread] INFO  org.perf4j.TimingLogger - start[1760962028706] time[5] tag[updateCacheFromDb]
2025-10-20 20:08:08.727 [check-idCache-thread] INFO  c.z.x.d.i.g.biz.core.segment.SegmentIDGenImpl - update cache from db
2025-10-20 20:08:08.734 [check-idCache-thread] INFO  org.perf4j.TimingLogger - start[1760962088727] time[6] tag[updateCacheFromDb]
2025-10-20 20:09:08.743 [check-idCache-thread] INFO  c.z.x.d.i.g.biz.core.segment.SegmentIDGenImpl - update cache from db
2025-10-20 20:09:08.749 [check-idCache-thread] INFO  org.perf4j.TimingLogger - start[1760962148744] time[5] tag[updateCacheFromDb]
2025-10-20 20:10:08.757 [check-idCache-thread] INFO  c.z.x.d.i.g.biz.core.segment.SegmentIDGenImpl - update cache from db
2025-10-20 20:10:08.758 [check-idCache-thread] INFO  org.perf4j.TimingLogger - start[1760962208757] time[5] tag[updateCacheFromDb]
2025-10-20 20:11:08.768 [check-idCache-thread] INFO  c.z.x.d.i.g.biz.core.segment.SegmentIDGenImpl - update cache from db
2025-10-20 20:11:08.776 [check-idCache-thread] INFO  org.perf4j.TimingLogger - start[1760962268768] time[7] tag[updateCacheFromDb]
2025-10-20 20:12:08.786 [check-idCache-thread] INFO  c.z.x.d.i.g.biz.core.segment.SegmentIDGenImpl - update cache from db
2025-10-20 20:12:08.794 [check-idCache-thread] INFO  org.perf4j.TimingLogger - start[1760962328786] time[7] tag[updateCacheFromDb]
2025-10-20 20:13:08.802 [check-idCache-thread] INFO  c.z.x.d.i.g.biz.core.segment.SegmentIDGenImpl - update cache from db
2025-10-20 20:13:08.807 [check-idCache-thread] INFO  org.perf4j.TimingLogger - start[1760962388803] time[4] tag[updateCacheFromDb]
2025-10-20 20:14:08.815 [check-idCache-thread] INFO  c.z.x.d.i.g.biz.core.segment.SegmentIDGenImpl - update cache from db
2025-10-20 20:14:08.819 [check-idCache-thread] INFO  org.perf4j.TimingLogger - start[1760962448815] time[3] tag[updateCacheFromDb]
2025-10-20 20:15:08.820 [check-idCache-thread] INFO  c.z.x.d.i.g.biz.core.segment.SegmentIDGenImpl - update cache from db
2025-10-20 20:15:08.825 [check-idCache-thread] INFO  org.perf4j.TimingLogger - start[1760962508820] time[5] tag[updateCacheFromDb]
2025-10-20 20:16:08.829 [check-idCache-thread] INFO  c.z.x.d.i.g.biz.core.segment.SegmentIDGenImpl - update cache from db
2025-10-20 20:16:08.845 [check-idCache-thread] INFO  org.perf4j.TimingLogger - start[1760962568830] time[14] tag[updateCacheFromDb]
2025-10-20 20:17:08.848 [check-idCache-thread] INFO  c.z.x.d.i.g.biz.core.segment.SegmentIDGenImpl - update cache from db
2025-10-20 20:17:08.854 [check-idCache-thread] INFO  org.perf4j.TimingLogger - start[1760962628848] time[6] tag[updateCacheFromDb]
2025-10-20 20:18:08.867 [check-idCache-thread] INFO  c.z.x.d.i.g.biz.core.segment.SegmentIDGenImpl - update cache from db
2025-10-20 20:18:08.884 [check-idCache-thread] INFO  org.perf4j.TimingLogger - start[1760962688868] time[16] tag[updateCacheFromDb]
2025-10-20 20:19:08.897 [check-idCache-thread] INFO  c.z.x.d.i.g.biz.core.segment.SegmentIDGenImpl - update cache from db
2025-10-20 20:19:08.903 [check-idCache-thread] INFO  org.perf4j.TimingLogger - start[1760962748897] time[5] tag[updateCacheFromDb]
2025-10-20 20:20:08.914 [check-idCache-thread] INFO  c.z.x.d.i.g.biz.core.segment.SegmentIDGenImpl - update cache from db
2025-10-20 20:20:08.917 [check-idCache-thread] INFO  org.perf4j.TimingLogger - start[1760962808914] time[3] tag[updateCacheFromDb]
2025-10-20 20:21:08.925 [check-idCache-thread] INFO  c.z.x.d.i.g.biz.core.segment.SegmentIDGenImpl - update cache from db
2025-10-20 20:21:08.929 [check-idCache-thread] INFO  org.perf4j.TimingLogger - start[1760962868925] time[3] tag[updateCacheFromDb]
2025-10-20 20:22:08.934 [check-idCache-thread] INFO  c.z.x.d.i.g.biz.core.segment.SegmentIDGenImpl - update cache from db
2025-10-20 20:22:08.941 [check-idCache-thread] INFO  org.perf4j.TimingLogger - start[1760962928935] time[5] tag[updateCacheFromDb]
2025-10-20 20:23:08.957 [check-idCache-thread] INFO  c.z.x.d.i.g.biz.core.segment.SegmentIDGenImpl - update cache from db
2025-10-20 20:23:08.962 [check-idCache-thread] INFO  org.perf4j.TimingLogger - start[1760962988958] time[4] tag[updateCacheFromDb]
2025-10-20 20:24:08.970 [check-idCache-thread] INFO  c.z.x.d.i.g.biz.core.segment.SegmentIDGenImpl - update cache from db
2025-10-20 20:24:08.975 [check-idCache-thread] INFO  org.perf4j.TimingLogger - start[1760963048970] time[5] tag[updateCacheFromDb]
2025-10-20 20:25:08.979 [check-idCache-thread] INFO  c.z.x.d.i.g.biz.core.segment.SegmentIDGenImpl - update cache from db
2025-10-20 20:25:08.985 [check-idCache-thread] INFO  org.perf4j.TimingLogger - start[1760963108979] time[6] tag[updateCacheFromDb]
2025-10-20 20:26:08.991 [check-idCache-thread] INFO  c.z.x.d.i.g.biz.core.segment.SegmentIDGenImpl - update cache from db
2025-10-20 20:26:08.996 [check-idCache-thread] INFO  org.perf4j.TimingLogger - start[1760963168991] time[5] tag[updateCacheFromDb]
2025-10-20 20:27:09.009 [check-idCache-thread] INFO  c.z.x.d.i.g.biz.core.segment.SegmentIDGenImpl - update cache from db
2025-10-20 20:27:09.015 [check-idCache-thread] INFO  org.perf4j.TimingLogger - start[1760963229009] time[5] tag[updateCacheFromDb]
2025-10-20 20:28:09.025 [check-idCache-thread] INFO  c.z.x.d.i.g.biz.core.segment.SegmentIDGenImpl - update cache from db
2025-10-20 20:28:09.032 [check-idCache-thread] INFO  org.perf4j.TimingLogger - start[1760963289026] time[5] tag[updateCacheFromDb]
2025-10-20 20:29:09.043 [check-idCache-thread] INFO  c.z.x.d.i.g.biz.core.segment.SegmentIDGenImpl - update cache from db
2025-10-20 20:29:09.048 [check-idCache-thread] INFO  org.perf4j.TimingLogger - start[1760963349043] time[4] tag[updateCacheFromDb]
2025-10-20 20:30:09.056 [check-idCache-thread] INFO  c.z.x.d.i.g.biz.core.segment.SegmentIDGenImpl - update cache from db
2025-10-20 20:30:09.062 [check-idCache-thread] INFO  org.perf4j.TimingLogger - start[1760963409056] time[5] tag[updateCacheFromDb]
2025-10-20 20:31:09.070 [check-idCache-thread] INFO  c.z.x.d.i.g.biz.core.segment.SegmentIDGenImpl - update cache from db
2025-10-20 20:31:09.075 [check-idCache-thread] INFO  org.perf4j.TimingLogger - start[1760963469070] time[5] tag[updateCacheFromDb]
2025-10-20 20:32:09.083 [check-idCache-thread] INFO  c.z.x.d.i.g.biz.core.segment.SegmentIDGenImpl - update cache from db
2025-10-20 20:32:09.088 [check-idCache-thread] INFO  org.perf4j.TimingLogger - start[1760963529083] time[4] tag[updateCacheFromDb]
2025-10-20 20:33:09.096 [check-idCache-thread] INFO  c.z.x.d.i.g.biz.core.segment.SegmentIDGenImpl - update cache from db
2025-10-20 20:33:09.101 [check-idCache-thread] INFO  org.perf4j.TimingLogger - start[1760963589096] time[4] tag[updateCacheFromDb]
2025-10-20 20:34:09.114 [check-idCache-thread] INFO  c.z.x.d.i.g.biz.core.segment.SegmentIDGenImpl - update cache from db
2025-10-20 20:34:09.117 [check-idCache-thread] INFO  org.perf4j.TimingLogger - start[1760963649114] time[3] tag[updateCacheFromDb]
2025-10-20 20:35:09.128 [check-idCache-thread] INFO  c.z.x.d.i.g.biz.core.segment.SegmentIDGenImpl - update cache from db
2025-10-20 20:35:09.131 [check-idCache-thread] INFO  org.perf4j.TimingLogger - start[1760963709128] time[3] tag[updateCacheFromDb]
2025-10-20 20:36:09.140 [check-idCache-thread] INFO  c.z.x.d.i.g.biz.core.segment.SegmentIDGenImpl - update cache from db
2025-10-20 20:36:09.145 [check-idCache-thread] INFO  org.perf4j.TimingLogger - start[1760963769141] time[4] tag[updateCacheFromDb]
2025-10-20 20:37:09.148 [check-idCache-thread] INFO  c.z.x.d.i.g.biz.core.segment.SegmentIDGenImpl - update cache from db
2025-10-20 20:37:09.149 [check-idCache-thread] INFO  org.perf4j.TimingLogger - start[1760963829149] time[4] tag[updateCacheFromDb]
2025-10-20 20:38:09.162 [check-idCache-thread] INFO  c.z.x.d.i.g.biz.core.segment.SegmentIDGenImpl - update cache from db
2025-10-20 20:38:09.166 [check-idCache-thread] INFO  org.perf4j.TimingLogger - start[1760963889163] time[3] tag[updateCacheFromDb]
2025-10-20 20:39:09.178 [check-idCache-thread] INFO  c.z.x.d.i.g.biz.core.segment.SegmentIDGenImpl - update cache from db
2025-10-20 20:39:09.182 [check-idCache-thread] INFO  org.perf4j.TimingLogger - start[1760963949178] time[3] tag[updateCacheFromDb]
2025-10-20 20:40:09.183 [check-idCache-thread] INFO  c.z.x.d.i.g.biz.core.segment.SegmentIDGenImpl - update cache from db
2025-10-20 20:40:09.188 [check-idCache-thread] INFO  org.perf4j.TimingLogger - start[1760964009183] time[4] tag[updateCacheFromDb]
2025-10-20 20:41:09.195 [check-idCache-thread] INFO  c.z.x.d.i.g.biz.core.segment.SegmentIDGenImpl - update cache from db
2025-10-20 20:41:09.198 [check-idCache-thread] INFO  org.perf4j.TimingLogger - start[1760964069195] time[3] tag[updateCacheFromDb]
2025-10-20 20:42:09.204 [check-idCache-thread] INFO  c.z.x.d.i.g.biz.core.segment.SegmentIDGenImpl - update cache from db
2025-10-20 20:42:09.208 [check-idCache-thread] INFO  org.perf4j.TimingLogger - start[1760964129204] time[3] tag[updateCacheFromDb]
2025-10-20 20:43:09.215 [check-idCache-thread] INFO  c.z.x.d.i.g.biz.core.segment.SegmentIDGenImpl - update cache from db
2025-10-20 20:43:09.220 [check-idCache-thread] INFO  org.perf4j.TimingLogger - start[1760964189215] time[4] tag[updateCacheFromDb]
2025-10-20 20:44:09.228 [check-idCache-thread] INFO  c.z.x.d.i.g.biz.core.segment.SegmentIDGenImpl - update cache from db
2025-10-20 20:44:09.259 [check-idCache-thread] INFO  org.perf4j.TimingLogger - start[1760964249228] time[31] tag[updateCacheFromDb]
2025-10-20 20:45:09.271 [check-idCache-thread] INFO  c.z.x.d.i.g.biz.core.segment.SegmentIDGenImpl - update cache from db
2025-10-20 20:45:09.277 [check-idCache-thread] INFO  org.perf4j.TimingLogger - start[1760964309272] time[5] tag[updateCacheFromDb]
2025-10-20 20:46:09.281 [check-idCache-thread] INFO  c.z.x.d.i.g.biz.core.segment.SegmentIDGenImpl - update cache from db
2025-10-20 20:46:09.284 [check-idCache-thread] INFO  org.perf4j.TimingLogger - start[1760964369281] time[3] tag[updateCacheFromDb]
2025-10-20 20:47:09.286 [check-idCache-thread] INFO  c.z.x.d.i.g.biz.core.segment.SegmentIDGenImpl - update cache from db
2025-10-20 20:47:09.291 [check-idCache-thread] INFO  org.perf4j.TimingLogger - start[1760964429286] time[5] tag[updateCacheFromDb]
2025-10-20 20:48:09.298 [check-idCache-thread] INFO  c.z.x.d.i.g.biz.core.segment.SegmentIDGenImpl - update cache from db
2025-10-20 20:48:09.303 [check-idCache-thread] INFO  org.perf4j.TimingLogger - start[1760964489298] time[6] tag[updateCacheFromDb]
2025-10-20 20:49:09.317 [check-idCache-thread] INFO  c.z.x.d.i.g.biz.core.segment.SegmentIDGenImpl - update cache from db
2025-10-20 20:49:09.321 [check-idCache-thread] INFO  org.perf4j.TimingLogger - start[1760964549317] time[4] tag[updateCacheFromDb]
2025-10-20 20:50:09.325 [check-idCache-thread] INFO  c.z.x.d.i.g.biz.core.segment.SegmentIDGenImpl - update cache from db
2025-10-20 20:50:09.330 [check-idCache-thread] INFO  org.perf4j.TimingLogger - start[1760964609326] time[4] tag[updateCacheFromDb]
2025-10-20 20:51:09.339 [check-idCache-thread] INFO  c.z.x.d.i.g.biz.core.segment.SegmentIDGenImpl - update cache from db
2025-10-20 20:51:09.354 [check-idCache-thread] INFO  org.perf4j.TimingLogger - start[1760964669340] time[14] tag[updateCacheFromDb]
2025-10-20 20:52:09.362 [check-idCache-thread] INFO  c.z.x.d.i.g.biz.core.segment.SegmentIDGenImpl - update cache from db
2025-10-20 20:52:09.367 [check-idCache-thread] INFO  org.perf4j.TimingLogger - start[1760964729363] time[4] tag[updateCacheFromDb]
2025-10-20 20:53:09.372 [check-idCache-thread] INFO  c.z.x.d.i.g.biz.core.segment.SegmentIDGenImpl - update cache from db
2025-10-20 20:53:09.376 [check-idCache-thread] INFO  org.perf4j.TimingLogger - start[1760964789372] time[3] tag[updateCacheFromDb]
2025-10-20 20:54:09.388 [check-idCache-thread] INFO  c.z.x.d.i.g.biz.core.segment.SegmentIDGenImpl - update cache from db
2025-10-20 20:54:09.392 [check-idCache-thread] INFO  org.perf4j.TimingLogger - start[1760964849388] time[3] tag[updateCacheFromDb]
2025-10-20 20:55:09.394 [check-idCache-thread] INFO  c.z.x.d.i.g.biz.core.segment.SegmentIDGenImpl - update cache from db
2025-10-20 20:55:09.398 [check-idCache-thread] INFO  org.perf4j.TimingLogger - start[1760964909394] time[4] tag[updateCacheFromDb]
2025-10-20 20:56:09.406 [check-idCache-thread] INFO  c.z.x.d.i.g.biz.core.segment.SegmentIDGenImpl - update cache from db
2025-10-20 20:56:09.409 [check-idCache-thread] INFO  org.perf4j.TimingLogger - start[1760964969406] time[3] tag[updateCacheFromDb]
2025-10-20 20:57:09.417 [check-idCache-thread] INFO  c.z.x.d.i.g.biz.core.segment.SegmentIDGenImpl - update cache from db
2025-10-20 20:57:09.423 [check-idCache-thread] INFO  org.perf4j.TimingLogger - start[1760965029418] time[5] tag[updateCacheFromDb]
2025-10-20 20:58:09.439 [check-idCache-thread] INFO  c.z.x.d.i.g.biz.core.segment.SegmentIDGenImpl - update cache from db
2025-10-20 20:58:09.445 [check-idCache-thread] INFO  org.perf4j.TimingLogger - start[1760965089440] time[5] tag[updateCacheFromDb]
2025-10-20 20:59:09.452 [check-idCache-thread] INFO  c.z.x.d.i.g.biz.core.segment.SegmentIDGenImpl - update cache from db
2025-10-20 20:59:09.458 [check-idCache-thread] INFO  org.perf4j.TimingLogger - start[1760965149452] time[5] tag[updateCacheFromDb]
2025-10-20 21:00:09.460 [check-idCache-thread] INFO  c.z.x.d.i.g.biz.core.segment.SegmentIDGenImpl - update cache from db
2025-10-20 21:00:09.465 [check-idCache-thread] INFO  org.perf4j.TimingLogger - start[1760965209461] time[4] tag[updateCacheFromDb]
2025-10-20 21:01:09.468 [check-idCache-thread] INFO  c.z.x.d.i.g.biz.core.segment.SegmentIDGenImpl - update cache from db
2025-10-20 21:01:09.472 [check-idCache-thread] INFO  org.perf4j.TimingLogger - start[1760965269468] time[3] tag[updateCacheFromDb]
2025-10-20 21:02:09.485 [check-idCache-thread] INFO  c.z.x.d.i.g.biz.core.segment.SegmentIDGenImpl - update cache from db
2025-10-20 21:02:09.491 [check-idCache-thread] INFO  org.perf4j.TimingLogger - start[1760965329486] time[5] tag[updateCacheFromDb]
2025-10-20 21:03:09.496 [check-idCache-thread] INFO  c.z.x.d.i.g.biz.core.segment.SegmentIDGenImpl - update cache from db
2025-10-20 21:03:09.503 [check-idCache-thread] INFO  org.perf4j.TimingLogger - start[1760965389496] time[6] tag[updateCacheFromDb]
2025-10-20 21:04:09.517 [check-idCache-thread] INFO  c.z.x.d.i.g.biz.core.segment.SegmentIDGenImpl - update cache from db
2025-10-20 21:04:09.523 [check-idCache-thread] INFO  org.perf4j.TimingLogger - start[1760965449517] time[5] tag[updateCacheFromDb]
2025-10-20 21:05:09.531 [check-idCache-thread] INFO  c.z.x.d.i.g.biz.core.segment.SegmentIDGenImpl - update cache from db
2025-10-20 21:05:09.535 [check-idCache-thread] INFO  org.perf4j.TimingLogger - start[1760965509531] time[5] tag[updateCacheFromDb]
2025-10-20 21:06:09.547 [check-idCache-thread] INFO  c.z.x.d.i.g.biz.core.segment.SegmentIDGenImpl - update cache from db
2025-10-20 21:06:09.551 [check-idCache-thread] INFO  org.perf4j.TimingLogger - start[1760965569547] time[3] tag[updateCacheFromDb]
2025-10-20 21:07:09.552 [check-idCache-thread] INFO  c.z.x.d.i.g.biz.core.segment.SegmentIDGenImpl - update cache from db
2025-10-20 21:07:09.557 [check-idCache-thread] INFO  org.perf4j.TimingLogger - start[1760965629552] time[4] tag[updateCacheFromDb]
2025-10-20 21:08:09.564 [check-idCache-thread] INFO  c.z.x.d.i.g.biz.core.segment.SegmentIDGenImpl - update cache from db
2025-10-20 21:08:09.568 [check-idCache-thread] INFO  org.perf4j.TimingLogger - start[1760965689564] time[4] tag[updateCacheFromDb]
2025-10-20 21:09:09.577 [check-idCache-thread] INFO  c.z.x.d.i.g.biz.core.segment.SegmentIDGenImpl - update cache from db
2025-10-20 21:09:09.581 [check-idCache-thread] INFO  org.perf4j.TimingLogger - start[1760965749577] time[3] tag[updateCacheFromDb]
2025-10-20 21:10:09.588 [check-idCache-thread] INFO  c.z.x.d.i.g.biz.core.segment.SegmentIDGenImpl - update cache from db
2025-10-20 21:10:09.592 [check-idCache-thread] INFO  org.perf4j.TimingLogger - start[1760965809589] time[5] tag[updateCacheFromDb]
2025-10-20 21:11:09.601 [check-idCache-thread] INFO  c.z.x.d.i.g.biz.core.segment.SegmentIDGenImpl - update cache from db
2025-10-20 21:11:09.607 [check-idCache-thread] INFO  org.perf4j.TimingLogger - start[1760965869601] time[5] tag[updateCacheFromDb]
2025-10-20 21:12:09.611 [check-idCache-thread] INFO  c.z.x.d.i.g.biz.core.segment.SegmentIDGenImpl - update cache from db
2025-10-20 21:12:09.618 [check-idCache-thread] INFO  org.perf4j.TimingLogger - start[1760965929614] time[3] tag[updateCacheFromDb]
2025-10-20 21:13:09.621 [check-idCache-thread] INFO  c.z.x.d.i.g.biz.core.segment.SegmentIDGenImpl - update cache from db
2025-10-20 21:13:09.623 [check-idCache-thread] INFO  org.perf4j.TimingLogger - start[1760965989621] time[6] tag[updateCacheFromDb]
2025-10-20 21:14:09.635 [check-idCache-thread] INFO  c.z.x.d.i.g.biz.core.segment.SegmentIDGenImpl - update cache from db
2025-10-20 21:14:09.640 [check-idCache-thread] INFO  org.perf4j.TimingLogger - start[1760966049635] time[4] tag[updateCacheFromDb]
2025-10-20 21:15:09.641 [check-idCache-thread] INFO  c.z.x.d.i.g.biz.core.segment.SegmentIDGenImpl - update cache from db
2025-10-20 21:15:09.644 [check-idCache-thread] INFO  org.perf4j.TimingLogger - start[1760966109641] time[3] tag[updateCacheFromDb]
2025-10-20 21:16:09.652 [check-idCache-thread] INFO  c.z.x.d.i.g.biz.core.segment.SegmentIDGenImpl - update cache from db
2025-10-20 21:16:09.655 [check-idCache-thread] INFO  org.perf4j.TimingLogger - start[1760966169653] time[5] tag[updateCacheFromDb]
2025-10-20 21:17:09.672 [check-idCache-thread] INFO  c.z.x.d.i.g.biz.core.segment.SegmentIDGenImpl - update cache from db
2025-10-20 21:17:09.677 [check-idCache-thread] INFO  org.perf4j.TimingLogger - start[1760966229672] time[4] tag[updateCacheFromDb]
2025-10-20 21:18:09.691 [check-idCache-thread] INFO  c.z.x.d.i.g.biz.core.segment.SegmentIDGenImpl - update cache from db
2025-10-20 21:18:09.697 [check-idCache-thread] INFO  org.perf4j.TimingLogger - start[1760966289691] time[6] tag[updateCacheFromDb]
2025-10-20 21:19:09.713 [check-idCache-thread] INFO  c.z.x.d.i.g.biz.core.segment.SegmentIDGenImpl - update cache from db
2025-10-20 21:19:09.718 [check-idCache-thread] INFO  org.perf4j.TimingLogger - start[1760966349713] time[4] tag[updateCacheFromDb]
2025-10-20 21:20:09.724 [check-idCache-thread] INFO  c.z.x.d.i.g.biz.core.segment.SegmentIDGenImpl - update cache from db
2025-10-20 21:20:09.728 [check-idCache-thread] INFO  org.perf4j.TimingLogger - start[1760966409724] time[3] tag[updateCacheFromDb]
2025-10-20 21:21:09.729 [check-idCache-thread] INFO  c.z.x.d.i.g.biz.core.segment.SegmentIDGenImpl - update cache from db
2025-10-20 21:21:09.732 [check-idCache-thread] INFO  org.perf4j.TimingLogger - start[1760966469729] time[3] tag[updateCacheFromDb]
2025-10-20 21:22:09.746 [check-idCache-thread] INFO  c.z.x.d.i.g.biz.core.segment.SegmentIDGenImpl - update cache from db
2025-10-20 21:22:09.751 [check-idCache-thread] INFO  org.perf4j.TimingLogger - start[1760966529746] time[4] tag[updateCacheFromDb]
2025-10-20 21:23:09.761 [check-idCache-thread] INFO  c.z.x.d.i.g.biz.core.segment.SegmentIDGenImpl - update cache from db
2025-10-20 21:23:09.764 [check-idCache-thread] INFO  org.perf4j.TimingLogger - start[1760966589761] time[3] tag[updateCacheFromDb]
2025-10-20 21:24:09.775 [check-idCache-thread] INFO  c.z.x.d.i.g.biz.core.segment.SegmentIDGenImpl - update cache from db
2025-10-20 21:24:09.780 [check-idCache-thread] INFO  org.perf4j.TimingLogger - start[1760966649775] time[5] tag[updateCacheFromDb]
2025-10-20 21:25:09.797 [check-idCache-thread] INFO  c.z.x.d.i.g.biz.core.segment.SegmentIDGenImpl - update cache from db
2025-10-20 21:25:09.803 [check-idCache-thread] INFO  org.perf4j.TimingLogger - start[1760966709799] time[4] tag[updateCacheFromDb]
2025-10-20 21:26:09.807 [check-idCache-thread] INFO  c.z.x.d.i.g.biz.core.segment.SegmentIDGenImpl - update cache from db
2025-10-20 21:26:09.810 [check-idCache-thread] INFO  org.perf4j.TimingLogger - start[1760966769807] time[3] tag[updateCacheFromDb]
2025-10-20 21:27:09.820 [check-idCache-thread] INFO  c.z.x.d.i.g.biz.core.segment.SegmentIDGenImpl - update cache from db
2025-10-20 21:27:09.824 [check-idCache-thread] INFO  org.perf4j.TimingLogger - start[1760966829820] time[4] tag[updateCacheFromDb]
2025-10-20 21:28:09.830 [check-idCache-thread] INFO  c.z.x.d.i.g.biz.core.segment.SegmentIDGenImpl - update cache from db
2025-10-20 21:28:09.832 [check-idCache-thread] INFO  org.perf4j.TimingLogger - start[1760966889830] time[4] tag[updateCacheFromDb]
2025-10-20 21:29:09.852 [check-idCache-thread] INFO  c.z.x.d.i.g.biz.core.segment.SegmentIDGenImpl - update cache from db
2025-10-20 21:29:09.857 [check-idCache-thread] INFO  org.perf4j.TimingLogger - start[1760966949852] time[4] tag[updateCacheFromDb]
2025-10-20 21:30:09.872 [check-idCache-thread] INFO  c.z.x.d.i.g.biz.core.segment.SegmentIDGenImpl - update cache from db
2025-10-20 21:30:09.885 [check-idCache-thread] INFO  org.perf4j.TimingLogger - start[1760967009882] time[2] tag[updateCacheFromDb]
2025-10-20 21:31:09.894 [check-idCache-thread] INFO  c.z.x.d.i.g.biz.core.segment.SegmentIDGenImpl - update cache from db
2025-10-20 21:31:09.898 [check-idCache-thread] INFO  org.perf4j.TimingLogger - start[1760967069894] time[4] tag[updateCacheFromDb]
2025-10-20 21:32:09.910 [check-idCache-thread] INFO  c.z.x.d.i.g.biz.core.segment.SegmentIDGenImpl - update cache from db
2025-10-20 21:32:09.915 [check-idCache-thread] INFO  org.perf4j.TimingLogger - start[1760967129910] time[4] tag[updateCacheFromDb]
2025-10-20 21:33:09.930 [check-idCache-thread] INFO  c.z.x.d.i.g.biz.core.segment.SegmentIDGenImpl - update cache from db
2025-10-20 21:33:09.936 [check-idCache-thread] INFO  org.perf4j.TimingLogger - start[1760967189930] time[5] tag[updateCacheFromDb]
2025-10-20 21:34:09.945 [check-idCache-thread] INFO  c.z.x.d.i.g.biz.core.segment.SegmentIDGenImpl - update cache from db
2025-10-20 21:34:09.951 [check-idCache-thread] INFO  org.perf4j.TimingLogger - start[1760967249945] time[5] tag[updateCacheFromDb]
2025-10-20 21:35:09.961 [check-idCache-thread] INFO  c.z.x.d.i.g.biz.core.segment.SegmentIDGenImpl - update cache from db
2025-10-20 21:35:09.964 [check-idCache-thread] INFO  org.perf4j.TimingLogger - start[1760967309961] time[3] tag[updateCacheFromDb]
2025-10-20 21:36:09.972 [check-idCache-thread] INFO  c.z.x.d.i.g.biz.core.segment.SegmentIDGenImpl - update cache from db
2025-10-20 21:36:09.976 [check-idCache-thread] INFO  org.perf4j.TimingLogger - start[1760967369973] time[4] tag[updateCacheFromDb]
2025-10-20 21:37:09.986 [check-idCache-thread] INFO  c.z.x.d.i.g.biz.core.segment.SegmentIDGenImpl - update cache from db
2025-10-20 21:37:09.991 [check-idCache-thread] INFO  org.perf4j.TimingLogger - start[1760967429987] time[4] tag[updateCacheFromDb]
2025-10-20 21:38:09.992 [check-idCache-thread] INFO  c.z.x.d.i.g.biz.core.segment.SegmentIDGenImpl - update cache from db
2025-10-20 21:38:09.993 [check-idCache-thread] INFO  org.perf4j.TimingLogger - start[1760967489992] time[3] tag[updateCacheFromDb]
2025-10-20 21:39:10.006 [check-idCache-thread] INFO  c.z.x.d.i.g.biz.core.segment.SegmentIDGenImpl - update cache from db
2025-10-20 21:39:10.009 [check-idCache-thread] INFO  org.perf4j.TimingLogger - start[1760967550006] time[6] tag[updateCacheFromDb]
2025-10-20 21:40:10.027 [check-idCache-thread] INFO  c.z.x.d.i.g.biz.core.segment.SegmentIDGenImpl - update cache from db
2025-10-20 21:40:10.033 [check-idCache-thread] INFO  org.perf4j.TimingLogger - start[1760967610027] time[6] tag[updateCacheFromDb]
2025-10-20 21:41:10.040 [check-idCache-thread] INFO  c.z.x.d.i.g.biz.core.segment.SegmentIDGenImpl - update cache from db
2025-10-20 21:41:10.047 [check-idCache-thread] INFO  org.perf4j.TimingLogger - start[1760967670041] time[6] tag[updateCacheFromDb]
2025-10-20 21:42:10.058 [check-idCache-thread] INFO  c.z.x.d.i.g.biz.core.segment.SegmentIDGenImpl - update cache from db
2025-10-20 21:42:10.064 [check-idCache-thread] INFO  org.perf4j.TimingLogger - start[1760967730059] time[4] tag[updateCacheFromDb]
2025-10-20 21:43:10.067 [check-idCache-thread] INFO  c.z.x.d.i.g.biz.core.segment.SegmentIDGenImpl - update cache from db
2025-10-20 21:43:10.071 [check-idCache-thread] INFO  org.perf4j.TimingLogger - start[1760967790068] time[3] tag[updateCacheFromDb]
2025-10-20 21:44:10.083 [check-idCache-thread] INFO  c.z.x.d.i.g.biz.core.segment.SegmentIDGenImpl - update cache from db
2025-10-20 21:44:10.088 [check-idCache-thread] INFO  org.perf4j.TimingLogger - start[1760967850083] time[5] tag[updateCacheFromDb]
2025-10-20 21:45:10.104 [check-idCache-thread] INFO  c.z.x.d.i.g.biz.core.segment.SegmentIDGenImpl - update cache from db
2025-10-20 21:45:10.107 [check-idCache-thread] INFO  org.perf4j.TimingLogger - start[1760967910104] time[3] tag[updateCacheFromDb]
2025-10-20 21:46:10.122 [check-idCache-thread] INFO  c.z.x.d.i.g.biz.core.segment.SegmentIDGenImpl - update cache from db
2025-10-20 21:46:10.135 [check-idCache-thread] INFO  org.perf4j.TimingLogger - start[1760967970122] time[12] tag[updateCacheFromDb]
2025-10-20 21:47:10.142 [check-idCache-thread] INFO  c.z.x.d.i.g.biz.core.segment.SegmentIDGenImpl - update cache from db
2025-10-20 21:47:10.156 [check-idCache-thread] INFO  org.perf4j.TimingLogger - start[1760968030142] time[14] tag[updateCacheFromDb]
2025-10-20 21:48:10.163 [check-idCache-thread] INFO  c.z.x.d.i.g.biz.core.segment.SegmentIDGenImpl - update cache from db
2025-10-20 21:48:10.166 [check-idCache-thread] INFO  org.perf4j.TimingLogger - start[1760968090164] time[2] tag[updateCacheFromDb]
2025-10-20 21:49:10.169 [check-idCache-thread] INFO  c.z.x.d.i.g.biz.core.segment.SegmentIDGenImpl - update cache from db
2025-10-20 21:49:10.171 [check-idCache-thread] INFO  org.perf4j.TimingLogger - start[1760968150169] time[2] tag[updateCacheFromDb]
2025-10-20 21:50:10.174 [check-idCache-thread] INFO  c.z.x.d.i.g.biz.core.segment.SegmentIDGenImpl - update cache from db
2025-10-20 21:50:10.177 [check-idCache-thread] INFO  org.perf4j.TimingLogger - start[1760968210174] time[3] tag[updateCacheFromDb]
2025-10-20 21:51:10.192 [check-idCache-thread] INFO  c.z.x.d.i.g.biz.core.segment.SegmentIDGenImpl - update cache from db
2025-10-20 21:51:10.197 [check-idCache-thread] INFO  org.perf4j.TimingLogger - start[1760968270192] time[4] tag[updateCacheFromDb]
2025-10-20 21:52:10.203 [check-idCache-thread] INFO  c.z.x.d.i.g.biz.core.segment.SegmentIDGenImpl - update cache from db
2025-10-20 21:52:10.207 [check-idCache-thread] INFO  org.perf4j.TimingLogger - start[1760968330203] time[3] tag[updateCacheFromDb]
2025-10-20 21:53:10.214 [check-idCache-thread] INFO  c.z.x.d.i.g.biz.core.segment.SegmentIDGenImpl - update cache from db
2025-10-20 21:53:10.218 [check-idCache-thread] INFO  org.perf4j.TimingLogger - start[1760968390214] time[3] tag[updateCacheFromDb]
2025-10-20 21:54:10.235 [check-idCache-thread] INFO  c.z.x.d.i.g.biz.core.segment.SegmentIDGenImpl - update cache from db
2025-10-20 21:54:10.241 [check-idCache-thread] INFO  org.perf4j.TimingLogger - start[1760968450235] time[5] tag[updateCacheFromDb]
2025-10-20 21:55:10.248 [check-idCache-thread] INFO  c.z.x.d.i.g.biz.core.segment.SegmentIDGenImpl - update cache from db
2025-10-20 21:55:10.251 [check-idCache-thread] INFO  org.perf4j.TimingLogger - start[1760968510248] time[2] tag[updateCacheFromDb]
2025-10-20 21:56:10.258 [check-idCache-thread] INFO  c.z.x.d.i.g.biz.core.segment.SegmentIDGenImpl - update cache from db
2025-10-20 21:56:10.263 [check-idCache-thread] INFO  org.perf4j.TimingLogger - start[1760968570258] time[4] tag[updateCacheFromDb]
2025-10-20 21:57:10.267 [check-idCache-thread] INFO  c.z.x.d.i.g.biz.core.segment.SegmentIDGenImpl - update cache from db
2025-10-20 21:57:10.273 [check-idCache-thread] INFO  org.perf4j.TimingLogger - start[1760968630267] time[6] tag[updateCacheFromDb]
2025-10-20 21:58:10.277 [check-idCache-thread] INFO  c.z.x.d.i.g.biz.core.segment.SegmentIDGenImpl - update cache from db
2025-10-20 21:58:10.281 [check-idCache-thread] INFO  org.perf4j.TimingLogger - start[1760968690277] time[3] tag[updateCacheFromDb]
2025-10-20 21:59:10.283 [check-idCache-thread] INFO  c.z.x.d.i.g.biz.core.segment.SegmentIDGenImpl - update cache from db
2025-10-20 21:59:10.290 [check-idCache-thread] INFO  org.perf4j.TimingLogger - start[1760968750285] time[5] tag[updateCacheFromDb]
2025-10-20 22:00:10.298 [check-idCache-thread] INFO  c.z.x.d.i.g.biz.core.segment.SegmentIDGenImpl - update cache from db
2025-10-20 22:00:10.300 [check-idCache-thread] INFO  org.perf4j.TimingLogger - start[1760968810300] time[2] tag[updateCacheFromDb]
2025-10-20 22:01:10.305 [check-idCache-thread] INFO  c.z.x.d.i.g.biz.core.segment.SegmentIDGenImpl - update cache from db
2025-10-20 22:01:10.310 [check-idCache-thread] INFO  org.perf4j.TimingLogger - start[1760968870305] time[4] tag[updateCacheFromDb]
2025-10-20 22:02:10.315 [check-idCache-thread] INFO  c.z.x.d.i.g.biz.core.segment.SegmentIDGenImpl - update cache from db
2025-10-20 22:02:10.320 [check-idCache-thread] INFO  org.perf4j.TimingLogger - start[1760968930315] time[4] tag[updateCacheFromDb]
2025-10-20 22:03:10.328 [check-idCache-thread] INFO  c.z.x.d.i.g.biz.core.segment.SegmentIDGenImpl - update cache from db
2025-10-20 22:03:10.333 [check-idCache-thread] INFO  org.perf4j.TimingLogger - start[1760968990328] time[4] tag[updateCacheFromDb]
2025-10-20 22:04:10.342 [check-idCache-thread] INFO  c.z.x.d.i.g.biz.core.segment.SegmentIDGenImpl - update cache from db
2025-10-20 22:04:10.345 [check-idCache-thread] INFO  org.perf4j.TimingLogger - start[1760969050342] time[6] tag[updateCacheFromDb]
2025-10-20 22:05:10.357 [check-idCache-thread] INFO  c.z.x.d.i.g.biz.core.segment.SegmentIDGenImpl - update cache from db
2025-10-20 22:05:10.362 [check-idCache-thread] INFO  org.perf4j.TimingLogger - start[1760969110357] time[4] tag[updateCacheFromDb]
2025-10-20 22:06:10.370 [check-idCache-thread] INFO  c.z.x.d.i.g.biz.core.segment.SegmentIDGenImpl - update cache from db
2025-10-20 22:06:10.376 [check-idCache-thread] INFO  org.perf4j.TimingLogger - start[1760969170370] time[5] tag[updateCacheFromDb]
2025-10-20 22:07:10.379 [check-idCache-thread] INFO  c.z.x.d.i.g.biz.core.segment.SegmentIDGenImpl - update cache from db
2025-10-20 22:07:10.383 [check-idCache-thread] INFO  org.perf4j.TimingLogger - start[1760969230379] time[3] tag[updateCacheFromDb]
2025-10-20 22:08:10.397 [check-idCache-thread] INFO  c.z.x.d.i.g.biz.core.segment.SegmentIDGenImpl - update cache from db
2025-10-20 22:08:10.402 [check-idCache-thread] INFO  org.perf4j.TimingLogger - start[1760969290397] time[4] tag[updateCacheFromDb]
2025-10-20 22:09:10.415 [check-idCache-thread] INFO  c.z.x.d.i.g.biz.core.segment.SegmentIDGenImpl - update cache from db
2025-10-20 22:09:10.418 [check-idCache-thread] INFO  org.perf4j.TimingLogger - start[1760969350415] time[2] tag[updateCacheFromDb]
2025-10-20 22:10:10.427 [check-idCache-thread] INFO  c.z.x.d.i.g.biz.core.segment.SegmentIDGenImpl - update cache from db
2025-10-20 22:10:10.429 [check-idCache-thread] INFO  org.perf4j.TimingLogger - start[1760969410427] time[1] tag[updateCacheFromDb]
2025-10-20 22:11:10.430 [check-idCache-thread] INFO  c.z.x.d.i.g.biz.core.segment.SegmentIDGenImpl - update cache from db
2025-10-20 22:11:10.436 [check-idCache-thread] INFO  org.perf4j.TimingLogger - start[1760969470430] time[5] tag[updateCacheFromDb]
2025-10-20 22:12:10.449 [check-idCache-thread] INFO  c.z.x.d.i.g.biz.core.segment.SegmentIDGenImpl - update cache from db
2025-10-20 22:12:10.455 [check-idCache-thread] INFO  org.perf4j.TimingLogger - start[1760969530449] time[6] tag[updateCacheFromDb]
2025-10-20 22:13:10.465 [check-idCache-thread] INFO  c.z.x.d.i.g.biz.core.segment.SegmentIDGenImpl - update cache from db
2025-10-20 22:13:10.470 [check-idCache-thread] INFO  org.perf4j.TimingLogger - start[1760969590465] time[4] tag[updateCacheFromDb]
2025-10-20 22:14:10.484 [check-idCache-thread] INFO  c.z.x.d.i.g.biz.core.segment.SegmentIDGenImpl - update cache from db
2025-10-20 22:14:10.489 [check-idCache-thread] INFO  org.perf4j.TimingLogger - start[1760969650484] time[5] tag[updateCacheFromDb]
2025-10-20 22:15:10.496 [check-idCache-thread] INFO  c.z.x.d.i.g.biz.core.segment.SegmentIDGenImpl - update cache from db
2025-10-20 22:15:10.497 [check-idCache-thread] INFO  org.perf4j.TimingLogger - start[1760969710496] time[4] tag[updateCacheFromDb]
2025-10-20 22:16:10.512 [check-idCache-thread] INFO  c.z.x.d.i.g.biz.core.segment.SegmentIDGenImpl - update cache from db
2025-10-20 22:16:10.519 [check-idCache-thread] INFO  org.perf4j.TimingLogger - start[1760969770512] time[6] tag[updateCacheFromDb]
2025-10-20 22:17:10.522 [check-idCache-thread] INFO  c.z.x.d.i.g.biz.core.segment.SegmentIDGenImpl - update cache from db
2025-10-20 22:17:10.527 [check-idCache-thread] INFO  org.perf4j.TimingLogger - start[1760969830522] time[5] tag[updateCacheFromDb]
2025-10-20 22:18:10.542 [check-idCache-thread] INFO  c.z.x.d.i.g.biz.core.segment.SegmentIDGenImpl - update cache from db
2025-10-20 22:18:10.546 [check-idCache-thread] INFO  org.perf4j.TimingLogger - start[1760969890542] time[4] tag[updateCacheFromDb]
2025-10-20 22:19:10.558 [check-idCache-thread] INFO  c.z.x.d.i.g.biz.core.segment.SegmentIDGenImpl - update cache from db
2025-10-20 22:19:10.562 [check-idCache-thread] INFO  org.perf4j.TimingLogger - start[1760969950559] time[3] tag[updateCacheFromDb]
2025-10-20 22:20:10.565 [check-idCache-thread] INFO  c.z.x.d.i.g.biz.core.segment.SegmentIDGenImpl - update cache from db
2025-10-20 22:20:10.568 [check-idCache-thread] INFO  org.perf4j.TimingLogger - start[1760970010565] time[2] tag[updateCacheFromDb]
2025-10-20 22:21:10.572 [check-idCache-thread] INFO  c.z.x.d.i.g.biz.core.segment.SegmentIDGenImpl - update cache from db
2025-10-20 22:21:10.579 [check-idCache-thread] INFO  org.perf4j.TimingLogger - start[1760970070573] time[6] tag[updateCacheFromDb]
2025-10-20 22:22:10.588 [check-idCache-thread] INFO  c.z.x.d.i.g.biz.core.segment.SegmentIDGenImpl - update cache from db
2025-10-20 22:22:10.591 [check-idCache-thread] INFO  org.perf4j.TimingLogger - start[1760970130588] time[2] tag[updateCacheFromDb]
2025-10-20 22:23:10.598 [check-idCache-thread] INFO  c.z.x.d.i.g.biz.core.segment.SegmentIDGenImpl - update cache from db
2025-10-20 22:23:10.603 [check-idCache-thread] INFO  org.perf4j.TimingLogger - start[1760970190599] time[3] tag[updateCacheFromDb]
2025-10-20 22:24:10.604 [check-idCache-thread] INFO  c.z.x.d.i.g.biz.core.segment.SegmentIDGenImpl - update cache from db
2025-10-20 22:24:10.609 [check-idCache-thread] INFO  org.perf4j.TimingLogger - start[1760970250604] time[4] tag[updateCacheFromDb]
2025-10-20 22:25:10.618 [check-idCache-thread] INFO  c.z.x.d.i.g.biz.core.segment.SegmentIDGenImpl - update cache from db
2025-10-20 22:25:10.624 [check-idCache-thread] INFO  org.perf4j.TimingLogger - start[1760970310619] time[4] tag[updateCacheFromDb]
2025-10-20 22:26:10.631 [check-idCache-thread] INFO  c.z.x.d.i.g.biz.core.segment.SegmentIDGenImpl - update cache from db
2025-10-20 22:26:10.636 [check-idCache-thread] INFO  org.perf4j.TimingLogger - start[1760970370632] time[4] tag[updateCacheFromDb]
2025-10-20 22:27:10.648 [check-idCache-thread] INFO  c.z.x.d.i.g.biz.core.segment.SegmentIDGenImpl - update cache from db
2025-10-20 22:27:10.653 [check-idCache-thread] INFO  org.perf4j.TimingLogger - start[1760970430648] time[5] tag[updateCacheFromDb]
2025-10-20 22:28:10.664 [check-idCache-thread] INFO  c.z.x.d.i.g.biz.core.segment.SegmentIDGenImpl - update cache from db
2025-10-20 22:28:10.669 [check-idCache-thread] INFO  org.perf4j.TimingLogger - start[1760970490664] time[4] tag[updateCacheFromDb]
2025-10-20 22:29:10.678 [check-idCache-thread] INFO  c.z.x.d.i.g.biz.core.segment.SegmentIDGenImpl - update cache from db
2025-10-20 22:29:10.683 [check-idCache-thread] INFO  org.perf4j.TimingLogger - start[1760970550678] time[4] tag[updateCacheFromDb]
2025-10-20 22:30:10.695 [check-idCache-thread] INFO  c.z.x.d.i.g.biz.core.segment.SegmentIDGenImpl - update cache from db
2025-10-20 22:30:10.697 [check-idCache-thread] INFO  org.perf4j.TimingLogger - start[1760970610695] time[3] tag[updateCacheFromDb]
2025-10-20 22:31:10.705 [check-idCache-thread] INFO  c.z.x.d.i.g.biz.core.segment.SegmentIDGenImpl - update cache from db
2025-10-20 22:31:10.709 [check-idCache-thread] INFO  org.perf4j.TimingLogger - start[1760970670705] time[4] tag[updateCacheFromDb]
2025-10-20 22:32:10.714 [check-idCache-thread] INFO  c.z.x.d.i.g.biz.core.segment.SegmentIDGenImpl - update cache from db
2025-10-20 22:32:10.720 [check-idCache-thread] INFO  org.perf4j.TimingLogger - start[1760970730714] time[6] tag[updateCacheFromDb]
2025-10-20 22:33:10.723 [check-idCache-thread] INFO  c.z.x.d.i.g.biz.core.segment.SegmentIDGenImpl - update cache from db
2025-10-20 22:33:10.727 [check-idCache-thread] INFO  org.perf4j.TimingLogger - start[1760970790723] time[4] tag[updateCacheFromDb]
2025-10-20 22:34:10.738 [check-idCache-thread] INFO  c.z.x.d.i.g.biz.core.segment.SegmentIDGenImpl - update cache from db
2025-10-20 22:34:10.742 [check-idCache-thread] INFO  org.perf4j.TimingLogger - start[1760970850738] time[4] tag[updateCacheFromDb]
2025-10-20 22:35:10.755 [check-idCache-thread] INFO  c.z.x.d.i.g.biz.core.segment.SegmentIDGenImpl - update cache from db
2025-10-20 22:35:10.759 [check-idCache-thread] INFO  org.perf4j.TimingLogger - start[1760970910757] time[2] tag[updateCacheFromDb]
2025-10-20 22:36:10.767 [check-idCache-thread] INFO  c.z.x.d.i.g.biz.core.segment.SegmentIDGenImpl - update cache from db
2025-10-20 22:36:10.773 [check-idCache-thread] INFO  org.perf4j.TimingLogger - start[1760970970768] time[5] tag[updateCacheFromDb]
2025-10-20 22:37:10.780 [check-idCache-thread] INFO  c.z.x.d.i.g.biz.core.segment.SegmentIDGenImpl - update cache from db
2025-10-20 22:37:10.785 [check-idCache-thread] INFO  org.perf4j.TimingLogger - start[1760971030780] time[4] tag[updateCacheFromDb]
2025-10-20 22:38:10.796 [check-idCache-thread] INFO  c.z.x.d.i.g.biz.core.segment.SegmentIDGenImpl - update cache from db
2025-10-20 22:38:10.816 [check-idCache-thread] INFO  org.perf4j.TimingLogger - start[1760971090796] time[20] tag[updateCacheFromDb]
2025-10-20 22:39:10.831 [check-idCache-thread] INFO  c.z.x.d.i.g.biz.core.segment.SegmentIDGenImpl - update cache from db
2025-10-20 22:39:10.836 [check-idCache-thread] INFO  org.perf4j.TimingLogger - start[1760971150832] time[4] tag[updateCacheFromDb]
2025-10-20 22:40:10.847 [check-idCache-thread] INFO  c.z.x.d.i.g.biz.core.segment.SegmentIDGenImpl - update cache from db
2025-10-20 22:40:10.848 [check-idCache-thread] INFO  org.perf4j.TimingLogger - start[1760971210847] time[2] tag[updateCacheFromDb]
2025-10-20 22:41:10.853 [check-idCache-thread] INFO  c.z.x.d.i.g.biz.core.segment.SegmentIDGenImpl - update cache from db
2025-10-20 22:41:10.856 [check-idCache-thread] INFO  org.perf4j.TimingLogger - start[1760971270853] time[2] tag[updateCacheFromDb]
2025-10-20 22:42:10.862 [check-idCache-thread] INFO  c.z.x.d.i.g.biz.core.segment.SegmentIDGenImpl - update cache from db
2025-10-20 22:42:10.865 [check-idCache-thread] INFO  org.perf4j.TimingLogger - start[1760971330862] time[3] tag[updateCacheFromDb]
2025-10-20 22:43:10.866 [check-idCache-thread] INFO  c.z.x.d.i.g.biz.core.segment.SegmentIDGenImpl - update cache from db
2025-10-20 22:43:10.869 [check-idCache-thread] INFO  org.perf4j.TimingLogger - start[1760971390866] time[2] tag[updateCacheFromDb]
2025-10-20 22:44:10.874 [check-idCache-thread] INFO  c.z.x.d.i.g.biz.core.segment.SegmentIDGenImpl - update cache from db
2025-10-20 22:44:10.876 [check-idCache-thread] INFO  org.perf4j.TimingLogger - start[1760971450874] time[2] tag[updateCacheFromDb]
2025-10-20 22:45:10.891 [check-idCache-thread] INFO  c.z.x.d.i.g.biz.core.segment.SegmentIDGenImpl - update cache from db
2025-10-20 22:45:10.893 [check-idCache-thread] INFO  org.perf4j.TimingLogger - start[1760971510891] time[2] tag[updateCacheFromDb]
2025-10-20 22:46:10.903 [check-idCache-thread] INFO  c.z.x.d.i.g.biz.core.segment.SegmentIDGenImpl - update cache from db
2025-10-20 22:46:10.905 [check-idCache-thread] INFO  org.perf4j.TimingLogger - start[1760971570903] time[2] tag[updateCacheFromDb]
2025-10-20 22:47:10.908 [check-idCache-thread] INFO  c.z.x.d.i.g.biz.core.segment.SegmentIDGenImpl - update cache from db
2025-10-20 22:47:10.912 [check-idCache-thread] INFO  org.perf4j.TimingLogger - start[1760971630908] time[4] tag[updateCacheFromDb]
2025-10-20 22:48:10.919 [check-idCache-thread] INFO  c.z.x.d.i.g.biz.core.segment.SegmentIDGenImpl - update cache from db
2025-10-20 22:48:10.924 [check-idCache-thread] INFO  org.perf4j.TimingLogger - start[1760971690919] time[4] tag[updateCacheFromDb]
2025-10-20 22:49:10.934 [check-idCache-thread] INFO  c.z.x.d.i.g.biz.core.segment.SegmentIDGenImpl - update cache from db
2025-10-20 22:49:10.937 [check-idCache-thread] INFO  org.perf4j.TimingLogger - start[1760971750934] time[3] tag[updateCacheFromDb]
2025-10-20 22:50:10.940 [check-idCache-thread] INFO  c.z.x.d.i.g.biz.core.segment.SegmentIDGenImpl - update cache from db
2025-10-20 22:50:10.944 [check-idCache-thread] INFO  org.perf4j.TimingLogger - start[1760971810941] time[2] tag[updateCacheFromDb]
2025-10-20 22:51:10.951 [check-idCache-thread] INFO  c.z.x.d.i.g.biz.core.segment.SegmentIDGenImpl - update cache from db
2025-10-20 22:51:10.955 [check-idCache-thread] INFO  org.perf4j.TimingLogger - start[1760971870951] time[4] tag[updateCacheFromDb]
2025-10-20 22:52:10.967 [check-idCache-thread] INFO  c.z.x.d.i.g.biz.core.segment.SegmentIDGenImpl - update cache from db
2025-10-20 22:52:10.976 [check-idCache-thread] INFO  org.perf4j.TimingLogger - start[1760971930968] time[8] tag[updateCacheFromDb]
2025-10-20 22:53:10.989 [check-idCache-thread] INFO  c.z.x.d.i.g.biz.core.segment.SegmentIDGenImpl - update cache from db
2025-10-20 22:53:10.992 [check-idCache-thread] INFO  org.perf4j.TimingLogger - start[1760971990989] time[3] tag[updateCacheFromDb]
2025-10-20 22:54:11.003 [check-idCache-thread] INFO  c.z.x.d.i.g.biz.core.segment.SegmentIDGenImpl - update cache from db
2025-10-20 22:54:11.005 [check-idCache-thread] INFO  org.perf4j.TimingLogger - start[1760972051003] time[2] tag[updateCacheFromDb]
2025-10-20 22:55:11.010 [check-idCache-thread] INFO  c.z.x.d.i.g.biz.core.segment.SegmentIDGenImpl - update cache from db
2025-10-20 22:55:11.012 [check-idCache-thread] INFO  org.perf4j.TimingLogger - start[1760972111010] time[2] tag[updateCacheFromDb]
2025-10-20 22:56:11.021 [check-idCache-thread] INFO  c.z.x.d.i.g.biz.core.segment.SegmentIDGenImpl - update cache from db
2025-10-20 22:56:11.028 [check-idCache-thread] INFO  org.perf4j.TimingLogger - start[1760972171021] time[6] tag[updateCacheFromDb]
2025-10-20 22:57:11.038 [check-idCache-thread] INFO  c.z.x.d.i.g.biz.core.segment.SegmentIDGenImpl - update cache from db
2025-10-20 22:57:11.044 [check-idCache-thread] INFO  org.perf4j.TimingLogger - start[1760972231038] time[5] tag[updateCacheFromDb]
2025-10-20 22:58:11.051 [check-idCache-thread] INFO  c.z.x.d.i.g.biz.core.segment.SegmentIDGenImpl - update cache from db
2025-10-20 22:58:11.056 [check-idCache-thread] INFO  org.perf4j.TimingLogger - start[1760972291051] time[4] tag[updateCacheFromDb]
2025-10-20 22:59:11.070 [check-idCache-thread] INFO  c.z.x.d.i.g.biz.core.segment.SegmentIDGenImpl - update cache from db
2025-10-20 22:59:11.075 [check-idCache-thread] INFO  org.perf4j.TimingLogger - start[1760972351070] time[5] tag[updateCacheFromDb]
2025-10-20 23:00:11.084 [check-idCache-thread] INFO  c.z.x.d.i.g.biz.core.segment.SegmentIDGenImpl - update cache from db
2025-10-20 23:00:11.086 [check-idCache-thread] INFO  org.perf4j.TimingLogger - start[1760972411084] time[2] tag[updateCacheFromDb]
2025-10-20 23:01:11.098 [check-idCache-thread] INFO  c.z.x.d.i.g.biz.core.segment.SegmentIDGenImpl - update cache from db
2025-10-20 23:01:11.101 [check-idCache-thread] INFO  org.perf4j.TimingLogger - start[1760972471098] time[2] tag[updateCacheFromDb]
2025-10-20 23:02:11.113 [check-idCache-thread] INFO  c.z.x.d.i.g.biz.core.segment.SegmentIDGenImpl - update cache from db
2025-10-20 23:02:11.117 [check-idCache-thread] INFO  org.perf4j.TimingLogger - start[1760972531114] time[2] tag[updateCacheFromDb]
2025-10-20 23:03:06.059 [http-nio-8087-exec-1] INFO  o.a.c.core.ContainerBase.[Tomcat].[localhost].[/] - Initializing Spring DispatcherServlet 'dispatcherServlet'
2025-10-20 23:03:06.060 [http-nio-8087-exec-1] INFO  org.springframework.web.servlet.DispatcherServlet - Initializing Servlet 'dispatcherServlet'
2025-10-20 23:03:06.079 [http-nio-8087-exec-1] INFO  org.springframework.web.servlet.DispatcherServlet - Completed initialization in 19 ms
2025-10-20 23:03:06.201 [http-nio-8087-exec-1] INFO  org.perf4j.TimingLogger - start[1760972586174] time[27] tag[updateSegmentFromDb] message[leaf-segment-comment-id Segment(value:16001,max:18001,step:2000)]
2025-10-20 23:03:06.202 [http-nio-8087-exec-1] INFO  c.z.x.d.i.g.biz.core.segment.SegmentIDGenImpl - Init buffer. Update leafkey leaf-segment-comment-id Segment(value:16001,max:18001,step:2000) from db
2025-10-20 23:03:11.118 [check-idCache-thread] INFO  c.z.x.d.i.g.biz.core.segment.SegmentIDGenImpl - update cache from db
2025-10-20 23:03:11.122 [check-idCache-thread] INFO  org.perf4j.TimingLogger - start[1760972591118] time[3] tag[updateCacheFromDb]
2025-10-20 23:04:11.135 [check-idCache-thread] INFO  c.z.x.d.i.g.biz.core.segment.SegmentIDGenImpl - update cache from db
2025-10-20 23:04:11.138 [check-idCache-thread] INFO  org.perf4j.TimingLogger - start[1760972651136] time[2] tag[updateCacheFromDb]
2025-10-20 23:05:11.141 [check-idCache-thread] INFO  c.z.x.d.i.g.biz.core.segment.SegmentIDGenImpl - update cache from db
2025-10-20 23:05:11.144 [check-idCache-thread] INFO  org.perf4j.TimingLogger - start[1760972711141] time[3] tag[updateCacheFromDb]
2025-10-20 23:06:11.155 [check-idCache-thread] INFO  c.z.x.d.i.g.biz.core.segment.SegmentIDGenImpl - update cache from db
2025-10-20 23:06:11.157 [check-idCache-thread] INFO  org.perf4j.TimingLogger - start[1760972771155] time[2] tag[updateCacheFromDb]
2025-10-20 23:07:11.158 [check-idCache-thread] INFO  c.z.x.d.i.g.biz.core.segment.SegmentIDGenImpl - update cache from db
2025-10-20 23:07:11.162 [check-idCache-thread] INFO  org.perf4j.TimingLogger - start[1760972831159] time[2] tag[updateCacheFromDb]
2025-10-20 23:08:11.177 [check-idCache-thread] INFO  c.z.x.d.i.g.biz.core.segment.SegmentIDGenImpl - update cache from db
2025-10-20 23:08:11.182 [check-idCache-thread] INFO  org.perf4j.TimingLogger - start[1760972891177] time[4] tag[updateCacheFromDb]
2025-10-20 23:09:11.186 [check-idCache-thread] INFO  c.z.x.d.i.g.biz.core.segment.SegmentIDGenImpl - update cache from db
2025-10-20 23:09:11.188 [check-idCache-thread] INFO  org.perf4j.TimingLogger - start[1760972951186] time[2] tag[updateCacheFromDb]
2025-10-20 23:10:11.197 [check-idCache-thread] INFO  c.z.x.d.i.g.biz.core.segment.SegmentIDGenImpl - update cache from db
2025-10-20 23:10:11.200 [check-idCache-thread] INFO  org.perf4j.TimingLogger - start[1760973011197] time[3] tag[updateCacheFromDb]
2025-10-20 23:11:11.210 [check-idCache-thread] INFO  c.z.x.d.i.g.biz.core.segment.SegmentIDGenImpl - update cache from db
2025-10-20 23:11:11.214 [check-idCache-thread] INFO  org.perf4j.TimingLogger - start[1760973071210] time[3] tag[updateCacheFromDb]
2025-10-20 23:12:11.227 [check-idCache-thread] INFO  c.z.x.d.i.g.biz.core.segment.SegmentIDGenImpl - update cache from db
2025-10-20 23:12:11.233 [check-idCache-thread] INFO  org.perf4j.TimingLogger - start[1760973131227] time[5] tag[updateCacheFromDb]
2025-10-20 23:13:11.244 [check-idCache-thread] INFO  c.z.x.d.i.g.biz.core.segment.SegmentIDGenImpl - update cache from db
2025-10-20 23:13:11.248 [check-idCache-thread] INFO  org.perf4j.TimingLogger - start[1760973191244] time[3] tag[updateCacheFromDb]
2025-10-20 23:14:11.259 [check-idCache-thread] INFO  c.z.x.d.i.g.biz.core.segment.SegmentIDGenImpl - update cache from db
2025-10-20 23:14:11.267 [check-idCache-thread] INFO  org.perf4j.TimingLogger - start[1760973251259] time[7] tag[updateCacheFromDb]
2025-10-20 23:15:11.274 [check-idCache-thread] INFO  c.z.x.d.i.g.biz.core.segment.SegmentIDGenImpl - update cache from db
2025-10-20 23:15:11.283 [check-idCache-thread] INFO  org.perf4j.TimingLogger - start[1760973311279] time[4] tag[updateCacheFromDb]
2025-10-20 23:16:11.291 [check-idCache-thread] INFO  c.z.x.d.i.g.biz.core.segment.SegmentIDGenImpl - update cache from db
2025-10-20 23:16:11.298 [check-idCache-thread] INFO  org.perf4j.TimingLogger - start[1760973371292] time[6] tag[updateCacheFromDb]
2025-10-20 23:17:11.306 [check-idCache-thread] INFO  c.z.x.d.i.g.biz.core.segment.SegmentIDGenImpl - update cache from db
2025-10-20 23:17:11.316 [check-idCache-thread] INFO  org.perf4j.TimingLogger - start[1760973431307] time[9] tag[updateCacheFromDb]
2025-10-20 23:18:11.320 [check-idCache-thread] INFO  c.z.x.d.i.g.biz.core.segment.SegmentIDGenImpl - update cache from db
2025-10-20 23:18:11.326 [check-idCache-thread] INFO  org.perf4j.TimingLogger - start[1760973491321] time[5] tag[updateCacheFromDb]
2025-10-20 23:19:11.334 [check-idCache-thread] INFO  c.z.x.d.i.g.biz.core.segment.SegmentIDGenImpl - update cache from db
2025-10-20 23:19:11.337 [check-idCache-thread] INFO  org.perf4j.TimingLogger - start[1760973551334] time[3] tag[updateCacheFromDb]
2025-10-20 23:20:11.351 [check-idCache-thread] INFO  c.z.x.d.i.g.biz.core.segment.SegmentIDGenImpl - update cache from db
2025-10-20 23:20:11.352 [check-idCache-thread] INFO  org.perf4j.TimingLogger - start[1760973611351] time[3] tag[updateCacheFromDb]
2025-10-20 23:21:11.361 [check-idCache-thread] INFO  c.z.x.d.i.g.biz.core.segment.SegmentIDGenImpl - update cache from db
2025-10-20 23:21:11.366 [check-idCache-thread] INFO  org.perf4j.TimingLogger - start[1760973671361] time[4] tag[updateCacheFromDb]
2025-10-20 23:22:11.380 [check-idCache-thread] INFO  c.z.x.d.i.g.biz.core.segment.SegmentIDGenImpl - update cache from db
2025-10-20 23:22:11.385 [check-idCache-thread] INFO  org.perf4j.TimingLogger - start[1760973731380] time[4] tag[updateCacheFromDb]
2025-10-20 23:23:11.398 [check-idCache-thread] INFO  c.z.x.d.i.g.biz.core.segment.SegmentIDGenImpl - update cache from db
2025-10-20 23:23:11.400 [check-idCache-thread] INFO  org.perf4j.TimingLogger - start[1760973791398] time[2] tag[updateCacheFromDb]
2025-10-20 23:24:11.414 [check-idCache-thread] INFO  c.z.x.d.i.g.biz.core.segment.SegmentIDGenImpl - update cache from db
2025-10-20 23:24:11.419 [check-idCache-thread] INFO  org.perf4j.TimingLogger - start[1760973851414] time[5] tag[updateCacheFromDb]
2025-10-20 23:25:11.430 [check-idCache-thread] INFO  c.z.x.d.i.g.biz.core.segment.SegmentIDGenImpl - update cache from db
2025-10-20 23:25:11.431 [check-idCache-thread] INFO  org.perf4j.TimingLogger - start[1760973911431] time[4] tag[updateCacheFromDb]
2025-10-20 23:26:11.443 [check-idCache-thread] INFO  c.z.x.d.i.g.biz.core.segment.SegmentIDGenImpl - update cache from db
2025-10-20 23:26:11.447 [check-idCache-thread] INFO  org.perf4j.TimingLogger - start[1760973971444] time[4] tag[updateCacheFromDb]
2025-10-20 23:27:11.301 [Thread-8] WARN  com.alibaba.nacos.common.notify.NotifyCenter - [NotifyCenter] Start destroying Publisher
2025-10-20 23:27:11.302 [Thread-11] WARN  c.alibaba.nacos.common.http.HttpClientBeanHolder - [HttpClientBeanHolder] Start destroying common HttpClient
2025-10-20 23:27:11.306 [Thread-8] WARN  com.alibaba.nacos.common.notify.NotifyCenter - [NotifyCenter] Destruction of the end
2025-10-20 23:27:11.340 [Thread-11] WARN  c.alibaba.nacos.common.http.HttpClientBeanHolder - [HttpClientBeanHolder] Destruction of the end
2025-10-20 23:27:11.457 [check-idCache-thread] INFO  c.z.x.d.i.g.biz.core.segment.SegmentIDGenImpl - update cache from db
2025-10-20 23:27:11.461 [check-idCache-thread] INFO  org.perf4j.TimingLogger - start[1760974031457] time[4] tag[updateCacheFromDb]
2025-10-20 23:27:12.190 [SpringApplicationShutdownHook] INFO  c.a.cloud.nacos.registry.NacosServiceRegistry - De-registering from Nacos Server now...
2025-10-20 23:27:12.193 [SpringApplicationShutdownHook] INFO  com.alibaba.nacos.client.naming - [DEREGISTER-SERVICE] xiaohongshu deregistering service xiaohongshu-distributed-id-generator with instance: Instance{instanceId='null', ip='10.2.66.25', port=8087, weight=1.0, healthy=true, enabled=true, ephemeral=true, clusterName='DEFAULT', serviceName='null', metadata={}}
2025-10-20 23:27:12.234 [SpringApplicationShutdownHook] INFO  c.a.cloud.nacos.registry.NacosServiceRegistry - De-registration finished.
2025-10-20 23:27:12.236 [SpringApplicationShutdownHook] INFO  com.alibaba.nacos.client.naming - com.alibaba.nacos.client.naming.cache.ServiceInfoHolder do shutdown begin
2025-10-20 23:27:12.236 [SpringApplicationShutdownHook] INFO  com.alibaba.nacos.client.naming - com.alibaba.nacos.client.naming.backups.FailoverReactor do shutdown begin
2025-10-20 23:27:12.236 [SpringApplicationShutdownHook] INFO  com.alibaba.nacos.client.naming - com.alibaba.nacos.client.naming.backups.FailoverReactor do shutdown stop
2025-10-20 23:27:12.236 [SpringApplicationShutdownHook] INFO  com.alibaba.nacos.client.naming - com.alibaba.nacos.client.naming.cache.ServiceInfoHolder do shutdown stop
2025-10-20 23:27:12.236 [SpringApplicationShutdownHook] INFO  com.alibaba.nacos.client.naming - com.alibaba.nacos.client.naming.remote.NamingClientProxyDelegate do shutdown begin
2025-10-20 23:27:12.236 [SpringApplicationShutdownHook] INFO  com.alibaba.nacos.client.naming - com.alibaba.nacos.client.naming.core.ServiceInfoUpdateService do shutdown begin
2025-10-20 23:27:12.237 [SpringApplicationShutdownHook] INFO  com.alibaba.nacos.client.naming - com.alibaba.nacos.client.naming.core.ServiceInfoUpdateService do shutdown stop
2025-10-20 23:27:12.237 [SpringApplicationShutdownHook] INFO  com.alibaba.nacos.client.naming - com.alibaba.nacos.client.naming.core.ServerListManager do shutdown begin
2025-10-20 23:27:12.237 [SpringApplicationShutdownHook] WARN  com.alibaba.nacos.client.naming - [NamingHttpClientManager] Start destroying NacosRestTemplate
2025-10-20 23:27:12.237 [SpringApplicationShutdownHook] WARN  com.alibaba.nacos.client.naming - [NamingHttpClientManager] Destruction of the end
2025-10-20 23:27:12.238 [SpringApplicationShutdownHook] INFO  com.alibaba.nacos.client.naming - com.alibaba.nacos.client.naming.core.ServerListManager do shutdown stop
2025-10-20 23:27:12.238 [SpringApplicationShutdownHook] INFO  com.alibaba.nacos.client.naming - com.alibaba.nacos.client.naming.remote.http.NamingHttpClientProxy do shutdown begin
2025-10-20 23:27:12.238 [SpringApplicationShutdownHook] WARN  com.alibaba.nacos.client.naming - [NamingHttpClientManager] Start destroying NacosRestTemplate
2025-10-20 23:27:12.238 [SpringApplicationShutdownHook] WARN  com.alibaba.nacos.client.naming - [NamingHttpClientManager] Destruction of the end
2025-10-20 23:27:12.238 [SpringApplicationShutdownHook] INFO  com.alibaba.nacos.client.naming - com.alibaba.nacos.client.naming.remote.http.NamingHttpClientProxy do shutdown stop
2025-10-20 23:27:12.239 [SpringApplicationShutdownHook] INFO  com.alibaba.nacos.common.remote.client - Shutdown rpc client, set status to shutdown
2025-10-20 23:27:12.239 [SpringApplicationShutdownHook] INFO  com.alibaba.nacos.common.remote.client - Shutdown client event executor java.util.concurrent.ScheduledThreadPoolExecutor@587f1dfb[Running, pool size = 2, active threads = 2, queued tasks = 0, completed tasks = 0]
2025-10-20 23:27:12.240 [SpringApplicationShutdownHook] INFO  com.alibaba.nacos.common.remote.client - Close current connection 1760958010932_112.94.129.49_1079
2025-10-20 23:27:12.252 [nacos-grpc-client-executor-8.134.88.169-3245] INFO  c.a.nacos.common.remote.client.grpc.GrpcClient - [1760958010932_112.94.129.49_1079]Ignore complete event,isRunning:false,isAbandon=false
2025-10-20 23:27:12.260 [SpringApplicationShutdownHook] INFO  c.a.nacos.common.remote.client.grpc.GrpcClient - Shutdown grpc executor java.util.concurrent.ThreadPoolExecutor@69b14814[Running, pool size = 4, active threads = 0, queued tasks = 0, completed tasks = 3246]
2025-10-20 23:27:12.260 [SpringApplicationShutdownHook] INFO  com.alibaba.nacos.client.naming - Shutdown grpc redo service executor java.util.concurrent.ScheduledThreadPoolExecutor@f863cfc[Running, pool size = 1, active threads = 0, queued tasks = 1, completed tasks = 5327]
2025-10-20 23:27:12.261 [SpringApplicationShutdownHook] INFO  c.a.n.client.auth.ram.identify.CredentialWatcher - [null] CredentialWatcher is stopped
2025-10-20 23:27:12.262 [SpringApplicationShutdownHook] INFO  c.a.n.client.auth.ram.identify.CredentialService - [null] CredentialService is freed
2025-10-20 23:27:12.263 [SpringApplicationShutdownHook] INFO  com.alibaba.nacos.client.naming - com.alibaba.nacos.client.naming.remote.NamingClientProxyDelegate do shutdown stop
