2025-09-17 15:54:32.386 [main] WARN  com.alibaba.nacos.client.logging.NacosLogging - Load Logback Configuration of Nacos fail, message: Could not initialize Logback Nacos logging from classpath:nacos-logback.xml
2025-09-17 15:54:32.447 [main] WARN  com.alibaba.nacos.client.logging.NacosLogging - Load Logback Configuration of Nacos fail, message: Could not initialize Logback Nacos logging from classpath:nacos-logback.xml
2025-09-17 15:54:33.017 [main] WARN  com.alibaba.nacos.client.logging.NacosLogging - Load Logback Configuration of Nacos fail, message: Could not initialize Logback Nacos logging from classpath:nacos-logback.xml
2025-09-17 15:54:33.032 [main] WARN  com.alibaba.nacos.client.logging.NacosLogging - Load Logback Configuration of Nacos fail, message: Could not initialize Logback Nacos logging from classpath:nacos-logback.xml
2025-09-17 15:54:33.033 [main] INFO  c.z.x.d.i.g.b.XiaohongshuDistributedIdGeneratorBizApplication - The following 1 profile is active: "dev"
2025-09-17 15:54:33.519 [main] INFO  o.springframework.cloud.context.scope.GenericScope - BeanFactory id=d0565002-c872-3656-bac4-6138f85662d0
2025-09-17 15:54:33.747 [main] INFO  o.s.boot.web.embedded.tomcat.TomcatWebServer - Tomcat initialized with port(s): 8087 (http)
2025-09-17 15:54:33.748 [main] INFO  org.apache.catalina.core.AprLifecycleListener - Loaded Apache Tomcat Native library [2.0.3] using APR version [1.7.2].
2025-09-17 15:54:33.753 [main] INFO  org.apache.catalina.core.AprLifecycleListener - OpenSSL successfully initialized [OpenSSL 3.0.8 7 Feb 2023]
2025-09-17 15:54:33.764 [main] INFO  org.apache.catalina.core.StandardService - Starting service [Tomcat]
2025-09-17 15:54:33.764 [main] INFO  org.apache.catalina.core.StandardEngine - Starting Servlet engine: [Apache Tomcat/10.1.5]
2025-09-17 15:54:33.864 [main] INFO  o.a.c.core.ContainerBase.[Tomcat].[localhost].[/] - Initializing Spring embedded WebApplicationContext
2025-09-17 15:54:33.865 [main] INFO  o.s.b.w.s.c.ServletWebServerApplicationContext - Root WebApplicationContext: initialization completed in 820 ms
2025-09-17 15:54:34.018 [main] INFO  com.alibaba.druid.pool.DruidDataSource - {dataSource-1} inited
2025-09-17 15:54:34.091 [main] INFO  c.z.x.d.i.g.biz.core.segment.SegmentIDGenImpl - Init ...
2025-09-17 15:54:34.092 [main] INFO  c.z.x.d.i.g.biz.core.segment.SegmentIDGenImpl - update cache from db
2025-09-17 15:54:34.289 [main] INFO  c.z.x.d.i.g.biz.core.segment.SegmentIDGenImpl - Add tag leaf-segment-comment-id from db to IdCache, SegmentBuffer SegmentBuffer{key='leaf-segment-comment-id', segments=[Segment(value:0,max:0,step:0), Segment(value:0,max:0,step:0)], currentPos=0, nextReady=false, initOk=false, threadRunning=false, step=0, minStep=0, updateTimestamp=0}
2025-09-17 15:54:34.290 [main] INFO  c.z.x.d.i.g.biz.core.segment.SegmentIDGenImpl - Add tag leaf-segment-test from db to IdCache, SegmentBuffer SegmentBuffer{key='leaf-segment-test', segments=[Segment(value:0,max:0,step:0), Segment(value:0,max:0,step:0)], currentPos=0, nextReady=false, initOk=false, threadRunning=false, step=0, minStep=0, updateTimestamp=0}
2025-09-17 15:54:34.290 [main] INFO  c.z.x.d.i.g.biz.core.segment.SegmentIDGenImpl - Add tag leaf-segment-user-id from db to IdCache, SegmentBuffer SegmentBuffer{key='leaf-segment-user-id', segments=[Segment(value:0,max:0,step:0), Segment(value:0,max:0,step:0)], currentPos=0, nextReady=false, initOk=false, threadRunning=false, step=0, minStep=0, updateTimestamp=0}
2025-09-17 15:54:34.290 [main] INFO  c.z.x.d.i.g.biz.core.segment.SegmentIDGenImpl - Add tag leaf-segment-xiaohongshu-id from db to IdCache, SegmentBuffer SegmentBuffer{key='leaf-segment-xiaohongshu-id', segments=[Segment(value:0,max:0,step:0), Segment(value:0,max:0,step:0)], currentPos=0, nextReady=false, initOk=false, threadRunning=false, step=0, minStep=0, updateTimestamp=0}
2025-09-17 15:54:34.290 [main] INFO  org.perf4j.TimingLogger - start[1758095674092] time[197] tag[updateCacheFromDb]
2025-09-17 15:54:34.293 [main] INFO  c.z.x.d.id.generator.biz.service.SegmentService - Segment Service Init Successfully
2025-09-17 15:54:34.313 [main] INFO  c.z.x.d.i.g.biz.core.snowflake.SnowflakeIDGenImpl - twepoch:1288834974657 ,ip:10.2.66.68 ,zkAddress:127.0.0.1:2181 port:2222
2025-09-17 15:54:34.380 [main] WARN  org.apache.curator.CuratorZookeeperClient - session timeout [6000] is less than connection timeout [10000]
2025-09-17 15:54:34.398 [main] INFO  o.a.curator.framework.imps.CuratorFrameworkImpl - Starting
2025-09-17 15:54:34.404 [main] INFO  org.apache.zookeeper.ZooKeeper - Client environment:zookeeper.version=3.6.0--b4c89dc7f6083829e18fae6e446907ae0b1f22d7, built on 02/25/2020 14:38 GMT
2025-09-17 15:54:34.405 [main] INFO  org.apache.zookeeper.ZooKeeper - Client environment:host.name=10.2.66.68
2025-09-17 15:54:34.405 [main] INFO  org.apache.zookeeper.ZooKeeper - Client environment:java.version=17.0.12
2025-09-17 15:54:34.405 [main] INFO  org.apache.zookeeper.ZooKeeper - Client environment:java.vendor=Oracle Corporation
2025-09-17 15:54:34.405 [main] INFO  org.apache.zookeeper.ZooKeeper - Client environment:java.home=D:\Program Files\Java\jdk-17.0.12
2025-09-17 15:54:34.405 [main] INFO  org.apache.zookeeper.ZooKeeper - Client environment:java.class.path=D:\subject\JAVA\SpringCloud\xiaohongshu\xiaohongshu-distributed-id-generator\xiaohongshu-distributed-id-generator-biz\target\classes;D:\subject\JAVA\SpringCloud\xiaohongshu\xiaohongshu-framework\xiaohongshu-common\target\classes;D:\data\maven-repository\jakarta\validation\jakarta.validation-api\3.0.2\jakarta.validation-api-3.0.2.jar;D:\data\maven-repository\org\hibernate\validator\hibernate-validator\8.0.0.Final\hibernate-validator-8.0.0.Final.jar;D:\data\maven-repository\org\jboss\logging\jboss-logging\3.5.0.Final\jboss-logging-3.5.0.Final.jar;D:\data\maven-repository\com\fasterxml\classmate\1.5.1\classmate-1.5.1.jar;D:\data\maven-repository\org\projectlombok\lombok\1.18.30\lombok-1.18.30.jar;D:\data\maven-repository\com\fasterxml\jackson\core\jackson-databind\2.16.1\jackson-databind-2.16.1.jar;D:\data\maven-repository\com\fasterxml\jackson\core\jackson-annotations\2.14.1\jackson-annotations-2.14.1.jar;D:\data\maven-repository\com\fasterxml\jackson\core\jackson-core\2.16.1\jackson-core-2.16.1.jar;D:\data\maven-repository\com\fasterxml\jackson\datatype\jackson-datatype-jsr310\2.14.1\jackson-datatype-jsr310-2.14.1.jar;D:\data\maven-repository\com\google\guava\guava\33.0.0-jre\guava-33.0.0-jre.jar;D:\data\maven-repository\com\google\guava\failureaccess\1.0.2\failureaccess-1.0.2.jar;D:\data\maven-repository\com\google\guava\listenablefuture\9999.0-empty-to-avoid-conflict-with-guava\listenablefuture-9999.0-empty-to-avoid-conflict-with-guava.jar;D:\data\maven-repository\com\google\code\findbugs\jsr305\3.0.2\jsr305-3.0.2.jar;D:\data\maven-repository\org\checkerframework\checker-qual\3.41.0\checker-qual-3.41.0.jar;D:\data\maven-repository\com\google\errorprone\error_prone_annotations\2.23.0\error_prone_annotations-2.23.0.jar;D:\data\maven-repository\com\google\j2objc\j2objc-annotations\2.8\j2objc-annotations-2.8.jar;D:\data\maven-repository\cn\hutool\hutool-all\5.8.26\hutool-all-5.8.26.jar;D:\data\maven-repository\org\apache\commons\commons-lang3\3.12.0\commons-lang3-3.12.0.jar;D:\data\maven-repository\org\springframework\boot\spring-boot-starter-web\3.0.2\spring-boot-starter-web-3.0.2.jar;D:\data\maven-repository\org\springframework\boot\spring-boot-starter\3.0.2\spring-boot-starter-3.0.2.jar;D:\data\maven-repository\org\springframework\boot\spring-boot\3.0.2\spring-boot-3.0.2.jar;D:\data\maven-repository\org\springframework\boot\spring-boot-autoconfigure\3.0.2\spring-boot-autoconfigure-3.0.2.jar;D:\data\maven-repository\org\springframework\boot\spring-boot-starter-logging\3.0.2\spring-boot-starter-logging-3.0.2.jar;D:\data\maven-repository\ch\qos\logback\logback-classic\1.4.5\logback-classic-1.4.5.jar;D:\data\maven-repository\ch\qos\logback\logback-core\1.4.5\logback-core-1.4.5.jar;D:\data\maven-repository\org\apache\logging\log4j\log4j-to-slf4j\2.19.0\log4j-to-slf4j-2.19.0.jar;D:\data\maven-repository\org\apache\logging\log4j\log4j-api\2.19.0\log4j-api-2.19.0.jar;D:\data\maven-repository\org\slf4j\jul-to-slf4j\2.0.6\jul-to-slf4j-2.0.6.jar;D:\data\maven-repository\jakarta\annotation\jakarta.annotation-api\2.1.1\jakarta.annotation-api-2.1.1.jar;D:\data\maven-repository\org\yaml\snakeyaml\1.33\snakeyaml-1.33.jar;D:\data\maven-repository\org\springframework\boot\spring-boot-starter-json\3.0.2\spring-boot-starter-json-3.0.2.jar;D:\data\maven-repository\com\fasterxml\jackson\datatype\jackson-datatype-jdk8\2.14.1\jackson-datatype-jdk8-2.14.1.jar;D:\data\maven-repository\com\fasterxml\jackson\module\jackson-module-parameter-names\2.14.1\jackson-module-parameter-names-2.14.1.jar;D:\data\maven-repository\org\springframework\boot\spring-boot-starter-tomcat\3.0.2\spring-boot-starter-tomcat-3.0.2.jar;D:\data\maven-repository\org\apache\tomcat\embed\tomcat-embed-core\10.1.5\tomcat-embed-core-10.1.5.jar;D:\data\maven-repository\org\apache\tomcat\embed\tomcat-embed-el\10.1.5\tomcat-embed-el-10.1.5.jar;D:\data\maven-repository\org\apache\tomcat\embed\tomcat-embed-websocket\10.1.5\tomcat-embed-websocket-10.1.5.jar;D:\data\maven-repository\org\springframework\spring-web\6.0.4\spring-web-6.0.4.jar;D:\data\maven-repository\org\springframework\spring-beans\6.0.4\spring-beans-6.0.4.jar;D:\data\maven-repository\io\micrometer\micrometer-observation\1.10.3\micrometer-observation-1.10.3.jar;D:\data\maven-repository\io\micrometer\micrometer-commons\1.10.3\micrometer-commons-1.10.3.jar;D:\data\maven-repository\org\springframework\spring-webmvc\6.0.4\spring-webmvc-6.0.4.jar;D:\data\maven-repository\org\springframework\spring-aop\6.0.4\spring-aop-6.0.4.jar;D:\data\maven-repository\org\springframework\spring-context\6.0.4\spring-context-6.0.4.jar;D:\data\maven-repository\org\springframework\spring-expression\6.0.4\spring-expression-6.0.4.jar;D:\data\maven-repository\org\slf4j\slf4j-api\2.0.6\slf4j-api-2.0.6.jar;D:\data\maven-repository\org\springframework\spring-core\6.0.4\spring-core-6.0.4.jar;D:\data\maven-repository\org\springframework\spring-jcl\6.0.4\spring-jcl-6.0.4.jar;D:\data\maven-repository\org\springframework\cloud\spring-cloud-starter-bootstrap\4.0.0\spring-cloud-starter-bootstrap-4.0.0.jar;D:\data\maven-repository\org\springframework\cloud\spring-cloud-starter\4.0.0\spring-cloud-starter-4.0.0.jar;D:\data\maven-repository\org\springframework\security\spring-security-rsa\1.0.11.RELEASE\spring-security-rsa-1.0.11.RELEASE.jar;D:\data\maven-repository\org\bouncycastle\bcpkix-jdk15on\1.69\bcpkix-jdk15on-1.69.jar;D:\data\maven-repository\org\bouncycastle\bcprov-jdk15on\1.69\bcprov-jdk15on-1.69.jar;D:\data\maven-repository\org\bouncycastle\bcutil-jdk15on\1.69\bcutil-jdk15on-1.69.jar;D:\data\maven-repository\com\alibaba\cloud\spring-cloud-starter-alibaba-nacos-discovery\2022.0.0.0\spring-cloud-starter-alibaba-nacos-discovery-2022.0.0.0.jar;D:\data\maven-repository\com\alibaba\cloud\spring-cloud-alibaba-commons\2022.0.0.0\spring-cloud-alibaba-commons-2022.0.0.0.jar;D:\data\maven-repository\com\alibaba\nacos\nacos-client\2.2.1\nacos-client-2.2.1.jar;D:\data\maven-repository\com\alibaba\nacos\nacos-auth-plugin\2.2.1\nacos-auth-plugin-2.2.1.jar;D:\data\maven-repository\com\alibaba\nacos\nacos-encryption-plugin\2.2.1\nacos-encryption-plugin-2.2.1.jar;D:\data\maven-repository\commons-codec\commons-codec\1.15\commons-codec-1.15.jar;D:\data\maven-repository\org\apache\httpcomponents\httpasyncclient\4.1.5\httpasyncclient-4.1.5.jar;D:\data\maven-repository\org\apache\httpcomponents\httpcore\4.4.16\httpcore-4.4.16.jar;D:\data\maven-repository\org\apache\httpcomponents\httpcore-nio\4.4.16\httpcore-nio-4.4.16.jar;D:\data\maven-repository\org\apache\httpcomponents\httpclient\4.5.14\httpclient-4.5.14.jar;D:\data\maven-repository\io\prometheus\simpleclient\0.16.0\simpleclient-0.16.0.jar;D:\data\maven-repository\io\prometheus\simpleclient_tracer_otel\0.16.0\simpleclient_tracer_otel-0.16.0.jar;D:\data\maven-repository\io\prometheus\simpleclient_tracer_common\0.16.0\simpleclient_tracer_common-0.16.0.jar;D:\data\maven-repository\io\prometheus\simpleclient_tracer_otel_agent\0.16.0\simpleclient_tracer_otel_agent-0.16.0.jar;D:\data\maven-repository\com\alibaba\spring\spring-context-support\1.0.11\spring-context-support-1.0.11.jar;D:\data\maven-repository\org\springframework\cloud\spring-cloud-commons\4.0.0\spring-cloud-commons-4.0.0.jar;D:\data\maven-repository\org\springframework\security\spring-security-crypto\6.0.1\spring-security-crypto-6.0.1.jar;D:\data\maven-repository\org\springframework\cloud\spring-cloud-context\4.0.0\spring-cloud-context-4.0.0.jar;D:\data\maven-repository\commons-io\commons-io\2.4\commons-io-2.4.jar;D:\data\maven-repository\org\perf4j\perf4j\0.9.16\perf4j-0.9.16.jar;D:\data\maven-repository\mysql\mysql-connector-java\8.0.29\mysql-connector-java-8.0.29.jar;D:\data\maven-repository\com\google\protobuf\protobuf-java\3.19.4\protobuf-java-3.19.4.jar;D:\data\maven-repository\com\alibaba\druid\1.0.18\druid-1.0.18.jar;D:\data\maven-repository\org\mybatis\mybatis\3.3.0\mybatis-3.3.0.jar;D:\data\maven-repository\org\apache\curator\curator-recipes\2.6.0\curator-recipes-2.6.0.jar;D:\data\maven-repository\org\apache\curator\curator-framework\5.1.0\curator-framework-5.1.0.jar;D:\data\maven-repository\org\apache\curator\curator-client\5.1.0\curator-client-5.1.0.jar;D:\data\maven-repository\org\apache\zookeeper\zookeeper\3.6.0\zookeeper-3.6.0.jar;D:\data\maven-repository\commons-lang\commons-lang\2.6\commons-lang-2.6.jar;D:\data\maven-repository\org\apache\zookeeper\zookeeper-jute\3.6.0\zookeeper-jute-3.6.0.jar;D:\data\maven-repository\org\apache\yetus\audience-annotations\0.5.0\audience-annotations-0.5.0.jar;D:\data\maven-repository\io\netty\netty-handler\4.1.87.Final\netty-handler-4.1.87.Final.jar;D:\data\maven-repository\io\netty\netty-common\4.1.87.Final\netty-common-4.1.87.Final.jar;D:\data\maven-repository\io\netty\netty-resolver\4.1.87.Final\netty-resolver-4.1.87.Final.jar;D:\data\maven-repository\io\netty\netty-buffer\4.1.87.Final\netty-buffer-4.1.87.Final.jar;D:\data\maven-repository\io\netty\netty-transport\4.1.87.Final\netty-transport-4.1.87.Final.jar;D:\data\maven-repository\io\netty\netty-transport-native-unix-common\4.1.87.Final\netty-transport-native-unix-common-4.1.87.Final.jar;D:\data\maven-repository\io\netty\netty-codec\4.1.87.Final\netty-codec-4.1.87.Final.jar;D:\data\maven-repository\io\netty\netty-transport-native-epoll\4.1.87.Final\netty-transport-native-epoll-4.1.87.Final.jar;D:\data\maven-repository\io\netty\netty-transport-classes-epoll\4.1.87.Final\netty-transport-classes-epoll-4.1.87.Final.jar
2025-09-17 15:54:34.405 [main] INFO  org.apache.zookeeper.ZooKeeper - Client environment:java.library.path=D:\Program Files\Java\jdk-17.0.12\bin;C:\WINDOWS\Sun\Java\bin;C:\WINDOWS\system32;C:\WINDOWS;C:\Program Files (x86)\Common Files\Oracle\Java\java8path;C:\Program Files (x86)\Common Files\Oracle\Java\javapath;D:\Program Files (x86)\VMware\VMware Workstation\bin\;C:\Windows\system32;C:\Windows;C:\Windows\System32\Wbem;C:\Windows\System32\WindowsPowerShell\v1.0\;C:\Windows\System32\OpenSSH\;D:\graalvm-ce-java17-22.3.0\bin;C:\Program Files\dotnet\;C:\WINDOWS\system32;C:\WINDOWS;C:\WINDOWS\System32\Wbem;C:\WINDOWS\System32\WindowsPowerShell\v1.0\;C:\WINDOWS\System32\OpenSSH\;D:\BaiduNetdiskDownload\runtime\win64;D:\BaiduNetdiskDownload\bin;D:\BaiduNetdiskDownload\polyspace\bin;C:\Users\Rey\mingw64\bin\;%MYSQL_HOME%\bin;C:\Program Files\Azure Data Studio\bin;D:\Program Files\MySQL\MySQL Server 8.0\bin;D:\Program Files\apache-tomcat-10.1.7\bin;D:\Program Files\nodejs\;D:\Server\maven\apache-maven-3.9.4\bin;D:\Program Files\Redis-x64-3.2.100;D:\Program Files\elasticsearch-7.17.16-windows-x86_64\elasticsearch-7.17.16\bin;D:\Program Files\elasticsearch-7.17.16-windows-x86_64\elasticsearch-7.17.16\jdk\bin;D:\Program Files\Git\cmd;D:\Program Files (x86)\NetSarang\Xshell 8\;D:\Program Files\NetSarang\Xftp 8\;D:\software\hadoop-3.1.3\bin;c:\Users\Rey\AppData\Local\Programs\cursor\resources\app\bin;D:\Program Files\Java\jdk-1.8\bin;D:\subject\Third_2\andoirdDev\soft\gradle-8.13-bin\gradle-8.13\bin;D:\software\lua-5.4.2_Win64_bin;D:\Program Files\python\Python38\Scripts;D:\Program Files\Python\Python38\;D:\Program Files (x86)\Tencent\微信web开发者工具\dll;D:\Program Files\apache-jmeter-5.6.3\bin;C:\WINDOWS\system32;C:\WINDOWS;C:\WINDOWS\System32\Wbem;C:\WINDOWS\System32\WindowsPowerShell\v1.0\;C:\WINDOWS\System32\OpenSSH\;D:\subject\JAVA\apache-cassandra-4.0.18\bin;C:\Program Files\Docker\Docker\resources\bin;D:\Program Files\Python\Python38\Scripts\;D:\Program Files\Python\Python38\;C:\Users\Rey\AppData\Local\Microsoft\WindowsApps;C:\Users\Rey\.dotnet\tools;C:\Users\Rey\mingw64\bin;C:\Program Files\Azure Data Studio\bin;D:\software\vscode\Microsoft VS Code\bin;C:\Users\Rey\AppData\Roaming\npm;D:\Program Files\Java\jdk-1.8\bin;D:\Program Files\JetBrains\PyCharm 2024.3.5\bin;;;D:\Program Files\Huawei\DevEco Studio\bin;;.
2025-09-17 15:54:34.405 [main] INFO  org.apache.zookeeper.ZooKeeper - Client environment:java.io.tmpdir=C:\Users\Rey\AppData\Local\Temp\
2025-09-17 15:54:34.405 [main] INFO  org.apache.zookeeper.ZooKeeper - Client environment:java.compiler=<NA>
2025-09-17 15:54:34.405 [main] INFO  org.apache.zookeeper.ZooKeeper - Client environment:os.name=Windows 11
2025-09-17 15:54:34.405 [main] INFO  org.apache.zookeeper.ZooKeeper - Client environment:os.arch=amd64
2025-09-17 15:54:34.405 [main] INFO  org.apache.zookeeper.ZooKeeper - Client environment:os.version=10.0
2025-09-17 15:54:34.405 [main] INFO  org.apache.zookeeper.ZooKeeper - Client environment:user.name=Rey
2025-09-17 15:54:34.406 [main] INFO  org.apache.zookeeper.ZooKeeper - Client environment:user.home=C:\Users\Rey
2025-09-17 15:54:34.406 [main] INFO  org.apache.zookeeper.ZooKeeper - Client environment:user.dir=D:\subject\JAVA\SpringCloud\xiaohongshu
2025-09-17 15:54:34.406 [main] INFO  org.apache.zookeeper.ZooKeeper - Client environment:os.memory.free=31MB
2025-09-17 15:54:34.406 [main] INFO  org.apache.zookeeper.ZooKeeper - Client environment:os.memory.max=4028MB
2025-09-17 15:54:34.406 [main] INFO  org.apache.zookeeper.ZooKeeper - Client environment:os.memory.total=60MB
2025-09-17 15:54:34.409 [main] INFO  org.apache.zookeeper.ZooKeeper - Initiating client connection, connectString=127.0.0.1:2181 sessionTimeout=6000 watcher=org.apache.curator.ConnectionState@3b41e1bf
2025-09-17 15:54:34.414 [main] INFO  org.apache.zookeeper.common.X509Util - Setting -D jdk.tls.rejectClientInitiatedRenegotiation=true to disable client-initiated TLS renegotiation
2025-09-17 15:54:34.427 [main] INFO  org.apache.zookeeper.ClientCnxnSocket - jute.maxbuffer value is 1048575 Bytes
2025-09-17 15:54:34.434 [main] INFO  org.apache.zookeeper.ClientCnxn - zookeeper.request.timeout value is 0. feature enabled=false
2025-09-17 15:54:34.442 [main-SendThread(127.0.0.1:2181)] INFO  org.apache.zookeeper.ClientCnxn - Opening socket connection to server kubernetes.docker.internal/127.0.0.1:2181.
2025-09-17 15:54:34.442 [main-SendThread(127.0.0.1:2181)] INFO  org.apache.zookeeper.ClientCnxn - SASL config status: Will not attempt to authenticate using SASL (unknown error)
2025-09-17 15:54:34.444 [main] INFO  o.a.curator.framework.imps.CuratorFrameworkImpl - Default schema
2025-09-17 15:54:34.446 [main-SendThread(127.0.0.1:2181)] INFO  org.apache.zookeeper.ClientCnxn - Socket connection established, initiating session, client: /127.0.0.1:61625, server: kubernetes.docker.internal/127.0.0.1:2181
2025-09-17 15:54:40.456 [main-SendThread(127.0.0.1:2181)] WARN  org.apache.zookeeper.ClientCnxn - Client session timed out, have not heard from server in 6010ms for session id 0x0
2025-09-17 15:54:40.456 [main-SendThread(127.0.0.1:2181)] WARN  org.apache.zookeeper.ClientCnxn - Session 0x0 for sever kubernetes.docker.internal/127.0.0.1:2181, Closing socket connection. Attempting reconnect except it is a SessionExpiredException.
org.apache.zookeeper.ClientCnxn$SessionTimeoutException: Client session timed out, have not heard from server in 6010ms for session id 0x0
	at org.apache.zookeeper.ClientCnxn$SendThread.run(ClientCnxn.java:1230)
2025-09-17 15:54:41.833 [main-SendThread(127.0.0.1:2181)] INFO  org.apache.zookeeper.ClientCnxn - Opening socket connection to server kubernetes.docker.internal/127.0.0.1:2181.
2025-09-17 15:54:41.834 [main-SendThread(127.0.0.1:2181)] INFO  org.apache.zookeeper.ClientCnxn - SASL config status: Will not attempt to authenticate using SASL (unknown error)
2025-09-17 15:54:41.835 [main-SendThread(127.0.0.1:2181)] INFO  org.apache.zookeeper.ClientCnxn - Socket connection established, initiating session, client: /127.0.0.1:62048, server: kubernetes.docker.internal/127.0.0.1:2181
2025-09-17 15:54:44.571 [Curator-Framework-0] INFO  o.a.curator.framework.state.ConnectionStateManager - State change: SUSPENDED
2025-09-17 15:54:44.571 [Curator-Framework-0] ERROR o.a.curator.framework.imps.CuratorFrameworkImpl - Background operation retry gave up
org.apache.zookeeper.KeeperException$ConnectionLossException: KeeperErrorCode = ConnectionLoss
	at org.apache.zookeeper.KeeperException.create(KeeperException.java:102)
	at org.apache.curator.framework.imps.CuratorFrameworkImpl.checkBackgroundRetry(CuratorFrameworkImpl.java:851)
	at org.apache.curator.framework.imps.CuratorFrameworkImpl.performBackgroundOperation(CuratorFrameworkImpl.java:999)
	at org.apache.curator.framework.imps.CuratorFrameworkImpl.backgroundOperationsLoop(CuratorFrameworkImpl.java:952)
	at org.apache.curator.framework.imps.CuratorFrameworkImpl.access$300(CuratorFrameworkImpl.java:66)
	at org.apache.curator.framework.imps.CuratorFrameworkImpl$4.call(CuratorFrameworkImpl.java:342)
	at java.base/java.util.concurrent.FutureTask.run(FutureTask.java:264)
	at java.base/java.util.concurrent.ScheduledThreadPoolExecutor$ScheduledFutureTask.run(ScheduledThreadPoolExecutor.java:304)
	at java.base/java.util.concurrent.ThreadPoolExecutor.runWorker(ThreadPoolExecutor.java:1136)
	at java.base/java.util.concurrent.ThreadPoolExecutor$Worker.run(ThreadPoolExecutor.java:635)
	at java.base/java.lang.Thread.run(Thread.java:842)
2025-09-17 15:54:44.571 [Curator-Framework-0] ERROR o.a.curator.framework.imps.CuratorFrameworkImpl - Background retry gave up
org.apache.curator.CuratorConnectionLossException: KeeperErrorCode = ConnectionLoss
	at org.apache.curator.framework.imps.CuratorFrameworkImpl.performBackgroundOperation(CuratorFrameworkImpl.java:981)
	at org.apache.curator.framework.imps.CuratorFrameworkImpl.backgroundOperationsLoop(CuratorFrameworkImpl.java:952)
	at org.apache.curator.framework.imps.CuratorFrameworkImpl.access$300(CuratorFrameworkImpl.java:66)
	at org.apache.curator.framework.imps.CuratorFrameworkImpl$4.call(CuratorFrameworkImpl.java:342)
	at java.base/java.util.concurrent.FutureTask.run(FutureTask.java:264)
	at java.base/java.util.concurrent.ScheduledThreadPoolExecutor$ScheduledFutureTask.run(ScheduledThreadPoolExecutor.java:304)
	at java.base/java.util.concurrent.ThreadPoolExecutor.runWorker(ThreadPoolExecutor.java:1136)
	at java.base/java.util.concurrent.ThreadPoolExecutor$Worker.run(ThreadPoolExecutor.java:635)
	at java.base/java.lang.Thread.run(Thread.java:842)
2025-09-17 15:54:47.849 [main-SendThread(127.0.0.1:2181)] WARN  org.apache.zookeeper.ClientCnxn - Client session timed out, have not heard from server in 6014ms for session id 0x0
2025-09-17 15:54:47.849 [main-SendThread(127.0.0.1:2181)] WARN  org.apache.zookeeper.ClientCnxn - Session 0x0 for sever kubernetes.docker.internal/127.0.0.1:2181, Closing socket connection. Attempting reconnect except it is a SessionExpiredException.
org.apache.zookeeper.ClientCnxn$SessionTimeoutException: Client session timed out, have not heard from server in 6014ms for session id 0x0
	at org.apache.zookeeper.ClientCnxn$SendThread.run(ClientCnxn.java:1230)
2025-09-17 15:54:47.966 [main] ERROR c.z.x.d.i.g.b.c.snowflake.SnowflakeZookeeperHolder - Start node ERROR {}
org.apache.zookeeper.KeeperException$ConnectionLossException: KeeperErrorCode = ConnectionLoss for /snowflake/com.sankuai.leaf.opensource.test/forever
	at org.apache.zookeeper.KeeperException.create(KeeperException.java:102)
	at org.apache.zookeeper.KeeperException.create(KeeperException.java:54)
	at org.apache.zookeeper.ZooKeeper.exists(ZooKeeper.java:2246)
	at org.apache.curator.framework.imps.ExistsBuilderImpl$3.call(ExistsBuilderImpl.java:268)
	at org.apache.curator.framework.imps.ExistsBuilderImpl$3.call(ExistsBuilderImpl.java:257)
	at org.apache.curator.RetryLoop.callWithRetry(RetryLoop.java:93)
	at org.apache.curator.framework.imps.ExistsBuilderImpl.pathInForegroundStandard(ExistsBuilderImpl.java:254)
	at org.apache.curator.framework.imps.ExistsBuilderImpl.pathInForeground(ExistsBuilderImpl.java:247)
	at org.apache.curator.framework.imps.ExistsBuilderImpl.forPath(ExistsBuilderImpl.java:206)
	at org.apache.curator.framework.imps.ExistsBuilderImpl.forPath(ExistsBuilderImpl.java:35)
	at com.zry.xiaohongshu.distributed.id.generator.biz.core.snowflake.SnowflakeZookeeperHolder.init(SnowflakeZookeeperHolder.java:52)
	at com.zry.xiaohongshu.distributed.id.generator.biz.core.snowflake.SnowflakeIDGenImpl.<init>(SnowflakeIDGenImpl.java:51)
	at com.zry.xiaohongshu.distributed.id.generator.biz.core.snowflake.SnowflakeIDGenImpl.<init>(SnowflakeIDGenImpl.java:37)
	at com.zry.xiaohongshu.distributed.id.generator.biz.service.SnowflakeService.<init>(SnowflakeService.java:29)
	at java.base/jdk.internal.reflect.NativeConstructorAccessorImpl.newInstance0(Native Method)
	at java.base/jdk.internal.reflect.NativeConstructorAccessorImpl.newInstance(NativeConstructorAccessorImpl.java:77)
	at java.base/jdk.internal.reflect.DelegatingConstructorAccessorImpl.newInstance(DelegatingConstructorAccessorImpl.java:45)
	at java.base/java.lang.reflect.Constructor.newInstanceWithCaller(Constructor.java:499)
	at java.base/java.lang.reflect.Constructor.newInstance(Constructor.java:480)
	at org.springframework.beans.BeanUtils.instantiateClass(BeanUtils.java:197)
	at org.springframework.beans.factory.support.SimpleInstantiationStrategy.instantiate(SimpleInstantiationStrategy.java:87)
	at org.springframework.beans.factory.support.AbstractAutowireCapableBeanFactory.instantiateBean(AbstractAutowireCapableBeanFactory.java:1300)
	at org.springframework.beans.factory.support.AbstractAutowireCapableBeanFactory.createBeanInstance(AbstractAutowireCapableBeanFactory.java:1198)
	at org.springframework.beans.factory.support.AbstractAutowireCapableBeanFactory.doCreateBean(AbstractAutowireCapableBeanFactory.java:561)
	at org.springframework.beans.factory.support.AbstractAutowireCapableBeanFactory.createBean(AbstractAutowireCapableBeanFactory.java:521)
	at org.springframework.beans.factory.support.AbstractBeanFactory.lambda$doGetBean$0(AbstractBeanFactory.java:326)
	at org.springframework.beans.factory.support.DefaultSingletonBeanRegistry.getSingleton(DefaultSingletonBeanRegistry.java:234)
	at org.springframework.beans.factory.support.AbstractBeanFactory.doGetBean(AbstractBeanFactory.java:324)
	at org.springframework.beans.factory.support.AbstractBeanFactory.getBean(AbstractBeanFactory.java:200)
	at org.springframework.beans.factory.config.DependencyDescriptor.resolveCandidate(DependencyDescriptor.java:254)
	at org.springframework.beans.factory.support.DefaultListableBeanFactory.doResolveDependency(DefaultListableBeanFactory.java:1405)
	at org.springframework.beans.factory.support.DefaultListableBeanFactory.resolveDependency(DefaultListableBeanFactory.java:1325)
	at org.springframework.beans.factory.annotation.AutowiredAnnotationBeanPostProcessor$AutowiredFieldElement.resolveFieldValue(AutowiredAnnotationBeanPostProcessor.java:709)
	at org.springframework.beans.factory.annotation.AutowiredAnnotationBeanPostProcessor$AutowiredFieldElement.inject(AutowiredAnnotationBeanPostProcessor.java:692)
	at org.springframework.beans.factory.annotation.InjectionMetadata.inject(InjectionMetadata.java:133)
	at org.springframework.beans.factory.annotation.AutowiredAnnotationBeanPostProcessor.postProcessProperties(AutowiredAnnotationBeanPostProcessor.java:481)
	at org.springframework.beans.factory.support.AbstractAutowireCapableBeanFactory.populateBean(AbstractAutowireCapableBeanFactory.java:1397)
	at org.springframework.beans.factory.support.AbstractAutowireCapableBeanFactory.doCreateBean(AbstractAutowireCapableBeanFactory.java:598)
	at org.springframework.beans.factory.support.AbstractAutowireCapableBeanFactory.createBean(AbstractAutowireCapableBeanFactory.java:521)
	at org.springframework.beans.factory.support.AbstractBeanFactory.lambda$doGetBean$0(AbstractBeanFactory.java:326)
	at org.springframework.beans.factory.support.DefaultSingletonBeanRegistry.getSingleton(DefaultSingletonBeanRegistry.java:234)
	at org.springframework.beans.factory.support.AbstractBeanFactory.doGetBean(AbstractBeanFactory.java:324)
	at org.springframework.beans.factory.support.AbstractBeanFactory.getBean(AbstractBeanFactory.java:200)
	at org.springframework.beans.factory.support.DefaultListableBeanFactory.preInstantiateSingletons(DefaultListableBeanFactory.java:961)
	at org.springframework.context.support.AbstractApplicationContext.finishBeanFactoryInitialization(AbstractApplicationContext.java:915)
	at org.springframework.context.support.AbstractApplicationContext.refresh(AbstractApplicationContext.java:584)
	at org.springframework.boot.web.servlet.context.ServletWebServerApplicationContext.refresh(ServletWebServerApplicationContext.java:146)
	at org.springframework.boot.SpringApplication.refresh(SpringApplication.java:730)
	at org.springframework.boot.SpringApplication.refreshContext(SpringApplication.java:432)
	at org.springframework.boot.SpringApplication.run(SpringApplication.java:308)
	at org.springframework.boot.SpringApplication.run(SpringApplication.java:1302)
	at org.springframework.boot.SpringApplication.run(SpringApplication.java:1291)
	at com.zry.xiaohongshu.distributed.id.generator.biz.XiaohongshuDistributedIdGeneratorBizApplication.main(XiaohongshuDistributedIdGeneratorBizApplication.java:10)
2025-09-17 15:54:47.966 [main] ERROR c.z.x.d.i.g.b.c.snowflake.SnowflakeZookeeperHolder - Read file error 
java.io.FileNotFoundException: C:\Users\Rey\AppData\Local\Temp\com.sankuai.leaf.opensource.test\leafconf\2222\workerID.properties (系统找不到指定的路径。)
	at java.base/java.io.FileInputStream.open0(Native Method)
	at java.base/java.io.FileInputStream.open(FileInputStream.java:216)
	at java.base/java.io.FileInputStream.<init>(FileInputStream.java:157)
	at com.zry.xiaohongshu.distributed.id.generator.biz.core.snowflake.SnowflakeZookeeperHolder.init(SnowflakeZookeeperHolder.java:98)
	at com.zry.xiaohongshu.distributed.id.generator.biz.core.snowflake.SnowflakeIDGenImpl.<init>(SnowflakeIDGenImpl.java:51)
	at com.zry.xiaohongshu.distributed.id.generator.biz.core.snowflake.SnowflakeIDGenImpl.<init>(SnowflakeIDGenImpl.java:37)
	at com.zry.xiaohongshu.distributed.id.generator.biz.service.SnowflakeService.<init>(SnowflakeService.java:29)
	at java.base/jdk.internal.reflect.NativeConstructorAccessorImpl.newInstance0(Native Method)
	at java.base/jdk.internal.reflect.NativeConstructorAccessorImpl.newInstance(NativeConstructorAccessorImpl.java:77)
	at java.base/jdk.internal.reflect.DelegatingConstructorAccessorImpl.newInstance(DelegatingConstructorAccessorImpl.java:45)
	at java.base/java.lang.reflect.Constructor.newInstanceWithCaller(Constructor.java:499)
	at java.base/java.lang.reflect.Constructor.newInstance(Constructor.java:480)
	at org.springframework.beans.BeanUtils.instantiateClass(BeanUtils.java:197)
	at org.springframework.beans.factory.support.SimpleInstantiationStrategy.instantiate(SimpleInstantiationStrategy.java:87)
	at org.springframework.beans.factory.support.AbstractAutowireCapableBeanFactory.instantiateBean(AbstractAutowireCapableBeanFactory.java:1300)
	at org.springframework.beans.factory.support.AbstractAutowireCapableBeanFactory.createBeanInstance(AbstractAutowireCapableBeanFactory.java:1198)
	at org.springframework.beans.factory.support.AbstractAutowireCapableBeanFactory.doCreateBean(AbstractAutowireCapableBeanFactory.java:561)
	at org.springframework.beans.factory.support.AbstractAutowireCapableBeanFactory.createBean(AbstractAutowireCapableBeanFactory.java:521)
	at org.springframework.beans.factory.support.AbstractBeanFactory.lambda$doGetBean$0(AbstractBeanFactory.java:326)
	at org.springframework.beans.factory.support.DefaultSingletonBeanRegistry.getSingleton(DefaultSingletonBeanRegistry.java:234)
	at org.springframework.beans.factory.support.AbstractBeanFactory.doGetBean(AbstractBeanFactory.java:324)
	at org.springframework.beans.factory.support.AbstractBeanFactory.getBean(AbstractBeanFactory.java:200)
	at org.springframework.beans.factory.config.DependencyDescriptor.resolveCandidate(DependencyDescriptor.java:254)
	at org.springframework.beans.factory.support.DefaultListableBeanFactory.doResolveDependency(DefaultListableBeanFactory.java:1405)
	at org.springframework.beans.factory.support.DefaultListableBeanFactory.resolveDependency(DefaultListableBeanFactory.java:1325)
	at org.springframework.beans.factory.annotation.AutowiredAnnotationBeanPostProcessor$AutowiredFieldElement.resolveFieldValue(AutowiredAnnotationBeanPostProcessor.java:709)
	at org.springframework.beans.factory.annotation.AutowiredAnnotationBeanPostProcessor$AutowiredFieldElement.inject(AutowiredAnnotationBeanPostProcessor.java:692)
	at org.springframework.beans.factory.annotation.InjectionMetadata.inject(InjectionMetadata.java:133)
	at org.springframework.beans.factory.annotation.AutowiredAnnotationBeanPostProcessor.postProcessProperties(AutowiredAnnotationBeanPostProcessor.java:481)
	at org.springframework.beans.factory.support.AbstractAutowireCapableBeanFactory.populateBean(AbstractAutowireCapableBeanFactory.java:1397)
	at org.springframework.beans.factory.support.AbstractAutowireCapableBeanFactory.doCreateBean(AbstractAutowireCapableBeanFactory.java:598)
	at org.springframework.beans.factory.support.AbstractAutowireCapableBeanFactory.createBean(AbstractAutowireCapableBeanFactory.java:521)
	at org.springframework.beans.factory.support.AbstractBeanFactory.lambda$doGetBean$0(AbstractBeanFactory.java:326)
	at org.springframework.beans.factory.support.DefaultSingletonBeanRegistry.getSingleton(DefaultSingletonBeanRegistry.java:234)
	at org.springframework.beans.factory.support.AbstractBeanFactory.doGetBean(AbstractBeanFactory.java:324)
	at org.springframework.beans.factory.support.AbstractBeanFactory.getBean(AbstractBeanFactory.java:200)
	at org.springframework.beans.factory.support.DefaultListableBeanFactory.preInstantiateSingletons(DefaultListableBeanFactory.java:961)
	at org.springframework.context.support.AbstractApplicationContext.finishBeanFactoryInitialization(AbstractApplicationContext.java:915)
	at org.springframework.context.support.AbstractApplicationContext.refresh(AbstractApplicationContext.java:584)
	at org.springframework.boot.web.servlet.context.ServletWebServerApplicationContext.refresh(ServletWebServerApplicationContext.java:146)
	at org.springframework.boot.SpringApplication.refresh(SpringApplication.java:730)
	at org.springframework.boot.SpringApplication.refreshContext(SpringApplication.java:432)
	at org.springframework.boot.SpringApplication.run(SpringApplication.java:308)
	at org.springframework.boot.SpringApplication.run(SpringApplication.java:1302)
	at org.springframework.boot.SpringApplication.run(SpringApplication.java:1291)
	at com.zry.xiaohongshu.distributed.id.generator.biz.XiaohongshuDistributedIdGeneratorBizApplication.main(XiaohongshuDistributedIdGeneratorBizApplication.java:10)
2025-09-17 15:54:47.968 [main] WARN  o.s.b.w.s.c.AnnotationConfigServletWebServerApplicationContext - Exception encountered during context initialization - cancelling refresh attempt: org.springframework.beans.factory.UnsatisfiedDependencyException: Error creating bean with name 'leafController': Unsatisfied dependency expressed through field 'snowflakeService': Error creating bean with name 'SnowflakeService' defined in file [D:\subject\JAVA\SpringCloud\xiaohongshu\xiaohongshu-distributed-id-generator\xiaohongshu-distributed-id-generator-biz\target\classes\com\zry\xiaohongshu\distributed\id\generator\biz\service\SnowflakeService.class]: Failed to instantiate [com.zry.xiaohongshu.distributed.id.generator.biz.service.SnowflakeService]: Constructor threw exception
2025-09-17 15:54:47.969 [main] INFO  org.apache.catalina.core.StandardService - Stopping service [Tomcat]
2025-09-17 15:54:47.986 [main] INFO  o.s.b.a.logging.ConditionEvaluationReportLogger - 

Error starting ApplicationContext. To display the condition evaluation report re-run your application with 'debug' enabled.
2025-09-17 15:54:48.004 [main] ERROR org.springframework.boot.SpringApplication - Application run failed
org.springframework.beans.factory.UnsatisfiedDependencyException: Error creating bean with name 'leafController': Unsatisfied dependency expressed through field 'snowflakeService': Error creating bean with name 'SnowflakeService' defined in file [D:\subject\JAVA\SpringCloud\xiaohongshu\xiaohongshu-distributed-id-generator\xiaohongshu-distributed-id-generator-biz\target\classes\com\zry\xiaohongshu\distributed\id\generator\biz\service\SnowflakeService.class]: Failed to instantiate [com.zry.xiaohongshu.distributed.id.generator.biz.service.SnowflakeService]: Constructor threw exception
	at org.springframework.beans.factory.annotation.AutowiredAnnotationBeanPostProcessor$AutowiredFieldElement.resolveFieldValue(AutowiredAnnotationBeanPostProcessor.java:712)
	at org.springframework.beans.factory.annotation.AutowiredAnnotationBeanPostProcessor$AutowiredFieldElement.inject(AutowiredAnnotationBeanPostProcessor.java:692)
	at org.springframework.beans.factory.annotation.InjectionMetadata.inject(InjectionMetadata.java:133)
	at org.springframework.beans.factory.annotation.AutowiredAnnotationBeanPostProcessor.postProcessProperties(AutowiredAnnotationBeanPostProcessor.java:481)
	at org.springframework.beans.factory.support.AbstractAutowireCapableBeanFactory.populateBean(AbstractAutowireCapableBeanFactory.java:1397)
	at org.springframework.beans.factory.support.AbstractAutowireCapableBeanFactory.doCreateBean(AbstractAutowireCapableBeanFactory.java:598)
	at org.springframework.beans.factory.support.AbstractAutowireCapableBeanFactory.createBean(AbstractAutowireCapableBeanFactory.java:521)
	at org.springframework.beans.factory.support.AbstractBeanFactory.lambda$doGetBean$0(AbstractBeanFactory.java:326)
	at org.springframework.beans.factory.support.DefaultSingletonBeanRegistry.getSingleton(DefaultSingletonBeanRegistry.java:234)
	at org.springframework.beans.factory.support.AbstractBeanFactory.doGetBean(AbstractBeanFactory.java:324)
	at org.springframework.beans.factory.support.AbstractBeanFactory.getBean(AbstractBeanFactory.java:200)
	at org.springframework.beans.factory.support.DefaultListableBeanFactory.preInstantiateSingletons(DefaultListableBeanFactory.java:961)
	at org.springframework.context.support.AbstractApplicationContext.finishBeanFactoryInitialization(AbstractApplicationContext.java:915)
	at org.springframework.context.support.AbstractApplicationContext.refresh(AbstractApplicationContext.java:584)
	at org.springframework.boot.web.servlet.context.ServletWebServerApplicationContext.refresh(ServletWebServerApplicationContext.java:146)
	at org.springframework.boot.SpringApplication.refresh(SpringApplication.java:730)
	at org.springframework.boot.SpringApplication.refreshContext(SpringApplication.java:432)
	at org.springframework.boot.SpringApplication.run(SpringApplication.java:308)
	at org.springframework.boot.SpringApplication.run(SpringApplication.java:1302)
	at org.springframework.boot.SpringApplication.run(SpringApplication.java:1291)
	at com.zry.xiaohongshu.distributed.id.generator.biz.XiaohongshuDistributedIdGeneratorBizApplication.main(XiaohongshuDistributedIdGeneratorBizApplication.java:10)
Caused by: org.springframework.beans.factory.BeanCreationException: Error creating bean with name 'SnowflakeService' defined in file [D:\subject\JAVA\SpringCloud\xiaohongshu\xiaohongshu-distributed-id-generator\xiaohongshu-distributed-id-generator-biz\target\classes\com\zry\xiaohongshu\distributed\id\generator\biz\service\SnowflakeService.class]: Failed to instantiate [com.zry.xiaohongshu.distributed.id.generator.biz.service.SnowflakeService]: Constructor threw exception
	at org.springframework.beans.factory.support.AbstractAutowireCapableBeanFactory.instantiateBean(AbstractAutowireCapableBeanFactory.java:1306)
	at org.springframework.beans.factory.support.AbstractAutowireCapableBeanFactory.createBeanInstance(AbstractAutowireCapableBeanFactory.java:1198)
	at org.springframework.beans.factory.support.AbstractAutowireCapableBeanFactory.doCreateBean(AbstractAutowireCapableBeanFactory.java:561)
	at org.springframework.beans.factory.support.AbstractAutowireCapableBeanFactory.createBean(AbstractAutowireCapableBeanFactory.java:521)
	at org.springframework.beans.factory.support.AbstractBeanFactory.lambda$doGetBean$0(AbstractBeanFactory.java:326)
	at org.springframework.beans.factory.support.DefaultSingletonBeanRegistry.getSingleton(DefaultSingletonBeanRegistry.java:234)
	at org.springframework.beans.factory.support.AbstractBeanFactory.doGetBean(AbstractBeanFactory.java:324)
	at org.springframework.beans.factory.support.AbstractBeanFactory.getBean(AbstractBeanFactory.java:200)
	at org.springframework.beans.factory.config.DependencyDescriptor.resolveCandidate(DependencyDescriptor.java:254)
	at org.springframework.beans.factory.support.DefaultListableBeanFactory.doResolveDependency(DefaultListableBeanFactory.java:1405)
	at org.springframework.beans.factory.support.DefaultListableBeanFactory.resolveDependency(DefaultListableBeanFactory.java:1325)
	at org.springframework.beans.factory.annotation.AutowiredAnnotationBeanPostProcessor$AutowiredFieldElement.resolveFieldValue(AutowiredAnnotationBeanPostProcessor.java:709)
	... 20 common frames omitted
Caused by: org.springframework.beans.BeanInstantiationException: Failed to instantiate [com.zry.xiaohongshu.distributed.id.generator.biz.service.SnowflakeService]: Constructor threw exception
	at org.springframework.beans.BeanUtils.instantiateClass(BeanUtils.java:223)
	at org.springframework.beans.factory.support.SimpleInstantiationStrategy.instantiate(SimpleInstantiationStrategy.java:87)
	at org.springframework.beans.factory.support.AbstractAutowireCapableBeanFactory.instantiateBean(AbstractAutowireCapableBeanFactory.java:1300)
	... 31 common frames omitted
Caused by: java.lang.IllegalArgumentException: Snowflake Id Gen is not init ok
	at com.google.common.base.Preconditions.checkArgument(Preconditions.java:143)
	at com.zry.xiaohongshu.distributed.id.generator.biz.core.snowflake.SnowflakeIDGenImpl.<init>(SnowflakeIDGenImpl.java:56)
	at com.zry.xiaohongshu.distributed.id.generator.biz.core.snowflake.SnowflakeIDGenImpl.<init>(SnowflakeIDGenImpl.java:37)
	at com.zry.xiaohongshu.distributed.id.generator.biz.service.SnowflakeService.<init>(SnowflakeService.java:29)
	at java.base/jdk.internal.reflect.NativeConstructorAccessorImpl.newInstance0(Native Method)
	at java.base/jdk.internal.reflect.NativeConstructorAccessorImpl.newInstance(NativeConstructorAccessorImpl.java:77)
	at java.base/jdk.internal.reflect.DelegatingConstructorAccessorImpl.newInstance(DelegatingConstructorAccessorImpl.java:45)
	at java.base/java.lang.reflect.Constructor.newInstanceWithCaller(Constructor.java:499)
	at java.base/java.lang.reflect.Constructor.newInstance(Constructor.java:480)
	at org.springframework.beans.BeanUtils.instantiateClass(BeanUtils.java:197)
	... 33 common frames omitted
