2025-10-23 15:01:59.286 [main] WARN  com.alibaba.nacos.client.logging.NacosLogging - Load Logback Configuration of Nacos fail, message: Could not initialize Logback Nacos logging from classpath:nacos-logback.xml
2025-10-23 15:01:59.383 [main] WARN  com.alibaba.nacos.client.logging.NacosLogging - Load Logback Configuration of Nacos fail, message: Could not initialize Logback Nacos logging from classpath:nacos-logback.xml
2025-10-23 15:02:00.064 [main] WARN  com.alibaba.nacos.client.logging.NacosLogging - Load Logback Configuration of Nacos fail, message: Could not initialize Logback Nacos logging from classpath:nacos-logback.xml
2025-10-23 15:02:00.080 [main] WARN  com.alibaba.nacos.client.logging.NacosLogging - Load Logback Configuration of Nacos fail, message: Could not initialize Logback Nacos logging from classpath:nacos-logback.xml
2025-10-23 15:02:00.081 [main] INFO  c.z.x.d.i.g.b.XiaohongshuDistributedIdGeneratorBizApplication - The following 1 profile is active: "dev"
2025-10-23 15:02:00.736 [main] INFO  o.springframework.cloud.context.scope.GenericScope - BeanFactory id=d0565002-c872-3656-bac4-6138f85662d0
2025-10-23 15:02:01.103 [main] INFO  o.s.boot.web.embedded.tomcat.TomcatWebServer - Tomcat initialized with port(s): 8087 (http)
2025-10-23 15:02:01.104 [main] INFO  org.apache.catalina.core.AprLifecycleListener - Loaded Apache Tomcat Native library [2.0.3] using APR version [1.7.2].
2025-10-23 15:02:01.111 [main] INFO  org.apache.catalina.core.AprLifecycleListener - OpenSSL successfully initialized [OpenSSL 3.0.8 7 Feb 2023]
2025-10-23 15:02:01.126 [main] INFO  org.apache.catalina.core.StandardService - Starting service [Tomcat]
2025-10-23 15:02:01.126 [main] INFO  org.apache.catalina.core.StandardEngine - Starting Servlet engine: [Apache Tomcat/10.1.5]
2025-10-23 15:02:01.276 [main] INFO  o.a.c.core.ContainerBase.[Tomcat].[localhost].[/] - Initializing Spring embedded WebApplicationContext
2025-10-23 15:02:01.277 [main] INFO  o.s.b.w.s.c.ServletWebServerApplicationContext - Root WebApplicationContext: initialization completed in 1182 ms
2025-10-23 15:02:01.498 [main] INFO  com.alibaba.druid.pool.DruidDataSource - {dataSource-1} inited
2025-10-23 15:02:01.611 [main] INFO  c.z.x.d.i.g.biz.core.segment.SegmentIDGenImpl - Init ...
2025-10-23 15:02:01.611 [main] INFO  c.z.x.d.i.g.biz.core.segment.SegmentIDGenImpl - update cache from db
2025-10-23 15:02:01.987 [main] INFO  c.z.x.d.i.g.biz.core.segment.SegmentIDGenImpl - Add tag leaf-segment-comment-id from db to IdCache, SegmentBuffer SegmentBuffer{key='leaf-segment-comment-id', segments=[Segment(value:0,max:0,step:0), Segment(value:0,max:0,step:0)], currentPos=0, nextReady=false, initOk=false, threadRunning=false, step=0, minStep=0, updateTimestamp=0}
2025-10-23 15:02:01.987 [main] INFO  c.z.x.d.i.g.biz.core.segment.SegmentIDGenImpl - Add tag leaf-segment-test from db to IdCache, SegmentBuffer SegmentBuffer{key='leaf-segment-test', segments=[Segment(value:0,max:0,step:0), Segment(value:0,max:0,step:0)], currentPos=0, nextReady=false, initOk=false, threadRunning=false, step=0, minStep=0, updateTimestamp=0}
2025-10-23 15:02:01.987 [main] INFO  c.z.x.d.i.g.biz.core.segment.SegmentIDGenImpl - Add tag leaf-segment-user-id from db to IdCache, SegmentBuffer SegmentBuffer{key='leaf-segment-user-id', segments=[Segment(value:0,max:0,step:0), Segment(value:0,max:0,step:0)], currentPos=0, nextReady=false, initOk=false, threadRunning=false, step=0, minStep=0, updateTimestamp=0}
2025-10-23 15:02:01.987 [main] INFO  c.z.x.d.i.g.biz.core.segment.SegmentIDGenImpl - Add tag leaf-segment-xiaohongshu-id from db to IdCache, SegmentBuffer SegmentBuffer{key='leaf-segment-xiaohongshu-id', segments=[Segment(value:0,max:0,step:0), Segment(value:0,max:0,step:0)], currentPos=0, nextReady=false, initOk=false, threadRunning=false, step=0, minStep=0, updateTimestamp=0}
2025-10-23 15:02:01.987 [main] INFO  org.perf4j.TimingLogger - start[1761202921612] time[375] tag[updateCacheFromDb]
2025-10-23 15:02:01.991 [main] INFO  c.z.x.d.id.generator.biz.service.SegmentService - Segment Service Init Successfully
2025-10-23 15:02:02.033 [main] INFO  c.z.x.d.i.g.biz.core.snowflake.SnowflakeIDGenImpl - twepoch:1288834974657 ,ip:10.2.66.25 ,zkAddress:127.0.0.1:2181 port:2222
2025-10-23 15:02:02.149 [main] WARN  org.apache.curator.CuratorZookeeperClient - session timeout [6000] is less than connection timeout [10000]
2025-10-23 15:02:02.180 [main] INFO  o.a.curator.framework.imps.CuratorFrameworkImpl - Starting
2025-10-23 15:02:02.191 [main] INFO  org.apache.zookeeper.ZooKeeper - Client environment:zookeeper.version=3.6.0--b4c89dc7f6083829e18fae6e446907ae0b1f22d7, built on 02/25/2020 14:38 GMT
2025-10-23 15:02:02.191 [main] INFO  org.apache.zookeeper.ZooKeeper - Client environment:host.name=10.2.66.25
2025-10-23 15:02:02.191 [main] INFO  org.apache.zookeeper.ZooKeeper - Client environment:java.version=17.0.12
2025-10-23 15:02:02.191 [main] INFO  org.apache.zookeeper.ZooKeeper - Client environment:java.vendor=Oracle Corporation
2025-10-23 15:02:02.191 [main] INFO  org.apache.zookeeper.ZooKeeper - Client environment:java.home=D:\Program Files\Java\jdk-17.0.12
2025-10-23 15:02:02.191 [main] INFO  org.apache.zookeeper.ZooKeeper - Client environment:java.class.path=D:\subject\JAVA\SpringCloud\xiaohongshu\xiaohongshu-distributed-id-generator\xiaohongshu-distributed-id-generator-biz\target\classes;D:\subject\JAVA\SpringCloud\xiaohongshu\xiaohongshu-framework\xiaohongshu-common\target\classes;D:\data\maven-repository\jakarta\validation\jakarta.validation-api\3.0.2\jakarta.validation-api-3.0.2.jar;D:\data\maven-repository\org\hibernate\validator\hibernate-validator\8.0.0.Final\hibernate-validator-8.0.0.Final.jar;D:\data\maven-repository\org\jboss\logging\jboss-logging\3.5.0.Final\jboss-logging-3.5.0.Final.jar;D:\data\maven-repository\com\fasterxml\classmate\1.5.1\classmate-1.5.1.jar;D:\data\maven-repository\org\projectlombok\lombok\1.18.30\lombok-1.18.30.jar;D:\data\maven-repository\com\fasterxml\jackson\core\jackson-databind\2.16.1\jackson-databind-2.16.1.jar;D:\data\maven-repository\com\fasterxml\jackson\core\jackson-annotations\2.14.1\jackson-annotations-2.14.1.jar;D:\data\maven-repository\com\fasterxml\jackson\core\jackson-core\2.16.1\jackson-core-2.16.1.jar;D:\data\maven-repository\com\fasterxml\jackson\datatype\jackson-datatype-jsr310\2.14.1\jackson-datatype-jsr310-2.14.1.jar;D:\data\maven-repository\com\google\guava\guava\33.0.0-jre\guava-33.0.0-jre.jar;D:\data\maven-repository\com\google\guava\failureaccess\1.0.2\failureaccess-1.0.2.jar;D:\data\maven-repository\com\google\guava\listenablefuture\9999.0-empty-to-avoid-conflict-with-guava\listenablefuture-9999.0-empty-to-avoid-conflict-with-guava.jar;D:\data\maven-repository\com\google\code\findbugs\jsr305\3.0.2\jsr305-3.0.2.jar;D:\data\maven-repository\org\checkerframework\checker-qual\3.41.0\checker-qual-3.41.0.jar;D:\data\maven-repository\com\google\errorprone\error_prone_annotations\2.23.0\error_prone_annotations-2.23.0.jar;D:\data\maven-repository\com\google\j2objc\j2objc-annotations\2.8\j2objc-annotations-2.8.jar;D:\data\maven-repository\cn\hutool\hutool-all\5.8.26\hutool-all-5.8.26.jar;D:\data\maven-repository\org\apache\commons\commons-lang3\3.12.0\commons-lang3-3.12.0.jar;D:\data\maven-repository\org\springframework\boot\spring-boot-starter-web\3.0.2\spring-boot-starter-web-3.0.2.jar;D:\data\maven-repository\org\springframework\boot\spring-boot-starter\3.0.2\spring-boot-starter-3.0.2.jar;D:\data\maven-repository\org\springframework\boot\spring-boot\3.0.2\spring-boot-3.0.2.jar;D:\data\maven-repository\org\springframework\boot\spring-boot-autoconfigure\3.0.2\spring-boot-autoconfigure-3.0.2.jar;D:\data\maven-repository\org\springframework\boot\spring-boot-starter-logging\3.0.2\spring-boot-starter-logging-3.0.2.jar;D:\data\maven-repository\ch\qos\logback\logback-classic\1.4.5\logback-classic-1.4.5.jar;D:\data\maven-repository\ch\qos\logback\logback-core\1.4.5\logback-core-1.4.5.jar;D:\data\maven-repository\org\apache\logging\log4j\log4j-to-slf4j\2.19.0\log4j-to-slf4j-2.19.0.jar;D:\data\maven-repository\org\apache\logging\log4j\log4j-api\2.19.0\log4j-api-2.19.0.jar;D:\data\maven-repository\org\slf4j\jul-to-slf4j\2.0.6\jul-to-slf4j-2.0.6.jar;D:\data\maven-repository\jakarta\annotation\jakarta.annotation-api\2.1.1\jakarta.annotation-api-2.1.1.jar;D:\data\maven-repository\org\yaml\snakeyaml\1.33\snakeyaml-1.33.jar;D:\data\maven-repository\org\springframework\boot\spring-boot-starter-json\3.0.2\spring-boot-starter-json-3.0.2.jar;D:\data\maven-repository\com\fasterxml\jackson\datatype\jackson-datatype-jdk8\2.14.1\jackson-datatype-jdk8-2.14.1.jar;D:\data\maven-repository\com\fasterxml\jackson\module\jackson-module-parameter-names\2.14.1\jackson-module-parameter-names-2.14.1.jar;D:\data\maven-repository\org\springframework\boot\spring-boot-starter-tomcat\3.0.2\spring-boot-starter-tomcat-3.0.2.jar;D:\data\maven-repository\org\apache\tomcat\embed\tomcat-embed-core\10.1.5\tomcat-embed-core-10.1.5.jar;D:\data\maven-repository\org\apache\tomcat\embed\tomcat-embed-el\10.1.5\tomcat-embed-el-10.1.5.jar;D:\data\maven-repository\org\apache\tomcat\embed\tomcat-embed-websocket\10.1.5\tomcat-embed-websocket-10.1.5.jar;D:\data\maven-repository\org\springframework\spring-web\6.0.4\spring-web-6.0.4.jar;D:\data\maven-repository\org\springframework\spring-beans\6.0.4\spring-beans-6.0.4.jar;D:\data\maven-repository\io\micrometer\micrometer-observation\1.10.3\micrometer-observation-1.10.3.jar;D:\data\maven-repository\io\micrometer\micrometer-commons\1.10.3\micrometer-commons-1.10.3.jar;D:\data\maven-repository\org\springframework\spring-webmvc\6.0.4\spring-webmvc-6.0.4.jar;D:\data\maven-repository\org\springframework\spring-aop\6.0.4\spring-aop-6.0.4.jar;D:\data\maven-repository\org\springframework\spring-context\6.0.4\spring-context-6.0.4.jar;D:\data\maven-repository\org\springframework\spring-expression\6.0.4\spring-expression-6.0.4.jar;D:\data\maven-repository\org\slf4j\slf4j-api\2.0.6\slf4j-api-2.0.6.jar;D:\data\maven-repository\org\springframework\spring-core\6.0.4\spring-core-6.0.4.jar;D:\data\maven-repository\org\springframework\spring-jcl\6.0.4\spring-jcl-6.0.4.jar;D:\data\maven-repository\org\springframework\cloud\spring-cloud-starter-bootstrap\4.0.0\spring-cloud-starter-bootstrap-4.0.0.jar;D:\data\maven-repository\org\springframework\cloud\spring-cloud-starter\4.0.0\spring-cloud-starter-4.0.0.jar;D:\data\maven-repository\org\springframework\security\spring-security-rsa\1.0.11.RELEASE\spring-security-rsa-1.0.11.RELEASE.jar;D:\data\maven-repository\org\bouncycastle\bcpkix-jdk15on\1.69\bcpkix-jdk15on-1.69.jar;D:\data\maven-repository\org\bouncycastle\bcprov-jdk15on\1.69\bcprov-jdk15on-1.69.jar;D:\data\maven-repository\org\bouncycastle\bcutil-jdk15on\1.69\bcutil-jdk15on-1.69.jar;D:\data\maven-repository\com\alibaba\cloud\spring-cloud-starter-alibaba-nacos-discovery\2022.0.0.0\spring-cloud-starter-alibaba-nacos-discovery-2022.0.0.0.jar;D:\data\maven-repository\com\alibaba\cloud\spring-cloud-alibaba-commons\2022.0.0.0\spring-cloud-alibaba-commons-2022.0.0.0.jar;D:\data\maven-repository\com\alibaba\nacos\nacos-client\2.2.1\nacos-client-2.2.1.jar;D:\data\maven-repository\com\alibaba\nacos\nacos-auth-plugin\2.2.1\nacos-auth-plugin-2.2.1.jar;D:\data\maven-repository\com\alibaba\nacos\nacos-encryption-plugin\2.2.1\nacos-encryption-plugin-2.2.1.jar;D:\data\maven-repository\commons-codec\commons-codec\1.15\commons-codec-1.15.jar;D:\data\maven-repository\org\apache\httpcomponents\httpasyncclient\4.1.5\httpasyncclient-4.1.5.jar;D:\data\maven-repository\org\apache\httpcomponents\httpcore\4.4.16\httpcore-4.4.16.jar;D:\data\maven-repository\org\apache\httpcomponents\httpcore-nio\4.4.16\httpcore-nio-4.4.16.jar;D:\data\maven-repository\org\apache\httpcomponents\httpclient\4.5.14\httpclient-4.5.14.jar;D:\data\maven-repository\io\prometheus\simpleclient\0.16.0\simpleclient-0.16.0.jar;D:\data\maven-repository\io\prometheus\simpleclient_tracer_otel\0.16.0\simpleclient_tracer_otel-0.16.0.jar;D:\data\maven-repository\io\prometheus\simpleclient_tracer_common\0.16.0\simpleclient_tracer_common-0.16.0.jar;D:\data\maven-repository\io\prometheus\simpleclient_tracer_otel_agent\0.16.0\simpleclient_tracer_otel_agent-0.16.0.jar;D:\data\maven-repository\com\alibaba\spring\spring-context-support\1.0.11\spring-context-support-1.0.11.jar;D:\data\maven-repository\org\springframework\cloud\spring-cloud-commons\4.0.0\spring-cloud-commons-4.0.0.jar;D:\data\maven-repository\org\springframework\security\spring-security-crypto\6.0.1\spring-security-crypto-6.0.1.jar;D:\data\maven-repository\org\springframework\cloud\spring-cloud-context\4.0.0\spring-cloud-context-4.0.0.jar;D:\data\maven-repository\commons-io\commons-io\2.4\commons-io-2.4.jar;D:\data\maven-repository\org\perf4j\perf4j\0.9.16\perf4j-0.9.16.jar;D:\data\maven-repository\mysql\mysql-connector-java\8.0.29\mysql-connector-java-8.0.29.jar;D:\data\maven-repository\com\google\protobuf\protobuf-java\3.19.4\protobuf-java-3.19.4.jar;D:\data\maven-repository\com\alibaba\druid\1.0.18\druid-1.0.18.jar;D:\data\maven-repository\org\mybatis\mybatis\3.3.0\mybatis-3.3.0.jar;D:\data\maven-repository\org\apache\curator\curator-recipes\2.6.0\curator-recipes-2.6.0.jar;D:\data\maven-repository\org\apache\curator\curator-framework\5.1.0\curator-framework-5.1.0.jar;D:\data\maven-repository\org\apache\curator\curator-client\5.1.0\curator-client-5.1.0.jar;D:\data\maven-repository\org\apache\zookeeper\zookeeper\3.6.0\zookeeper-3.6.0.jar;D:\data\maven-repository\commons-lang\commons-lang\2.6\commons-lang-2.6.jar;D:\data\maven-repository\org\apache\zookeeper\zookeeper-jute\3.6.0\zookeeper-jute-3.6.0.jar;D:\data\maven-repository\org\apache\yetus\audience-annotations\0.5.0\audience-annotations-0.5.0.jar;D:\data\maven-repository\io\netty\netty-handler\4.1.87.Final\netty-handler-4.1.87.Final.jar;D:\data\maven-repository\io\netty\netty-common\4.1.87.Final\netty-common-4.1.87.Final.jar;D:\data\maven-repository\io\netty\netty-resolver\4.1.87.Final\netty-resolver-4.1.87.Final.jar;D:\data\maven-repository\io\netty\netty-buffer\4.1.87.Final\netty-buffer-4.1.87.Final.jar;D:\data\maven-repository\io\netty\netty-transport\4.1.87.Final\netty-transport-4.1.87.Final.jar;D:\data\maven-repository\io\netty\netty-transport-native-unix-common\4.1.87.Final\netty-transport-native-unix-common-4.1.87.Final.jar;D:\data\maven-repository\io\netty\netty-codec\4.1.87.Final\netty-codec-4.1.87.Final.jar;D:\data\maven-repository\io\netty\netty-transport-native-epoll\4.1.87.Final\netty-transport-native-epoll-4.1.87.Final.jar;D:\data\maven-repository\io\netty\netty-transport-classes-epoll\4.1.87.Final\netty-transport-classes-epoll-4.1.87.Final.jar
2025-10-23 15:02:02.191 [main] INFO  org.apache.zookeeper.ZooKeeper - Client environment:java.library.path=D:\Program Files\Java\jdk-17.0.12\bin;C:\WINDOWS\Sun\Java\bin;C:\WINDOWS\system32;C:\WINDOWS;C:\Program Files (x86)\Common Files\Oracle\Java\java8path;C:\Program Files (x86)\Common Files\Oracle\Java\javapath;D:\Program Files (x86)\VMware\VMware Workstation\bin\;C:\Windows\system32;C:\Windows;C:\Windows\System32\Wbem;C:\Windows\System32\WindowsPowerShell\v1.0\;C:\Windows\System32\OpenSSH\;D:\graalvm-ce-java17-22.3.0\bin;C:\Program Files\dotnet\;C:\WINDOWS\system32;C:\WINDOWS;C:\WINDOWS\System32\Wbem;C:\WINDOWS\System32\WindowsPowerShell\v1.0\;C:\WINDOWS\System32\OpenSSH\;D:\BaiduNetdiskDownload\runtime\win64;D:\BaiduNetdiskDownload\bin;D:\BaiduNetdiskDownload\polyspace\bin;C:\Users\Rey\mingw64\bin\;%MYSQL_HOME%\bin;C:\Program Files\Azure Data Studio\bin;D:\Program Files\MySQL\MySQL Server 8.0\bin;D:\Program Files\apache-tomcat-10.1.7\bin;D:\Program Files\nodejs\;D:\Server\maven\apache-maven-3.9.4\bin;D:\Program Files\Redis-x64-3.2.100;D:\Program Files\elasticsearch-7.17.16-windows-x86_64\elasticsearch-7.17.16\bin;D:\Program Files\elasticsearch-7.17.16-windows-x86_64\elasticsearch-7.17.16\jdk\bin;D:\Program Files\Git\cmd;D:\Program Files (x86)\NetSarang\Xshell 8\;D:\Program Files\NetSarang\Xftp 8\;D:\software\hadoop-3.1.3\bin;c:\Users\Rey\AppData\Local\Programs\cursor\resources\app\bin;D:\Program Files\Java\jdk-1.8\bin;D:\subject\Third_2\andoirdDev\soft\gradle-8.13-bin\gradle-8.13\bin;D:\software\lua-5.4.2_Win64_bin;D:\Program Files\python\Python38\Scripts;D:\Program Files\Python\Python38\;D:\Program Files (x86)\Tencent\微信web开发者工具\dll;D:\Program Files\apache-jmeter-5.6.3\bin;C:\WINDOWS\system32;C:\WINDOWS;C:\WINDOWS\System32\Wbem;C:\WINDOWS\System32\WindowsPowerShell\v1.0\;C:\WINDOWS\System32\OpenSSH\;D:\subject\JAVA\apache-cassandra-4.0.18\bin;C:\Program Files\Docker\Docker\resources\bin;D:\Program Files\cursor\resources\app\bin;D:\Program Files\Python\Python38\Scripts\;D:\Program Files\Python\Python38\;C:\Users\Rey\AppData\Local\Microsoft\WindowsApps;C:\Users\Rey\.dotnet\tools;C:\Users\Rey\mingw64\bin;C:\Program Files\Azure Data Studio\bin;D:\software\vscode\Microsoft VS Code\bin;C:\Users\Rey\AppData\Roaming\npm;D:\Program Files\Java\jdk-1.8\bin;D:\Program Files\JetBrains\PyCharm 2024.3.5\bin;;;%DevEco Studio%;.
2025-10-23 15:02:02.192 [main] INFO  org.apache.zookeeper.ZooKeeper - Client environment:java.io.tmpdir=C:\Users\Rey\AppData\Local\Temp\
2025-10-23 15:02:02.192 [main] INFO  org.apache.zookeeper.ZooKeeper - Client environment:java.compiler=<NA>
2025-10-23 15:02:02.192 [main] INFO  org.apache.zookeeper.ZooKeeper - Client environment:os.name=Windows 11
2025-10-23 15:02:02.192 [main] INFO  org.apache.zookeeper.ZooKeeper - Client environment:os.arch=amd64
2025-10-23 15:02:02.192 [main] INFO  org.apache.zookeeper.ZooKeeper - Client environment:os.version=10.0
2025-10-23 15:02:02.192 [main] INFO  org.apache.zookeeper.ZooKeeper - Client environment:user.name=Rey
2025-10-23 15:02:02.192 [main] INFO  org.apache.zookeeper.ZooKeeper - Client environment:user.home=C:\Users\Rey
2025-10-23 15:02:02.192 [main] INFO  org.apache.zookeeper.ZooKeeper - Client environment:user.dir=D:\subject\JAVA\SpringCloud\xiaohongshu
2025-10-23 15:02:02.192 [main] INFO  org.apache.zookeeper.ZooKeeper - Client environment:os.memory.free=24MB
2025-10-23 15:02:02.192 [main] INFO  org.apache.zookeeper.ZooKeeper - Client environment:os.memory.max=4028MB
2025-10-23 15:02:02.192 [main] INFO  org.apache.zookeeper.ZooKeeper - Client environment:os.memory.total=54MB
2025-10-23 15:02:02.199 [main] INFO  org.apache.zookeeper.ZooKeeper - Initiating client connection, connectString=127.0.0.1:2181 sessionTimeout=6000 watcher=org.apache.curator.ConnectionState@3b41e1bf
2025-10-23 15:02:02.209 [main] INFO  org.apache.zookeeper.common.X509Util - Setting -D jdk.tls.rejectClientInitiatedRenegotiation=true to disable client-initiated TLS renegotiation
2025-10-23 15:02:02.236 [main] INFO  org.apache.zookeeper.ClientCnxnSocket - jute.maxbuffer value is 1048575 Bytes
2025-10-23 15:02:02.246 [main] INFO  org.apache.zookeeper.ClientCnxn - zookeeper.request.timeout value is 0. feature enabled=false
2025-10-23 15:02:02.254 [main-SendThread(127.0.0.1:2181)] INFO  org.apache.zookeeper.ClientCnxn - Opening socket connection to server kubernetes.docker.internal/127.0.0.1:2181.
2025-10-23 15:02:02.255 [main-SendThread(127.0.0.1:2181)] INFO  org.apache.zookeeper.ClientCnxn - SASL config status: Will not attempt to authenticate using SASL (unknown error)
2025-10-23 15:02:02.259 [main] INFO  o.a.curator.framework.imps.CuratorFrameworkImpl - Default schema
2025-10-23 15:02:02.259 [main-SendThread(127.0.0.1:2181)] INFO  org.apache.zookeeper.ClientCnxn - Socket connection established, initiating session, client: /127.0.0.1:56449, server: kubernetes.docker.internal/127.0.0.1:2181
2025-10-23 15:02:02.595 [main-SendThread(127.0.0.1:2181)] INFO  org.apache.zookeeper.ClientCnxn - Session establishment complete on server kubernetes.docker.internal/127.0.0.1:2181, session id = 0x10000085dce0000, negotiated timeout = 6000
2025-10-23 15:02:02.603 [main-EventThread] INFO  o.a.curator.framework.state.ConnectionStateManager - State change: CONNECTED
2025-10-23 15:02:02.663 [main-EventThread] INFO  org.apache.curator.framework.imps.EnsembleTracker - New config event received: {}
2025-10-23 15:02:02.663 [main-EventThread] INFO  org.apache.curator.framework.imps.EnsembleTracker - New config event received: {}
2025-10-23 15:02:02.786 [main] INFO  c.z.x.d.i.g.b.c.snowflake.SnowflakeZookeeperHolder - file exists status is false
2025-10-23 15:02:02.790 [main] INFO  c.z.x.d.i.g.b.c.snowflake.SnowflakeZookeeperHolder - init local file cache create parent dis status is true, worker id is 9
2025-10-23 15:02:02.802 [main] INFO  c.z.x.d.i.g.b.c.snowflake.SnowflakeZookeeperHolder - local file cache workerID is 9
2025-10-23 15:02:02.803 [main] INFO  c.z.x.d.i.g.b.c.snowflake.SnowflakeZookeeperHolder - [Old NODE]find forever node have this endpoint ip-10.2.66.25 port-2222 workid-9 childnode and start SUCCESS
2025-10-23 15:02:02.803 [main] INFO  c.z.x.d.i.g.biz.core.snowflake.SnowflakeIDGenImpl - START SUCCESS USE ZK WORKERID-9
2025-10-23 15:02:02.803 [main] INFO  c.z.x.d.id.generator.biz.service.SnowflakeService - Snowflake Service Init Successfully
2025-10-23 15:02:04.391 [main] INFO  o.s.boot.web.embedded.tomcat.TomcatWebServer - Tomcat started on port(s): 8087 (http) with context path ''
2025-10-23 15:02:04.402 [main] WARN  com.alibaba.nacos.client.logging.NacosLogging - Load Logback Configuration of Nacos fail, message: Could not initialize Logback Nacos logging from classpath:nacos-logback.xml
2025-10-23 15:02:04.402 [main] INFO  com.alibaba.nacos.client.naming - initializer namespace from ans.namespace attribute : null
2025-10-23 15:02:04.403 [main] INFO  com.alibaba.nacos.client.naming - initializer namespace from ALIBABA_ALIWARE_NAMESPACE attribute :null
2025-10-23 15:02:04.404 [main] INFO  com.alibaba.nacos.client.naming - initializer namespace from namespace attribute :null
2025-10-23 15:02:04.444 [main] INFO  com.alibaba.nacos.client.utils.ParamUtil - [settings] [req-serv] nacos-server port:8848
2025-10-23 15:02:04.444 [main] INFO  com.alibaba.nacos.client.utils.ParamUtil - [settings] [http-client] connect timeout:1000
2025-10-23 15:02:04.445 [main] INFO  com.alibaba.nacos.client.utils.ParamUtil - PER_TASK_CONFIG_SIZE: 3000.0
2025-10-23 15:02:04.451 [main] INFO  c.a.n.p.auth.spi.client.ClientAuthPluginManager - [ClientAuthPluginManager] Load ClientAuthService com.alibaba.nacos.client.auth.impl.NacosClientAuthServiceImpl success.
2025-10-23 15:02:04.451 [main] INFO  c.a.n.p.auth.spi.client.ClientAuthPluginManager - [ClientAuthPluginManager] Load ClientAuthService com.alibaba.nacos.client.auth.ram.RamClientAuthServiceImpl success.
2025-10-23 15:02:04.457 [main] INFO  c.a.n.client.auth.ram.identify.CredentialWatcher - null No credential found
2025-10-23 15:02:04.472 [main] INFO  com.alibaba.nacos.common.remote.client - [RpcClientFactory] create a new rpc client of bc0f4400-297b-48c3-869e-7e1127f7e6f8
2025-10-23 15:02:04.512 [main] INFO  com.alibaba.nacos.common.remote.client - [bc0f4400-297b-48c3-869e-7e1127f7e6f8] RpcClient init, ServerListFactory = com.alibaba.nacos.client.naming.core.ServerListManager
2025-10-23 15:02:04.513 [main] INFO  com.alibaba.nacos.common.remote.client - [bc0f4400-297b-48c3-869e-7e1127f7e6f8] Registry connection listener to current client:com.alibaba.nacos.client.naming.remote.gprc.redo.NamingGrpcRedoService
2025-10-23 15:02:04.513 [main] INFO  com.alibaba.nacos.common.remote.client - [bc0f4400-297b-48c3-869e-7e1127f7e6f8] Register server push request handler:com.alibaba.nacos.client.naming.remote.gprc.NamingPushRequestHandler
2025-10-23 15:02:04.518 [main] INFO  com.alibaba.nacos.common.remote.client - [bc0f4400-297b-48c3-869e-7e1127f7e6f8] Try to connect to server on start up, server: {serverIp = '8.134.88.169', server main port = 8848}
2025-10-23 15:02:04.522 [main] INFO  c.a.nacos.common.remote.client.grpc.GrpcClient - grpc client connection server:8.134.88.169 ip,serverPort:9848,grpcTslConfig:{"sslProvider":"OPENSSL","enableTls":false,"mutualAuthEnable":false,"trustAll":false}
2025-10-23 15:02:07.020 [main] INFO  com.alibaba.nacos.common.remote.client - [bc0f4400-297b-48c3-869e-7e1127f7e6f8] Success to connect to server [8.134.88.169:8848] on start up, connectionId = 1761202927450_112.94.129.21_7243
2025-10-23 15:02:07.022 [com.alibaba.nacos.client.remote.worker] INFO  com.alibaba.nacos.common.remote.client - [bc0f4400-297b-48c3-869e-7e1127f7e6f8] Notify connected event to listeners.
2025-10-23 15:02:07.023 [com.alibaba.nacos.client.remote.worker] INFO  com.alibaba.nacos.client.naming - Grpc connection connect
2025-10-23 15:02:07.023 [main] INFO  com.alibaba.nacos.common.remote.client - [bc0f4400-297b-48c3-869e-7e1127f7e6f8] Register server push request handler:com.alibaba.nacos.common.remote.client.RpcClient$ConnectResetRequestHandler
2025-10-23 15:02:07.024 [main] INFO  com.alibaba.nacos.common.remote.client - [bc0f4400-297b-48c3-869e-7e1127f7e6f8] Register server push request handler:com.alibaba.nacos.common.remote.client.RpcClient$$Lambda$978/0x000001d0d271f5e8
2025-10-23 15:02:07.026 [main] INFO  com.alibaba.nacos.client.naming - [REGISTER-SERVICE] xiaohongshu registering service xiaohongshu-distributed-id-generator with instance Instance{instanceId='null', ip='10.2.66.25', port=8087, weight=1.0, healthy=true, enabled=true, ephemeral=true, clusterName='DEFAULT', serviceName='null', metadata={IPv6=null, preserved.register.source=SPRING_CLOUD}}
2025-10-23 15:02:07.079 [main] INFO  c.a.cloud.nacos.registry.NacosServiceRegistry - nacos registry, DEFAULT_GROUP xiaohongshu-distributed-id-generator 10.2.66.25:8087 register finished
2025-10-23 15:02:07.593 [main] INFO  c.z.x.d.i.g.b.XiaohongshuDistributedIdGeneratorBizApplication - Started XiaohongshuDistributedIdGeneratorBizApplication in 9.236 seconds (process running for 10.059)
2025-10-23 15:03:02.003 [check-idCache-thread] INFO  c.z.x.d.i.g.biz.core.segment.SegmentIDGenImpl - update cache from db
2025-10-23 15:03:02.016 [check-idCache-thread] INFO  org.perf4j.TimingLogger - start[1761202982004] time[12] tag[updateCacheFromDb]
2025-10-23 15:04:02.030 [check-idCache-thread] INFO  c.z.x.d.i.g.biz.core.segment.SegmentIDGenImpl - update cache from db
2025-10-23 15:04:02.037 [check-idCache-thread] INFO  org.perf4j.TimingLogger - start[1761203042031] time[6] tag[updateCacheFromDb]
2025-10-23 15:05:02.048 [check-idCache-thread] INFO  c.z.x.d.i.g.biz.core.segment.SegmentIDGenImpl - update cache from db
2025-10-23 15:05:02.069 [check-idCache-thread] INFO  org.perf4j.TimingLogger - start[1761203102048] time[21] tag[updateCacheFromDb]
2025-10-23 15:06:02.076 [check-idCache-thread] INFO  c.z.x.d.i.g.biz.core.segment.SegmentIDGenImpl - update cache from db
2025-10-23 15:06:02.079 [check-idCache-thread] INFO  org.perf4j.TimingLogger - start[1761203162076] time[3] tag[updateCacheFromDb]
2025-10-23 15:07:02.092 [check-idCache-thread] INFO  c.z.x.d.i.g.biz.core.segment.SegmentIDGenImpl - update cache from db
2025-10-23 15:07:02.095 [check-idCache-thread] INFO  org.perf4j.TimingLogger - start[1761203222092] time[3] tag[updateCacheFromDb]
2025-10-23 15:08:02.106 [check-idCache-thread] INFO  c.z.x.d.i.g.biz.core.segment.SegmentIDGenImpl - update cache from db
2025-10-23 15:08:02.109 [check-idCache-thread] INFO  org.perf4j.TimingLogger - start[1761203282107] time[4] tag[updateCacheFromDb]
2025-10-23 15:08:40.742 [http-nio-8087-exec-2] INFO  o.a.c.core.ContainerBase.[Tomcat].[localhost].[/] - Initializing Spring DispatcherServlet 'dispatcherServlet'
2025-10-23 15:08:40.743 [http-nio-8087-exec-2] INFO  org.springframework.web.servlet.DispatcherServlet - Initializing Servlet 'dispatcherServlet'
2025-10-23 15:08:40.759 [http-nio-8087-exec-2] INFO  org.springframework.web.servlet.DispatcherServlet - Completed initialization in 16 ms
2025-10-23 15:09:02.114 [check-idCache-thread] INFO  c.z.x.d.i.g.biz.core.segment.SegmentIDGenImpl - update cache from db
2025-10-23 15:09:02.118 [check-idCache-thread] INFO  org.perf4j.TimingLogger - start[1761203342115] time[2] tag[updateCacheFromDb]
2025-10-23 15:10:02.126 [check-idCache-thread] INFO  c.z.x.d.i.g.biz.core.segment.SegmentIDGenImpl - update cache from db
2025-10-23 15:10:02.134 [check-idCache-thread] INFO  org.perf4j.TimingLogger - start[1761203402127] time[6] tag[updateCacheFromDb]
2025-10-23 15:11:02.135 [check-idCache-thread] INFO  c.z.x.d.i.g.biz.core.segment.SegmentIDGenImpl - update cache from db
2025-10-23 15:11:02.140 [check-idCache-thread] INFO  org.perf4j.TimingLogger - start[1761203462135] time[5] tag[updateCacheFromDb]
2025-10-23 15:12:02.146 [check-idCache-thread] INFO  c.z.x.d.i.g.biz.core.segment.SegmentIDGenImpl - update cache from db
2025-10-23 15:12:02.153 [check-idCache-thread] INFO  org.perf4j.TimingLogger - start[1761203522146] time[6] tag[updateCacheFromDb]
2025-10-23 15:13:02.165 [check-idCache-thread] INFO  c.z.x.d.i.g.biz.core.segment.SegmentIDGenImpl - update cache from db
2025-10-23 15:13:02.171 [check-idCache-thread] INFO  org.perf4j.TimingLogger - start[1761203582165] time[5] tag[updateCacheFromDb]
2025-10-23 15:14:02.172 [check-idCache-thread] INFO  c.z.x.d.i.g.biz.core.segment.SegmentIDGenImpl - update cache from db
2025-10-23 15:14:02.175 [check-idCache-thread] INFO  org.perf4j.TimingLogger - start[1761203642172] time[2] tag[updateCacheFromDb]
2025-10-23 15:14:18.984 [Thread-11] WARN  c.alibaba.nacos.common.http.HttpClientBeanHolder - [HttpClientBeanHolder] Start destroying common HttpClient
2025-10-23 15:14:18.984 [Thread-8] WARN  com.alibaba.nacos.common.notify.NotifyCenter - [NotifyCenter] Start destroying Publisher
2025-10-23 15:14:18.984 [Thread-8] WARN  com.alibaba.nacos.common.notify.NotifyCenter - [NotifyCenter] Destruction of the end
2025-10-23 15:14:18.986 [Thread-11] WARN  c.alibaba.nacos.common.http.HttpClientBeanHolder - [HttpClientBeanHolder] Destruction of the end
2025-10-23 15:14:19.052 [SpringApplicationShutdownHook] INFO  c.a.cloud.nacos.registry.NacosServiceRegistry - De-registering from Nacos Server now...
2025-10-23 15:14:19.052 [SpringApplicationShutdownHook] INFO  com.alibaba.nacos.client.naming - [DEREGISTER-SERVICE] xiaohongshu deregistering service xiaohongshu-distributed-id-generator with instance: Instance{instanceId='null', ip='10.2.66.25', port=8087, weight=1.0, healthy=true, enabled=true, ephemeral=true, clusterName='DEFAULT', serviceName='null', metadata={}}
2025-10-23 15:14:19.062 [SpringApplicationShutdownHook] INFO  c.a.cloud.nacos.registry.NacosServiceRegistry - De-registration finished.
2025-10-23 15:14:19.062 [SpringApplicationShutdownHook] INFO  com.alibaba.nacos.client.naming - com.alibaba.nacos.client.naming.cache.ServiceInfoHolder do shutdown begin
2025-10-23 15:14:19.062 [SpringApplicationShutdownHook] INFO  com.alibaba.nacos.client.naming - com.alibaba.nacos.client.naming.backups.FailoverReactor do shutdown begin
2025-10-23 15:14:19.063 [SpringApplicationShutdownHook] INFO  com.alibaba.nacos.client.naming - com.alibaba.nacos.client.naming.backups.FailoverReactor do shutdown stop
2025-10-23 15:14:19.063 [SpringApplicationShutdownHook] INFO  com.alibaba.nacos.client.naming - com.alibaba.nacos.client.naming.cache.ServiceInfoHolder do shutdown stop
2025-10-23 15:14:19.063 [SpringApplicationShutdownHook] INFO  com.alibaba.nacos.client.naming - com.alibaba.nacos.client.naming.remote.NamingClientProxyDelegate do shutdown begin
2025-10-23 15:14:19.063 [SpringApplicationShutdownHook] INFO  com.alibaba.nacos.client.naming - com.alibaba.nacos.client.naming.core.ServiceInfoUpdateService do shutdown begin
2025-10-23 15:14:19.063 [SpringApplicationShutdownHook] INFO  com.alibaba.nacos.client.naming - com.alibaba.nacos.client.naming.core.ServiceInfoUpdateService do shutdown stop
2025-10-23 15:14:19.063 [SpringApplicationShutdownHook] INFO  com.alibaba.nacos.client.naming - com.alibaba.nacos.client.naming.core.ServerListManager do shutdown begin
2025-10-23 15:14:19.063 [SpringApplicationShutdownHook] WARN  com.alibaba.nacos.client.naming - [NamingHttpClientManager] Start destroying NacosRestTemplate
2025-10-23 15:14:19.063 [SpringApplicationShutdownHook] WARN  com.alibaba.nacos.client.naming - [NamingHttpClientManager] Destruction of the end
2025-10-23 15:14:19.063 [SpringApplicationShutdownHook] INFO  com.alibaba.nacos.client.naming - com.alibaba.nacos.client.naming.core.ServerListManager do shutdown stop
2025-10-23 15:14:19.063 [SpringApplicationShutdownHook] INFO  com.alibaba.nacos.client.naming - com.alibaba.nacos.client.naming.remote.http.NamingHttpClientProxy do shutdown begin
2025-10-23 15:14:19.063 [SpringApplicationShutdownHook] WARN  com.alibaba.nacos.client.naming - [NamingHttpClientManager] Start destroying NacosRestTemplate
2025-10-23 15:14:19.063 [SpringApplicationShutdownHook] WARN  com.alibaba.nacos.client.naming - [NamingHttpClientManager] Destruction of the end
2025-10-23 15:14:19.063 [SpringApplicationShutdownHook] INFO  com.alibaba.nacos.client.naming - com.alibaba.nacos.client.naming.remote.http.NamingHttpClientProxy do shutdown stop
2025-10-23 15:14:19.063 [SpringApplicationShutdownHook] INFO  com.alibaba.nacos.common.remote.client - Shutdown rpc client, set status to shutdown
2025-10-23 15:14:19.063 [SpringApplicationShutdownHook] INFO  com.alibaba.nacos.common.remote.client - Shutdown client event executor java.util.concurrent.ScheduledThreadPoolExecutor@28622512[Running, pool size = 2, active threads = 2, queued tasks = 0, completed tasks = 0]
2025-10-23 15:14:19.063 [SpringApplicationShutdownHook] INFO  com.alibaba.nacos.common.remote.client - Close current connection 1761202927450_112.94.129.21_7243
2025-10-23 15:14:19.068 [nacos-grpc-client-executor-8.134.88.169-170] WARN  c.a.nacos.common.remote.client.grpc.GrpcClient - [1761202927450_112.94.129.21_7243]Ignore error event,isRunning:false,isAbandon=false
2025-10-23 15:14:19.071 [SpringApplicationShutdownHook] INFO  c.a.nacos.common.remote.client.grpc.GrpcClient - Shutdown grpc executor java.util.concurrent.ThreadPoolExecutor@1f2710e8[Running, pool size = 4, active threads = 0, queued tasks = 0, completed tasks = 171]
2025-10-23 15:14:19.071 [SpringApplicationShutdownHook] INFO  com.alibaba.nacos.client.naming - Shutdown grpc redo service executor java.util.concurrent.ScheduledThreadPoolExecutor@63387489[Running, pool size = 1, active threads = 0, queued tasks = 1, completed tasks = 244]
2025-10-23 15:14:19.072 [SpringApplicationShutdownHook] INFO  c.a.n.client.auth.ram.identify.CredentialWatcher - [null] CredentialWatcher is stopped
2025-10-23 15:14:19.072 [SpringApplicationShutdownHook] INFO  c.a.n.client.auth.ram.identify.CredentialService - [null] CredentialService is freed
2025-10-23 15:14:19.072 [SpringApplicationShutdownHook] INFO  com.alibaba.nacos.client.naming - com.alibaba.nacos.client.naming.remote.NamingClientProxyDelegate do shutdown stop
