2025-10-23 15:02:26.747 [main] WARN  com.alibaba.nacos.client.logging.NacosLogging - Load Logback Configuration of Nacos fail, message: Could not initialize Logback Nacos logging from classpath:nacos-logback.xml
2025-10-23 15:02:26.861 [main] WARN  com.alibaba.nacos.client.logging.NacosLogging - Load Logback Configuration of Nacos fail, message: Could not initialize Logback Nacos logging from classpath:nacos-logback.xml
2025-10-23 15:02:27.810 [main] WARN  com.alibaba.nacos.client.logging.NacosLogging - Load Logback Configuration of Nacos fail, message: Could not initialize Logback Nacos logging from classpath:nacos-logback.xml
2025-10-23 15:02:27.834 [main] WARN  com.alibaba.nacos.client.logging.NacosLogging - Load Logback Configuration of Nacos fail, message: Could not initialize Logback Nacos logging from classpath:nacos-logback.xml
2025-10-23 15:02:27.837 [main] INFO  c.z.xiaohongshu.kv.biz.XiaohongshuKVBizApplication - The following 1 profile is active: "dev"
2025-10-23 15:02:28.948 [main] INFO  o.s.d.r.config.RepositoryConfigurationDelegate - Bootstrapping Spring Data Reactive Cassandra repositories in DEFAULT mode.
2025-10-23 15:02:29.310 [main] INFO  o.s.d.r.config.RepositoryConfigurationDelegate - Finished Spring Data repository scanning in 346 ms. Found 0 Reactive Cassandra repository interfaces.
2025-10-23 15:02:29.319 [main] INFO  o.s.d.r.config.RepositoryConfigurationDelegate - Bootstrapping Spring Data Cassandra repositories in DEFAULT mode.
2025-10-23 15:02:29.363 [main] INFO  o.s.d.r.config.RepositoryConfigurationDelegate - Finished Spring Data repository scanning in 41 ms. Found 2 Cassandra repository interfaces.
2025-10-23 15:02:29.700 [main] INFO  o.springframework.cloud.context.scope.GenericScope - BeanFactory id=c8e68e17-7ac0-3fe4-8b17-a6cf569ac420
2025-10-23 15:02:30.585 [main] INFO  o.s.boot.web.embedded.tomcat.TomcatWebServer - Tomcat initialized with port(s): 8084 (http)
2025-10-23 15:02:30.588 [main] INFO  org.apache.catalina.core.AprLifecycleListener - Loaded Apache Tomcat Native library [2.0.3] using APR version [1.7.2].
2025-10-23 15:02:30.595 [main] INFO  org.apache.catalina.core.AprLifecycleListener - OpenSSL successfully initialized [OpenSSL 3.0.8 7 Feb 2023]
2025-10-23 15:02:30.612 [main] INFO  org.apache.catalina.core.StandardService - Starting service [Tomcat]
2025-10-23 15:02:30.612 [main] INFO  org.apache.catalina.core.StandardEngine - Starting Servlet engine: [Apache Tomcat/10.1.5]
2025-10-23 15:02:30.804 [main] INFO  o.a.c.core.ContainerBase.[Tomcat].[localhost].[/] - Initializing Spring embedded WebApplicationContext
2025-10-23 15:02:30.805 [main] INFO  o.s.b.w.s.c.ServletWebServerApplicationContext - Root WebApplicationContext: initialization completed in 2938 ms
2025-10-23 15:02:31.474 [main] INFO  c.d.o.driver.internal.core.DefaultMavenCoordinates - DataStax Java driver for Apache Cassandra(R) (com.datastax.oss:java-driver-core) version 4.15.0
2025-10-23 15:02:32.363 [s0-admin-0] INFO  com.datastax.oss.driver.internal.core.time.Clock - Using native clock for microsecond precision
2025-10-23 15:02:35.035 [s1-admin-0] INFO  com.datastax.oss.driver.internal.core.time.Clock - Using native clock for microsecond precision
2025-10-23 15:02:36.044 [main] WARN  o.s.core.LocalVariableTableParameterNameDiscoverer - Using deprecated '-debug' fallback for parameter name resolution. Compile the affected code with '-parameters' instead or avoid its introspection: com.zry.xiaohongshu.kv.biz.domain.repository.CommentContentRepository
2025-10-23 15:02:38.571 [main] WARN  o.s.c.l.c.LoadBalancerCacheAutoConfiguration$LoadBalancerCaffeineWarnLogger - Spring Cloud LoadBalancer is currently working with the default cache. While this cache implementation is useful for development and tests, it's recommended to use Caffeine cache in production.You can switch to using Caffeine cache, by adding it and org.springframework.cache.caffeine.CaffeineCacheManager to the classpath.
2025-10-23 15:02:38.740 [main] INFO  o.s.boot.web.embedded.tomcat.TomcatWebServer - Tomcat started on port(s): 8084 (http) with context path ''
2025-10-23 15:02:38.754 [main] WARN  com.alibaba.nacos.client.logging.NacosLogging - Load Logback Configuration of Nacos fail, message: Could not initialize Logback Nacos logging from classpath:nacos-logback.xml
2025-10-23 15:02:38.755 [main] INFO  com.alibaba.nacos.client.naming - initializer namespace from ans.namespace attribute : null
2025-10-23 15:02:38.756 [main] INFO  com.alibaba.nacos.client.naming - initializer namespace from ALIBABA_ALIWARE_NAMESPACE attribute :null
2025-10-23 15:02:38.757 [main] INFO  com.alibaba.nacos.client.naming - initializer namespace from namespace attribute :null
2025-10-23 15:02:38.810 [main] INFO  com.alibaba.nacos.client.utils.ParamUtil - [settings] [req-serv] nacos-server port:8848
2025-10-23 15:02:38.812 [main] INFO  com.alibaba.nacos.client.utils.ParamUtil - [settings] [http-client] connect timeout:1000
2025-10-23 15:02:38.814 [main] INFO  com.alibaba.nacos.client.utils.ParamUtil - PER_TASK_CONFIG_SIZE: 3000.0
2025-10-23 15:02:38.829 [main] INFO  c.a.n.p.auth.spi.client.ClientAuthPluginManager - [ClientAuthPluginManager] Load ClientAuthService com.alibaba.nacos.client.auth.impl.NacosClientAuthServiceImpl success.
2025-10-23 15:02:38.830 [main] INFO  c.a.n.p.auth.spi.client.ClientAuthPluginManager - [ClientAuthPluginManager] Load ClientAuthService com.alibaba.nacos.client.auth.ram.RamClientAuthServiceImpl success.
2025-10-23 15:02:38.842 [main] INFO  c.a.n.client.auth.ram.identify.CredentialWatcher - null No credential found
2025-10-23 15:02:38.862 [main] INFO  com.alibaba.nacos.common.remote.client - [RpcClientFactory] create a new rpc client of eaf6bfcd-ed16-4d53-9c17-1c0de3bd51e5
2025-10-23 15:02:38.900 [main] INFO  com.alibaba.nacos.common.remote.client - [eaf6bfcd-ed16-4d53-9c17-1c0de3bd51e5] RpcClient init, ServerListFactory = com.alibaba.nacos.client.naming.core.ServerListManager
2025-10-23 15:02:38.900 [main] INFO  com.alibaba.nacos.common.remote.client - [eaf6bfcd-ed16-4d53-9c17-1c0de3bd51e5] Registry connection listener to current client:com.alibaba.nacos.client.naming.remote.gprc.redo.NamingGrpcRedoService
2025-10-23 15:02:38.901 [main] INFO  com.alibaba.nacos.common.remote.client - [eaf6bfcd-ed16-4d53-9c17-1c0de3bd51e5] Register server push request handler:com.alibaba.nacos.client.naming.remote.gprc.NamingPushRequestHandler
2025-10-23 15:02:38.906 [main] INFO  com.alibaba.nacos.common.remote.client - [eaf6bfcd-ed16-4d53-9c17-1c0de3bd51e5] Try to connect to server on start up, server: {serverIp = '8.134.88.169', server main port = 8848}
2025-10-23 15:02:38.971 [main] INFO  c.a.nacos.common.remote.client.grpc.GrpcClient - grpc client connection server:8.134.88.169 ip,serverPort:9848,grpcTslConfig:{"sslProvider":"OPENSSL","enableTls":false,"mutualAuthEnable":false,"trustAll":false}
2025-10-23 15:02:40.780 [main] INFO  com.alibaba.nacos.common.remote.client - [eaf6bfcd-ed16-4d53-9c17-1c0de3bd51e5] Success to connect to server [8.134.88.169:8848] on start up, connectionId = 1761202961343_112.94.129.21_7291
2025-10-23 15:02:40.781 [com.alibaba.nacos.client.remote.worker] INFO  com.alibaba.nacos.common.remote.client - [eaf6bfcd-ed16-4d53-9c17-1c0de3bd51e5] Notify connected event to listeners.
2025-10-23 15:02:40.781 [com.alibaba.nacos.client.remote.worker] INFO  com.alibaba.nacos.client.naming - Grpc connection connect
2025-10-23 15:02:40.781 [main] INFO  com.alibaba.nacos.common.remote.client - [eaf6bfcd-ed16-4d53-9c17-1c0de3bd51e5] Register server push request handler:com.alibaba.nacos.common.remote.client.RpcClient$ConnectResetRequestHandler
2025-10-23 15:02:40.781 [main] INFO  com.alibaba.nacos.common.remote.client - [eaf6bfcd-ed16-4d53-9c17-1c0de3bd51e5] Register server push request handler:com.alibaba.nacos.common.remote.client.RpcClient$$Lambda$1534/0x00000295bc928890
2025-10-23 15:02:40.783 [main] INFO  com.alibaba.nacos.client.naming - [REGISTER-SERVICE] xiaohongshu registering service xiaohongshu-kv with instance Instance{instanceId='null', ip='10.2.66.25', port=8084, weight=1.0, healthy=true, enabled=true, ephemeral=true, clusterName='DEFAULT', serviceName='null', metadata={IPv6=null, preserved.register.source=SPRING_CLOUD}}
2025-10-23 15:02:40.811 [main] INFO  c.a.cloud.nacos.registry.NacosServiceRegistry - nacos registry, DEFAULT_GROUP xiaohongshu-kv 10.2.66.25:8084 register finished
2025-10-23 15:02:41.227 [main] INFO  c.z.xiaohongshu.kv.biz.XiaohongshuKVBizApplication - Started XiaohongshuKVBizApplication in 15.746 seconds (process running for 16.919)
2025-10-23 15:10:16.726 [http-nio-8084-exec-1] INFO  o.a.c.core.ContainerBase.[Tomcat].[localhost].[/] - Initializing Spring DispatcherServlet 'dispatcherServlet'
2025-10-23 15:10:16.729 [http-nio-8084-exec-1] INFO  org.springframework.web.servlet.DispatcherServlet - Initializing Servlet 'dispatcherServlet'
2025-10-23 15:10:16.742 [http-nio-8084-exec-1] INFO  org.springframework.web.servlet.DispatcherServlet - Completed initialization in 13 ms
2025-10-23 15:10:18.983 [http-nio-8084-exec-3] INFO  c.z.f.b.operationlog.aspect.ApiOperationLogAspect - ====== 请求开始: [批量查询评论内容], 入参: {"noteId":1978823606712434691,"commentContentKeys":[{"yearMonth":"2025-10","contentId":"42e1edbc-7eea-4273-a6c2-c5b6be83bc1e"},{"yearMonth":"2025-10","contentId":"f04267a1-5559-4788-b964-fddb944adec9"},{"yearMonth":"2025-10","contentId":"5cd03f51-aef4-4eab-b5df-b4ef95bf570d"}]}, 请求类: CommentContentController, 请求方法: batchFindCommentContent =================================== 
2025-10-23 15:10:19.109 [http-nio-8084-exec-3] INFO  c.z.f.b.operationlog.aspect.ApiOperationLogAspect - ====== 请求结束: [批量查询评论内容], 耗时: 132ms, 出参: {"success":true,"message":null,"errorCode":null,"data":[{"contentId":"42e1edbc-7eea-4273-a6c2-c5b6be83bc1e","content":"好看好看😀"},{"contentId":"5cd03f51-aef4-4eab-b5df-b4ef95bf570d","content":"不错"},{"contentId":"f04267a1-5559-4788-b964-fddb944adec9","content":"图片评论测试-"}]} =================================== 
2025-10-23 15:14:18.687 [Thread-24] WARN  c.alibaba.nacos.common.http.HttpClientBeanHolder - [HttpClientBeanHolder] Start destroying common HttpClient
2025-10-23 15:14:18.687 [Thread-21] WARN  com.alibaba.nacos.common.notify.NotifyCenter - [NotifyCenter] Start destroying Publisher
2025-10-23 15:14:18.688 [Thread-21] WARN  com.alibaba.nacos.common.notify.NotifyCenter - [NotifyCenter] Destruction of the end
2025-10-23 15:14:18.688 [Thread-24] WARN  c.alibaba.nacos.common.http.HttpClientBeanHolder - [HttpClientBeanHolder] Destruction of the end
2025-10-23 15:14:20.849 [SpringApplicationShutdownHook] INFO  c.a.cloud.nacos.registry.NacosServiceRegistry - De-registering from Nacos Server now...
2025-10-23 15:14:20.849 [SpringApplicationShutdownHook] INFO  com.alibaba.nacos.client.naming - [DEREGISTER-SERVICE] xiaohongshu deregistering service xiaohongshu-kv with instance: Instance{instanceId='null', ip='10.2.66.25', port=8084, weight=1.0, healthy=true, enabled=true, ephemeral=true, clusterName='DEFAULT', serviceName='null', metadata={}}
2025-10-23 15:14:20.858 [SpringApplicationShutdownHook] INFO  c.a.cloud.nacos.registry.NacosServiceRegistry - De-registration finished.
2025-10-23 15:14:20.859 [SpringApplicationShutdownHook] INFO  com.alibaba.nacos.client.naming - com.alibaba.nacos.client.naming.cache.ServiceInfoHolder do shutdown begin
2025-10-23 15:14:20.859 [SpringApplicationShutdownHook] INFO  com.alibaba.nacos.client.naming - com.alibaba.nacos.client.naming.backups.FailoverReactor do shutdown begin
2025-10-23 15:14:20.859 [SpringApplicationShutdownHook] INFO  com.alibaba.nacos.client.naming - com.alibaba.nacos.client.naming.backups.FailoverReactor do shutdown stop
2025-10-23 15:14:20.860 [SpringApplicationShutdownHook] INFO  com.alibaba.nacos.client.naming - com.alibaba.nacos.client.naming.cache.ServiceInfoHolder do shutdown stop
2025-10-23 15:14:20.860 [SpringApplicationShutdownHook] INFO  com.alibaba.nacos.client.naming - com.alibaba.nacos.client.naming.remote.NamingClientProxyDelegate do shutdown begin
2025-10-23 15:14:20.860 [SpringApplicationShutdownHook] INFO  com.alibaba.nacos.client.naming - com.alibaba.nacos.client.naming.core.ServiceInfoUpdateService do shutdown begin
2025-10-23 15:14:20.860 [SpringApplicationShutdownHook] INFO  com.alibaba.nacos.client.naming - com.alibaba.nacos.client.naming.core.ServiceInfoUpdateService do shutdown stop
2025-10-23 15:14:20.860 [SpringApplicationShutdownHook] INFO  com.alibaba.nacos.client.naming - com.alibaba.nacos.client.naming.core.ServerListManager do shutdown begin
2025-10-23 15:14:20.860 [SpringApplicationShutdownHook] WARN  com.alibaba.nacos.client.naming - [NamingHttpClientManager] Start destroying NacosRestTemplate
2025-10-23 15:14:20.860 [SpringApplicationShutdownHook] WARN  com.alibaba.nacos.client.naming - [NamingHttpClientManager] Destruction of the end
2025-10-23 15:14:20.860 [SpringApplicationShutdownHook] INFO  com.alibaba.nacos.client.naming - com.alibaba.nacos.client.naming.core.ServerListManager do shutdown stop
2025-10-23 15:14:20.860 [SpringApplicationShutdownHook] INFO  com.alibaba.nacos.client.naming - com.alibaba.nacos.client.naming.remote.http.NamingHttpClientProxy do shutdown begin
2025-10-23 15:14:20.860 [SpringApplicationShutdownHook] WARN  com.alibaba.nacos.client.naming - [NamingHttpClientManager] Start destroying NacosRestTemplate
2025-10-23 15:14:20.860 [SpringApplicationShutdownHook] WARN  com.alibaba.nacos.client.naming - [NamingHttpClientManager] Destruction of the end
2025-10-23 15:14:20.860 [SpringApplicationShutdownHook] INFO  com.alibaba.nacos.client.naming - com.alibaba.nacos.client.naming.remote.http.NamingHttpClientProxy do shutdown stop
2025-10-23 15:14:20.860 [SpringApplicationShutdownHook] INFO  com.alibaba.nacos.common.remote.client - Shutdown rpc client, set status to shutdown
2025-10-23 15:14:20.860 [SpringApplicationShutdownHook] INFO  com.alibaba.nacos.common.remote.client - Shutdown client event executor java.util.concurrent.ScheduledThreadPoolExecutor@44849c[Running, pool size = 2, active threads = 2, queued tasks = 0, completed tasks = 0]
2025-10-23 15:14:20.860 [SpringApplicationShutdownHook] INFO  com.alibaba.nacos.common.remote.client - Close current connection 1761202961343_112.94.129.21_7291
2025-10-23 15:14:20.864 [nacos-grpc-client-executor-8.134.88.169-163] WARN  c.a.nacos.common.remote.client.grpc.GrpcClient - [1761202961343_112.94.129.21_7291]Ignore error event,isRunning:false,isAbandon=false
2025-10-23 15:14:20.866 [SpringApplicationShutdownHook] INFO  c.a.nacos.common.remote.client.grpc.GrpcClient - Shutdown grpc executor java.util.concurrent.ThreadPoolExecutor@560c2264[Running, pool size = 4, active threads = 0, queued tasks = 0, completed tasks = 164]
2025-10-23 15:14:20.866 [SpringApplicationShutdownHook] INFO  com.alibaba.nacos.client.naming - Shutdown grpc redo service executor java.util.concurrent.ScheduledThreadPoolExecutor@52fb4a10[Running, pool size = 1, active threads = 0, queued tasks = 1, completed tasks = 233]
2025-10-23 15:14:20.866 [SpringApplicationShutdownHook] INFO  c.a.n.client.auth.ram.identify.CredentialWatcher - [null] CredentialWatcher is stopped
2025-10-23 15:14:20.866 [SpringApplicationShutdownHook] INFO  c.a.n.client.auth.ram.identify.CredentialService - [null] CredentialService is freed
2025-10-23 15:14:20.866 [SpringApplicationShutdownHook] INFO  com.alibaba.nacos.client.naming - com.alibaba.nacos.client.naming.remote.NamingClientProxyDelegate do shutdown stop
