2025-10-20 19:00:38.242 [main] WARN  com.alibaba.nacos.client.logging.NacosLogging - Load Logback Configuration of Nacos fail, message: Could not initialize Logback Nacos logging from classpath:nacos-logback.xml
2025-10-20 19:00:38.369 [main] WARN  com.alibaba.nacos.client.logging.NacosLogging - Load Logback Configuration of Nacos fail, message: Could not initialize Logback Nacos logging from classpath:nacos-logback.xml
2025-10-20 19:00:39.237 [main] WARN  com.alibaba.nacos.client.logging.NacosLogging - Load Logback Configuration of Nacos fail, message: Could not initialize Logback Nacos logging from classpath:nacos-logback.xml
2025-10-20 19:00:39.258 [main] WARN  com.alibaba.nacos.client.logging.NacosLogging - Load Logback Configuration of Nacos fail, message: Could not initialize Logback Nacos logging from classpath:nacos-logback.xml
2025-10-20 19:00:39.259 [main] INFO  c.z.xiaohongshu.kv.biz.XiaohongshuKVBizApplication - The following 1 profile is active: "dev"
2025-10-20 19:00:40.201 [main] INFO  o.s.d.r.config.RepositoryConfigurationDelegate - Bootstrapping Spring Data Reactive Cassandra repositories in DEFAULT mode.
2025-10-20 19:00:40.433 [main] INFO  o.s.d.r.config.RepositoryConfigurationDelegate - Finished Spring Data repository scanning in 224 ms. Found 0 Reactive Cassandra repository interfaces.
2025-10-20 19:00:40.439 [main] INFO  o.s.d.r.config.RepositoryConfigurationDelegate - Bootstrapping Spring Data Cassandra repositories in DEFAULT mode.
2025-10-20 19:00:40.493 [main] INFO  o.s.d.r.config.RepositoryConfigurationDelegate - Finished Spring Data repository scanning in 51 ms. Found 2 Cassandra repository interfaces.
2025-10-20 19:00:40.797 [main] INFO  o.springframework.cloud.context.scope.GenericScope - BeanFactory id=c8e68e17-7ac0-3fe4-8b17-a6cf569ac420
2025-10-20 19:00:41.569 [main] INFO  o.s.boot.web.embedded.tomcat.TomcatWebServer - Tomcat initialized with port(s): 8084 (http)
2025-10-20 19:00:41.571 [main] INFO  org.apache.catalina.core.AprLifecycleListener - Loaded Apache Tomcat Native library [2.0.3] using APR version [1.7.2].
2025-10-20 19:00:41.578 [main] INFO  org.apache.catalina.core.AprLifecycleListener - OpenSSL successfully initialized [OpenSSL 3.0.8 7 Feb 2023]
2025-10-20 19:00:41.595 [main] INFO  org.apache.catalina.core.StandardService - Starting service [Tomcat]
2025-10-20 19:00:41.596 [main] INFO  org.apache.catalina.core.StandardEngine - Starting Servlet engine: [Apache Tomcat/10.1.5]
2025-10-20 19:00:41.750 [main] INFO  o.a.c.core.ContainerBase.[Tomcat].[localhost].[/] - Initializing Spring embedded WebApplicationContext
2025-10-20 19:00:41.750 [main] INFO  o.s.b.w.s.c.ServletWebServerApplicationContext - Root WebApplicationContext: initialization completed in 2466 ms
2025-10-20 19:00:42.161 [main] INFO  c.d.o.driver.internal.core.DefaultMavenCoordinates - DataStax Java driver for Apache Cassandra(R) (com.datastax.oss:java-driver-core) version 4.15.0
2025-10-20 19:00:42.882 [s0-admin-0] INFO  com.datastax.oss.driver.internal.core.time.Clock - Using native clock for microsecond precision
2025-10-20 19:00:43.237 [s0-admin-1] WARN  c.d.o.d.internal.core.control.ControlConnection - [s0] Error connecting to Node(endPoint=127.0.0.1/<unresolved>:9042, hostId=null, hashCode=364bdfbe), trying next node (ConnectionInitException: [s0|control|id: 0x217d9a24, L:/127.0.0.1:56172 - R:/127.0.0.1:9042] Protocol initialization request, step 1 (OPTIONS): unexpected failure (com.datastax.oss.driver.api.core.connection.ClosedConnectionException: Lost connection to remote peer))
2025-10-20 19:00:45.372 [main] WARN  o.s.b.w.s.c.AnnotationConfigServletWebServerApplicationContext - Exception encountered during context initialization - cancelling refresh attempt: org.springframework.beans.factory.BeanCreationException: Error creating bean with name 'commentContentController': Injection of resource dependencies failed
2025-10-20 19:00:45.375 [main] INFO  org.apache.catalina.core.StandardService - Stopping service [Tomcat]
2025-10-20 19:00:45.415 [main] INFO  o.s.b.a.logging.ConditionEvaluationReportLogger - 

Error starting ApplicationContext. To display the condition evaluation report re-run your application with 'debug' enabled.
2025-10-20 19:00:45.466 [main] ERROR org.springframework.boot.SpringApplication - Application run failed
org.springframework.beans.factory.BeanCreationException: Error creating bean with name 'commentContentController': Injection of resource dependencies failed
	at org.springframework.context.annotation.CommonAnnotationBeanPostProcessor.postProcessProperties(CommonAnnotationBeanPostProcessor.java:303)
	at org.springframework.beans.factory.support.AbstractAutowireCapableBeanFactory.populateBean(AbstractAutowireCapableBeanFactory.java:1397)
	at org.springframework.beans.factory.support.AbstractAutowireCapableBeanFactory.doCreateBean(AbstractAutowireCapableBeanFactory.java:598)
	at org.springframework.beans.factory.support.AbstractAutowireCapableBeanFactory.createBean(AbstractAutowireCapableBeanFactory.java:521)
	at org.springframework.beans.factory.support.AbstractBeanFactory.lambda$doGetBean$0(AbstractBeanFactory.java:326)
	at org.springframework.beans.factory.support.DefaultSingletonBeanRegistry.getSingleton(DefaultSingletonBeanRegistry.java:234)
	at org.springframework.beans.factory.support.AbstractBeanFactory.doGetBean(AbstractBeanFactory.java:324)
	at org.springframework.beans.factory.support.AbstractBeanFactory.getBean(AbstractBeanFactory.java:200)
	at org.springframework.beans.factory.support.DefaultListableBeanFactory.preInstantiateSingletons(DefaultListableBeanFactory.java:961)
	at org.springframework.context.support.AbstractApplicationContext.finishBeanFactoryInitialization(AbstractApplicationContext.java:915)
	at org.springframework.context.support.AbstractApplicationContext.refresh(AbstractApplicationContext.java:584)
	at org.springframework.boot.web.servlet.context.ServletWebServerApplicationContext.refresh(ServletWebServerApplicationContext.java:146)
	at org.springframework.boot.SpringApplication.refresh(SpringApplication.java:730)
	at org.springframework.boot.SpringApplication.refreshContext(SpringApplication.java:432)
	at org.springframework.boot.SpringApplication.run(SpringApplication.java:308)
	at org.springframework.boot.SpringApplication.run(SpringApplication.java:1302)
	at org.springframework.boot.SpringApplication.run(SpringApplication.java:1291)
	at com.zry.xiaohongshu.kv.biz.XiaohongshuKVBizApplication.main(XiaohongshuKVBizApplication.java:9)
Caused by: org.springframework.beans.factory.BeanCreationException: Error creating bean with name 'commentContentServiceImpl': Injection of resource dependencies failed
	at org.springframework.context.annotation.CommonAnnotationBeanPostProcessor.postProcessProperties(CommonAnnotationBeanPostProcessor.java:303)
	at org.springframework.beans.factory.support.AbstractAutowireCapableBeanFactory.populateBean(AbstractAutowireCapableBeanFactory.java:1397)
	at org.springframework.beans.factory.support.AbstractAutowireCapableBeanFactory.doCreateBean(AbstractAutowireCapableBeanFactory.java:598)
	at org.springframework.beans.factory.support.AbstractAutowireCapableBeanFactory.createBean(AbstractAutowireCapableBeanFactory.java:521)
	at org.springframework.beans.factory.support.AbstractBeanFactory.lambda$doGetBean$0(AbstractBeanFactory.java:326)
	at org.springframework.beans.factory.support.DefaultSingletonBeanRegistry.getSingleton(DefaultSingletonBeanRegistry.java:234)
	at org.springframework.beans.factory.support.AbstractBeanFactory.doGetBean(AbstractBeanFactory.java:324)
	at org.springframework.beans.factory.support.AbstractBeanFactory.getBean(AbstractBeanFactory.java:200)
	at org.springframework.beans.factory.config.DependencyDescriptor.resolveCandidate(DependencyDescriptor.java:254)
	at org.springframework.beans.factory.support.DefaultListableBeanFactory.doResolveDependency(DefaultListableBeanFactory.java:1405)
	at org.springframework.beans.factory.support.DefaultListableBeanFactory.resolveDependency(DefaultListableBeanFactory.java:1325)
	at org.springframework.context.annotation.CommonAnnotationBeanPostProcessor.autowireResource(CommonAnnotationBeanPostProcessor.java:490)
	at org.springframework.context.annotation.CommonAnnotationBeanPostProcessor.getResource(CommonAnnotationBeanPostProcessor.java:467)
	at org.springframework.context.annotation.CommonAnnotationBeanPostProcessor$ResourceElement.getResourceToInject(CommonAnnotationBeanPostProcessor.java:618)
	at org.springframework.beans.factory.annotation.InjectionMetadata$InjectedElement.inject(InjectionMetadata.java:242)
	at org.springframework.beans.factory.annotation.InjectionMetadata.inject(InjectionMetadata.java:133)
	at org.springframework.context.annotation.CommonAnnotationBeanPostProcessor.postProcessProperties(CommonAnnotationBeanPostProcessor.java:300)
	... 17 common frames omitted
Caused by: org.springframework.beans.factory.BeanCreationException: Error creating bean with name 'cassandraTemplate' defined in class path resource [com/zry/xiaohongshu/kv/biz/config/CassandraConfig.class]: Failed to instantiate [org.springframework.data.cassandra.core.CassandraAdminTemplate]: Factory method 'cassandraTemplate' threw exception with message: Error creating bean with name 'cassandraSessionFactory' defined in class path resource [com/zry/xiaohongshu/kv/biz/config/CassandraConfig.class]: Unsatisfied dependency expressed through method 'cassandraSessionFactory' parameter 0: Error creating bean with name 'cassandraSession' defined in class path resource [com/zry/xiaohongshu/kv/biz/config/CassandraConfig.class]: Could not reach any contact point, make sure you've provided valid addresses (showing first 1 nodes, use getAllErrors() for more): Node(endPoint=127.0.0.1/<unresolved>:9042, hostId=null, hashCode=364bdfbe): [com.datastax.oss.driver.api.core.connection.ConnectionInitException: [s0|control|id: 0x217d9a24, L:/127.0.0.1:56172 - R:/127.0.0.1:9042] Protocol initialization request, step 1 (OPTIONS): unexpected failure (com.datastax.oss.driver.api.core.connection.ClosedConnectionException: Lost connection to remote peer)]
	at org.springframework.beans.factory.support.ConstructorResolver.instantiate(ConstructorResolver.java:657)
	at org.springframework.beans.factory.support.ConstructorResolver.instantiateUsingFactoryMethod(ConstructorResolver.java:491)
	at org.springframework.beans.factory.support.AbstractAutowireCapableBeanFactory.instantiateUsingFactoryMethod(AbstractAutowireCapableBeanFactory.java:1324)
	at org.springframework.beans.factory.support.AbstractAutowireCapableBeanFactory.createBeanInstance(AbstractAutowireCapableBeanFactory.java:1161)
	at org.springframework.beans.factory.support.AbstractAutowireCapableBeanFactory.doCreateBean(AbstractAutowireCapableBeanFactory.java:561)
	at org.springframework.beans.factory.support.AbstractAutowireCapableBeanFactory.createBean(AbstractAutowireCapableBeanFactory.java:521)
	at org.springframework.beans.factory.support.AbstractBeanFactory.lambda$doGetBean$0(AbstractBeanFactory.java:326)
	at org.springframework.beans.factory.support.DefaultSingletonBeanRegistry.getSingleton(DefaultSingletonBeanRegistry.java:234)
	at org.springframework.beans.factory.support.AbstractBeanFactory.doGetBean(AbstractBeanFactory.java:324)
	at org.springframework.beans.factory.support.AbstractBeanFactory.getBean(AbstractBeanFactory.java:205)
	at org.springframework.beans.factory.support.AbstractAutowireCapableBeanFactory.resolveBeanByName(AbstractAutowireCapableBeanFactory.java:458)
	at org.springframework.context.annotation.CommonAnnotationBeanPostProcessor.autowireResource(CommonAnnotationBeanPostProcessor.java:496)
	at org.springframework.context.annotation.CommonAnnotationBeanPostProcessor.getResource(CommonAnnotationBeanPostProcessor.java:467)
	at org.springframework.context.annotation.CommonAnnotationBeanPostProcessor$ResourceElement.getResourceToInject(CommonAnnotationBeanPostProcessor.java:618)
	at org.springframework.beans.factory.annotation.InjectionMetadata$InjectedElement.inject(InjectionMetadata.java:242)
	at org.springframework.beans.factory.annotation.InjectionMetadata.inject(InjectionMetadata.java:133)
	at org.springframework.context.annotation.CommonAnnotationBeanPostProcessor.postProcessProperties(CommonAnnotationBeanPostProcessor.java:300)
	... 33 common frames omitted
Caused by: org.springframework.beans.BeanInstantiationException: Failed to instantiate [org.springframework.data.cassandra.core.CassandraAdminTemplate]: Factory method 'cassandraTemplate' threw exception with message: Error creating bean with name 'cassandraSessionFactory' defined in class path resource [com/zry/xiaohongshu/kv/biz/config/CassandraConfig.class]: Unsatisfied dependency expressed through method 'cassandraSessionFactory' parameter 0: Error creating bean with name 'cassandraSession' defined in class path resource [com/zry/xiaohongshu/kv/biz/config/CassandraConfig.class]: Could not reach any contact point, make sure you've provided valid addresses (showing first 1 nodes, use getAllErrors() for more): Node(endPoint=127.0.0.1/<unresolved>:9042, hostId=null, hashCode=364bdfbe): [com.datastax.oss.driver.api.core.connection.ConnectionInitException: [s0|control|id: 0x217d9a24, L:/127.0.0.1:56172 - R:/127.0.0.1:9042] Protocol initialization request, step 1 (OPTIONS): unexpected failure (com.datastax.oss.driver.api.core.connection.ClosedConnectionException: Lost connection to remote peer)]
	at org.springframework.beans.factory.support.SimpleInstantiationStrategy.instantiate(SimpleInstantiationStrategy.java:171)
	at org.springframework.beans.factory.support.ConstructorResolver.instantiate(ConstructorResolver.java:653)
	... 49 common frames omitted
Caused by: org.springframework.beans.factory.UnsatisfiedDependencyException: Error creating bean with name 'cassandraSessionFactory' defined in class path resource [com/zry/xiaohongshu/kv/biz/config/CassandraConfig.class]: Unsatisfied dependency expressed through method 'cassandraSessionFactory' parameter 0: Error creating bean with name 'cassandraSession' defined in class path resource [com/zry/xiaohongshu/kv/biz/config/CassandraConfig.class]: Could not reach any contact point, make sure you've provided valid addresses (showing first 1 nodes, use getAllErrors() for more): Node(endPoint=127.0.0.1/<unresolved>:9042, hostId=null, hashCode=364bdfbe): [com.datastax.oss.driver.api.core.connection.ConnectionInitException: [s0|control|id: 0x217d9a24, L:/127.0.0.1:56172 - R:/127.0.0.1:9042] Protocol initialization request, step 1 (OPTIONS): unexpected failure (com.datastax.oss.driver.api.core.connection.ClosedConnectionException: Lost connection to remote peer)]
	at org.springframework.beans.factory.support.ConstructorResolver.createArgumentArray(ConstructorResolver.java:798)
	at org.springframework.beans.factory.support.ConstructorResolver.instantiateUsingFactoryMethod(ConstructorResolver.java:548)
	at org.springframework.beans.factory.support.AbstractAutowireCapableBeanFactory.instantiateUsingFactoryMethod(AbstractAutowireCapableBeanFactory.java:1324)
	at org.springframework.beans.factory.support.AbstractAutowireCapableBeanFactory.createBeanInstance(AbstractAutowireCapableBeanFactory.java:1161)
	at org.springframework.beans.factory.support.AbstractAutowireCapableBeanFactory.doCreateBean(AbstractAutowireCapableBeanFactory.java:561)
	at org.springframework.beans.factory.support.AbstractAutowireCapableBeanFactory.createBean(AbstractAutowireCapableBeanFactory.java:521)
	at org.springframework.beans.factory.support.AbstractBeanFactory.lambda$doGetBean$0(AbstractBeanFactory.java:326)
	at org.springframework.beans.factory.support.DefaultSingletonBeanRegistry.getSingleton(DefaultSingletonBeanRegistry.java:234)
	at org.springframework.beans.factory.support.AbstractBeanFactory.doGetBean(AbstractBeanFactory.java:324)
	at org.springframework.beans.factory.support.AbstractBeanFactory.getBean(AbstractBeanFactory.java:225)
	at org.springframework.beans.factory.support.DefaultListableBeanFactory.resolveNamedBean(DefaultListableBeanFactory.java:1298)
	at org.springframework.beans.factory.support.DefaultListableBeanFactory.resolveNamedBean(DefaultListableBeanFactory.java:1259)
	at org.springframework.beans.factory.support.DefaultListableBeanFactory.resolveBean(DefaultListableBeanFactory.java:483)
	at org.springframework.beans.factory.support.DefaultListableBeanFactory.getBean(DefaultListableBeanFactory.java:338)
	at org.springframework.beans.factory.support.DefaultListableBeanFactory.getBean(DefaultListableBeanFactory.java:331)
	at org.springframework.data.cassandra.config.AbstractSessionConfiguration.requireBeanOfType(AbstractSessionConfiguration.java:103)
	at org.springframework.data.cassandra.config.AbstractCassandraConfiguration.getRequiredSessionFactory(AbstractCassandraConfiguration.java:245)
	at org.springframework.data.cassandra.config.AbstractCassandraConfiguration.cassandraTemplate(AbstractCassandraConfiguration.java:171)
	at com.zry.xiaohongshu.kv.biz.config.CassandraConfig$$SpringCGLIB$$0.CGLIB$cassandraTemplate$15(<generated>)
	at com.zry.xiaohongshu.kv.biz.config.CassandraConfig$$SpringCGLIB$$1.invoke(<generated>)
	at org.springframework.cglib.proxy.MethodProxy.invokeSuper(MethodProxy.java:258)
	at org.springframework.context.annotation.ConfigurationClassEnhancer$BeanMethodInterceptor.intercept(ConfigurationClassEnhancer.java:331)
	at com.zry.xiaohongshu.kv.biz.config.CassandraConfig$$SpringCGLIB$$0.cassandraTemplate(<generated>)
	at java.base/jdk.internal.reflect.NativeMethodAccessorImpl.invoke0(Native Method)
	at java.base/jdk.internal.reflect.NativeMethodAccessorImpl.invoke(NativeMethodAccessorImpl.java:77)
	at java.base/jdk.internal.reflect.DelegatingMethodAccessorImpl.invoke(DelegatingMethodAccessorImpl.java:43)
	at java.base/java.lang.reflect.Method.invoke(Method.java:568)
	at org.springframework.beans.factory.support.SimpleInstantiationStrategy.instantiate(SimpleInstantiationStrategy.java:139)
	... 50 common frames omitted
Caused by: org.springframework.beans.factory.BeanCreationException: Error creating bean with name 'cassandraSession' defined in class path resource [com/zry/xiaohongshu/kv/biz/config/CassandraConfig.class]: Could not reach any contact point, make sure you've provided valid addresses (showing first 1 nodes, use getAllErrors() for more): Node(endPoint=127.0.0.1/<unresolved>:9042, hostId=null, hashCode=364bdfbe): [com.datastax.oss.driver.api.core.connection.ConnectionInitException: [s0|control|id: 0x217d9a24, L:/127.0.0.1:56172 - R:/127.0.0.1:9042] Protocol initialization request, step 1 (OPTIONS): unexpected failure (com.datastax.oss.driver.api.core.connection.ClosedConnectionException: Lost connection to remote peer)]
	at org.springframework.beans.factory.support.AbstractAutowireCapableBeanFactory.initializeBean(AbstractAutowireCapableBeanFactory.java:1751)
	at org.springframework.beans.factory.support.AbstractAutowireCapableBeanFactory.doCreateBean(AbstractAutowireCapableBeanFactory.java:599)
	at org.springframework.beans.factory.support.AbstractAutowireCapableBeanFactory.createBean(AbstractAutowireCapableBeanFactory.java:521)
	at org.springframework.beans.factory.support.AbstractBeanFactory.lambda$doGetBean$0(AbstractBeanFactory.java:326)
	at org.springframework.beans.factory.support.DefaultSingletonBeanRegistry.getSingleton(DefaultSingletonBeanRegistry.java:234)
	at org.springframework.beans.factory.support.AbstractBeanFactory.doGetBean(AbstractBeanFactory.java:324)
	at org.springframework.beans.factory.support.AbstractBeanFactory.getBean(AbstractBeanFactory.java:200)
	at org.springframework.beans.factory.config.DependencyDescriptor.resolveCandidate(DependencyDescriptor.java:254)
	at org.springframework.beans.factory.support.DefaultListableBeanFactory.doResolveDependency(DefaultListableBeanFactory.java:1405)
	at org.springframework.beans.factory.support.DefaultListableBeanFactory.resolveDependency(DefaultListableBeanFactory.java:1325)
	at org.springframework.beans.factory.support.ConstructorResolver.resolveAutowiredArgument(ConstructorResolver.java:885)
	at org.springframework.beans.factory.support.ConstructorResolver.createArgumentArray(ConstructorResolver.java:789)
	... 77 common frames omitted
Caused by: com.datastax.oss.driver.api.core.AllNodesFailedException: Could not reach any contact point, make sure you've provided valid addresses (showing first 1 nodes, use getAllErrors() for more): Node(endPoint=127.0.0.1/<unresolved>:9042, hostId=null, hashCode=364bdfbe): [com.datastax.oss.driver.api.core.connection.ConnectionInitException: [s0|control|id: 0x217d9a24, L:/127.0.0.1:56172 - R:/127.0.0.1:9042] Protocol initialization request, step 1 (OPTIONS): unexpected failure (com.datastax.oss.driver.api.core.connection.ClosedConnectionException: Lost connection to remote peer)]
	at com.datastax.oss.driver.api.core.AllNodesFailedException.copy(AllNodesFailedException.java:141)
	at com.datastax.oss.driver.internal.core.util.concurrent.CompletableFutures.getUninterruptibly(CompletableFutures.java:149)
	at com.datastax.oss.driver.api.core.session.SessionBuilder.build(SessionBuilder.java:835)
	at org.springframework.data.cassandra.config.CqlSessionFactoryBean.buildSystemSession(CqlSessionFactoryBean.java:535)
	at org.springframework.data.cassandra.config.CqlSessionFactoryBean.afterPropertiesSet(CqlSessionFactoryBean.java:469)
	at org.springframework.beans.factory.support.AbstractAutowireCapableBeanFactory.invokeInitMethods(AbstractAutowireCapableBeanFactory.java:1797)
	at org.springframework.beans.factory.support.AbstractAutowireCapableBeanFactory.initializeBean(AbstractAutowireCapableBeanFactory.java:1747)
	... 88 common frames omitted
	Suppressed: com.datastax.oss.driver.api.core.connection.ConnectionInitException: [s0|control|id: 0x217d9a24, L:/127.0.0.1:56172 - R:/127.0.0.1:9042] Protocol initialization request, step 1 (OPTIONS): unexpected failure (com.datastax.oss.driver.api.core.connection.ClosedConnectionException: Lost connection to remote peer)
		at com.datastax.oss.driver.internal.core.channel.ProtocolInitHandler$InitRequest.fail(ProtocolInitHandler.java:356)
		at com.datastax.oss.driver.internal.core.channel.ChannelHandlerRequest.onFailure(ChannelHandlerRequest.java:104)
		at com.datastax.oss.driver.internal.core.channel.InFlightHandler.fail(InFlightHandler.java:381)
		at com.datastax.oss.driver.internal.core.channel.InFlightHandler.abortAllInFlight(InFlightHandler.java:371)
		at com.datastax.oss.driver.internal.core.channel.InFlightHandler.abortAllInFlight(InFlightHandler.java:353)
		at com.datastax.oss.driver.internal.core.channel.InFlightHandler.channelInactive(InFlightHandler.java:331)
		at io.netty.channel.AbstractChannelHandlerContext.invokeChannelInactive(AbstractChannelHandlerContext.java:303)
		at io.netty.channel.AbstractChannelHandlerContext.invokeChannelInactive(AbstractChannelHandlerContext.java:281)
		at io.netty.channel.AbstractChannelHandlerContext.fireChannelInactive(AbstractChannelHandlerContext.java:274)
		at io.netty.handler.codec.ByteToMessageDecoder.channelInputClosed(ByteToMessageDecoder.java:411)
		at io.netty.handler.codec.ByteToMessageDecoder.channelInactive(ByteToMessageDecoder.java:376)
		at io.netty.channel.AbstractChannelHandlerContext.invokeChannelInactive(AbstractChannelHandlerContext.java:305)
		at io.netty.channel.AbstractChannelHandlerContext.invokeChannelInactive(AbstractChannelHandlerContext.java:281)
		at io.netty.channel.AbstractChannelHandlerContext.fireChannelInactive(AbstractChannelHandlerContext.java:274)
		at io.netty.channel.DefaultChannelPipeline$HeadContext.channelInactive(DefaultChannelPipeline.java:1405)
		at io.netty.channel.AbstractChannelHandlerContext.invokeChannelInactive(AbstractChannelHandlerContext.java:301)
		at io.netty.channel.AbstractChannelHandlerContext.invokeChannelInactive(AbstractChannelHandlerContext.java:281)
		at io.netty.channel.DefaultChannelPipeline.fireChannelInactive(DefaultChannelPipeline.java:901)
		at io.netty.channel.AbstractChannel$AbstractUnsafe$7.run(AbstractChannel.java:813)
		at io.netty.util.concurrent.AbstractEventExecutor.runTask(AbstractEventExecutor.java:174)
		at io.netty.util.concurrent.AbstractEventExecutor.safeExecute(AbstractEventExecutor.java:167)
		at io.netty.util.concurrent.SingleThreadEventExecutor.runAllTasks(SingleThreadEventExecutor.java:470)
		at io.netty.channel.nio.NioEventLoop.run(NioEventLoop.java:566)
		at io.netty.util.concurrent.SingleThreadEventExecutor$4.run(SingleThreadEventExecutor.java:997)
		at io.netty.util.internal.ThreadExecutorMap$2.run(ThreadExecutorMap.java:74)
		at io.netty.util.concurrent.FastThreadLocalRunnable.run(FastThreadLocalRunnable.java:30)
		at java.base/java.lang.Thread.run(Thread.java:842)
	Caused by: com.datastax.oss.driver.api.core.connection.ClosedConnectionException: Lost connection to remote peer
2025-10-20 19:01:37.694 [main] WARN  com.alibaba.nacos.client.logging.NacosLogging - Load Logback Configuration of Nacos fail, message: Could not initialize Logback Nacos logging from classpath:nacos-logback.xml
2025-10-20 19:01:37.756 [main] WARN  com.alibaba.nacos.client.logging.NacosLogging - Load Logback Configuration of Nacos fail, message: Could not initialize Logback Nacos logging from classpath:nacos-logback.xml
2025-10-20 19:01:38.300 [main] WARN  com.alibaba.nacos.client.logging.NacosLogging - Load Logback Configuration of Nacos fail, message: Could not initialize Logback Nacos logging from classpath:nacos-logback.xml
2025-10-20 19:01:38.315 [main] WARN  com.alibaba.nacos.client.logging.NacosLogging - Load Logback Configuration of Nacos fail, message: Could not initialize Logback Nacos logging from classpath:nacos-logback.xml
2025-10-20 19:01:38.316 [main] INFO  c.z.xiaohongshu.kv.biz.XiaohongshuKVBizApplication - The following 1 profile is active: "dev"
2025-10-20 19:01:38.853 [main] INFO  o.s.d.r.config.RepositoryConfigurationDelegate - Bootstrapping Spring Data Reactive Cassandra repositories in DEFAULT mode.
2025-10-20 19:01:38.988 [main] INFO  o.s.d.r.config.RepositoryConfigurationDelegate - Finished Spring Data repository scanning in 130 ms. Found 0 Reactive Cassandra repository interfaces.
2025-10-20 19:01:38.993 [main] INFO  o.s.d.r.config.RepositoryConfigurationDelegate - Bootstrapping Spring Data Cassandra repositories in DEFAULT mode.
2025-10-20 19:01:39.016 [main] INFO  o.s.d.r.config.RepositoryConfigurationDelegate - Finished Spring Data repository scanning in 22 ms. Found 2 Cassandra repository interfaces.
2025-10-20 19:01:39.215 [main] INFO  o.springframework.cloud.context.scope.GenericScope - BeanFactory id=c8e68e17-7ac0-3fe4-8b17-a6cf569ac420
2025-10-20 19:01:39.714 [main] INFO  o.s.boot.web.embedded.tomcat.TomcatWebServer - Tomcat initialized with port(s): 8084 (http)
2025-10-20 19:01:39.715 [main] INFO  org.apache.catalina.core.AprLifecycleListener - Loaded Apache Tomcat Native library [2.0.3] using APR version [1.7.2].
2025-10-20 19:01:39.719 [main] INFO  org.apache.catalina.core.AprLifecycleListener - OpenSSL successfully initialized [OpenSSL 3.0.8 7 Feb 2023]
2025-10-20 19:01:39.733 [main] INFO  org.apache.catalina.core.StandardService - Starting service [Tomcat]
2025-10-20 19:01:39.733 [main] INFO  org.apache.catalina.core.StandardEngine - Starting Servlet engine: [Apache Tomcat/10.1.5]
2025-10-20 19:01:39.850 [main] INFO  o.a.c.core.ContainerBase.[Tomcat].[localhost].[/] - Initializing Spring embedded WebApplicationContext
2025-10-20 19:01:39.851 [main] INFO  o.s.b.w.s.c.ServletWebServerApplicationContext - Root WebApplicationContext: initialization completed in 1523 ms
2025-10-20 19:01:40.169 [main] INFO  c.d.o.driver.internal.core.DefaultMavenCoordinates - DataStax Java driver for Apache Cassandra(R) (com.datastax.oss:java-driver-core) version 4.15.0
2025-10-20 19:01:40.597 [s0-admin-0] INFO  com.datastax.oss.driver.internal.core.time.Clock - Using native clock for microsecond precision
2025-10-20 19:01:41.173 [s1-admin-0] INFO  com.datastax.oss.driver.internal.core.time.Clock - Using native clock for microsecond precision
2025-10-20 19:01:41.701 [main] WARN  o.s.core.LocalVariableTableParameterNameDiscoverer - Using deprecated '-debug' fallback for parameter name resolution. Compile the affected code with '-parameters' instead or avoid its introspection: com.zry.xiaohongshu.kv.biz.domain.repository.CommentContentRepository
2025-10-20 19:01:42.966 [main] WARN  o.s.c.l.c.LoadBalancerCacheAutoConfiguration$LoadBalancerCaffeineWarnLogger - Spring Cloud LoadBalancer is currently working with the default cache. While this cache implementation is useful for development and tests, it's recommended to use Caffeine cache in production.You can switch to using Caffeine cache, by adding it and org.springframework.cache.caffeine.CaffeineCacheManager to the classpath.
2025-10-20 19:01:43.062 [main] INFO  o.s.boot.web.embedded.tomcat.TomcatWebServer - Tomcat started on port(s): 8084 (http) with context path ''
2025-10-20 19:01:43.069 [main] WARN  com.alibaba.nacos.client.logging.NacosLogging - Load Logback Configuration of Nacos fail, message: Could not initialize Logback Nacos logging from classpath:nacos-logback.xml
2025-10-20 19:01:43.069 [main] INFO  com.alibaba.nacos.client.naming - initializer namespace from ans.namespace attribute : null
2025-10-20 19:01:43.070 [main] INFO  com.alibaba.nacos.client.naming - initializer namespace from ALIBABA_ALIWARE_NAMESPACE attribute :null
2025-10-20 19:01:43.071 [main] INFO  com.alibaba.nacos.client.naming - initializer namespace from namespace attribute :null
2025-10-20 19:01:43.100 [main] INFO  com.alibaba.nacos.client.utils.ParamUtil - [settings] [req-serv] nacos-server port:8848
2025-10-20 19:01:43.100 [main] INFO  com.alibaba.nacos.client.utils.ParamUtil - [settings] [http-client] connect timeout:1000
2025-10-20 19:01:43.101 [main] INFO  com.alibaba.nacos.client.utils.ParamUtil - PER_TASK_CONFIG_SIZE: 3000.0
2025-10-20 19:01:43.106 [main] INFO  c.a.n.p.auth.spi.client.ClientAuthPluginManager - [ClientAuthPluginManager] Load ClientAuthService com.alibaba.nacos.client.auth.impl.NacosClientAuthServiceImpl success.
2025-10-20 19:01:43.107 [main] INFO  c.a.n.p.auth.spi.client.ClientAuthPluginManager - [ClientAuthPluginManager] Load ClientAuthService com.alibaba.nacos.client.auth.ram.RamClientAuthServiceImpl success.
2025-10-20 19:01:43.110 [main] INFO  c.a.n.client.auth.ram.identify.CredentialWatcher - null No credential found
2025-10-20 19:01:43.121 [main] INFO  com.alibaba.nacos.common.remote.client - [RpcClientFactory] create a new rpc client of 261d0591-f128-475b-8c34-a6b25eb5d933
2025-10-20 19:01:43.139 [main] INFO  com.alibaba.nacos.common.remote.client - [261d0591-f128-475b-8c34-a6b25eb5d933] RpcClient init, ServerListFactory = com.alibaba.nacos.client.naming.core.ServerListManager
2025-10-20 19:01:43.139 [main] INFO  com.alibaba.nacos.common.remote.client - [261d0591-f128-475b-8c34-a6b25eb5d933] Registry connection listener to current client:com.alibaba.nacos.client.naming.remote.gprc.redo.NamingGrpcRedoService
2025-10-20 19:01:43.140 [main] INFO  com.alibaba.nacos.common.remote.client - [261d0591-f128-475b-8c34-a6b25eb5d933] Register server push request handler:com.alibaba.nacos.client.naming.remote.gprc.NamingPushRequestHandler
2025-10-20 19:01:43.142 [main] INFO  com.alibaba.nacos.common.remote.client - [261d0591-f128-475b-8c34-a6b25eb5d933] Try to connect to server on start up, server: {serverIp = '8.134.88.169', server main port = 8848}
2025-10-20 19:01:43.182 [main] INFO  c.a.nacos.common.remote.client.grpc.GrpcClient - grpc client connection server:8.134.88.169 ip,serverPort:9848,grpcTslConfig:{"sslProvider":"OPENSSL","enableTls":false,"mutualAuthEnable":false,"trustAll":false}
2025-10-20 19:01:44.227 [main] INFO  com.alibaba.nacos.common.remote.client - [261d0591-f128-475b-8c34-a6b25eb5d933] Success to connect to server [8.134.88.169:8848] on start up, connectionId = 1760958104055_112.94.129.49_1133
2025-10-20 19:01:44.229 [com.alibaba.nacos.client.remote.worker] INFO  com.alibaba.nacos.common.remote.client - [261d0591-f128-475b-8c34-a6b25eb5d933] Notify connected event to listeners.
2025-10-20 19:01:44.229 [com.alibaba.nacos.client.remote.worker] INFO  com.alibaba.nacos.client.naming - Grpc connection connect
2025-10-20 19:01:44.229 [main] INFO  com.alibaba.nacos.common.remote.client - [261d0591-f128-475b-8c34-a6b25eb5d933] Register server push request handler:com.alibaba.nacos.common.remote.client.RpcClient$ConnectResetRequestHandler
2025-10-20 19:01:44.230 [main] INFO  com.alibaba.nacos.common.remote.client - [261d0591-f128-475b-8c34-a6b25eb5d933] Register server push request handler:com.alibaba.nacos.common.remote.client.RpcClient$$Lambda$1534/0x0000019127926400
2025-10-20 19:01:44.232 [main] INFO  com.alibaba.nacos.client.naming - [REGISTER-SERVICE] xiaohongshu registering service xiaohongshu-kv with instance Instance{instanceId='null', ip='10.2.66.25', port=8084, weight=1.0, healthy=true, enabled=true, ephemeral=true, clusterName='DEFAULT', serviceName='null', metadata={IPv6=null, preserved.register.source=SPRING_CLOUD}}
2025-10-20 19:01:44.251 [main] INFO  c.a.cloud.nacos.registry.NacosServiceRegistry - nacos registry, DEFAULT_GROUP xiaohongshu-kv 10.2.66.25:8084 register finished
2025-10-20 19:01:44.473 [main] INFO  c.z.xiaohongshu.kv.biz.XiaohongshuKVBizApplication - Started XiaohongshuKVBizApplication in 7.573 seconds (process running for 8.392)
2025-10-20 21:22:56.737 [http-nio-8084-exec-1] INFO  o.a.c.core.ContainerBase.[Tomcat].[localhost].[/] - Initializing Spring DispatcherServlet 'dispatcherServlet'
2025-10-20 21:22:56.757 [http-nio-8084-exec-1] INFO  org.springframework.web.servlet.DispatcherServlet - Initializing Servlet 'dispatcherServlet'
2025-10-20 21:22:56.853 [http-nio-8084-exec-1] INFO  org.springframework.web.servlet.DispatcherServlet - Completed initialization in 93 ms
2025-10-20 21:22:57.426 [http-nio-8084-exec-2] INFO  c.z.f.b.operationlog.aspect.ApiOperationLogAspect - ====== 请求开始: [批量查询评论内容], 入参: {"noteId":1978823606712434691,"commentContentKeys":[{"yearMonth":"2025-10","contentId":"42e1edbc-7eea-4273-a6c2-c5b6be83bc1e"},{"yearMonth":"2025-10","contentId":"5cd03f51-aef4-4eab-b5df-b4ef95bf570d"}]}, 请求类: CommentContentController, 请求方法: batchFindCommentContent =================================== 
2025-10-20 21:22:57.999 [http-nio-8084-exec-2] INFO  c.z.f.b.operationlog.aspect.ApiOperationLogAspect - ====== 请求结束: [批量查询评论内容], 耗时: 587ms, 出参: {"success":true,"message":null,"errorCode":null,"data":[{"contentId":"42e1edbc-7eea-4273-a6c2-c5b6be83bc1e","content":"好看好看😀"},{"contentId":"5cd03f51-aef4-4eab-b5df-b4ef95bf570d","content":"不错"}]} =================================== 
2025-10-20 23:03:06.695 [http-nio-8084-exec-5] INFO  c.z.f.b.operationlog.aspect.ApiOperationLogAspect - ====== 请求开始: [批量存储评论内容], 入参: {"comments":[{"noteId":1978823606712434691,"yearMonth":"2025-10","contentId":"049bf787-c1cd-4fd7-accd-554abd324633","content":"二级评论列表"}]}, 请求类: CommentContentController, 请求方法: batchAddCommentContent =================================== 
2025-10-20 23:03:06.976 [http-nio-8084-exec-5] INFO  c.z.f.b.operationlog.aspect.ApiOperationLogAspect - ====== 请求结束: [批量存储评论内容], 耗时: 289ms, 出参: {"success":true,"message":null,"errorCode":null,"data":null} =================================== 
2025-10-20 23:03:17.918 [http-nio-8084-exec-6] INFO  c.z.f.b.operationlog.aspect.ApiOperationLogAspect - ====== 请求开始: [批量存储评论内容], 入参: {"comments":[{"noteId":1978823606712434691,"yearMonth":"2025-10","contentId":"79a1f028-2ccf-4c64-9e16-74da93144196","content":"用户回复二级评论"}]}, 请求类: CommentContentController, 请求方法: batchAddCommentContent =================================== 
2025-10-20 23:03:17.925 [http-nio-8084-exec-6] INFO  c.z.f.b.operationlog.aspect.ApiOperationLogAspect - ====== 请求结束: [批量存储评论内容], 耗时: 7ms, 出参: {"success":true,"message":null,"errorCode":null,"data":null} =================================== 
2025-10-20 23:03:20.974 [http-nio-8084-exec-7] INFO  c.z.f.b.operationlog.aspect.ApiOperationLogAspect - ====== 请求开始: [批量查询评论内容], 入参: {"noteId":1978823606712434691,"commentContentKeys":[{"yearMonth":"2025-10","contentId":"42e1edbc-7eea-4273-a6c2-c5b6be83bc1e"},{"yearMonth":"2025-10","contentId":"5cd03f51-aef4-4eab-b5df-b4ef95bf570d"}]}, 请求类: CommentContentController, 请求方法: batchFindCommentContent =================================== 
2025-10-20 23:03:21.029 [http-nio-8084-exec-7] INFO  c.z.f.b.operationlog.aspect.ApiOperationLogAspect - ====== 请求结束: [批量查询评论内容], 耗时: 55ms, 出参: {"success":true,"message":null,"errorCode":null,"data":[{"contentId":"42e1edbc-7eea-4273-a6c2-c5b6be83bc1e","content":"好看好看😀"},{"contentId":"5cd03f51-aef4-4eab-b5df-b4ef95bf570d","content":"不错"}]} =================================== 
2025-10-20 23:03:22.180 [http-nio-8084-exec-8] INFO  c.z.f.b.operationlog.aspect.ApiOperationLogAspect - ====== 请求开始: [批量查询评论内容], 入参: {"noteId":1978823606712434691,"commentContentKeys":[{"yearMonth":"2025-10","contentId":"5cd03f51-aef4-4eab-b5df-b4ef95bf570d"},{"yearMonth":"2025-10","contentId":"049bf787-c1cd-4fd7-accd-554abd324633"},{"yearMonth":"2025-10","contentId":"79a1f028-2ccf-4c64-9e16-74da93144196"}]}, 请求类: CommentContentController, 请求方法: batchFindCommentContent =================================== 
2025-10-20 23:03:22.195 [http-nio-8084-exec-8] INFO  c.z.f.b.operationlog.aspect.ApiOperationLogAspect - ====== 请求结束: [批量查询评论内容], 耗时: 16ms, 出参: {"success":true,"message":null,"errorCode":null,"data":[{"contentId":"049bf787-c1cd-4fd7-accd-554abd324633","content":"二级评论列表"},{"contentId":"5cd03f51-aef4-4eab-b5df-b4ef95bf570d","content":"不错"},{"contentId":"79a1f028-2ccf-4c64-9e16-74da93144196","content":"用户回复二级评论"}]} =================================== 
2025-10-20 23:07:21.205 [http-nio-8084-exec-10] INFO  c.z.f.b.operationlog.aspect.ApiOperationLogAspect - ====== 请求开始: [批量查询评论内容], 入参: {"noteId":1978823606712434691,"commentContentKeys":[{"yearMonth":"2025-10","contentId":"42e1edbc-7eea-4273-a6c2-c5b6be83bc1e"},{"yearMonth":"2025-10","contentId":"5cd03f51-aef4-4eab-b5df-b4ef95bf570d"}]}, 请求类: CommentContentController, 请求方法: batchFindCommentContent =================================== 
2025-10-20 23:07:21.278 [http-nio-8084-exec-10] INFO  c.z.f.b.operationlog.aspect.ApiOperationLogAspect - ====== 请求结束: [批量查询评论内容], 耗时: 71ms, 出参: {"success":true,"message":null,"errorCode":null,"data":[{"contentId":"42e1edbc-7eea-4273-a6c2-c5b6be83bc1e","content":"好看好看😀"},{"contentId":"5cd03f51-aef4-4eab-b5df-b4ef95bf570d","content":"不错"}]} =================================== 
2025-10-20 23:07:24.968 [http-nio-8084-exec-1] INFO  c.z.f.b.operationlog.aspect.ApiOperationLogAspect - ====== 请求开始: [批量查询评论内容], 入参: {"noteId":1978823606712434691,"commentContentKeys":[{"yearMonth":"2025-10","contentId":"5cd03f51-aef4-4eab-b5df-b4ef95bf570d"},{"yearMonth":"2025-10","contentId":"049bf787-c1cd-4fd7-accd-554abd324633"},{"yearMonth":"2025-10","contentId":"79a1f028-2ccf-4c64-9e16-74da93144196"}]}, 请求类: CommentContentController, 请求方法: batchFindCommentContent =================================== 
2025-10-20 23:07:24.979 [http-nio-8084-exec-1] INFO  c.z.f.b.operationlog.aspect.ApiOperationLogAspect - ====== 请求结束: [批量查询评论内容], 耗时: 11ms, 出参: {"success":true,"message":null,"errorCode":null,"data":[{"contentId":"049bf787-c1cd-4fd7-accd-554abd324633","content":"二级评论列表"},{"contentId":"5cd03f51-aef4-4eab-b5df-b4ef95bf570d","content":"不错"},{"contentId":"79a1f028-2ccf-4c64-9e16-74da93144196","content":"用户回复二级评论"}]} =================================== 
2025-10-20 23:08:13.772 [http-nio-8084-exec-3] INFO  c.z.f.b.operationlog.aspect.ApiOperationLogAspect - ====== 请求开始: [批量查询评论内容], 入参: {"noteId":1978823606712434691,"commentContentKeys":[{"yearMonth":"2025-10","contentId":"42e1edbc-7eea-4273-a6c2-c5b6be83bc1e"},{"yearMonth":"2025-10","contentId":"5cd03f51-aef4-4eab-b5df-b4ef95bf570d"}]}, 请求类: CommentContentController, 请求方法: batchFindCommentContent =================================== 
2025-10-20 23:08:13.794 [http-nio-8084-exec-3] INFO  c.z.f.b.operationlog.aspect.ApiOperationLogAspect - ====== 请求结束: [批量查询评论内容], 耗时: 23ms, 出参: {"success":true,"message":null,"errorCode":null,"data":[{"contentId":"42e1edbc-7eea-4273-a6c2-c5b6be83bc1e","content":"好看好看😀"},{"contentId":"5cd03f51-aef4-4eab-b5df-b4ef95bf570d","content":"不错"}]} =================================== 
2025-10-20 23:13:02.384 [http-nio-8084-exec-5] INFO  c.z.f.b.operationlog.aspect.ApiOperationLogAspect - ====== 请求开始: [批量查询评论内容], 入参: {"noteId":1978823606712434691,"commentContentKeys":[{"yearMonth":"2025-10","contentId":"5cd03f51-aef4-4eab-b5df-b4ef95bf570d"},{"yearMonth":"2025-10","contentId":"049bf787-c1cd-4fd7-accd-554abd324633"},{"yearMonth":"2025-10","contentId":"79a1f028-2ccf-4c64-9e16-74da93144196"}]}, 请求类: CommentContentController, 请求方法: batchFindCommentContent =================================== 
2025-10-20 23:13:02.422 [http-nio-8084-exec-5] INFO  c.z.f.b.operationlog.aspect.ApiOperationLogAspect - ====== 请求结束: [批量查询评论内容], 耗时: 42ms, 出参: {"success":true,"message":null,"errorCode":null,"data":[{"contentId":"049bf787-c1cd-4fd7-accd-554abd324633","content":"二级评论列表"},{"contentId":"5cd03f51-aef4-4eab-b5df-b4ef95bf570d","content":"不错"},{"contentId":"79a1f028-2ccf-4c64-9e16-74da93144196","content":"用户回复二级评论"}]} =================================== 
2025-10-20 23:23:31.104 [http-nio-8084-exec-7] INFO  c.z.f.b.operationlog.aspect.ApiOperationLogAspect - ====== 请求开始: [批量查询评论内容], 入参: {"noteId":1978823606712434691,"commentContentKeys":[{"yearMonth":"2025-10","contentId":"42e1edbc-7eea-4273-a6c2-c5b6be83bc1e"},{"yearMonth":"2025-10","contentId":"5cd03f51-aef4-4eab-b5df-b4ef95bf570d"}]}, 请求类: CommentContentController, 请求方法: batchFindCommentContent =================================== 
2025-10-20 23:23:31.165 [http-nio-8084-exec-7] INFO  c.z.f.b.operationlog.aspect.ApiOperationLogAspect - ====== 请求结束: [批量查询评论内容], 耗时: 61ms, 出参: {"success":true,"message":null,"errorCode":null,"data":[{"contentId":"42e1edbc-7eea-4273-a6c2-c5b6be83bc1e","content":"好看好看😀"},{"contentId":"5cd03f51-aef4-4eab-b5df-b4ef95bf570d","content":"不错"}]} =================================== 
2025-10-20 23:25:00.793 [http-nio-8084-exec-9] INFO  c.z.f.b.operationlog.aspect.ApiOperationLogAspect - ====== 请求开始: [批量存储评论内容], 入参: {"comments":[{"noteId":1978823606712434691,"yearMonth":"2025-10","contentId":"f04267a1-5559-4788-b964-fddb944adec9","content":"图片评论测试-"}]}, 请求类: CommentContentController, 请求方法: batchAddCommentContent =================================== 
2025-10-20 23:25:00.870 [http-nio-8084-exec-9] INFO  c.z.f.b.operationlog.aspect.ApiOperationLogAspect - ====== 请求结束: [批量存储评论内容], 耗时: 79ms, 出参: {"success":true,"message":null,"errorCode":null,"data":null} =================================== 
2025-10-20 23:25:03.539 [http-nio-8084-exec-10] INFO  c.z.f.b.operationlog.aspect.ApiOperationLogAspect - ====== 请求开始: [批量查询评论内容], 入参: {"noteId":1978823606712434691,"commentContentKeys":[{"yearMonth":"2025-10","contentId":"f04267a1-5559-4788-b964-fddb944adec9"}]}, 请求类: CommentContentController, 请求方法: batchFindCommentContent =================================== 
2025-10-20 23:25:03.548 [http-nio-8084-exec-10] INFO  c.z.f.b.operationlog.aspect.ApiOperationLogAspect - ====== 请求结束: [批量查询评论内容], 耗时: 9ms, 出参: {"success":true,"message":null,"errorCode":null,"data":[{"contentId":"f04267a1-5559-4788-b964-fddb944adec9","content":"图片评论测试-"}]} =================================== 
2025-10-20 23:27:10.894 [Thread-21] WARN  com.alibaba.nacos.common.notify.NotifyCenter - [NotifyCenter] Start destroying Publisher
2025-10-20 23:27:10.894 [Thread-24] WARN  c.alibaba.nacos.common.http.HttpClientBeanHolder - [HttpClientBeanHolder] Start destroying common HttpClient
2025-10-20 23:27:10.896 [Thread-21] WARN  com.alibaba.nacos.common.notify.NotifyCenter - [NotifyCenter] Destruction of the end
2025-10-20 23:27:10.915 [Thread-24] WARN  c.alibaba.nacos.common.http.HttpClientBeanHolder - [HttpClientBeanHolder] Destruction of the end
2025-10-20 23:27:13.573 [SpringApplicationShutdownHook] INFO  c.a.cloud.nacos.registry.NacosServiceRegistry - De-registering from Nacos Server now...
2025-10-20 23:27:13.575 [SpringApplicationShutdownHook] INFO  com.alibaba.nacos.client.naming - [DEREGISTER-SERVICE] xiaohongshu deregistering service xiaohongshu-kv with instance: Instance{instanceId='null', ip='10.2.66.25', port=8084, weight=1.0, healthy=true, enabled=true, ephemeral=true, clusterName='DEFAULT', serviceName='null', metadata={}}
2025-10-20 23:27:13.608 [SpringApplicationShutdownHook] INFO  c.a.cloud.nacos.registry.NacosServiceRegistry - De-registration finished.
2025-10-20 23:27:13.612 [SpringApplicationShutdownHook] INFO  com.alibaba.nacos.client.naming - com.alibaba.nacos.client.naming.cache.ServiceInfoHolder do shutdown begin
2025-10-20 23:27:13.612 [SpringApplicationShutdownHook] INFO  com.alibaba.nacos.client.naming - com.alibaba.nacos.client.naming.backups.FailoverReactor do shutdown begin
2025-10-20 23:27:13.613 [SpringApplicationShutdownHook] INFO  com.alibaba.nacos.client.naming - com.alibaba.nacos.client.naming.backups.FailoverReactor do shutdown stop
2025-10-20 23:27:13.613 [SpringApplicationShutdownHook] INFO  com.alibaba.nacos.client.naming - com.alibaba.nacos.client.naming.cache.ServiceInfoHolder do shutdown stop
2025-10-20 23:27:13.614 [SpringApplicationShutdownHook] INFO  com.alibaba.nacos.client.naming - com.alibaba.nacos.client.naming.remote.NamingClientProxyDelegate do shutdown begin
2025-10-20 23:27:13.614 [SpringApplicationShutdownHook] INFO  com.alibaba.nacos.client.naming - com.alibaba.nacos.client.naming.core.ServiceInfoUpdateService do shutdown begin
2025-10-20 23:27:13.614 [SpringApplicationShutdownHook] INFO  com.alibaba.nacos.client.naming - com.alibaba.nacos.client.naming.core.ServiceInfoUpdateService do shutdown stop
2025-10-20 23:27:13.614 [SpringApplicationShutdownHook] INFO  com.alibaba.nacos.client.naming - com.alibaba.nacos.client.naming.core.ServerListManager do shutdown begin
2025-10-20 23:27:13.614 [SpringApplicationShutdownHook] WARN  com.alibaba.nacos.client.naming - [NamingHttpClientManager] Start destroying NacosRestTemplate
2025-10-20 23:27:13.615 [SpringApplicationShutdownHook] WARN  com.alibaba.nacos.client.naming - [NamingHttpClientManager] Destruction of the end
2025-10-20 23:27:13.615 [SpringApplicationShutdownHook] INFO  com.alibaba.nacos.client.naming - com.alibaba.nacos.client.naming.core.ServerListManager do shutdown stop
2025-10-20 23:27:13.615 [SpringApplicationShutdownHook] INFO  com.alibaba.nacos.client.naming - com.alibaba.nacos.client.naming.remote.http.NamingHttpClientProxy do shutdown begin
2025-10-20 23:27:13.615 [SpringApplicationShutdownHook] WARN  com.alibaba.nacos.client.naming - [NamingHttpClientManager] Start destroying NacosRestTemplate
2025-10-20 23:27:13.615 [SpringApplicationShutdownHook] WARN  com.alibaba.nacos.client.naming - [NamingHttpClientManager] Destruction of the end
2025-10-20 23:27:13.615 [SpringApplicationShutdownHook] INFO  com.alibaba.nacos.client.naming - com.alibaba.nacos.client.naming.remote.http.NamingHttpClientProxy do shutdown stop
2025-10-20 23:27:13.615 [SpringApplicationShutdownHook] INFO  com.alibaba.nacos.common.remote.client - Shutdown rpc client, set status to shutdown
2025-10-20 23:27:13.615 [SpringApplicationShutdownHook] INFO  com.alibaba.nacos.common.remote.client - Shutdown client event executor java.util.concurrent.ScheduledThreadPoolExecutor@46d77b9[Running, pool size = 2, active threads = 2, queued tasks = 0, completed tasks = 0]
2025-10-20 23:27:13.616 [SpringApplicationShutdownHook] INFO  com.alibaba.nacos.common.remote.client - Close current connection 1760958104055_112.94.129.49_1133
2025-10-20 23:27:13.630 [nacos-grpc-client-executor-8.134.88.169-3201] INFO  c.a.nacos.common.remote.client.grpc.GrpcClient - [1760958104055_112.94.129.49_1133]Ignore complete event,isRunning:false,isAbandon=false
2025-10-20 23:27:13.667 [SpringApplicationShutdownHook] INFO  c.a.nacos.common.remote.client.grpc.GrpcClient - Shutdown grpc executor java.util.concurrent.ThreadPoolExecutor@2ea48d94[Running, pool size = 4, active threads = 0, queued tasks = 0, completed tasks = 3202]
2025-10-20 23:27:13.667 [SpringApplicationShutdownHook] INFO  com.alibaba.nacos.client.naming - Shutdown grpc redo service executor java.util.concurrent.ScheduledThreadPoolExecutor@41b989f[Running, pool size = 1, active threads = 0, queued tasks = 1, completed tasks = 5296]
2025-10-20 23:27:13.668 [SpringApplicationShutdownHook] INFO  c.a.n.client.auth.ram.identify.CredentialWatcher - [null] CredentialWatcher is stopped
2025-10-20 23:27:13.669 [SpringApplicationShutdownHook] INFO  c.a.n.client.auth.ram.identify.CredentialService - [null] CredentialService is freed
2025-10-20 23:27:13.669 [SpringApplicationShutdownHook] INFO  com.alibaba.nacos.client.naming - com.alibaba.nacos.client.naming.remote.NamingClientProxyDelegate do shutdown stop
