2025-10-09 23:37:14.710 [main] WARN  com.alibaba.nacos.client.logging.NacosLogging - Load Logback Configuration of Nacos fail, message: Could not initialize Logback Nacos logging from classpath:nacos-logback.xml
2025-10-09 23:37:14.770 [main] WARN  com.alibaba.nacos.client.logging.NacosLogging - Load Logback Configuration of Nacos fail, message: Could not initialize Logback Nacos logging from classpath:nacos-logback.xml
2025-10-09 23:37:15.335 [main] WARN  com.alibaba.nacos.client.logging.NacosLogging - Load Logback Configuration of Nacos fail, message: Could not initialize Logback Nacos logging from classpath:nacos-logback.xml
2025-10-09 23:37:15.349 [main] WARN  com.alibaba.nacos.client.logging.NacosLogging - Load Logback Configuration of Nacos fail, message: Could not initialize Logback Nacos logging from classpath:nacos-logback.xml
2025-10-09 23:37:15.350 [main] INFO  c.z.xiaohongshu.kv.biz.XiaohongshuKVBizApplication - The following 1 profile is active: "dev"
2025-10-09 23:37:15.963 [main] INFO  o.s.d.r.config.RepositoryConfigurationDelegate - Bootstrapping Spring Data Reactive Cassandra repositories in DEFAULT mode.
2025-10-09 23:37:16.116 [main] INFO  o.s.d.r.config.RepositoryConfigurationDelegate - Finished Spring Data repository scanning in 148 ms. Found 0 Reactive Cassandra repository interfaces.
2025-10-09 23:37:16.121 [main] INFO  o.s.d.r.config.RepositoryConfigurationDelegate - Bootstrapping Spring Data Cassandra repositories in DEFAULT mode.
2025-10-09 23:37:16.146 [main] INFO  o.s.d.r.config.RepositoryConfigurationDelegate - Finished Spring Data repository scanning in 23 ms. Found 2 Cassandra repository interfaces.
2025-10-09 23:37:16.347 [main] INFO  o.springframework.cloud.context.scope.GenericScope - BeanFactory id=c8e68e17-7ac0-3fe4-8b17-a6cf569ac420
2025-10-09 23:37:16.860 [main] INFO  o.s.boot.web.embedded.tomcat.TomcatWebServer - Tomcat initialized with port(s): 8084 (http)
2025-10-09 23:37:16.861 [main] INFO  org.apache.catalina.core.AprLifecycleListener - Loaded Apache Tomcat Native library [2.0.3] using APR version [1.7.2].
2025-10-09 23:37:16.865 [main] INFO  org.apache.catalina.core.AprLifecycleListener - OpenSSL successfully initialized [OpenSSL 3.0.8 7 Feb 2023]
2025-10-09 23:37:16.876 [main] INFO  org.apache.catalina.core.StandardService - Starting service [Tomcat]
2025-10-09 23:37:16.877 [main] INFO  org.apache.catalina.core.StandardEngine - Starting Servlet engine: [Apache Tomcat/10.1.5]
2025-10-09 23:37:16.978 [main] INFO  o.a.c.core.ContainerBase.[Tomcat].[localhost].[/] - Initializing Spring embedded WebApplicationContext
2025-10-09 23:37:16.979 [main] INFO  o.s.b.w.s.c.ServletWebServerApplicationContext - Root WebApplicationContext: initialization completed in 1613 ms
2025-10-09 23:37:17.343 [main] INFO  c.d.o.driver.internal.core.DefaultMavenCoordinates - DataStax Java driver for Apache Cassandra(R) (com.datastax.oss:java-driver-core) version 4.15.0
2025-10-09 23:37:17.841 [s0-admin-0] INFO  com.datastax.oss.driver.internal.core.time.Clock - Using native clock for microsecond precision
2025-10-09 23:37:18.057 [s0-admin-1] WARN  c.d.o.d.internal.core.control.ControlConnection - [s0] Error connecting to Node(endPoint=127.0.0.1/<unresolved>:9042, hostId=null, hashCode=63d08b5b), trying next node (ConnectionInitException: [s0|control|id: 0x7e849bc4, L:/127.0.0.1:65482 - R:/127.0.0.1:9042] Protocol initialization request, step 1 (OPTIONS): unexpected failure (com.datastax.oss.driver.api.core.connection.ClosedConnectionException: Lost connection to remote peer))
2025-10-09 23:37:20.147 [main] WARN  o.s.b.w.s.c.AnnotationConfigServletWebServerApplicationContext - Exception encountered during context initialization - cancelling refresh attempt: org.springframework.beans.factory.BeanCreationException: Error creating bean with name 'commentContentController': Injection of resource dependencies failed
2025-10-09 23:37:20.149 [main] INFO  org.apache.catalina.core.StandardService - Stopping service [Tomcat]
2025-10-09 23:37:20.164 [main] INFO  o.s.b.a.logging.ConditionEvaluationReportLogger - 

Error starting ApplicationContext. To display the condition evaluation report re-run your application with 'debug' enabled.
2025-10-09 23:37:20.180 [main] ERROR org.springframework.boot.SpringApplication - Application run failed
org.springframework.beans.factory.BeanCreationException: Error creating bean with name 'commentContentController': Injection of resource dependencies failed
	at org.springframework.context.annotation.CommonAnnotationBeanPostProcessor.postProcessProperties(CommonAnnotationBeanPostProcessor.java:303)
	at org.springframework.beans.factory.support.AbstractAutowireCapableBeanFactory.populateBean(AbstractAutowireCapableBeanFactory.java:1397)
	at org.springframework.beans.factory.support.AbstractAutowireCapableBeanFactory.doCreateBean(AbstractAutowireCapableBeanFactory.java:598)
	at org.springframework.beans.factory.support.AbstractAutowireCapableBeanFactory.createBean(AbstractAutowireCapableBeanFactory.java:521)
	at org.springframework.beans.factory.support.AbstractBeanFactory.lambda$doGetBean$0(AbstractBeanFactory.java:326)
	at org.springframework.beans.factory.support.DefaultSingletonBeanRegistry.getSingleton(DefaultSingletonBeanRegistry.java:234)
	at org.springframework.beans.factory.support.AbstractBeanFactory.doGetBean(AbstractBeanFactory.java:324)
	at org.springframework.beans.factory.support.AbstractBeanFactory.getBean(AbstractBeanFactory.java:200)
	at org.springframework.beans.factory.support.DefaultListableBeanFactory.preInstantiateSingletons(DefaultListableBeanFactory.java:961)
	at org.springframework.context.support.AbstractApplicationContext.finishBeanFactoryInitialization(AbstractApplicationContext.java:915)
	at org.springframework.context.support.AbstractApplicationContext.refresh(AbstractApplicationContext.java:584)
	at org.springframework.boot.web.servlet.context.ServletWebServerApplicationContext.refresh(ServletWebServerApplicationContext.java:146)
	at org.springframework.boot.SpringApplication.refresh(SpringApplication.java:730)
	at org.springframework.boot.SpringApplication.refreshContext(SpringApplication.java:432)
	at org.springframework.boot.SpringApplication.run(SpringApplication.java:308)
	at org.springframework.boot.SpringApplication.run(SpringApplication.java:1302)
	at org.springframework.boot.SpringApplication.run(SpringApplication.java:1291)
	at com.zry.xiaohongshu.kv.biz.XiaohongshuKVBizApplication.main(XiaohongshuKVBizApplication.java:9)
Caused by: org.springframework.beans.factory.BeanCreationException: Error creating bean with name 'commentContentServiceImpl': Injection of resource dependencies failed
	at org.springframework.context.annotation.CommonAnnotationBeanPostProcessor.postProcessProperties(CommonAnnotationBeanPostProcessor.java:303)
	at org.springframework.beans.factory.support.AbstractAutowireCapableBeanFactory.populateBean(AbstractAutowireCapableBeanFactory.java:1397)
	at org.springframework.beans.factory.support.AbstractAutowireCapableBeanFactory.doCreateBean(AbstractAutowireCapableBeanFactory.java:598)
	at org.springframework.beans.factory.support.AbstractAutowireCapableBeanFactory.createBean(AbstractAutowireCapableBeanFactory.java:521)
	at org.springframework.beans.factory.support.AbstractBeanFactory.lambda$doGetBean$0(AbstractBeanFactory.java:326)
	at org.springframework.beans.factory.support.DefaultSingletonBeanRegistry.getSingleton(DefaultSingletonBeanRegistry.java:234)
	at org.springframework.beans.factory.support.AbstractBeanFactory.doGetBean(AbstractBeanFactory.java:324)
	at org.springframework.beans.factory.support.AbstractBeanFactory.getBean(AbstractBeanFactory.java:200)
	at org.springframework.beans.factory.config.DependencyDescriptor.resolveCandidate(DependencyDescriptor.java:254)
	at org.springframework.beans.factory.support.DefaultListableBeanFactory.doResolveDependency(DefaultListableBeanFactory.java:1405)
	at org.springframework.beans.factory.support.DefaultListableBeanFactory.resolveDependency(DefaultListableBeanFactory.java:1325)
	at org.springframework.context.annotation.CommonAnnotationBeanPostProcessor.autowireResource(CommonAnnotationBeanPostProcessor.java:490)
	at org.springframework.context.annotation.CommonAnnotationBeanPostProcessor.getResource(CommonAnnotationBeanPostProcessor.java:467)
	at org.springframework.context.annotation.CommonAnnotationBeanPostProcessor$ResourceElement.getResourceToInject(CommonAnnotationBeanPostProcessor.java:618)
	at org.springframework.beans.factory.annotation.InjectionMetadata$InjectedElement.inject(InjectionMetadata.java:242)
	at org.springframework.beans.factory.annotation.InjectionMetadata.inject(InjectionMetadata.java:133)
	at org.springframework.context.annotation.CommonAnnotationBeanPostProcessor.postProcessProperties(CommonAnnotationBeanPostProcessor.java:300)
	... 17 common frames omitted
Caused by: org.springframework.beans.factory.BeanCreationException: Error creating bean with name 'cassandraTemplate' defined in class path resource [com/zry/xiaohongshu/kv/biz/config/CassandraConfig.class]: Failed to instantiate [org.springframework.data.cassandra.core.CassandraAdminTemplate]: Factory method 'cassandraTemplate' threw exception with message: Error creating bean with name 'cassandraSessionFactory' defined in class path resource [com/zry/xiaohongshu/kv/biz/config/CassandraConfig.class]: Unsatisfied dependency expressed through method 'cassandraSessionFactory' parameter 0: Error creating bean with name 'cassandraSession' defined in class path resource [com/zry/xiaohongshu/kv/biz/config/CassandraConfig.class]: Could not reach any contact point, make sure you've provided valid addresses (showing first 1 nodes, use getAllErrors() for more): Node(endPoint=127.0.0.1/<unresolved>:9042, hostId=null, hashCode=63d08b5b): [com.datastax.oss.driver.api.core.connection.ConnectionInitException: [s0|control|id: 0x7e849bc4, L:/127.0.0.1:65482 - R:/127.0.0.1:9042] Protocol initialization request, step 1 (OPTIONS): unexpected failure (com.datastax.oss.driver.api.core.connection.ClosedConnectionException: Lost connection to remote peer)]
	at org.springframework.beans.factory.support.ConstructorResolver.instantiate(ConstructorResolver.java:657)
	at org.springframework.beans.factory.support.ConstructorResolver.instantiateUsingFactoryMethod(ConstructorResolver.java:491)
	at org.springframework.beans.factory.support.AbstractAutowireCapableBeanFactory.instantiateUsingFactoryMethod(AbstractAutowireCapableBeanFactory.java:1324)
	at org.springframework.beans.factory.support.AbstractAutowireCapableBeanFactory.createBeanInstance(AbstractAutowireCapableBeanFactory.java:1161)
	at org.springframework.beans.factory.support.AbstractAutowireCapableBeanFactory.doCreateBean(AbstractAutowireCapableBeanFactory.java:561)
	at org.springframework.beans.factory.support.AbstractAutowireCapableBeanFactory.createBean(AbstractAutowireCapableBeanFactory.java:521)
	at org.springframework.beans.factory.support.AbstractBeanFactory.lambda$doGetBean$0(AbstractBeanFactory.java:326)
	at org.springframework.beans.factory.support.DefaultSingletonBeanRegistry.getSingleton(DefaultSingletonBeanRegistry.java:234)
	at org.springframework.beans.factory.support.AbstractBeanFactory.doGetBean(AbstractBeanFactory.java:324)
	at org.springframework.beans.factory.support.AbstractBeanFactory.getBean(AbstractBeanFactory.java:205)
	at org.springframework.beans.factory.support.AbstractAutowireCapableBeanFactory.resolveBeanByName(AbstractAutowireCapableBeanFactory.java:458)
	at org.springframework.context.annotation.CommonAnnotationBeanPostProcessor.autowireResource(CommonAnnotationBeanPostProcessor.java:496)
	at org.springframework.context.annotation.CommonAnnotationBeanPostProcessor.getResource(CommonAnnotationBeanPostProcessor.java:467)
	at org.springframework.context.annotation.CommonAnnotationBeanPostProcessor$ResourceElement.getResourceToInject(CommonAnnotationBeanPostProcessor.java:618)
	at org.springframework.beans.factory.annotation.InjectionMetadata$InjectedElement.inject(InjectionMetadata.java:242)
	at org.springframework.beans.factory.annotation.InjectionMetadata.inject(InjectionMetadata.java:133)
	at org.springframework.context.annotation.CommonAnnotationBeanPostProcessor.postProcessProperties(CommonAnnotationBeanPostProcessor.java:300)
	... 33 common frames omitted
Caused by: org.springframework.beans.BeanInstantiationException: Failed to instantiate [org.springframework.data.cassandra.core.CassandraAdminTemplate]: Factory method 'cassandraTemplate' threw exception with message: Error creating bean with name 'cassandraSessionFactory' defined in class path resource [com/zry/xiaohongshu/kv/biz/config/CassandraConfig.class]: Unsatisfied dependency expressed through method 'cassandraSessionFactory' parameter 0: Error creating bean with name 'cassandraSession' defined in class path resource [com/zry/xiaohongshu/kv/biz/config/CassandraConfig.class]: Could not reach any contact point, make sure you've provided valid addresses (showing first 1 nodes, use getAllErrors() for more): Node(endPoint=127.0.0.1/<unresolved>:9042, hostId=null, hashCode=63d08b5b): [com.datastax.oss.driver.api.core.connection.ConnectionInitException: [s0|control|id: 0x7e849bc4, L:/127.0.0.1:65482 - R:/127.0.0.1:9042] Protocol initialization request, step 1 (OPTIONS): unexpected failure (com.datastax.oss.driver.api.core.connection.ClosedConnectionException: Lost connection to remote peer)]
	at org.springframework.beans.factory.support.SimpleInstantiationStrategy.instantiate(SimpleInstantiationStrategy.java:171)
	at org.springframework.beans.factory.support.ConstructorResolver.instantiate(ConstructorResolver.java:653)
	... 49 common frames omitted
Caused by: org.springframework.beans.factory.UnsatisfiedDependencyException: Error creating bean with name 'cassandraSessionFactory' defined in class path resource [com/zry/xiaohongshu/kv/biz/config/CassandraConfig.class]: Unsatisfied dependency expressed through method 'cassandraSessionFactory' parameter 0: Error creating bean with name 'cassandraSession' defined in class path resource [com/zry/xiaohongshu/kv/biz/config/CassandraConfig.class]: Could not reach any contact point, make sure you've provided valid addresses (showing first 1 nodes, use getAllErrors() for more): Node(endPoint=127.0.0.1/<unresolved>:9042, hostId=null, hashCode=63d08b5b): [com.datastax.oss.driver.api.core.connection.ConnectionInitException: [s0|control|id: 0x7e849bc4, L:/127.0.0.1:65482 - R:/127.0.0.1:9042] Protocol initialization request, step 1 (OPTIONS): unexpected failure (com.datastax.oss.driver.api.core.connection.ClosedConnectionException: Lost connection to remote peer)]
	at org.springframework.beans.factory.support.ConstructorResolver.createArgumentArray(ConstructorResolver.java:798)
	at org.springframework.beans.factory.support.ConstructorResolver.instantiateUsingFactoryMethod(ConstructorResolver.java:548)
	at org.springframework.beans.factory.support.AbstractAutowireCapableBeanFactory.instantiateUsingFactoryMethod(AbstractAutowireCapableBeanFactory.java:1324)
	at org.springframework.beans.factory.support.AbstractAutowireCapableBeanFactory.createBeanInstance(AbstractAutowireCapableBeanFactory.java:1161)
	at org.springframework.beans.factory.support.AbstractAutowireCapableBeanFactory.doCreateBean(AbstractAutowireCapableBeanFactory.java:561)
	at org.springframework.beans.factory.support.AbstractAutowireCapableBeanFactory.createBean(AbstractAutowireCapableBeanFactory.java:521)
	at org.springframework.beans.factory.support.AbstractBeanFactory.lambda$doGetBean$0(AbstractBeanFactory.java:326)
	at org.springframework.beans.factory.support.DefaultSingletonBeanRegistry.getSingleton(DefaultSingletonBeanRegistry.java:234)
	at org.springframework.beans.factory.support.AbstractBeanFactory.doGetBean(AbstractBeanFactory.java:324)
	at org.springframework.beans.factory.support.AbstractBeanFactory.getBean(AbstractBeanFactory.java:225)
	at org.springframework.beans.factory.support.DefaultListableBeanFactory.resolveNamedBean(DefaultListableBeanFactory.java:1298)
	at org.springframework.beans.factory.support.DefaultListableBeanFactory.resolveNamedBean(DefaultListableBeanFactory.java:1259)
	at org.springframework.beans.factory.support.DefaultListableBeanFactory.resolveBean(DefaultListableBeanFactory.java:483)
	at org.springframework.beans.factory.support.DefaultListableBeanFactory.getBean(DefaultListableBeanFactory.java:338)
	at org.springframework.beans.factory.support.DefaultListableBeanFactory.getBean(DefaultListableBeanFactory.java:331)
	at org.springframework.data.cassandra.config.AbstractSessionConfiguration.requireBeanOfType(AbstractSessionConfiguration.java:103)
	at org.springframework.data.cassandra.config.AbstractCassandraConfiguration.getRequiredSessionFactory(AbstractCassandraConfiguration.java:245)
	at org.springframework.data.cassandra.config.AbstractCassandraConfiguration.cassandraTemplate(AbstractCassandraConfiguration.java:171)
	at com.zry.xiaohongshu.kv.biz.config.CassandraConfig$$SpringCGLIB$$0.CGLIB$cassandraTemplate$15(<generated>)
	at com.zry.xiaohongshu.kv.biz.config.CassandraConfig$$SpringCGLIB$$1.invoke(<generated>)
	at org.springframework.cglib.proxy.MethodProxy.invokeSuper(MethodProxy.java:258)
	at org.springframework.context.annotation.ConfigurationClassEnhancer$BeanMethodInterceptor.intercept(ConfigurationClassEnhancer.java:331)
	at com.zry.xiaohongshu.kv.biz.config.CassandraConfig$$SpringCGLIB$$0.cassandraTemplate(<generated>)
	at java.base/jdk.internal.reflect.NativeMethodAccessorImpl.invoke0(Native Method)
	at java.base/jdk.internal.reflect.NativeMethodAccessorImpl.invoke(NativeMethodAccessorImpl.java:77)
	at java.base/jdk.internal.reflect.DelegatingMethodAccessorImpl.invoke(DelegatingMethodAccessorImpl.java:43)
	at java.base/java.lang.reflect.Method.invoke(Method.java:568)
	at org.springframework.beans.factory.support.SimpleInstantiationStrategy.instantiate(SimpleInstantiationStrategy.java:139)
	... 50 common frames omitted
Caused by: org.springframework.beans.factory.BeanCreationException: Error creating bean with name 'cassandraSession' defined in class path resource [com/zry/xiaohongshu/kv/biz/config/CassandraConfig.class]: Could not reach any contact point, make sure you've provided valid addresses (showing first 1 nodes, use getAllErrors() for more): Node(endPoint=127.0.0.1/<unresolved>:9042, hostId=null, hashCode=63d08b5b): [com.datastax.oss.driver.api.core.connection.ConnectionInitException: [s0|control|id: 0x7e849bc4, L:/127.0.0.1:65482 - R:/127.0.0.1:9042] Protocol initialization request, step 1 (OPTIONS): unexpected failure (com.datastax.oss.driver.api.core.connection.ClosedConnectionException: Lost connection to remote peer)]
	at org.springframework.beans.factory.support.AbstractAutowireCapableBeanFactory.initializeBean(AbstractAutowireCapableBeanFactory.java:1751)
	at org.springframework.beans.factory.support.AbstractAutowireCapableBeanFactory.doCreateBean(AbstractAutowireCapableBeanFactory.java:599)
	at org.springframework.beans.factory.support.AbstractAutowireCapableBeanFactory.createBean(AbstractAutowireCapableBeanFactory.java:521)
	at org.springframework.beans.factory.support.AbstractBeanFactory.lambda$doGetBean$0(AbstractBeanFactory.java:326)
	at org.springframework.beans.factory.support.DefaultSingletonBeanRegistry.getSingleton(DefaultSingletonBeanRegistry.java:234)
	at org.springframework.beans.factory.support.AbstractBeanFactory.doGetBean(AbstractBeanFactory.java:324)
	at org.springframework.beans.factory.support.AbstractBeanFactory.getBean(AbstractBeanFactory.java:200)
	at org.springframework.beans.factory.config.DependencyDescriptor.resolveCandidate(DependencyDescriptor.java:254)
	at org.springframework.beans.factory.support.DefaultListableBeanFactory.doResolveDependency(DefaultListableBeanFactory.java:1405)
	at org.springframework.beans.factory.support.DefaultListableBeanFactory.resolveDependency(DefaultListableBeanFactory.java:1325)
	at org.springframework.beans.factory.support.ConstructorResolver.resolveAutowiredArgument(ConstructorResolver.java:885)
	at org.springframework.beans.factory.support.ConstructorResolver.createArgumentArray(ConstructorResolver.java:789)
	... 77 common frames omitted
Caused by: com.datastax.oss.driver.api.core.AllNodesFailedException: Could not reach any contact point, make sure you've provided valid addresses (showing first 1 nodes, use getAllErrors() for more): Node(endPoint=127.0.0.1/<unresolved>:9042, hostId=null, hashCode=63d08b5b): [com.datastax.oss.driver.api.core.connection.ConnectionInitException: [s0|control|id: 0x7e849bc4, L:/127.0.0.1:65482 - R:/127.0.0.1:9042] Protocol initialization request, step 1 (OPTIONS): unexpected failure (com.datastax.oss.driver.api.core.connection.ClosedConnectionException: Lost connection to remote peer)]
	at com.datastax.oss.driver.api.core.AllNodesFailedException.copy(AllNodesFailedException.java:141)
	at com.datastax.oss.driver.internal.core.util.concurrent.CompletableFutures.getUninterruptibly(CompletableFutures.java:149)
	at com.datastax.oss.driver.api.core.session.SessionBuilder.build(SessionBuilder.java:835)
	at org.springframework.data.cassandra.config.CqlSessionFactoryBean.buildSystemSession(CqlSessionFactoryBean.java:535)
	at org.springframework.data.cassandra.config.CqlSessionFactoryBean.afterPropertiesSet(CqlSessionFactoryBean.java:469)
	at org.springframework.beans.factory.support.AbstractAutowireCapableBeanFactory.invokeInitMethods(AbstractAutowireCapableBeanFactory.java:1797)
	at org.springframework.beans.factory.support.AbstractAutowireCapableBeanFactory.initializeBean(AbstractAutowireCapableBeanFactory.java:1747)
	... 88 common frames omitted
	Suppressed: com.datastax.oss.driver.api.core.connection.ConnectionInitException: [s0|control|id: 0x7e849bc4, L:/127.0.0.1:65482 - R:/127.0.0.1:9042] Protocol initialization request, step 1 (OPTIONS): unexpected failure (com.datastax.oss.driver.api.core.connection.ClosedConnectionException: Lost connection to remote peer)
		at com.datastax.oss.driver.internal.core.channel.ProtocolInitHandler$InitRequest.fail(ProtocolInitHandler.java:356)
		at com.datastax.oss.driver.internal.core.channel.ChannelHandlerRequest.onFailure(ChannelHandlerRequest.java:104)
		at com.datastax.oss.driver.internal.core.channel.InFlightHandler.fail(InFlightHandler.java:381)
		at com.datastax.oss.driver.internal.core.channel.InFlightHandler.abortAllInFlight(InFlightHandler.java:371)
		at com.datastax.oss.driver.internal.core.channel.InFlightHandler.abortAllInFlight(InFlightHandler.java:353)
		at com.datastax.oss.driver.internal.core.channel.InFlightHandler.channelInactive(InFlightHandler.java:331)
		at io.netty.channel.AbstractChannelHandlerContext.invokeChannelInactive(AbstractChannelHandlerContext.java:303)
		at io.netty.channel.AbstractChannelHandlerContext.invokeChannelInactive(AbstractChannelHandlerContext.java:281)
		at io.netty.channel.AbstractChannelHandlerContext.fireChannelInactive(AbstractChannelHandlerContext.java:274)
		at io.netty.handler.codec.ByteToMessageDecoder.channelInputClosed(ByteToMessageDecoder.java:411)
		at io.netty.handler.codec.ByteToMessageDecoder.channelInactive(ByteToMessageDecoder.java:376)
		at io.netty.channel.AbstractChannelHandlerContext.invokeChannelInactive(AbstractChannelHandlerContext.java:305)
		at io.netty.channel.AbstractChannelHandlerContext.invokeChannelInactive(AbstractChannelHandlerContext.java:281)
		at io.netty.channel.AbstractChannelHandlerContext.fireChannelInactive(AbstractChannelHandlerContext.java:274)
		at io.netty.channel.DefaultChannelPipeline$HeadContext.channelInactive(DefaultChannelPipeline.java:1405)
		at io.netty.channel.AbstractChannelHandlerContext.invokeChannelInactive(AbstractChannelHandlerContext.java:301)
		at io.netty.channel.AbstractChannelHandlerContext.invokeChannelInactive(AbstractChannelHandlerContext.java:281)
		at io.netty.channel.DefaultChannelPipeline.fireChannelInactive(DefaultChannelPipeline.java:901)
		at io.netty.channel.AbstractChannel$AbstractUnsafe$7.run(AbstractChannel.java:813)
		at io.netty.util.concurrent.AbstractEventExecutor.runTask(AbstractEventExecutor.java:174)
		at io.netty.util.concurrent.AbstractEventExecutor.safeExecute(AbstractEventExecutor.java:167)
		at io.netty.util.concurrent.SingleThreadEventExecutor.runAllTasks(SingleThreadEventExecutor.java:470)
		at io.netty.channel.nio.NioEventLoop.run(NioEventLoop.java:566)
		at io.netty.util.concurrent.SingleThreadEventExecutor$4.run(SingleThreadEventExecutor.java:997)
		at io.netty.util.internal.ThreadExecutorMap$2.run(ThreadExecutorMap.java:74)
		at io.netty.util.concurrent.FastThreadLocalRunnable.run(FastThreadLocalRunnable.java:30)
		at java.base/java.lang.Thread.run(Thread.java:842)
	Caused by: com.datastax.oss.driver.api.core.connection.ClosedConnectionException: Lost connection to remote peer
2025-10-09 23:38:03.826 [main] WARN  com.alibaba.nacos.client.logging.NacosLogging - Load Logback Configuration of Nacos fail, message: Could not initialize Logback Nacos logging from classpath:nacos-logback.xml
2025-10-09 23:38:03.881 [main] WARN  com.alibaba.nacos.client.logging.NacosLogging - Load Logback Configuration of Nacos fail, message: Could not initialize Logback Nacos logging from classpath:nacos-logback.xml
2025-10-09 23:38:04.365 [main] WARN  com.alibaba.nacos.client.logging.NacosLogging - Load Logback Configuration of Nacos fail, message: Could not initialize Logback Nacos logging from classpath:nacos-logback.xml
2025-10-09 23:38:04.377 [main] WARN  com.alibaba.nacos.client.logging.NacosLogging - Load Logback Configuration of Nacos fail, message: Could not initialize Logback Nacos logging from classpath:nacos-logback.xml
2025-10-09 23:38:04.378 [main] INFO  c.z.xiaohongshu.kv.biz.XiaohongshuKVBizApplication - The following 1 profile is active: "dev"
2025-10-09 23:38:04.867 [main] INFO  o.s.d.r.config.RepositoryConfigurationDelegate - Bootstrapping Spring Data Reactive Cassandra repositories in DEFAULT mode.
2025-10-09 23:38:04.992 [main] INFO  o.s.d.r.config.RepositoryConfigurationDelegate - Finished Spring Data repository scanning in 120 ms. Found 0 Reactive Cassandra repository interfaces.
2025-10-09 23:38:04.997 [main] INFO  o.s.d.r.config.RepositoryConfigurationDelegate - Bootstrapping Spring Data Cassandra repositories in DEFAULT mode.
2025-10-09 23:38:05.020 [main] INFO  o.s.d.r.config.RepositoryConfigurationDelegate - Finished Spring Data repository scanning in 23 ms. Found 2 Cassandra repository interfaces.
2025-10-09 23:38:05.199 [main] INFO  o.springframework.cloud.context.scope.GenericScope - BeanFactory id=c8e68e17-7ac0-3fe4-8b17-a6cf569ac420
2025-10-09 23:38:05.637 [main] INFO  o.s.boot.web.embedded.tomcat.TomcatWebServer - Tomcat initialized with port(s): 8084 (http)
2025-10-09 23:38:05.638 [main] INFO  org.apache.catalina.core.AprLifecycleListener - Loaded Apache Tomcat Native library [2.0.3] using APR version [1.7.2].
2025-10-09 23:38:05.643 [main] INFO  org.apache.catalina.core.AprLifecycleListener - OpenSSL successfully initialized [OpenSSL 3.0.8 7 Feb 2023]
2025-10-09 23:38:05.652 [main] INFO  org.apache.catalina.core.StandardService - Starting service [Tomcat]
2025-10-09 23:38:05.652 [main] INFO  org.apache.catalina.core.StandardEngine - Starting Servlet engine: [Apache Tomcat/10.1.5]
2025-10-09 23:38:05.752 [main] INFO  o.a.c.core.ContainerBase.[Tomcat].[localhost].[/] - Initializing Spring embedded WebApplicationContext
2025-10-09 23:38:05.752 [main] INFO  o.s.b.w.s.c.ServletWebServerApplicationContext - Root WebApplicationContext: initialization completed in 1363 ms
2025-10-09 23:38:06.058 [main] INFO  c.d.o.driver.internal.core.DefaultMavenCoordinates - DataStax Java driver for Apache Cassandra(R) (com.datastax.oss:java-driver-core) version 4.15.0
2025-10-09 23:38:06.452 [s0-admin-0] INFO  com.datastax.oss.driver.internal.core.time.Clock - Using native clock for microsecond precision
2025-10-09 23:38:06.962 [s1-admin-0] INFO  com.datastax.oss.driver.internal.core.time.Clock - Using native clock for microsecond precision
2025-10-09 23:38:07.396 [main] WARN  o.s.core.LocalVariableTableParameterNameDiscoverer - Using deprecated '-debug' fallback for parameter name resolution. Compile the affected code with '-parameters' instead or avoid its introspection: com.zry.xiaohongshu.kv.biz.domain.repository.CommentContentRepository
2025-10-09 23:38:08.536 [main] WARN  o.s.c.l.c.LoadBalancerCacheAutoConfiguration$LoadBalancerCaffeineWarnLogger - Spring Cloud LoadBalancer is currently working with the default cache. While this cache implementation is useful for development and tests, it's recommended to use Caffeine cache in production.You can switch to using Caffeine cache, by adding it and org.springframework.cache.caffeine.CaffeineCacheManager to the classpath.
2025-10-09 23:38:08.601 [main] INFO  o.s.boot.web.embedded.tomcat.TomcatWebServer - Tomcat started on port(s): 8084 (http) with context path ''
2025-10-09 23:38:08.606 [main] WARN  com.alibaba.nacos.client.logging.NacosLogging - Load Logback Configuration of Nacos fail, message: Could not initialize Logback Nacos logging from classpath:nacos-logback.xml
2025-10-09 23:38:08.606 [main] INFO  com.alibaba.nacos.client.naming - initializer namespace from ans.namespace attribute : null
2025-10-09 23:38:08.607 [main] INFO  com.alibaba.nacos.client.naming - initializer namespace from ALIBABA_ALIWARE_NAMESPACE attribute :null
2025-10-09 23:38:08.607 [main] INFO  com.alibaba.nacos.client.naming - initializer namespace from namespace attribute :null
2025-10-09 23:38:08.628 [main] INFO  com.alibaba.nacos.client.utils.ParamUtil - [settings] [req-serv] nacos-server port:8848
2025-10-09 23:38:08.628 [main] INFO  com.alibaba.nacos.client.utils.ParamUtil - [settings] [http-client] connect timeout:1000
2025-10-09 23:38:08.629 [main] INFO  com.alibaba.nacos.client.utils.ParamUtil - PER_TASK_CONFIG_SIZE: 3000.0
2025-10-09 23:38:08.635 [main] INFO  c.a.n.p.auth.spi.client.ClientAuthPluginManager - [ClientAuthPluginManager] Load ClientAuthService com.alibaba.nacos.client.auth.impl.NacosClientAuthServiceImpl success.
2025-10-09 23:38:08.635 [main] INFO  c.a.n.p.auth.spi.client.ClientAuthPluginManager - [ClientAuthPluginManager] Load ClientAuthService com.alibaba.nacos.client.auth.ram.RamClientAuthServiceImpl success.
2025-10-09 23:38:08.638 [main] INFO  c.a.n.client.auth.ram.identify.CredentialWatcher - null No credential found
2025-10-09 23:38:08.650 [main] INFO  com.alibaba.nacos.common.remote.client - [RpcClientFactory] create a new rpc client of b55a09bf-2a9b-43b3-9e7a-be24ba652427
2025-10-09 23:38:08.668 [main] INFO  com.alibaba.nacos.common.remote.client - [b55a09bf-2a9b-43b3-9e7a-be24ba652427] RpcClient init, ServerListFactory = com.alibaba.nacos.client.naming.core.ServerListManager
2025-10-09 23:38:08.669 [main] INFO  com.alibaba.nacos.common.remote.client - [b55a09bf-2a9b-43b3-9e7a-be24ba652427] Registry connection listener to current client:com.alibaba.nacos.client.naming.remote.gprc.redo.NamingGrpcRedoService
2025-10-09 23:38:08.669 [main] INFO  com.alibaba.nacos.common.remote.client - [b55a09bf-2a9b-43b3-9e7a-be24ba652427] Register server push request handler:com.alibaba.nacos.client.naming.remote.gprc.NamingPushRequestHandler
2025-10-09 23:38:08.672 [main] INFO  com.alibaba.nacos.common.remote.client - [b55a09bf-2a9b-43b3-9e7a-be24ba652427] Try to connect to server on start up, server: {serverIp = '8.134.88.169', server main port = 8848}
2025-10-09 23:38:08.710 [main] INFO  c.a.nacos.common.remote.client.grpc.GrpcClient - grpc client connection server:8.134.88.169 ip,serverPort:9848,grpcTslConfig:{"sslProvider":"OPENSSL","enableTls":false,"mutualAuthEnable":false,"trustAll":false}
2025-10-09 23:38:09.681 [main] INFO  com.alibaba.nacos.common.remote.client - [b55a09bf-2a9b-43b3-9e7a-be24ba652427] Success to connect to server [8.134.88.169:8848] on start up, connectionId = 1760024289124_112.94.129.49_1053
2025-10-09 23:38:09.682 [com.alibaba.nacos.client.remote.worker] INFO  com.alibaba.nacos.common.remote.client - [b55a09bf-2a9b-43b3-9e7a-be24ba652427] Notify connected event to listeners.
2025-10-09 23:38:09.683 [com.alibaba.nacos.client.remote.worker] INFO  com.alibaba.nacos.client.naming - Grpc connection connect
2025-10-09 23:38:09.683 [main] INFO  com.alibaba.nacos.common.remote.client - [b55a09bf-2a9b-43b3-9e7a-be24ba652427] Register server push request handler:com.alibaba.nacos.common.remote.client.RpcClient$ConnectResetRequestHandler
2025-10-09 23:38:09.684 [main] INFO  com.alibaba.nacos.common.remote.client - [b55a09bf-2a9b-43b3-9e7a-be24ba652427] Register server push request handler:com.alibaba.nacos.common.remote.client.RpcClient$$Lambda$1549/0x0000019f0192a110
2025-10-09 23:38:09.686 [main] INFO  com.alibaba.nacos.client.naming - [REGISTER-SERVICE] xiaohongshu registering service xiaohongshu-kv with instance Instance{instanceId='null', ip='10.2.66.3', port=8084, weight=1.0, healthy=true, enabled=true, ephemeral=true, clusterName='DEFAULT', serviceName='null', metadata={IPv6=null, preserved.register.source=SPRING_CLOUD}}
2025-10-09 23:38:09.713 [main] INFO  c.a.cloud.nacos.registry.NacosServiceRegistry - nacos registry, DEFAULT_GROUP xiaohongshu-kv 10.2.66.3:8084 register finished
2025-10-09 23:38:09.955 [main] INFO  c.z.xiaohongshu.kv.biz.XiaohongshuKVBizApplication - Started XiaohongshuKVBizApplication in 6.936 seconds (process running for 7.665)
2025-10-09 23:38:17.379 [http-nio-8084-exec-1] INFO  o.a.c.core.ContainerBase.[Tomcat].[localhost].[/] - Initializing Spring DispatcherServlet 'dispatcherServlet'
2025-10-09 23:38:17.379 [http-nio-8084-exec-1] INFO  org.springframework.web.servlet.DispatcherServlet - Initializing Servlet 'dispatcherServlet'
2025-10-09 23:38:17.380 [http-nio-8084-exec-1] INFO  org.springframework.web.servlet.DispatcherServlet - Completed initialization in 1 ms
