2025-08-30 14:57:31.934 [main] WARN  com.alibaba.nacos.client.logging.NacosLogging - Load Logback Configuration of Nacos fail, message: Could not initialize Logback Nacos logging from classpath:nacos-logback.xml
2025-08-30 14:57:32.024 [main] WARN  com.alibaba.nacos.client.logging.NacosLogging - Load Logback Configuration of Nacos fail, message: Could not initialize Logback Nacos logging from classpath:nacos-logback.xml
2025-08-30 14:57:32.759 [main] WARN  com.alibaba.nacos.client.logging.NacosLogging - Load Logback Configuration of Nacos fail, message: Could not initialize Logback Nacos logging from classpath:nacos-logback.xml
2025-08-30 14:57:32.776 [main] WARN  com.alibaba.nacos.client.logging.NacosLogging - Load Logback Configuration of Nacos fail, message: Could not initialize Logback Nacos logging from classpath:nacos-logback.xml
2025-08-30 14:57:32.776 [main] INFO  c.z.x.note.biz.XiaohongshuNoteBizApplication - The following 1 profile is active: "dev"
2025-08-30 14:57:33.655 [main] INFO  o.s.d.r.config.RepositoryConfigurationDelegate - Multiple Spring Data modules found, entering strict repository configuration mode
2025-08-30 14:57:33.658 [main] INFO  o.s.d.r.config.RepositoryConfigurationDelegate - Bootstrapping Spring Data Redis repositories in DEFAULT mode.
2025-08-30 14:57:33.692 [main] INFO  o.s.d.r.config.RepositoryConfigurationDelegate - Finished Spring Data repository scanning in 16 ms. Found 0 Redis repository interfaces.
2025-08-30 14:57:34.000 [main] INFO  o.springframework.cloud.context.scope.GenericScope - BeanFactory id=56ca1490-0050-38a3-937d-3b0ed942f91a
2025-08-30 14:57:34.050 [main] INFO  o.s.c.s.PostProcessorRegistrationDelegate$BeanPostProcessorChecker - Bean 'com.zry.xiaohongshu.distributed.id.generator.api.DistributedIdGeneratorFeignApi' of type [org.springframework.cloud.openfeign.FeignClientFactoryBean] is not eligible for getting processed by all BeanPostProcessors (for example: not eligible for auto-proxying)
2025-08-30 14:57:34.053 [main] INFO  o.s.c.s.PostProcessorRegistrationDelegate$BeanPostProcessorChecker - Bean 'com.zry.xiaohongshu.kv.api.KeyValueFeignApi' of type [org.springframework.cloud.openfeign.FeignClientFactoryBean] is not eligible for getting processed by all BeanPostProcessors (for example: not eligible for auto-proxying)
2025-08-30 14:57:34.055 [main] INFO  o.s.c.s.PostProcessorRegistrationDelegate$BeanPostProcessorChecker - Bean 'com.zry.xiaohongshu.user.api.UserFeignApi' of type [org.springframework.cloud.openfeign.FeignClientFactoryBean] is not eligible for getting processed by all BeanPostProcessors (for example: not eligible for auto-proxying)
2025-08-30 14:57:34.354 [main] INFO  o.s.c.s.PostProcessorRegistrationDelegate$BeanPostProcessorChecker - Bean 'org.apache.rocketmq.spring.autoconfigure.MessageConverterConfiguration' of type [org.apache.rocketmq.spring.autoconfigure.MessageConverterConfiguration$$SpringCGLIB$$0] is not eligible for getting processed by all BeanPostProcessors (for example: not eligible for auto-proxying)
2025-08-30 14:57:34.426 [main] INFO  o.s.c.s.PostProcessorRegistrationDelegate$BeanPostProcessorChecker - Bean 'createRocketMQMessageConverter' of type [org.apache.rocketmq.spring.support.RocketMQMessageConverter] is not eligible for getting processed by all BeanPostProcessors (for example: not eligible for auto-proxying)
2025-08-30 14:57:34.430 [main] INFO  o.s.c.s.PostProcessorRegistrationDelegate$BeanPostProcessorChecker - Bean 'org.springframework.cloud.commons.config.CommonsConfigAutoConfiguration' of type [org.springframework.cloud.commons.config.CommonsConfigAutoConfiguration] is not eligible for getting processed by all BeanPostProcessors (for example: not eligible for auto-proxying)
2025-08-30 14:57:34.435 [main] INFO  o.s.c.s.PostProcessorRegistrationDelegate$BeanPostProcessorChecker - Bean 'org.springframework.cloud.client.loadbalancer.LoadBalancerDefaultMappingsProviderAutoConfiguration' of type [org.springframework.cloud.client.loadbalancer.LoadBalancerDefaultMappingsProviderAutoConfiguration] is not eligible for getting processed by all BeanPostProcessors (for example: not eligible for auto-proxying)
2025-08-30 14:57:34.436 [main] INFO  o.s.c.s.PostProcessorRegistrationDelegate$BeanPostProcessorChecker - Bean 'loadBalancerClientsDefaultsMappingsProvider' of type [org.springframework.cloud.client.loadbalancer.LoadBalancerDefaultMappingsProviderAutoConfiguration$$Lambda$721/0x0000025b8151aca8] is not eligible for getting processed by all BeanPostProcessors (for example: not eligible for auto-proxying)
2025-08-30 14:57:34.437 [main] INFO  o.s.c.s.PostProcessorRegistrationDelegate$BeanPostProcessorChecker - Bean 'defaultsBindHandlerAdvisor' of type [org.springframework.cloud.commons.config.DefaultsBindHandlerAdvisor] is not eligible for getting processed by all BeanPostProcessors (for example: not eligible for auto-proxying)
2025-08-30 14:57:34.447 [main] INFO  o.s.c.s.PostProcessorRegistrationDelegate$BeanPostProcessorChecker - Bean 'rocketmq-org.apache.rocketmq.spring.autoconfigure.RocketMQProperties' of type [org.apache.rocketmq.spring.autoconfigure.RocketMQProperties] is not eligible for getting processed by all BeanPostProcessors (for example: not eligible for auto-proxying)
2025-08-30 14:57:34.448 [main] INFO  o.s.c.s.PostProcessorRegistrationDelegate$BeanPostProcessorChecker - Bean 'org.apache.rocketmq.spring.autoconfigure.ListenerContainerConfiguration' of type [org.apache.rocketmq.spring.autoconfigure.ListenerContainerConfiguration$$SpringCGLIB$$0] is not eligible for getting processed by all BeanPostProcessors (for example: not eligible for auto-proxying)
2025-08-30 14:57:34.778 [main] INFO  o.s.boot.web.embedded.tomcat.TomcatWebServer - Tomcat initialized with port(s): 8087 (http)
2025-08-30 14:57:34.779 [main] INFO  org.apache.catalina.core.AprLifecycleListener - Loaded Apache Tomcat Native library [2.0.3] using APR version [1.7.2].
2025-08-30 14:57:34.796 [main] INFO  org.apache.catalina.core.AprLifecycleListener - OpenSSL successfully initialized [OpenSSL 3.0.8 7 Feb 2023]
2025-08-30 14:57:34.812 [main] INFO  org.apache.catalina.core.StandardService - Starting service [Tomcat]
2025-08-30 14:57:34.812 [main] INFO  org.apache.catalina.core.StandardEngine - Starting Servlet engine: [Apache Tomcat/10.1.5]
2025-08-30 14:57:34.930 [main] INFO  o.a.c.core.ContainerBase.[Tomcat].[localhost].[/] - Initializing Spring embedded WebApplicationContext
2025-08-30 14:57:34.931 [main] INFO  o.s.b.w.s.c.ServletWebServerApplicationContext - Root WebApplicationContext: initialization completed in 2131 ms
2025-08-30 14:57:35.844 [main] INFO  o.a.r.s.support.DefaultRocketMQListenerContainer - running container: DefaultRocketMQListenerContainer{consumerGroup='xiaohongshu_group_DelayDeleteNoteRedisCacheTopic', namespace='', nameServer='127.0.0.1:9876', topic='DelayDeleteNoteRedisCacheTopic', consumeMode=CONCURRENTLY, selectorType=TAG, selectorExpression='*', messageModel=CLUSTERING', tlsEnable=false, instanceName=DEFAULT}
2025-08-30 14:57:35.844 [main] INFO  o.a.r.s.a.ListenerContainerConfiguration - Register the listener to container, listenerBeanName:delayDeleteNoteRedisCacheConsumer, containerBeanName:org.apache.rocketmq.spring.support.DefaultRocketMQListenerContainer_1
2025-08-30 14:57:35.916 [main] INFO  o.a.r.s.autoconfigure.RocketMQAutoConfiguration - a producer (xiaohongshu_group) init on namesrv 127.0.0.1:9876
2025-08-30 14:57:35.985 [main] INFO  c.a.d.s.b.a.DruidDataSourceAutoConfigure - Init DruidDataSource
2025-08-30 14:57:36.417 [main] INFO  com.alibaba.druid.pool.DruidDataSource - {dataSource-1} inited
2025-08-30 14:57:36.803 [main] INFO  o.s.cloud.openfeign.FeignClientFactoryBean - For 'xiaohongshu-distributed-id-generator' URL not provided. Will try picking an instance via load-balancing.
2025-08-30 14:57:36.857 [main] INFO  o.s.cloud.openfeign.FeignClientFactoryBean - For 'xiaohongshu-kv' URL not provided. Will try picking an instance via load-balancing.
2025-08-30 14:57:36.881 [main] INFO  o.s.cloud.openfeign.FeignClientFactoryBean - For 'xiaohongshu-user' URL not provided. Will try picking an instance via load-balancing.
2025-08-30 14:57:36.986 [main] INFO  o.a.r.s.support.DefaultRocketMQListenerContainer - running container: DefaultRocketMQListenerContainer{consumerGroup='xiaohongshu_group', namespace='', nameServer='127.0.0.1:9876', topic='DeleteNoteLocalCacheTopic', consumeMode=CONCURRENTLY, selectorType=TAG, selectorExpression='*', messageModel=BROADCASTING', tlsEnable=false, instanceName=DEFAULT}
2025-08-30 14:57:36.986 [main] INFO  o.a.r.s.a.ListenerContainerConfiguration - Register the listener to container, listenerBeanName:deleteNoteLocalCacheConsumer, containerBeanName:org.apache.rocketmq.spring.support.DefaultRocketMQListenerContainer_2
2025-08-30 14:57:38.306 [main] WARN  o.s.b.w.s.c.AnnotationConfigServletWebServerApplicationContext - Exception encountered during context initialization - cancelling refresh attempt: org.springframework.context.ApplicationContextException: Failed to start bean 'webServerStartStop'
2025-08-30 14:57:38.330 [main] INFO  o.a.r.s.support.DefaultRocketMQListenerContainer - container destroyed, DefaultRocketMQListenerContainer{consumerGroup='xiaohongshu_group', namespace='', nameServer='127.0.0.1:9876', topic='DeleteNoteLocalCacheTopic', consumeMode=CONCURRENTLY, selectorType=TAG, selectorExpression='*', messageModel=BROADCASTING', tlsEnable=false, instanceName=DEFAULT}
2025-08-30 14:57:38.335 [main] INFO  com.alibaba.druid.pool.DruidDataSource - {dataSource-1} closing ...
2025-08-30 14:57:38.342 [main] INFO  com.alibaba.druid.pool.DruidDataSource - {dataSource-1} closed
2025-08-30 14:57:38.363 [main] INFO  o.a.r.s.support.DefaultRocketMQListenerContainer - container destroyed, DefaultRocketMQListenerContainer{consumerGroup='xiaohongshu_group_DelayDeleteNoteRedisCacheTopic', namespace='', nameServer='127.0.0.1:9876', topic='DelayDeleteNoteRedisCacheTopic', consumeMode=CONCURRENTLY, selectorType=TAG, selectorExpression='*', messageModel=CLUSTERING', tlsEnable=false, instanceName=DEFAULT}
2025-08-30 14:57:38.378 [main] INFO  org.apache.catalina.core.StandardService - Stopping service [Tomcat]
2025-08-30 14:57:38.405 [main] INFO  o.s.b.a.logging.ConditionEvaluationReportLogger - 

Error starting ApplicationContext. To display the condition evaluation report re-run your application with 'debug' enabled.
2025-08-30 14:57:38.424 [main] ERROR o.s.b.diagnostics.LoggingFailureAnalysisReporter - 

***************************
APPLICATION FAILED TO START
***************************

Description:

Web server failed to start. Port 8087 was already in use.

Action:

Identify and stop the process that's listening on port 8087 or configure this application to listen on another port.

2025-08-30 14:58:20.667 [main] WARN  com.alibaba.nacos.client.logging.NacosLogging - Load Logback Configuration of Nacos fail, message: Could not initialize Logback Nacos logging from classpath:nacos-logback.xml
2025-08-30 14:58:20.734 [main] WARN  com.alibaba.nacos.client.logging.NacosLogging - Load Logback Configuration of Nacos fail, message: Could not initialize Logback Nacos logging from classpath:nacos-logback.xml
2025-08-30 14:58:21.303 [main] WARN  com.alibaba.nacos.client.logging.NacosLogging - Load Logback Configuration of Nacos fail, message: Could not initialize Logback Nacos logging from classpath:nacos-logback.xml
2025-08-30 14:58:21.319 [main] WARN  com.alibaba.nacos.client.logging.NacosLogging - Load Logback Configuration of Nacos fail, message: Could not initialize Logback Nacos logging from classpath:nacos-logback.xml
2025-08-30 14:58:21.320 [main] INFO  c.z.x.note.biz.XiaohongshuNoteBizApplication - The following 1 profile is active: "dev"
2025-08-30 14:58:22.026 [main] INFO  o.s.d.r.config.RepositoryConfigurationDelegate - Multiple Spring Data modules found, entering strict repository configuration mode
2025-08-30 14:58:22.028 [main] INFO  o.s.d.r.config.RepositoryConfigurationDelegate - Bootstrapping Spring Data Redis repositories in DEFAULT mode.
2025-08-30 14:58:22.056 [main] INFO  o.s.d.r.config.RepositoryConfigurationDelegate - Finished Spring Data repository scanning in 10 ms. Found 0 Redis repository interfaces.
2025-08-30 14:58:22.334 [main] INFO  o.springframework.cloud.context.scope.GenericScope - BeanFactory id=56ca1490-0050-38a3-937d-3b0ed942f91a
2025-08-30 14:58:22.379 [main] INFO  o.s.c.s.PostProcessorRegistrationDelegate$BeanPostProcessorChecker - Bean 'com.zry.xiaohongshu.distributed.id.generator.api.DistributedIdGeneratorFeignApi' of type [org.springframework.cloud.openfeign.FeignClientFactoryBean] is not eligible for getting processed by all BeanPostProcessors (for example: not eligible for auto-proxying)
2025-08-30 14:58:22.382 [main] INFO  o.s.c.s.PostProcessorRegistrationDelegate$BeanPostProcessorChecker - Bean 'com.zry.xiaohongshu.kv.api.KeyValueFeignApi' of type [org.springframework.cloud.openfeign.FeignClientFactoryBean] is not eligible for getting processed by all BeanPostProcessors (for example: not eligible for auto-proxying)
2025-08-30 14:58:22.384 [main] INFO  o.s.c.s.PostProcessorRegistrationDelegate$BeanPostProcessorChecker - Bean 'com.zry.xiaohongshu.user.api.UserFeignApi' of type [org.springframework.cloud.openfeign.FeignClientFactoryBean] is not eligible for getting processed by all BeanPostProcessors (for example: not eligible for auto-proxying)
2025-08-30 14:58:22.660 [main] INFO  o.s.c.s.PostProcessorRegistrationDelegate$BeanPostProcessorChecker - Bean 'org.apache.rocketmq.spring.autoconfigure.MessageConverterConfiguration' of type [org.apache.rocketmq.spring.autoconfigure.MessageConverterConfiguration$$SpringCGLIB$$0] is not eligible for getting processed by all BeanPostProcessors (for example: not eligible for auto-proxying)
2025-08-30 14:58:22.728 [main] INFO  o.s.c.s.PostProcessorRegistrationDelegate$BeanPostProcessorChecker - Bean 'createRocketMQMessageConverter' of type [org.apache.rocketmq.spring.support.RocketMQMessageConverter] is not eligible for getting processed by all BeanPostProcessors (for example: not eligible for auto-proxying)
2025-08-30 14:58:22.732 [main] INFO  o.s.c.s.PostProcessorRegistrationDelegate$BeanPostProcessorChecker - Bean 'org.springframework.cloud.commons.config.CommonsConfigAutoConfiguration' of type [org.springframework.cloud.commons.config.CommonsConfigAutoConfiguration] is not eligible for getting processed by all BeanPostProcessors (for example: not eligible for auto-proxying)
2025-08-30 14:58:22.738 [main] INFO  o.s.c.s.PostProcessorRegistrationDelegate$BeanPostProcessorChecker - Bean 'org.springframework.cloud.client.loadbalancer.LoadBalancerDefaultMappingsProviderAutoConfiguration' of type [org.springframework.cloud.client.loadbalancer.LoadBalancerDefaultMappingsProviderAutoConfiguration] is not eligible for getting processed by all BeanPostProcessors (for example: not eligible for auto-proxying)
2025-08-30 14:58:22.739 [main] INFO  o.s.c.s.PostProcessorRegistrationDelegate$BeanPostProcessorChecker - Bean 'loadBalancerClientsDefaultsMappingsProvider' of type [org.springframework.cloud.client.loadbalancer.LoadBalancerDefaultMappingsProviderAutoConfiguration$$Lambda$721/0x000001518451a848] is not eligible for getting processed by all BeanPostProcessors (for example: not eligible for auto-proxying)
2025-08-30 14:58:22.741 [main] INFO  o.s.c.s.PostProcessorRegistrationDelegate$BeanPostProcessorChecker - Bean 'defaultsBindHandlerAdvisor' of type [org.springframework.cloud.commons.config.DefaultsBindHandlerAdvisor] is not eligible for getting processed by all BeanPostProcessors (for example: not eligible for auto-proxying)
2025-08-30 14:58:22.751 [main] INFO  o.s.c.s.PostProcessorRegistrationDelegate$BeanPostProcessorChecker - Bean 'rocketmq-org.apache.rocketmq.spring.autoconfigure.RocketMQProperties' of type [org.apache.rocketmq.spring.autoconfigure.RocketMQProperties] is not eligible for getting processed by all BeanPostProcessors (for example: not eligible for auto-proxying)
2025-08-30 14:58:22.753 [main] INFO  o.s.c.s.PostProcessorRegistrationDelegate$BeanPostProcessorChecker - Bean 'org.apache.rocketmq.spring.autoconfigure.ListenerContainerConfiguration' of type [org.apache.rocketmq.spring.autoconfigure.ListenerContainerConfiguration$$SpringCGLIB$$0] is not eligible for getting processed by all BeanPostProcessors (for example: not eligible for auto-proxying)
2025-08-30 14:58:23.059 [main] INFO  o.s.boot.web.embedded.tomcat.TomcatWebServer - Tomcat initialized with port(s): 8086 (http)
2025-08-30 14:58:23.060 [main] INFO  org.apache.catalina.core.AprLifecycleListener - Loaded Apache Tomcat Native library [2.0.3] using APR version [1.7.2].
2025-08-30 14:58:23.063 [main] INFO  org.apache.catalina.core.AprLifecycleListener - OpenSSL successfully initialized [OpenSSL 3.0.8 7 Feb 2023]
2025-08-30 14:58:23.075 [main] INFO  org.apache.catalina.core.StandardService - Starting service [Tomcat]
2025-08-30 14:58:23.075 [main] INFO  org.apache.catalina.core.StandardEngine - Starting Servlet engine: [Apache Tomcat/10.1.5]
2025-08-30 14:58:23.189 [main] INFO  o.a.c.core.ContainerBase.[Tomcat].[localhost].[/] - Initializing Spring embedded WebApplicationContext
2025-08-30 14:58:23.189 [main] INFO  o.s.b.w.s.c.ServletWebServerApplicationContext - Root WebApplicationContext: initialization completed in 1849 ms
2025-08-30 14:58:24.098 [main] INFO  o.a.r.s.support.DefaultRocketMQListenerContainer - running container: DefaultRocketMQListenerContainer{consumerGroup='xiaohongshu_group_DelayDeleteNoteRedisCacheTopic', namespace='', nameServer='127.0.0.1:9876', topic='DelayDeleteNoteRedisCacheTopic', consumeMode=CONCURRENTLY, selectorType=TAG, selectorExpression='*', messageModel=CLUSTERING', tlsEnable=false, instanceName=DEFAULT}
2025-08-30 14:58:24.098 [main] INFO  o.a.r.s.a.ListenerContainerConfiguration - Register the listener to container, listenerBeanName:delayDeleteNoteRedisCacheConsumer, containerBeanName:org.apache.rocketmq.spring.support.DefaultRocketMQListenerContainer_1
2025-08-30 14:58:24.161 [main] INFO  o.a.r.s.autoconfigure.RocketMQAutoConfiguration - a producer (xiaohongshu_group) init on namesrv 127.0.0.1:9876
2025-08-30 14:58:24.225 [main] INFO  c.a.d.s.b.a.DruidDataSourceAutoConfigure - Init DruidDataSource
2025-08-30 14:58:24.613 [main] INFO  com.alibaba.druid.pool.DruidDataSource - {dataSource-1} inited
2025-08-30 14:58:24.986 [main] INFO  o.s.cloud.openfeign.FeignClientFactoryBean - For 'xiaohongshu-distributed-id-generator' URL not provided. Will try picking an instance via load-balancing.
2025-08-30 14:58:25.043 [main] INFO  o.s.cloud.openfeign.FeignClientFactoryBean - For 'xiaohongshu-kv' URL not provided. Will try picking an instance via load-balancing.
2025-08-30 14:58:25.069 [main] INFO  o.s.cloud.openfeign.FeignClientFactoryBean - For 'xiaohongshu-user' URL not provided. Will try picking an instance via load-balancing.
2025-08-30 14:58:25.177 [main] INFO  o.a.r.s.support.DefaultRocketMQListenerContainer - running container: DefaultRocketMQListenerContainer{consumerGroup='xiaohongshu_group', namespace='', nameServer='127.0.0.1:9876', topic='DeleteNoteLocalCacheTopic', consumeMode=CONCURRENTLY, selectorType=TAG, selectorExpression='*', messageModel=BROADCASTING', tlsEnable=false, instanceName=DEFAULT}
2025-08-30 14:58:25.177 [main] INFO  o.a.r.s.a.ListenerContainerConfiguration - Register the listener to container, listenerBeanName:deleteNoteLocalCacheConsumer, containerBeanName:org.apache.rocketmq.spring.support.DefaultRocketMQListenerContainer_2
2025-08-30 14:58:26.511 [main] INFO  o.s.boot.web.embedded.tomcat.TomcatWebServer - Tomcat started on port(s): 8086 (http) with context path ''
2025-08-30 14:58:26.520 [main] WARN  com.alibaba.nacos.client.logging.NacosLogging - Load Logback Configuration of Nacos fail, message: Could not initialize Logback Nacos logging from classpath:nacos-logback.xml
2025-08-30 14:58:26.520 [main] INFO  com.alibaba.nacos.client.naming - initializer namespace from ans.namespace attribute : null
2025-08-30 14:58:26.520 [main] INFO  com.alibaba.nacos.client.naming - initializer namespace from ALIBABA_ALIWARE_NAMESPACE attribute :null
2025-08-30 14:58:26.520 [main] INFO  com.alibaba.nacos.client.naming - initializer namespace from namespace attribute :null
2025-08-30 14:58:26.550 [main] INFO  com.alibaba.nacos.client.utils.ParamUtil - [settings] [req-serv] nacos-server port:8848
2025-08-30 14:58:26.551 [main] INFO  com.alibaba.nacos.client.utils.ParamUtil - [settings] [http-client] connect timeout:1000
2025-08-30 14:58:26.551 [main] INFO  com.alibaba.nacos.client.utils.ParamUtil - PER_TASK_CONFIG_SIZE: 3000.0
2025-08-30 14:58:26.556 [main] INFO  c.a.n.p.auth.spi.client.ClientAuthPluginManager - [ClientAuthPluginManager] Load ClientAuthService com.alibaba.nacos.client.auth.impl.NacosClientAuthServiceImpl success.
2025-08-30 14:58:26.557 [main] INFO  c.a.n.p.auth.spi.client.ClientAuthPluginManager - [ClientAuthPluginManager] Load ClientAuthService com.alibaba.nacos.client.auth.ram.RamClientAuthServiceImpl success.
2025-08-30 14:58:26.561 [main] INFO  c.a.n.client.auth.ram.identify.CredentialWatcher - null No credential found
2025-08-30 14:58:26.573 [main] INFO  com.alibaba.nacos.common.remote.client - [RpcClientFactory] create a new rpc client of 55fb9031-09fe-44b2-8f78-b4dba0c5103c
2025-08-30 14:58:26.600 [main] INFO  com.alibaba.nacos.common.remote.client - [55fb9031-09fe-44b2-8f78-b4dba0c5103c] RpcClient init, ServerListFactory = com.alibaba.nacos.client.naming.core.ServerListManager
2025-08-30 14:58:26.600 [main] INFO  com.alibaba.nacos.common.remote.client - [55fb9031-09fe-44b2-8f78-b4dba0c5103c] Registry connection listener to current client:com.alibaba.nacos.client.naming.remote.gprc.redo.NamingGrpcRedoService
2025-08-30 14:58:26.601 [main] INFO  com.alibaba.nacos.common.remote.client - [55fb9031-09fe-44b2-8f78-b4dba0c5103c] Register server push request handler:com.alibaba.nacos.client.naming.remote.gprc.NamingPushRequestHandler
2025-08-30 14:58:26.604 [main] INFO  com.alibaba.nacos.common.remote.client - [55fb9031-09fe-44b2-8f78-b4dba0c5103c] Try to connect to server on start up, server: {serverIp = '47.236.36.111', server main port = 8848}
2025-08-30 14:58:26.639 [main] INFO  c.a.nacos.common.remote.client.grpc.GrpcClient - grpc client connection server:47.236.36.111 ip,serverPort:9848,grpcTslConfig:{"sslProvider":"OPENSSL","enableTls":false,"mutualAuthEnable":false,"trustAll":false}
2025-08-30 14:58:28.002 [main] INFO  com.alibaba.nacos.common.remote.client - [55fb9031-09fe-44b2-8f78-b4dba0c5103c] Success to connect to server [47.236.36.111:8848] on start up, connectionId = 1756537107830_112.94.129.138_1933
2025-08-30 14:58:28.004 [com.alibaba.nacos.client.remote.worker] INFO  com.alibaba.nacos.common.remote.client - [55fb9031-09fe-44b2-8f78-b4dba0c5103c] Notify connected event to listeners.
2025-08-30 14:58:28.004 [com.alibaba.nacos.client.remote.worker] INFO  com.alibaba.nacos.client.naming - Grpc connection connect
2025-08-30 14:58:28.005 [main] INFO  com.alibaba.nacos.common.remote.client - [55fb9031-09fe-44b2-8f78-b4dba0c5103c] Register server push request handler:com.alibaba.nacos.common.remote.client.RpcClient$ConnectResetRequestHandler
2025-08-30 14:58:28.005 [main] INFO  com.alibaba.nacos.common.remote.client - [55fb9031-09fe-44b2-8f78-b4dba0c5103c] Register server push request handler:com.alibaba.nacos.common.remote.client.RpcClient$$Lambda$1281/0x00000151849d76e8
2025-08-30 14:58:28.009 [main] INFO  com.alibaba.nacos.client.naming - [REGISTER-SERVICE] xiaohongshu registering service xiaohongshu-note with instance Instance{instanceId='null', ip='10.2.66.3', port=8086, weight=1.0, healthy=true, enabled=true, ephemeral=true, clusterName='DEFAULT', serviceName='null', metadata={IPv6=null, preserved.register.source=SPRING_CLOUD}}
2025-08-30 14:58:28.079 [main] INFO  c.a.cloud.nacos.registry.NacosServiceRegistry - nacos registry, DEFAULT_GROUP xiaohongshu-note 10.2.66.3:8086 register finished
2025-08-30 14:58:28.335 [main] INFO  c.z.x.note.biz.XiaohongshuNoteBizApplication - Started XiaohongshuNoteBizApplication in 8.501 seconds (process running for 9.302)
2025-08-30 15:01:10.668 [Thread-12] WARN  com.alibaba.nacos.common.notify.NotifyCenter - [NotifyCenter] Start destroying Publisher
2025-08-30 15:01:10.668 [Thread-15] WARN  c.alibaba.nacos.common.http.HttpClientBeanHolder - [HttpClientBeanHolder] Start destroying common HttpClient
2025-08-30 15:01:10.668 [Thread-12] WARN  com.alibaba.nacos.common.notify.NotifyCenter - [NotifyCenter] Destruction of the end
2025-08-30 15:01:10.668 [Thread-15] WARN  c.alibaba.nacos.common.http.HttpClientBeanHolder - [HttpClientBeanHolder] Destruction of the end
2025-08-30 15:01:10.744 [SpringApplicationShutdownHook] INFO  c.a.cloud.nacos.registry.NacosServiceRegistry - De-registering from Nacos Server now...
2025-08-30 15:01:10.745 [SpringApplicationShutdownHook] INFO  com.alibaba.nacos.client.naming - [DEREGISTER-SERVICE] xiaohongshu deregistering service xiaohongshu-note with instance: Instance{instanceId='null', ip='10.2.66.3', port=8086, weight=1.0, healthy=true, enabled=true, ephemeral=true, clusterName='DEFAULT', serviceName='null', metadata={}}
2025-08-30 15:01:10.810 [SpringApplicationShutdownHook] INFO  c.a.cloud.nacos.registry.NacosServiceRegistry - De-registration finished.
2025-08-30 15:01:10.811 [SpringApplicationShutdownHook] INFO  com.alibaba.nacos.client.naming - com.alibaba.nacos.client.naming.cache.ServiceInfoHolder do shutdown begin
2025-08-30 15:01:10.811 [SpringApplicationShutdownHook] INFO  com.alibaba.nacos.client.naming - com.alibaba.nacos.client.naming.backups.FailoverReactor do shutdown begin
2025-08-30 15:01:10.811 [SpringApplicationShutdownHook] INFO  com.alibaba.nacos.client.naming - com.alibaba.nacos.client.naming.backups.FailoverReactor do shutdown stop
2025-08-30 15:01:10.811 [SpringApplicationShutdownHook] INFO  com.alibaba.nacos.client.naming - com.alibaba.nacos.client.naming.cache.ServiceInfoHolder do shutdown stop
2025-08-30 15:01:10.811 [SpringApplicationShutdownHook] INFO  com.alibaba.nacos.client.naming - com.alibaba.nacos.client.naming.remote.NamingClientProxyDelegate do shutdown begin
2025-08-30 15:01:10.811 [SpringApplicationShutdownHook] INFO  com.alibaba.nacos.client.naming - com.alibaba.nacos.client.naming.core.ServiceInfoUpdateService do shutdown begin
2025-08-30 15:01:10.811 [SpringApplicationShutdownHook] INFO  com.alibaba.nacos.client.naming - com.alibaba.nacos.client.naming.core.ServiceInfoUpdateService do shutdown stop
2025-08-30 15:01:10.811 [SpringApplicationShutdownHook] INFO  com.alibaba.nacos.client.naming - com.alibaba.nacos.client.naming.core.ServerListManager do shutdown begin
2025-08-30 15:01:10.811 [SpringApplicationShutdownHook] WARN  com.alibaba.nacos.client.naming - [NamingHttpClientManager] Start destroying NacosRestTemplate
2025-08-30 15:01:10.811 [SpringApplicationShutdownHook] WARN  com.alibaba.nacos.client.naming - [NamingHttpClientManager] Destruction of the end
2025-08-30 15:01:10.811 [SpringApplicationShutdownHook] INFO  com.alibaba.nacos.client.naming - com.alibaba.nacos.client.naming.core.ServerListManager do shutdown stop
2025-08-30 15:01:10.811 [SpringApplicationShutdownHook] INFO  com.alibaba.nacos.client.naming - com.alibaba.nacos.client.naming.remote.http.NamingHttpClientProxy do shutdown begin
2025-08-30 15:01:10.811 [SpringApplicationShutdownHook] WARN  com.alibaba.nacos.client.naming - [NamingHttpClientManager] Start destroying NacosRestTemplate
2025-08-30 15:01:10.811 [SpringApplicationShutdownHook] WARN  com.alibaba.nacos.client.naming - [NamingHttpClientManager] Destruction of the end
2025-08-30 15:01:10.811 [SpringApplicationShutdownHook] INFO  com.alibaba.nacos.client.naming - com.alibaba.nacos.client.naming.remote.http.NamingHttpClientProxy do shutdown stop
2025-08-30 15:01:10.811 [SpringApplicationShutdownHook] INFO  com.alibaba.nacos.common.remote.client - Shutdown rpc client, set status to shutdown
2025-08-30 15:01:10.811 [SpringApplicationShutdownHook] INFO  com.alibaba.nacos.common.remote.client - Shutdown client event executor java.util.concurrent.ScheduledThreadPoolExecutor@3b4e7296[Running, pool size = 2, active threads = 2, queued tasks = 0, completed tasks = 0]
2025-08-30 15:01:10.811 [SpringApplicationShutdownHook] INFO  com.alibaba.nacos.common.remote.client - Close current connection 1756537107830_112.94.129.138_1933
2025-08-30 15:01:10.817 [nacos-grpc-client-executor-47.236.36.111-46] WARN  c.a.nacos.common.remote.client.grpc.GrpcClient - [1756537107830_112.94.129.138_1933]Ignore error event,isRunning:false,isAbandon=false
2025-08-30 15:01:10.819 [SpringApplicationShutdownHook] INFO  c.a.nacos.common.remote.client.grpc.GrpcClient - Shutdown grpc executor java.util.concurrent.ThreadPoolExecutor@2b3b0993[Running, pool size = 4, active threads = 0, queued tasks = 0, completed tasks = 47]
2025-08-30 15:01:10.819 [SpringApplicationShutdownHook] INFO  com.alibaba.nacos.client.naming - Shutdown grpc redo service executor java.util.concurrent.ScheduledThreadPoolExecutor@48e2bfbc[Running, pool size = 1, active threads = 0, queued tasks = 1, completed tasks = 54]
2025-08-30 15:01:10.819 [SpringApplicationShutdownHook] INFO  c.a.n.client.auth.ram.identify.CredentialWatcher - [null] CredentialWatcher is stopped
2025-08-30 15:01:10.820 [SpringApplicationShutdownHook] INFO  c.a.n.client.auth.ram.identify.CredentialService - [null] CredentialService is freed
2025-08-30 15:01:10.820 [SpringApplicationShutdownHook] INFO  com.alibaba.nacos.client.naming - com.alibaba.nacos.client.naming.remote.NamingClientProxyDelegate do shutdown stop
2025-08-30 15:01:10.820 [SpringApplicationShutdownHook] INFO  o.a.r.s.support.DefaultRocketMQListenerContainer - container destroyed, DefaultRocketMQListenerContainer{consumerGroup='xiaohongshu_group', namespace='', nameServer='127.0.0.1:9876', topic='DeleteNoteLocalCacheTopic', consumeMode=CONCURRENTLY, selectorType=TAG, selectorExpression='*', messageModel=BROADCASTING', tlsEnable=false, instanceName=DEFAULT}
2025-08-30 15:01:10.821 [SpringApplicationShutdownHook] INFO  com.alibaba.druid.pool.DruidDataSource - {dataSource-1} closing ...
2025-08-30 15:01:10.829 [SpringApplicationShutdownHook] INFO  com.alibaba.druid.pool.DruidDataSource - {dataSource-1} closed
2025-08-30 15:01:10.836 [SpringApplicationShutdownHook] INFO  o.a.r.s.support.DefaultRocketMQListenerContainer - container destroyed, DefaultRocketMQListenerContainer{consumerGroup='xiaohongshu_group_DelayDeleteNoteRedisCacheTopic', namespace='', nameServer='127.0.0.1:9876', topic='DelayDeleteNoteRedisCacheTopic', consumeMode=CONCURRENTLY, selectorType=TAG, selectorExpression='*', messageModel=CLUSTERING', tlsEnable=false, instanceName=DEFAULT}
2025-08-30 15:01:14.117 [main] WARN  com.alibaba.nacos.client.logging.NacosLogging - Load Logback Configuration of Nacos fail, message: Could not initialize Logback Nacos logging from classpath:nacos-logback.xml
2025-08-30 15:01:14.180 [main] WARN  com.alibaba.nacos.client.logging.NacosLogging - Load Logback Configuration of Nacos fail, message: Could not initialize Logback Nacos logging from classpath:nacos-logback.xml
2025-08-30 15:01:14.726 [main] WARN  com.alibaba.nacos.client.logging.NacosLogging - Load Logback Configuration of Nacos fail, message: Could not initialize Logback Nacos logging from classpath:nacos-logback.xml
2025-08-30 15:01:14.738 [main] WARN  com.alibaba.nacos.client.logging.NacosLogging - Load Logback Configuration of Nacos fail, message: Could not initialize Logback Nacos logging from classpath:nacos-logback.xml
2025-08-30 15:01:14.738 [main] INFO  c.z.x.note.biz.XiaohongshuNoteBizApplication - The following 1 profile is active: "dev"
2025-08-30 15:01:15.458 [main] INFO  o.s.d.r.config.RepositoryConfigurationDelegate - Multiple Spring Data modules found, entering strict repository configuration mode
2025-08-30 15:01:15.462 [main] INFO  o.s.d.r.config.RepositoryConfigurationDelegate - Bootstrapping Spring Data Redis repositories in DEFAULT mode.
2025-08-30 15:01:15.489 [main] INFO  o.s.d.r.config.RepositoryConfigurationDelegate - Finished Spring Data repository scanning in 12 ms. Found 0 Redis repository interfaces.
2025-08-30 15:01:15.766 [main] INFO  o.springframework.cloud.context.scope.GenericScope - BeanFactory id=56ca1490-0050-38a3-937d-3b0ed942f91a
2025-08-30 15:01:15.816 [main] INFO  o.s.c.s.PostProcessorRegistrationDelegate$BeanPostProcessorChecker - Bean 'com.zry.xiaohongshu.distributed.id.generator.api.DistributedIdGeneratorFeignApi' of type [org.springframework.cloud.openfeign.FeignClientFactoryBean] is not eligible for getting processed by all BeanPostProcessors (for example: not eligible for auto-proxying)
2025-08-30 15:01:15.819 [main] INFO  o.s.c.s.PostProcessorRegistrationDelegate$BeanPostProcessorChecker - Bean 'com.zry.xiaohongshu.kv.api.KeyValueFeignApi' of type [org.springframework.cloud.openfeign.FeignClientFactoryBean] is not eligible for getting processed by all BeanPostProcessors (for example: not eligible for auto-proxying)
2025-08-30 15:01:15.822 [main] INFO  o.s.c.s.PostProcessorRegistrationDelegate$BeanPostProcessorChecker - Bean 'com.zry.xiaohongshu.user.api.UserFeignApi' of type [org.springframework.cloud.openfeign.FeignClientFactoryBean] is not eligible for getting processed by all BeanPostProcessors (for example: not eligible for auto-proxying)
2025-08-30 15:01:16.174 [main] INFO  o.s.c.s.PostProcessorRegistrationDelegate$BeanPostProcessorChecker - Bean 'org.apache.rocketmq.spring.autoconfigure.MessageConverterConfiguration' of type [org.apache.rocketmq.spring.autoconfigure.MessageConverterConfiguration$$SpringCGLIB$$0] is not eligible for getting processed by all BeanPostProcessors (for example: not eligible for auto-proxying)
2025-08-30 15:01:16.261 [main] INFO  o.s.c.s.PostProcessorRegistrationDelegate$BeanPostProcessorChecker - Bean 'createRocketMQMessageConverter' of type [org.apache.rocketmq.spring.support.RocketMQMessageConverter] is not eligible for getting processed by all BeanPostProcessors (for example: not eligible for auto-proxying)
2025-08-30 15:01:16.265 [main] INFO  o.s.c.s.PostProcessorRegistrationDelegate$BeanPostProcessorChecker - Bean 'org.springframework.cloud.commons.config.CommonsConfigAutoConfiguration' of type [org.springframework.cloud.commons.config.CommonsConfigAutoConfiguration] is not eligible for getting processed by all BeanPostProcessors (for example: not eligible for auto-proxying)
2025-08-30 15:01:16.270 [main] INFO  o.s.c.s.PostProcessorRegistrationDelegate$BeanPostProcessorChecker - Bean 'org.springframework.cloud.client.loadbalancer.LoadBalancerDefaultMappingsProviderAutoConfiguration' of type [org.springframework.cloud.client.loadbalancer.LoadBalancerDefaultMappingsProviderAutoConfiguration] is not eligible for getting processed by all BeanPostProcessors (for example: not eligible for auto-proxying)
2025-08-30 15:01:16.271 [main] INFO  o.s.c.s.PostProcessorRegistrationDelegate$BeanPostProcessorChecker - Bean 'loadBalancerClientsDefaultsMappingsProvider' of type [org.springframework.cloud.client.loadbalancer.LoadBalancerDefaultMappingsProviderAutoConfiguration$$Lambda$721/0x0000027e8151aca8] is not eligible for getting processed by all BeanPostProcessors (for example: not eligible for auto-proxying)
2025-08-30 15:01:16.273 [main] INFO  o.s.c.s.PostProcessorRegistrationDelegate$BeanPostProcessorChecker - Bean 'defaultsBindHandlerAdvisor' of type [org.springframework.cloud.commons.config.DefaultsBindHandlerAdvisor] is not eligible for getting processed by all BeanPostProcessors (for example: not eligible for auto-proxying)
2025-08-30 15:01:16.286 [main] INFO  o.s.c.s.PostProcessorRegistrationDelegate$BeanPostProcessorChecker - Bean 'rocketmq-org.apache.rocketmq.spring.autoconfigure.RocketMQProperties' of type [org.apache.rocketmq.spring.autoconfigure.RocketMQProperties] is not eligible for getting processed by all BeanPostProcessors (for example: not eligible for auto-proxying)
2025-08-30 15:01:16.287 [main] INFO  o.s.c.s.PostProcessorRegistrationDelegate$BeanPostProcessorChecker - Bean 'org.apache.rocketmq.spring.autoconfigure.ListenerContainerConfiguration' of type [org.apache.rocketmq.spring.autoconfigure.ListenerContainerConfiguration$$SpringCGLIB$$0] is not eligible for getting processed by all BeanPostProcessors (for example: not eligible for auto-proxying)
2025-08-30 15:01:16.653 [main] INFO  o.s.boot.web.embedded.tomcat.TomcatWebServer - Tomcat initialized with port(s): 8086 (http)
2025-08-30 15:01:16.654 [main] INFO  org.apache.catalina.core.AprLifecycleListener - Loaded Apache Tomcat Native library [2.0.3] using APR version [1.7.2].
2025-08-30 15:01:16.659 [main] INFO  org.apache.catalina.core.AprLifecycleListener - OpenSSL successfully initialized [OpenSSL 3.0.8 7 Feb 2023]
2025-08-30 15:01:16.672 [main] INFO  org.apache.catalina.core.StandardService - Starting service [Tomcat]
2025-08-30 15:01:16.673 [main] INFO  org.apache.catalina.core.StandardEngine - Starting Servlet engine: [Apache Tomcat/10.1.5]
2025-08-30 15:01:16.831 [main] INFO  o.a.c.core.ContainerBase.[Tomcat].[localhost].[/] - Initializing Spring embedded WebApplicationContext
2025-08-30 15:01:16.831 [main] INFO  o.s.b.w.s.c.ServletWebServerApplicationContext - Root WebApplicationContext: initialization completed in 2075 ms
2025-08-30 15:01:17.813 [main] INFO  o.a.r.s.support.DefaultRocketMQListenerContainer - running container: DefaultRocketMQListenerContainer{consumerGroup='xiaohongshu_group_DelayDeleteNoteRedisCacheTopic', namespace='', nameServer='127.0.0.1:9876', topic='DelayDeleteNoteRedisCacheTopic', consumeMode=CONCURRENTLY, selectorType=TAG, selectorExpression='*', messageModel=CLUSTERING', tlsEnable=false, instanceName=DEFAULT}
2025-08-30 15:01:17.813 [main] INFO  o.a.r.s.a.ListenerContainerConfiguration - Register the listener to container, listenerBeanName:delayDeleteNoteRedisCacheConsumer, containerBeanName:org.apache.rocketmq.spring.support.DefaultRocketMQListenerContainer_1
2025-08-30 15:01:17.876 [main] INFO  o.a.r.s.autoconfigure.RocketMQAutoConfiguration - a producer (xiaohongshu_group) init on namesrv 127.0.0.1:9876
2025-08-30 15:01:17.939 [main] INFO  c.a.d.s.b.a.DruidDataSourceAutoConfigure - Init DruidDataSource
2025-08-30 15:01:18.327 [main] INFO  com.alibaba.druid.pool.DruidDataSource - {dataSource-1} inited
2025-08-30 15:01:18.676 [main] INFO  o.s.cloud.openfeign.FeignClientFactoryBean - For 'xiaohongshu-distributed-id-generator' URL not provided. Will try picking an instance via load-balancing.
2025-08-30 15:01:18.728 [main] INFO  o.s.cloud.openfeign.FeignClientFactoryBean - For 'xiaohongshu-kv' URL not provided. Will try picking an instance via load-balancing.
2025-08-30 15:01:18.752 [main] INFO  o.s.cloud.openfeign.FeignClientFactoryBean - For 'xiaohongshu-user' URL not provided. Will try picking an instance via load-balancing.
2025-08-30 15:01:18.847 [main] INFO  o.a.r.s.support.DefaultRocketMQListenerContainer - running container: DefaultRocketMQListenerContainer{consumerGroup='xiaohongshu_group', namespace='', nameServer='127.0.0.1:9876', topic='DeleteNoteLocalCacheTopic', consumeMode=CONCURRENTLY, selectorType=TAG, selectorExpression='*', messageModel=BROADCASTING', tlsEnable=false, instanceName=DEFAULT}
2025-08-30 15:01:18.847 [main] INFO  o.a.r.s.a.ListenerContainerConfiguration - Register the listener to container, listenerBeanName:deleteNoteLocalCacheConsumer, containerBeanName:org.apache.rocketmq.spring.support.DefaultRocketMQListenerContainer_2
2025-08-30 15:01:20.164 [main] INFO  o.s.boot.web.embedded.tomcat.TomcatWebServer - Tomcat started on port(s): 8086 (http) with context path ''
2025-08-30 15:01:20.172 [main] WARN  com.alibaba.nacos.client.logging.NacosLogging - Load Logback Configuration of Nacos fail, message: Could not initialize Logback Nacos logging from classpath:nacos-logback.xml
2025-08-30 15:01:20.172 [main] INFO  com.alibaba.nacos.client.naming - initializer namespace from ans.namespace attribute : null
2025-08-30 15:01:20.173 [main] INFO  com.alibaba.nacos.client.naming - initializer namespace from ALIBABA_ALIWARE_NAMESPACE attribute :null
2025-08-30 15:01:20.173 [main] INFO  com.alibaba.nacos.client.naming - initializer namespace from namespace attribute :null
2025-08-30 15:01:20.203 [main] INFO  com.alibaba.nacos.client.utils.ParamUtil - [settings] [req-serv] nacos-server port:8848
2025-08-30 15:01:20.203 [main] INFO  com.alibaba.nacos.client.utils.ParamUtil - [settings] [http-client] connect timeout:1000
2025-08-30 15:01:20.205 [main] INFO  com.alibaba.nacos.client.utils.ParamUtil - PER_TASK_CONFIG_SIZE: 3000.0
2025-08-30 15:01:20.210 [main] INFO  c.a.n.p.auth.spi.client.ClientAuthPluginManager - [ClientAuthPluginManager] Load ClientAuthService com.alibaba.nacos.client.auth.impl.NacosClientAuthServiceImpl success.
2025-08-30 15:01:20.210 [main] INFO  c.a.n.p.auth.spi.client.ClientAuthPluginManager - [ClientAuthPluginManager] Load ClientAuthService com.alibaba.nacos.client.auth.ram.RamClientAuthServiceImpl success.
2025-08-30 15:01:20.214 [main] INFO  c.a.n.client.auth.ram.identify.CredentialWatcher - null No credential found
2025-08-30 15:01:20.225 [main] INFO  com.alibaba.nacos.common.remote.client - [RpcClientFactory] create a new rpc client of 29300764-5e75-42ca-bbd4-b3f373749abf
2025-08-30 15:01:20.250 [main] INFO  com.alibaba.nacos.common.remote.client - [29300764-5e75-42ca-bbd4-b3f373749abf] RpcClient init, ServerListFactory = com.alibaba.nacos.client.naming.core.ServerListManager
2025-08-30 15:01:20.250 [main] INFO  com.alibaba.nacos.common.remote.client - [29300764-5e75-42ca-bbd4-b3f373749abf] Registry connection listener to current client:com.alibaba.nacos.client.naming.remote.gprc.redo.NamingGrpcRedoService
2025-08-30 15:01:20.250 [main] INFO  com.alibaba.nacos.common.remote.client - [29300764-5e75-42ca-bbd4-b3f373749abf] Register server push request handler:com.alibaba.nacos.client.naming.remote.gprc.NamingPushRequestHandler
2025-08-30 15:01:20.254 [main] INFO  com.alibaba.nacos.common.remote.client - [29300764-5e75-42ca-bbd4-b3f373749abf] Try to connect to server on start up, server: {serverIp = '47.236.36.111', server main port = 8848}
2025-08-30 15:01:20.294 [main] INFO  c.a.nacos.common.remote.client.grpc.GrpcClient - grpc client connection server:47.236.36.111 ip,serverPort:9848,grpcTslConfig:{"sslProvider":"OPENSSL","enableTls":false,"mutualAuthEnable":false,"trustAll":false}
2025-08-30 15:01:21.608 [main] INFO  com.alibaba.nacos.common.remote.client - [29300764-5e75-42ca-bbd4-b3f373749abf] Success to connect to server [47.236.36.111:8848] on start up, connectionId = 1756537281432_112.94.129.138_2040
2025-08-30 15:01:21.608 [com.alibaba.nacos.client.remote.worker] INFO  com.alibaba.nacos.common.remote.client - [29300764-5e75-42ca-bbd4-b3f373749abf] Notify connected event to listeners.
2025-08-30 15:01:21.609 [com.alibaba.nacos.client.remote.worker] INFO  com.alibaba.nacos.client.naming - Grpc connection connect
2025-08-30 15:01:21.609 [main] INFO  com.alibaba.nacos.common.remote.client - [29300764-5e75-42ca-bbd4-b3f373749abf] Register server push request handler:com.alibaba.nacos.common.remote.client.RpcClient$ConnectResetRequestHandler
2025-08-30 15:01:21.609 [main] INFO  com.alibaba.nacos.common.remote.client - [29300764-5e75-42ca-bbd4-b3f373749abf] Register server push request handler:com.alibaba.nacos.common.remote.client.RpcClient$$Lambda$1281/0x0000027e819d86a0
2025-08-30 15:01:21.611 [main] INFO  com.alibaba.nacos.client.naming - [REGISTER-SERVICE] xiaohongshu registering service xiaohongshu-note with instance Instance{instanceId='null', ip='10.2.66.3', port=8086, weight=1.0, healthy=true, enabled=true, ephemeral=true, clusterName='DEFAULT', serviceName='null', metadata={IPv6=null, preserved.register.source=SPRING_CLOUD}}
2025-08-30 15:01:21.682 [main] INFO  c.a.cloud.nacos.registry.NacosServiceRegistry - nacos registry, DEFAULT_GROUP xiaohongshu-note 10.2.66.3:8086 register finished
2025-08-30 15:01:21.969 [main] INFO  c.z.x.note.biz.XiaohongshuNoteBizApplication - Started XiaohongshuNoteBizApplication in 8.682 seconds (process running for 9.504)
2025-08-30 15:01:26.076 [http-nio-8086-exec-1] INFO  o.a.c.core.ContainerBase.[Tomcat].[localhost].[/] - Initializing Spring DispatcherServlet 'dispatcherServlet'
2025-08-30 15:01:26.077 [http-nio-8086-exec-1] INFO  org.springframework.web.servlet.DispatcherServlet - Initializing Servlet 'dispatcherServlet'
2025-08-30 15:01:26.078 [http-nio-8086-exec-1] INFO  org.springframework.web.servlet.DispatcherServlet - Completed initialization in 1 ms
2025-08-30 15:01:26.087 [http-nio-8086-exec-1] INFO  c.z.f.b.context.filter.HeaderUserId2ContextFilter - ## HeaderUserId2ContextFilter, 用户 ID: 100
2025-08-30 15:01:26.217 [http-nio-8086-exec-1] INFO  c.z.f.b.operationlog.aspect.ApiOperationLogAspect - ====== 请求开始: [笔记修改], 入参: {"id":1960629739609653259,"type":1,"imgUris":["http://116.62.199.48:9000/weblog/c89cc6b66f0341c0b7854771ae063eac.jpg"],"videoUri":"http://116.62.199.48:9000/weblog/c89cc6b66f0341c0b7854771ae063eac.jpg","title":"测试标题测试标题测试标题测试标题1111","content":"更新啦更新啦111","topicId":2}, 请求类: NoteController, 请求方法: updateNote =================================== 
2025-08-30 15:01:26.260 [http-nio-8086-exec-1] DEBUG c.z.x.n.b.d.mapper.NoteDOMapper.selectByPrimaryKey - ==>  Preparing: select id, title, is_content_empty, creator_id, topic_id, topic_name, is_top, `type`, img_uris, video_uri, visible, create_time, update_time, `status`, content_uuid from t_note where id = ? and status = 1
2025-08-30 15:01:26.508 [http-nio-8086-exec-1] DEBUG c.z.x.n.b.d.mapper.NoteDOMapper.selectByPrimaryKey - ==> Parameters: 1960629739609653259(Long)
2025-08-30 15:01:26.594 [http-nio-8086-exec-1] DEBUG c.z.x.n.b.d.mapper.NoteDOMapper.selectByPrimaryKey - <==      Total: 1
2025-08-30 15:01:26.600 [http-nio-8086-exec-1] DEBUG c.z.x.n.b.d.m.TopicDOMapper.selectNameByPrimaryKey - ==>  Preparing: select name from t_topic where id = ?;
2025-08-30 15:01:26.601 [http-nio-8086-exec-1] DEBUG c.z.x.n.b.d.m.TopicDOMapper.selectNameByPrimaryKey - ==> Parameters: 2(Long)
2025-08-30 15:01:26.608 [http-nio-8086-exec-1] DEBUG c.z.x.n.b.d.m.TopicDOMapper.selectNameByPrimaryKey - <==      Total: 1
2025-08-30 15:01:27.123 [http-nio-8086-exec-1] DEBUG c.z.x.n.b.d.mapper.NoteDOMapper.updateByPrimaryKey - ==>  Preparing: update t_note set title = ?, is_content_empty = ?, topic_id = ?, topic_name = ?, `type` = ?, img_uris = ?, video_uri = ?, update_time = ? where id = ?
2025-08-30 15:01:27.129 [http-nio-8086-exec-1] DEBUG c.z.x.n.b.d.mapper.NoteDOMapper.updateByPrimaryKey - ==> Parameters: 测试标题测试标题测试标题测试标题1111(String), false(Boolean), 2(Long), 下饭综艺推荐(String), 1(Integer), null, http://116.62.199.48:9000/weblog/c89cc6b66f0341c0b7854771ae063eac.jpg(String), 2025-08-30T15:01:27.123382600(LocalDateTime), 1960629739609653259(Long)
2025-08-30 15:01:27.144 [http-nio-8086-exec-1] DEBUG c.z.x.n.b.d.mapper.NoteDOMapper.updateByPrimaryKey - <==    Updates: 1
2025-08-30 15:01:27.196 [http-nio-8086-exec-1] INFO  c.z.x.note.biz.service.impl.NoteServiceImpl - ====> MQ：删除笔记本地缓存发送成功...
2025-08-30 15:01:27.196 [http-nio-8086-exec-1] DEBUG c.z.x.n.b.d.mapper.NoteDOMapper.selectByPrimaryKey - ==>  Preparing: select id, title, is_content_empty, creator_id, topic_id, topic_name, is_top, `type`, img_uris, video_uri, visible, create_time, update_time, `status`, content_uuid from t_note where id = ? and status = 1
2025-08-30 15:01:27.197 [NettyClientPublicExecutor_1] INFO  c.z.x.note.biz.service.impl.NoteServiceImpl - ## 延时删除 Redis 笔记缓存消息发送成功...
2025-08-30 15:01:27.198 [http-nio-8086-exec-1] DEBUG c.z.x.n.b.d.mapper.NoteDOMapper.selectByPrimaryKey - ==> Parameters: 1960629739609653259(Long)
2025-08-30 15:01:27.201 [http-nio-8086-exec-1] DEBUG c.z.x.n.b.d.mapper.NoteDOMapper.selectByPrimaryKey - <==      Total: 1
2025-08-30 15:01:27.213 [http-nio-8086-exec-1] INFO  c.z.f.b.c.interceptor.FeignRequestInterceptor - ==> feign请求设置请求头 userId: 100
2025-08-30 15:01:27.281 [http-nio-8086-exec-1] INFO  com.alibaba.nacos.client.naming - [SUBSCRIBE-SERVICE] service:xiaohongshu-kv, group:DEFAULT_GROUP, clusters: 
2025-08-30 15:01:27.351 [http-nio-8086-exec-1] INFO  com.alibaba.nacos.client.naming - init new ips(0) service: DEFAULT_GROUP@@xiaohongshu-kv -> []
2025-08-30 15:01:27.363 [http-nio-8086-exec-1] INFO  com.alibaba.nacos.client.naming - current ips:(0) service: DEFAULT_GROUP@@xiaohongshu-kv -> []
2025-08-30 15:01:27.379 [http-nio-8086-exec-1] WARN  o.s.cloud.loadbalancer.core.RoundRobinLoadBalancer - No servers available for service: xiaohongshu-kv
2025-08-30 15:01:27.388 [http-nio-8086-exec-1] WARN  o.s.c.o.l.FeignBlockingLoadBalancerClient - Load balancer does not contain an instance for the service xiaohongshu-kv
2025-08-30 15:01:27.403 [http-nio-8086-exec-1] ERROR c.z.x.note.biz.exception.GlobalExceptionHandler - /note/update request error, 
feign.FeignException$ServiceUnavailable: [503] during [POST] to [http://xiaohongshu-kv/kv/note/content/add] [KeyValueFeignApi#addNoteContent(AddNoteContentReqDTO)]: [Load balancer does not contain an instance for the service xiaohongshu-kv]
	at feign.FeignException.serverErrorStatus(FeignException.java:265)
	at feign.FeignException.errorStatus(FeignException.java:206)
	at feign.FeignException.errorStatus(FeignException.java:194)
	at feign.FeignException.errorStatus(FeignException.java:171)
	at feign.codec.ErrorDecoder$Default.decode(ErrorDecoder.java:92)
	at feign.ResponseHandler.decodeError(ResponseHandler.java:136)
	at feign.ResponseHandler.handleResponse(ResponseHandler.java:70)
	at feign.SynchronousMethodHandler.executeAndDecode(SynchronousMethodHandler.java:116)
	at feign.SynchronousMethodHandler.invoke(SynchronousMethodHandler.java:72)
	at feign.ReflectiveFeign$FeignInvocationHandler.invoke(ReflectiveFeign.java:98)
	at jdk.proxy2/jdk.proxy2.$Proxy102.addNoteContent(Unknown Source)
	at com.zry.xiaohongshu.note.biz.rpc.KeyValueRpcService.saveNoteContent(KeyValueRpcService.java:23)
	at com.zry.xiaohongshu.note.biz.service.impl.NoteServiceImpl.updateNote(NoteServiceImpl.java:420)
	at java.base/jdk.internal.reflect.NativeMethodAccessorImpl.invoke0(Native Method)
	at java.base/jdk.internal.reflect.NativeMethodAccessorImpl.invoke(NativeMethodAccessorImpl.java:77)
	at java.base/jdk.internal.reflect.DelegatingMethodAccessorImpl.invoke(DelegatingMethodAccessorImpl.java:43)
	at java.base/java.lang.reflect.Method.invoke(Method.java:568)
	at org.springframework.aop.support.AopUtils.invokeJoinpointUsingReflection(AopUtils.java:343)
	at org.springframework.aop.framework.ReflectiveMethodInvocation.invokeJoinpoint(ReflectiveMethodInvocation.java:196)
	at org.springframework.aop.framework.ReflectiveMethodInvocation.proceed(ReflectiveMethodInvocation.java:163)
	at org.springframework.aop.framework.CglibAopProxy$CglibMethodInvocation.proceed(CglibAopProxy.java:752)
	at org.springframework.transaction.interceptor.TransactionInterceptor$1.proceedWithInvocation(TransactionInterceptor.java:123)
	at org.springframework.transaction.interceptor.TransactionAspectSupport.invokeWithinTransaction(TransactionAspectSupport.java:388)
	at org.springframework.transaction.interceptor.TransactionInterceptor.invoke(TransactionInterceptor.java:119)
	at org.springframework.aop.framework.ReflectiveMethodInvocation.proceed(ReflectiveMethodInvocation.java:184)
	at org.springframework.aop.framework.CglibAopProxy$CglibMethodInvocation.proceed(CglibAopProxy.java:752)
	at org.springframework.aop.framework.CglibAopProxy$DynamicAdvisedInterceptor.intercept(CglibAopProxy.java:703)
	at com.zry.xiaohongshu.note.biz.service.impl.NoteServiceImpl$$SpringCGLIB$$0.updateNote(<generated>)
	at com.zry.xiaohongshu.note.biz.controller.NoteController.updateNote(NoteController.java:34)
	at java.base/jdk.internal.reflect.NativeMethodAccessorImpl.invoke0(Native Method)
	at java.base/jdk.internal.reflect.NativeMethodAccessorImpl.invoke(NativeMethodAccessorImpl.java:77)
	at java.base/jdk.internal.reflect.DelegatingMethodAccessorImpl.invoke(DelegatingMethodAccessorImpl.java:43)
	at java.base/java.lang.reflect.Method.invoke(Method.java:568)
	at org.springframework.aop.support.AopUtils.invokeJoinpointUsingReflection(AopUtils.java:343)
	at org.springframework.aop.framework.ReflectiveMethodInvocation.invokeJoinpoint(ReflectiveMethodInvocation.java:196)
	at org.springframework.aop.framework.ReflectiveMethodInvocation.proceed(ReflectiveMethodInvocation.java:163)
	at org.springframework.aop.framework.CglibAopProxy$CglibMethodInvocation.proceed(CglibAopProxy.java:752)
	at org.springframework.aop.aspectj.MethodInvocationProceedingJoinPoint.proceed(MethodInvocationProceedingJoinPoint.java:89)
	at com.zry.framework.biz.operationlog.aspect.ApiOperationLogAspect.doAround(ApiOperationLogAspect.java:50)
	at java.base/jdk.internal.reflect.NativeMethodAccessorImpl.invoke0(Native Method)
	at java.base/jdk.internal.reflect.NativeMethodAccessorImpl.invoke(NativeMethodAccessorImpl.java:77)
	at java.base/jdk.internal.reflect.DelegatingMethodAccessorImpl.invoke(DelegatingMethodAccessorImpl.java:43)
	at java.base/java.lang.reflect.Method.invoke(Method.java:568)
	at org.springframework.aop.aspectj.AbstractAspectJAdvice.invokeAdviceMethodWithGivenArgs(AbstractAspectJAdvice.java:633)
	at org.springframework.aop.aspectj.AbstractAspectJAdvice.invokeAdviceMethod(AbstractAspectJAdvice.java:623)
	at org.springframework.aop.aspectj.AspectJAroundAdvice.invoke(AspectJAroundAdvice.java:71)
	at org.springframework.aop.framework.ReflectiveMethodInvocation.proceed(ReflectiveMethodInvocation.java:173)
	at org.springframework.aop.framework.CglibAopProxy$CglibMethodInvocation.proceed(CglibAopProxy.java:752)
	at org.springframework.aop.interceptor.ExposeInvocationInterceptor.invoke(ExposeInvocationInterceptor.java:97)
	at org.springframework.aop.framework.ReflectiveMethodInvocation.proceed(ReflectiveMethodInvocation.java:184)
	at org.springframework.aop.framework.CglibAopProxy$CglibMethodInvocation.proceed(CglibAopProxy.java:752)
	at org.springframework.aop.framework.CglibAopProxy$DynamicAdvisedInterceptor.intercept(CglibAopProxy.java:703)
	at com.zry.xiaohongshu.note.biz.controller.NoteController$$SpringCGLIB$$0.updateNote(<generated>)
	at java.base/jdk.internal.reflect.NativeMethodAccessorImpl.invoke0(Native Method)
	at java.base/jdk.internal.reflect.NativeMethodAccessorImpl.invoke(NativeMethodAccessorImpl.java:77)
	at java.base/jdk.internal.reflect.DelegatingMethodAccessorImpl.invoke(DelegatingMethodAccessorImpl.java:43)
	at java.base/java.lang.reflect.Method.invoke(Method.java:568)
	at org.springframework.web.method.support.InvocableHandlerMethod.doInvoke(InvocableHandlerMethod.java:207)
	at org.springframework.web.method.support.InvocableHandlerMethod.invokeForRequest(InvocableHandlerMethod.java:152)
	at org.springframework.web.servlet.mvc.method.annotation.ServletInvocableHandlerMethod.invokeAndHandle(ServletInvocableHandlerMethod.java:117)
	at org.springframework.web.servlet.mvc.method.annotation.RequestMappingHandlerAdapter.invokeHandlerMethod(RequestMappingHandlerAdapter.java:884)
	at org.springframework.web.servlet.mvc.method.annotation.RequestMappingHandlerAdapter.handleInternal(RequestMappingHandlerAdapter.java:797)
	at org.springframework.web.servlet.mvc.method.AbstractHandlerMethodAdapter.handle(AbstractHandlerMethodAdapter.java:87)
	at org.springframework.web.servlet.DispatcherServlet.doDispatch(DispatcherServlet.java:1080)
	at org.springframework.web.servlet.DispatcherServlet.doService(DispatcherServlet.java:973)
	at org.springframework.web.servlet.FrameworkServlet.processRequest(FrameworkServlet.java:1011)
	at org.springframework.web.servlet.FrameworkServlet.doPost(FrameworkServlet.java:914)
	at jakarta.servlet.http.HttpServlet.service(HttpServlet.java:547)
	at org.springframework.web.servlet.FrameworkServlet.service(FrameworkServlet.java:885)
	at jakarta.servlet.http.HttpServlet.service(HttpServlet.java:614)
	at org.apache.catalina.core.ApplicationFilterChain.internalDoFilter(ApplicationFilterChain.java:223)
	at org.apache.catalina.core.ApplicationFilterChain.doFilter(ApplicationFilterChain.java:158)
	at org.apache.tomcat.websocket.server.WsFilter.doFilter(WsFilter.java:53)
	at org.apache.catalina.core.ApplicationFilterChain.internalDoFilter(ApplicationFilterChain.java:185)
	at org.apache.catalina.core.ApplicationFilterChain.doFilter(ApplicationFilterChain.java:158)
	at com.zry.framework.biz.context.filter.HeaderUserId2ContextFilter.doFilterInternal(HeaderUserId2ContextFilter.java:33)
	at org.springframework.web.filter.OncePerRequestFilter.doFilter(OncePerRequestFilter.java:116)
	at org.apache.catalina.core.ApplicationFilterChain.internalDoFilter(ApplicationFilterChain.java:185)
	at org.apache.catalina.core.ApplicationFilterChain.doFilter(ApplicationFilterChain.java:158)
	at com.alibaba.druid.support.jakarta.WebStatFilter.doFilter(WebStatFilter.java:113)
	at org.apache.catalina.core.ApplicationFilterChain.internalDoFilter(ApplicationFilterChain.java:185)
	at org.apache.catalina.core.ApplicationFilterChain.doFilter(ApplicationFilterChain.java:158)
	at org.springframework.web.filter.RequestContextFilter.doFilterInternal(RequestContextFilter.java:100)
	at org.springframework.web.filter.OncePerRequestFilter.doFilter(OncePerRequestFilter.java:116)
	at org.apache.catalina.core.ApplicationFilterChain.internalDoFilter(ApplicationFilterChain.java:185)
	at org.apache.catalina.core.ApplicationFilterChain.doFilter(ApplicationFilterChain.java:158)
	at org.springframework.web.filter.FormContentFilter.doFilterInternal(FormContentFilter.java:93)
	at org.springframework.web.filter.OncePerRequestFilter.doFilter(OncePerRequestFilter.java:116)
	at org.apache.catalina.core.ApplicationFilterChain.internalDoFilter(ApplicationFilterChain.java:185)
	at org.apache.catalina.core.ApplicationFilterChain.doFilter(ApplicationFilterChain.java:158)
	at org.springframework.web.filter.CharacterEncodingFilter.doFilterInternal(CharacterEncodingFilter.java:201)
	at org.springframework.web.filter.OncePerRequestFilter.doFilter(OncePerRequestFilter.java:116)
	at org.apache.catalina.core.ApplicationFilterChain.internalDoFilter(ApplicationFilterChain.java:185)
	at org.apache.catalina.core.ApplicationFilterChain.doFilter(ApplicationFilterChain.java:158)
	at org.apache.catalina.core.StandardWrapperValve.invoke(StandardWrapperValve.java:177)
	at org.apache.catalina.core.StandardContextValve.invoke(StandardContextValve.java:97)
	at org.apache.catalina.authenticator.AuthenticatorBase.invoke(AuthenticatorBase.java:542)
	at org.apache.catalina.core.StandardHostValve.invoke(StandardHostValve.java:119)
	at org.apache.catalina.valves.ErrorReportValve.invoke(ErrorReportValve.java:92)
	at org.apache.catalina.core.StandardEngineValve.invoke(StandardEngineValve.java:78)
	at org.apache.catalina.connector.CoyoteAdapter.service(CoyoteAdapter.java:357)
	at org.apache.coyote.http11.Http11Processor.service(Http11Processor.java:400)
	at org.apache.coyote.AbstractProcessorLight.process(AbstractProcessorLight.java:65)
	at org.apache.coyote.AbstractProtocol$ConnectionHandler.process(AbstractProtocol.java:859)
	at org.apache.tomcat.util.net.NioEndpoint$SocketProcessor.doRun(NioEndpoint.java:1734)
	at org.apache.tomcat.util.net.SocketProcessorBase.run(SocketProcessorBase.java:52)
	at org.apache.tomcat.util.threads.ThreadPoolExecutor.runWorker(ThreadPoolExecutor.java:1191)
	at org.apache.tomcat.util.threads.ThreadPoolExecutor$Worker.run(ThreadPoolExecutor.java:659)
	at org.apache.tomcat.util.threads.TaskThread$WrappingRunnable.run(TaskThread.java:61)
	at java.base/java.lang.Thread.run(Thread.java:842)
2025-08-30 15:01:27.424 [http-nio-8086-exec-1] INFO  c.z.f.b.context.filter.HeaderUserId2ContextFilter - ===== 删除 ThreadLocal， userId: 100
2025-08-30 15:01:27.908 [nacos-grpc-client-executor-47.236.36.111-10] INFO  com.alibaba.nacos.common.remote.client - [29300764-5e75-42ca-bbd4-b3f373749abf] Receive server push request, request = NotifySubscriberRequest, requestId = 679
2025-08-30 15:01:27.908 [nacos-grpc-client-executor-47.236.36.111-10] INFO  com.alibaba.nacos.common.remote.client - [29300764-5e75-42ca-bbd4-b3f373749abf] Ack server push request, request = NotifySubscriberRequest, requestId = 679
2025-08-30 15:01:28.334 [ConsumeMessageThread_xiaohongshu_group_DelayDeleteNoteRedisCacheTopic_1] INFO  c.z.x.n.b.c.DelayDeleteNoteRedisCacheConsumer - ## 延迟删除笔记 Redis 缓存, noteId: 1960629739609653259
2025-08-30 15:01:50.346 [ConsumeMessageThread_xiaohongshu_group_1] INFO  c.z.x.n.biz.consumer.DeleteNoteLocalCacheConsumer - ## 消费者消费成功, noteId: 1960629739609653259
2025-08-30 15:01:50.350 [ConsumeMessageThread_xiaohongshu_group_1] INFO  c.z.x.note.biz.service.impl.NoteServiceImpl - ==> 删除本地缓存成功, noteId: 1960629739609653259
2025-08-30 15:07:01.826 [nacos-grpc-client-executor-47.236.36.111-90] INFO  com.alibaba.nacos.common.remote.client - [29300764-5e75-42ca-bbd4-b3f373749abf] Receive server push request, request = NotifySubscriberRequest, requestId = 680
2025-08-30 15:07:01.838 [nacos-grpc-client-executor-47.236.36.111-90] INFO  com.alibaba.nacos.client.naming - new ips(1) service: DEFAULT_GROUP@@xiaohongshu-kv -> [{"ip":"10.2.66.3","port":8084,"weight":1.0,"healthy":true,"enabled":true,"ephemeral":true,"clusterName":"DEFAULT","serviceName":"DEFAULT_GROUP@@xiaohongshu-kv","metadata":{"preserved.register.source":"SPRING_CLOUD"},"ipDeleteTimeout":30000,"instanceHeartBeatTimeOut":15000,"instanceHeartBeatInterval":5000}]
2025-08-30 15:07:01.838 [nacos-grpc-client-executor-47.236.36.111-90] INFO  com.alibaba.nacos.client.naming - current ips:(1) service: DEFAULT_GROUP@@xiaohongshu-kv -> [{"ip":"10.2.66.3","port":8084,"weight":1.0,"healthy":true,"enabled":true,"ephemeral":true,"clusterName":"DEFAULT","serviceName":"DEFAULT_GROUP@@xiaohongshu-kv","metadata":{"preserved.register.source":"SPRING_CLOUD"},"ipDeleteTimeout":30000,"instanceHeartBeatTimeOut":15000,"instanceHeartBeatInterval":5000}]
2025-08-30 15:07:01.841 [nacos-grpc-client-executor-47.236.36.111-90] INFO  com.alibaba.nacos.common.remote.client - [29300764-5e75-42ca-bbd4-b3f373749abf] Ack server push request, request = NotifySubscriberRequest, requestId = 680
2025-08-30 15:07:32.494 [nacos-grpc-client-executor-47.236.36.111-96] INFO  com.alibaba.nacos.common.remote.client - [29300764-5e75-42ca-bbd4-b3f373749abf] Receive server push request, request = NotifySubscriberRequest, requestId = 681
2025-08-30 15:07:32.495 [nacos-grpc-client-executor-47.236.36.111-96] INFO  com.alibaba.nacos.client.naming - removed ips(1) service: DEFAULT_GROUP@@xiaohongshu-kv -> [{"ip":"10.2.66.3","port":8084,"weight":1.0,"healthy":true,"enabled":true,"ephemeral":true,"clusterName":"DEFAULT","serviceName":"DEFAULT_GROUP@@xiaohongshu-kv","metadata":{"preserved.register.source":"SPRING_CLOUD"},"ipDeleteTimeout":30000,"instanceHeartBeatTimeOut":15000,"instanceHeartBeatInterval":5000}]
2025-08-30 15:07:32.495 [nacos-grpc-client-executor-47.236.36.111-96] INFO  com.alibaba.nacos.client.naming - current ips:(0) service: DEFAULT_GROUP@@xiaohongshu-kv -> []
2025-08-30 15:07:32.499 [nacos-grpc-client-executor-47.236.36.111-96] INFO  com.alibaba.nacos.common.remote.client - [29300764-5e75-42ca-bbd4-b3f373749abf] Ack server push request, request = NotifySubscriberRequest, requestId = 681
2025-08-30 15:07:43.549 [nacos-grpc-client-executor-47.236.36.111-98] INFO  com.alibaba.nacos.common.remote.client - [29300764-5e75-42ca-bbd4-b3f373749abf] Receive server push request, request = NotifySubscriberRequest, requestId = 682
2025-08-30 15:07:43.549 [nacos-grpc-client-executor-47.236.36.111-98] INFO  com.alibaba.nacos.client.naming - new ips(1) service: DEFAULT_GROUP@@xiaohongshu-kv -> [{"ip":"10.2.66.3","port":8084,"weight":1.0,"healthy":true,"enabled":true,"ephemeral":true,"clusterName":"DEFAULT","serviceName":"DEFAULT_GROUP@@xiaohongshu-kv","metadata":{"preserved.register.source":"SPRING_CLOUD"},"ipDeleteTimeout":30000,"instanceHeartBeatTimeOut":15000,"instanceHeartBeatInterval":5000}]
2025-08-30 15:07:43.549 [nacos-grpc-client-executor-47.236.36.111-98] INFO  com.alibaba.nacos.client.naming - current ips:(1) service: DEFAULT_GROUP@@xiaohongshu-kv -> [{"ip":"10.2.66.3","port":8084,"weight":1.0,"healthy":true,"enabled":true,"ephemeral":true,"clusterName":"DEFAULT","serviceName":"DEFAULT_GROUP@@xiaohongshu-kv","metadata":{"preserved.register.source":"SPRING_CLOUD"},"ipDeleteTimeout":30000,"instanceHeartBeatTimeOut":15000,"instanceHeartBeatInterval":5000}]
2025-08-30 15:07:43.551 [nacos-grpc-client-executor-47.236.36.111-98] INFO  com.alibaba.nacos.common.remote.client - [29300764-5e75-42ca-bbd4-b3f373749abf] Ack server push request, request = NotifySubscriberRequest, requestId = 682
2025-08-30 15:08:20.383 [http-nio-8086-exec-4] INFO  c.z.f.b.context.filter.HeaderUserId2ContextFilter - ## HeaderUserId2ContextFilter, 用户 ID: 100
2025-08-30 15:08:20.393 [http-nio-8086-exec-4] INFO  c.z.f.b.operationlog.aspect.ApiOperationLogAspect - ====== 请求开始: [笔记修改], 入参: {"id":1960629739609653259,"type":1,"imgUris":["http://116.62.199.48:9000/weblog/c89cc6b66f0341c0b7854771ae063eac.jpg"],"videoUri":"http://116.62.199.48:9000/weblog/c89cc6b66f0341c0b7854771ae063eac.jpg","title":"测试标题测试标题测试标题测试标题1111","content":"更新啦更新啦111","topicId":2}, 请求类: NoteController, 请求方法: updateNote =================================== 
2025-08-30 15:08:20.411 [http-nio-8086-exec-4] DEBUG c.z.x.n.b.d.mapper.NoteDOMapper.selectByPrimaryKey - ==>  Preparing: select id, title, is_content_empty, creator_id, topic_id, topic_name, is_top, `type`, img_uris, video_uri, visible, create_time, update_time, `status`, content_uuid from t_note where id = ? and status = 1
2025-08-30 15:08:20.415 [http-nio-8086-exec-4] DEBUG c.z.x.n.b.d.mapper.NoteDOMapper.selectByPrimaryKey - ==> Parameters: 1960629739609653259(Long)
2025-08-30 15:08:20.432 [http-nio-8086-exec-4] DEBUG c.z.x.n.b.d.mapper.NoteDOMapper.selectByPrimaryKey - <==      Total: 1
2025-08-30 15:08:20.433 [http-nio-8086-exec-4] DEBUG c.z.x.n.b.d.m.TopicDOMapper.selectNameByPrimaryKey - ==>  Preparing: select name from t_topic where id = ?;
2025-08-30 15:08:20.434 [http-nio-8086-exec-4] DEBUG c.z.x.n.b.d.m.TopicDOMapper.selectNameByPrimaryKey - ==> Parameters: 2(Long)
2025-08-30 15:08:20.435 [http-nio-8086-exec-4] DEBUG c.z.x.n.b.d.m.TopicDOMapper.selectNameByPrimaryKey - <==      Total: 1
2025-08-30 15:08:25.453 [http-nio-8086-exec-4] ERROR c.z.x.note.biz.exception.GlobalExceptionHandler - /note/update request error, 
org.springframework.dao.QueryTimeoutException: Redis command timed out
	at org.springframework.data.redis.connection.lettuce.LettuceExceptionConverter.convert(LettuceExceptionConverter.java:68)
	at org.springframework.data.redis.connection.lettuce.LettuceExceptionConverter.convert(LettuceExceptionConverter.java:41)
	at org.springframework.data.redis.PassThroughExceptionTranslationStrategy.translate(PassThroughExceptionTranslationStrategy.java:40)
	at org.springframework.data.redis.FallbackExceptionTranslationStrategy.translate(FallbackExceptionTranslationStrategy.java:38)
	at org.springframework.data.redis.connection.lettuce.LettuceConnection.convertLettuceAccessException(LettuceConnection.java:248)
	at org.springframework.data.redis.connection.lettuce.LettuceConnection.await(LettuceConnection.java:961)
	at org.springframework.data.redis.connection.lettuce.LettuceConnection.lambda$doInvoke$4(LettuceConnection.java:818)
	at org.springframework.data.redis.connection.lettuce.LettuceInvoker$Synchronizer.invoke(LettuceInvoker.java:665)
	at org.springframework.data.redis.connection.lettuce.LettuceInvoker.just(LettuceInvoker.java:94)
	at org.springframework.data.redis.connection.lettuce.LettuceKeyCommands.del(LettuceKeyCommands.java:91)
	at org.springframework.data.redis.core.RedisTemplate.lambda$delete$5(RedisTemplate.java:588)
	at org.springframework.data.redis.core.RedisTemplate.lambda$doWithKeys$22(RedisTemplate.java:785)
	at org.springframework.data.redis.core.RedisTemplate.execute(RedisTemplate.java:406)
	at org.springframework.data.redis.core.RedisTemplate.execute(RedisTemplate.java:373)
	at org.springframework.data.redis.core.RedisTemplate.doWithKeys(RedisTemplate.java:785)
	at org.springframework.data.redis.core.RedisTemplate.delete(RedisTemplate.java:588)
	at com.zry.xiaohongshu.note.biz.service.impl.NoteServiceImpl.updateNote(NoteServiceImpl.java:362)
	at java.base/jdk.internal.reflect.NativeMethodAccessorImpl.invoke0(Native Method)
	at java.base/jdk.internal.reflect.NativeMethodAccessorImpl.invoke(NativeMethodAccessorImpl.java:77)
	at java.base/jdk.internal.reflect.DelegatingMethodAccessorImpl.invoke(DelegatingMethodAccessorImpl.java:43)
	at java.base/java.lang.reflect.Method.invoke(Method.java:568)
	at org.springframework.aop.support.AopUtils.invokeJoinpointUsingReflection(AopUtils.java:343)
	at org.springframework.aop.framework.ReflectiveMethodInvocation.invokeJoinpoint(ReflectiveMethodInvocation.java:196)
	at org.springframework.aop.framework.ReflectiveMethodInvocation.proceed(ReflectiveMethodInvocation.java:163)
	at org.springframework.aop.framework.CglibAopProxy$CglibMethodInvocation.proceed(CglibAopProxy.java:752)
	at org.springframework.transaction.interceptor.TransactionInterceptor$1.proceedWithInvocation(TransactionInterceptor.java:123)
	at org.springframework.transaction.interceptor.TransactionAspectSupport.invokeWithinTransaction(TransactionAspectSupport.java:388)
	at org.springframework.transaction.interceptor.TransactionInterceptor.invoke(TransactionInterceptor.java:119)
	at org.springframework.aop.framework.ReflectiveMethodInvocation.proceed(ReflectiveMethodInvocation.java:184)
	at org.springframework.aop.framework.CglibAopProxy$CglibMethodInvocation.proceed(CglibAopProxy.java:752)
	at org.springframework.aop.framework.CglibAopProxy$DynamicAdvisedInterceptor.intercept(CglibAopProxy.java:703)
	at com.zry.xiaohongshu.note.biz.service.impl.NoteServiceImpl$$SpringCGLIB$$0.updateNote(<generated>)
	at com.zry.xiaohongshu.note.biz.controller.NoteController.updateNote(NoteController.java:34)
	at java.base/jdk.internal.reflect.NativeMethodAccessorImpl.invoke0(Native Method)
	at java.base/jdk.internal.reflect.NativeMethodAccessorImpl.invoke(NativeMethodAccessorImpl.java:77)
	at java.base/jdk.internal.reflect.DelegatingMethodAccessorImpl.invoke(DelegatingMethodAccessorImpl.java:43)
	at java.base/java.lang.reflect.Method.invoke(Method.java:568)
	at org.springframework.aop.support.AopUtils.invokeJoinpointUsingReflection(AopUtils.java:343)
	at org.springframework.aop.framework.ReflectiveMethodInvocation.invokeJoinpoint(ReflectiveMethodInvocation.java:196)
	at org.springframework.aop.framework.ReflectiveMethodInvocation.proceed(ReflectiveMethodInvocation.java:163)
	at org.springframework.aop.framework.CglibAopProxy$CglibMethodInvocation.proceed(CglibAopProxy.java:752)
	at org.springframework.aop.aspectj.MethodInvocationProceedingJoinPoint.proceed(MethodInvocationProceedingJoinPoint.java:89)
	at com.zry.framework.biz.operationlog.aspect.ApiOperationLogAspect.doAround(ApiOperationLogAspect.java:50)
	at java.base/jdk.internal.reflect.NativeMethodAccessorImpl.invoke0(Native Method)
	at java.base/jdk.internal.reflect.NativeMethodAccessorImpl.invoke(NativeMethodAccessorImpl.java:77)
	at java.base/jdk.internal.reflect.DelegatingMethodAccessorImpl.invoke(DelegatingMethodAccessorImpl.java:43)
	at java.base/java.lang.reflect.Method.invoke(Method.java:568)
	at org.springframework.aop.aspectj.AbstractAspectJAdvice.invokeAdviceMethodWithGivenArgs(AbstractAspectJAdvice.java:633)
	at org.springframework.aop.aspectj.AbstractAspectJAdvice.invokeAdviceMethod(AbstractAspectJAdvice.java:623)
	at org.springframework.aop.aspectj.AspectJAroundAdvice.invoke(AspectJAroundAdvice.java:71)
	at org.springframework.aop.framework.ReflectiveMethodInvocation.proceed(ReflectiveMethodInvocation.java:173)
	at org.springframework.aop.framework.CglibAopProxy$CglibMethodInvocation.proceed(CglibAopProxy.java:752)
	at org.springframework.aop.interceptor.ExposeInvocationInterceptor.invoke(ExposeInvocationInterceptor.java:97)
	at org.springframework.aop.framework.ReflectiveMethodInvocation.proceed(ReflectiveMethodInvocation.java:184)
	at org.springframework.aop.framework.CglibAopProxy$CglibMethodInvocation.proceed(CglibAopProxy.java:752)
	at org.springframework.aop.framework.CglibAopProxy$DynamicAdvisedInterceptor.intercept(CglibAopProxy.java:703)
	at com.zry.xiaohongshu.note.biz.controller.NoteController$$SpringCGLIB$$0.updateNote(<generated>)
	at java.base/jdk.internal.reflect.NativeMethodAccessorImpl.invoke0(Native Method)
	at java.base/jdk.internal.reflect.NativeMethodAccessorImpl.invoke(NativeMethodAccessorImpl.java:77)
	at java.base/jdk.internal.reflect.DelegatingMethodAccessorImpl.invoke(DelegatingMethodAccessorImpl.java:43)
	at java.base/java.lang.reflect.Method.invoke(Method.java:568)
	at org.springframework.web.method.support.InvocableHandlerMethod.doInvoke(InvocableHandlerMethod.java:207)
	at org.springframework.web.method.support.InvocableHandlerMethod.invokeForRequest(InvocableHandlerMethod.java:152)
	at org.springframework.web.servlet.mvc.method.annotation.ServletInvocableHandlerMethod.invokeAndHandle(ServletInvocableHandlerMethod.java:117)
	at org.springframework.web.servlet.mvc.method.annotation.RequestMappingHandlerAdapter.invokeHandlerMethod(RequestMappingHandlerAdapter.java:884)
	at org.springframework.web.servlet.mvc.method.annotation.RequestMappingHandlerAdapter.handleInternal(RequestMappingHandlerAdapter.java:797)
	at org.springframework.web.servlet.mvc.method.AbstractHandlerMethodAdapter.handle(AbstractHandlerMethodAdapter.java:87)
	at org.springframework.web.servlet.DispatcherServlet.doDispatch(DispatcherServlet.java:1080)
	at org.springframework.web.servlet.DispatcherServlet.doService(DispatcherServlet.java:973)
	at org.springframework.web.servlet.FrameworkServlet.processRequest(FrameworkServlet.java:1011)
	at org.springframework.web.servlet.FrameworkServlet.doPost(FrameworkServlet.java:914)
	at jakarta.servlet.http.HttpServlet.service(HttpServlet.java:547)
	at org.springframework.web.servlet.FrameworkServlet.service(FrameworkServlet.java:885)
	at jakarta.servlet.http.HttpServlet.service(HttpServlet.java:614)
	at org.apache.catalina.core.ApplicationFilterChain.internalDoFilter(ApplicationFilterChain.java:223)
	at org.apache.catalina.core.ApplicationFilterChain.doFilter(ApplicationFilterChain.java:158)
	at org.apache.tomcat.websocket.server.WsFilter.doFilter(WsFilter.java:53)
	at org.apache.catalina.core.ApplicationFilterChain.internalDoFilter(ApplicationFilterChain.java:185)
	at org.apache.catalina.core.ApplicationFilterChain.doFilter(ApplicationFilterChain.java:158)
	at com.zry.framework.biz.context.filter.HeaderUserId2ContextFilter.doFilterInternal(HeaderUserId2ContextFilter.java:33)
	at org.springframework.web.filter.OncePerRequestFilter.doFilter(OncePerRequestFilter.java:116)
	at org.apache.catalina.core.ApplicationFilterChain.internalDoFilter(ApplicationFilterChain.java:185)
	at org.apache.catalina.core.ApplicationFilterChain.doFilter(ApplicationFilterChain.java:158)
	at com.alibaba.druid.support.jakarta.WebStatFilter.doFilter(WebStatFilter.java:113)
	at org.apache.catalina.core.ApplicationFilterChain.internalDoFilter(ApplicationFilterChain.java:185)
	at org.apache.catalina.core.ApplicationFilterChain.doFilter(ApplicationFilterChain.java:158)
	at org.springframework.web.filter.RequestContextFilter.doFilterInternal(RequestContextFilter.java:100)
	at org.springframework.web.filter.OncePerRequestFilter.doFilter(OncePerRequestFilter.java:116)
	at org.apache.catalina.core.ApplicationFilterChain.internalDoFilter(ApplicationFilterChain.java:185)
	at org.apache.catalina.core.ApplicationFilterChain.doFilter(ApplicationFilterChain.java:158)
	at org.springframework.web.filter.FormContentFilter.doFilterInternal(FormContentFilter.java:93)
	at org.springframework.web.filter.OncePerRequestFilter.doFilter(OncePerRequestFilter.java:116)
	at org.apache.catalina.core.ApplicationFilterChain.internalDoFilter(ApplicationFilterChain.java:185)
	at org.apache.catalina.core.ApplicationFilterChain.doFilter(ApplicationFilterChain.java:158)
	at org.springframework.web.filter.CharacterEncodingFilter.doFilterInternal(CharacterEncodingFilter.java:201)
	at org.springframework.web.filter.OncePerRequestFilter.doFilter(OncePerRequestFilter.java:116)
	at org.apache.catalina.core.ApplicationFilterChain.internalDoFilter(ApplicationFilterChain.java:185)
	at org.apache.catalina.core.ApplicationFilterChain.doFilter(ApplicationFilterChain.java:158)
	at org.apache.catalina.core.StandardWrapperValve.invoke(StandardWrapperValve.java:177)
	at org.apache.catalina.core.StandardContextValve.invoke(StandardContextValve.java:97)
	at org.apache.catalina.authenticator.AuthenticatorBase.invoke(AuthenticatorBase.java:542)
	at org.apache.catalina.core.StandardHostValve.invoke(StandardHostValve.java:119)
	at org.apache.catalina.valves.ErrorReportValve.invoke(ErrorReportValve.java:92)
	at org.apache.catalina.core.StandardEngineValve.invoke(StandardEngineValve.java:78)
	at org.apache.catalina.connector.CoyoteAdapter.service(CoyoteAdapter.java:357)
	at org.apache.coyote.http11.Http11Processor.service(Http11Processor.java:400)
	at org.apache.coyote.AbstractProcessorLight.process(AbstractProcessorLight.java:65)
	at org.apache.coyote.AbstractProtocol$ConnectionHandler.process(AbstractProtocol.java:859)
	at org.apache.tomcat.util.net.NioEndpoint$SocketProcessor.doRun(NioEndpoint.java:1734)
	at org.apache.tomcat.util.net.SocketProcessorBase.run(SocketProcessorBase.java:52)
	at org.apache.tomcat.util.threads.ThreadPoolExecutor.runWorker(ThreadPoolExecutor.java:1191)
	at org.apache.tomcat.util.threads.ThreadPoolExecutor$Worker.run(ThreadPoolExecutor.java:659)
	at org.apache.tomcat.util.threads.TaskThread$WrappingRunnable.run(TaskThread.java:61)
	at java.base/java.lang.Thread.run(Thread.java:842)
Caused by: io.lettuce.core.RedisCommandTimeoutException: Command timed out after 5 second(s)
	at io.lettuce.core.internal.ExceptionFactory.createTimeoutException(ExceptionFactory.java:59)
	at io.lettuce.core.internal.Futures.awaitOrCancel(Futures.java:246)
	at io.lettuce.core.LettuceFutures.awaitOrCancel(LettuceFutures.java:74)
	at org.springframework.data.redis.connection.lettuce.LettuceConnection.await(LettuceConnection.java:959)
	... 108 common frames omitted
2025-08-30 15:08:25.457 [http-nio-8086-exec-4] INFO  c.z.f.b.context.filter.HeaderUserId2ContextFilter - ===== 删除 ThreadLocal， userId: 100
2025-08-30 15:09:00.501 [http-nio-8086-exec-3] INFO  c.z.f.b.context.filter.HeaderUserId2ContextFilter - ## HeaderUserId2ContextFilter, 用户 ID: 100
2025-08-30 15:09:00.502 [http-nio-8086-exec-3] INFO  c.z.f.b.operationlog.aspect.ApiOperationLogAspect - ====== 请求开始: [笔记修改], 入参: {"id":1960629739609653259,"type":1,"imgUris":["http://116.62.199.48:9000/weblog/c89cc6b66f0341c0b7854771ae063eac.jpg"],"videoUri":"http://116.62.199.48:9000/weblog/c89cc6b66f0341c0b7854771ae063eac.jpg","title":"测试标题测试标题测试标题测试标题1111","content":"更新啦更新啦111","topicId":2}, 请求类: NoteController, 请求方法: updateNote =================================== 
2025-08-30 15:09:00.504 [http-nio-8086-exec-3] DEBUG c.z.x.n.b.d.mapper.NoteDOMapper.selectByPrimaryKey - ==>  Preparing: select id, title, is_content_empty, creator_id, topic_id, topic_name, is_top, `type`, img_uris, video_uri, visible, create_time, update_time, `status`, content_uuid from t_note where id = ? and status = 1
2025-08-30 15:09:00.505 [http-nio-8086-exec-3] DEBUG c.z.x.n.b.d.mapper.NoteDOMapper.selectByPrimaryKey - ==> Parameters: 1960629739609653259(Long)
2025-08-30 15:09:00.507 [http-nio-8086-exec-3] DEBUG c.z.x.n.b.d.mapper.NoteDOMapper.selectByPrimaryKey - <==      Total: 1
2025-08-30 15:09:00.508 [http-nio-8086-exec-3] DEBUG c.z.x.n.b.d.m.TopicDOMapper.selectNameByPrimaryKey - ==>  Preparing: select name from t_topic where id = ?;
2025-08-30 15:09:00.508 [http-nio-8086-exec-3] DEBUG c.z.x.n.b.d.m.TopicDOMapper.selectNameByPrimaryKey - ==> Parameters: 2(Long)
2025-08-30 15:09:00.509 [http-nio-8086-exec-3] DEBUG c.z.x.n.b.d.m.TopicDOMapper.selectNameByPrimaryKey - <==      Total: 1
2025-08-30 15:09:00.558 [http-nio-8086-exec-3] DEBUG c.z.x.n.b.d.mapper.NoteDOMapper.updateByPrimaryKey - ==>  Preparing: update t_note set title = ?, is_content_empty = ?, topic_id = ?, topic_name = ?, `type` = ?, img_uris = ?, video_uri = ?, update_time = ? where id = ?
2025-08-30 15:09:00.560 [http-nio-8086-exec-3] DEBUG c.z.x.n.b.d.mapper.NoteDOMapper.updateByPrimaryKey - ==> Parameters: 测试标题测试标题测试标题测试标题1111(String), false(Boolean), 2(Long), 下饭综艺推荐(String), 1(Integer), null, http://116.62.199.48:9000/weblog/c89cc6b66f0341c0b7854771ae063eac.jpg(String), 2025-08-30T15:09:00.557322700(LocalDateTime), 1960629739609653259(Long)
2025-08-30 15:09:00.572 [http-nio-8086-exec-3] DEBUG c.z.x.n.b.d.mapper.NoteDOMapper.updateByPrimaryKey - <==    Updates: 1
2025-08-30 15:09:00.587 [http-nio-8086-exec-3] INFO  c.z.x.note.biz.service.impl.NoteServiceImpl - ====> MQ：删除笔记本地缓存发送成功...
2025-08-30 15:09:00.587 [NettyClientPublicExecutor_2] INFO  c.z.x.note.biz.service.impl.NoteServiceImpl - ## 延时删除 Redis 笔记缓存消息发送成功...
2025-08-30 15:09:00.588 [http-nio-8086-exec-3] DEBUG c.z.x.n.b.d.mapper.NoteDOMapper.selectByPrimaryKey - ==>  Preparing: select id, title, is_content_empty, creator_id, topic_id, topic_name, is_top, `type`, img_uris, video_uri, visible, create_time, update_time, `status`, content_uuid from t_note where id = ? and status = 1
2025-08-30 15:09:00.588 [http-nio-8086-exec-3] DEBUG c.z.x.n.b.d.mapper.NoteDOMapper.selectByPrimaryKey - ==> Parameters: 1960629739609653259(Long)
2025-08-30 15:09:00.592 [http-nio-8086-exec-3] DEBUG c.z.x.n.b.d.mapper.NoteDOMapper.selectByPrimaryKey - <==      Total: 1
2025-08-30 15:09:00.598 [http-nio-8086-exec-3] INFO  c.z.f.b.c.interceptor.FeignRequestInterceptor - ==> feign请求设置请求头 userId: 100
2025-08-30 15:09:00.963 [http-nio-8086-exec-3] INFO  c.z.f.b.operationlog.aspect.ApiOperationLogAspect - ====== 请求结束: [笔记修改], 耗时: 461ms, 出参: {"success":true,"message":null,"errorCode":null,"data":null} =================================== 
2025-08-30 15:09:00.967 [http-nio-8086-exec-3] INFO  c.z.f.b.context.filter.HeaderUserId2ContextFilter - ===== 删除 ThreadLocal， userId: 100
2025-08-30 15:09:01.677 [ConsumeMessageThread_xiaohongshu_group_DelayDeleteNoteRedisCacheTopic_2] INFO  c.z.x.n.b.c.DelayDeleteNoteRedisCacheConsumer - ## 延迟删除笔记 Redis 缓存, noteId: 1960629739609653259
2025-08-30 15:09:20.724 [ConsumeMessageThread_xiaohongshu_group_2] INFO  c.z.x.n.biz.consumer.DeleteNoteLocalCacheConsumer - ## 消费者消费成功, noteId: 1960629739609653259
2025-08-30 15:09:20.724 [ConsumeMessageThread_xiaohongshu_group_2] INFO  c.z.x.note.biz.service.impl.NoteServiceImpl - ==> 删除本地缓存成功, noteId: 1960629739609653259
2025-08-30 15:09:25.983 [http-nio-8086-exec-5] INFO  c.z.f.b.context.filter.HeaderUserId2ContextFilter - ## HeaderUserId2ContextFilter, 用户 ID: 100
2025-08-30 15:09:25.985 [http-nio-8086-exec-5] INFO  c.z.f.b.operationlog.aspect.ApiOperationLogAspect - ====== 请求开始: [笔记修改], 入参: {"id":1960629739609653251,"type":1,"imgUris":["http://116.62.199.48:9000/weblog/c89cc6b66f0341c0b7854771ae063eac.jpg"],"videoUri":"http://116.62.199.48:9000/weblog/c89cc6b66f0341c0b7854771ae063eac.jpg","title":"测试标题测试标题测试标题测试标题1111","content":"更新啦更新啦111","topicId":2}, 请求类: NoteController, 请求方法: updateNote =================================== 
2025-08-30 15:09:25.986 [http-nio-8086-exec-5] DEBUG c.z.x.n.b.d.mapper.NoteDOMapper.selectByPrimaryKey - ==>  Preparing: select id, title, is_content_empty, creator_id, topic_id, topic_name, is_top, `type`, img_uris, video_uri, visible, create_time, update_time, `status`, content_uuid from t_note where id = ? and status = 1
2025-08-30 15:09:25.987 [http-nio-8086-exec-5] DEBUG c.z.x.n.b.d.mapper.NoteDOMapper.selectByPrimaryKey - ==> Parameters: 1960629739609653251(Long)
2025-08-30 15:09:25.989 [http-nio-8086-exec-5] DEBUG c.z.x.n.b.d.mapper.NoteDOMapper.selectByPrimaryKey - <==      Total: 0
2025-08-30 15:09:25.993 [http-nio-8086-exec-5] WARN  c.z.x.note.biz.exception.GlobalExceptionHandler - /note/update request fail, errorCode: NOTE-20002, errorMessage: 笔记不存在
2025-08-30 15:09:25.994 [http-nio-8086-exec-5] INFO  c.z.f.b.context.filter.HeaderUserId2ContextFilter - ===== 删除 ThreadLocal， userId: 100
2025-08-30 15:10:01.428 [http-nio-8086-exec-6] INFO  c.z.f.b.context.filter.HeaderUserId2ContextFilter - ## HeaderUserId2ContextFilter, 用户 ID: 100
2025-08-30 15:10:01.431 [http-nio-8086-exec-6] INFO  c.z.f.b.operationlog.aspect.ApiOperationLogAspect - ====== 请求开始: [笔记修改], 入参: {"id":1960629739609653259,"type":1,"imgUris":["http://116.62.199.48:9000/weblog/c89cc6b66f0341c0b7854771ae063eac.jpg"],"videoUri":"http://116.62.199.48:9000/weblog/c89cc6b66f0341c0b7854771ae063eac.jpg","title":"测试标题测试标题测试标题测试标题1111","content":"更新啦更新啦111","topicId":2}, 请求类: NoteController, 请求方法: updateNote =================================== 
2025-08-30 15:10:01.433 [http-nio-8086-exec-6] DEBUG c.z.x.n.b.d.mapper.NoteDOMapper.selectByPrimaryKey - ==>  Preparing: select id, title, is_content_empty, creator_id, topic_id, topic_name, is_top, `type`, img_uris, video_uri, visible, create_time, update_time, `status`, content_uuid from t_note where id = ? and status = 1
2025-08-30 15:10:01.434 [http-nio-8086-exec-6] DEBUG c.z.x.n.b.d.mapper.NoteDOMapper.selectByPrimaryKey - ==> Parameters: 1960629739609653259(Long)
2025-08-30 15:10:01.449 [http-nio-8086-exec-6] DEBUG c.z.x.n.b.d.mapper.NoteDOMapper.selectByPrimaryKey - <==      Total: 1
2025-08-30 15:10:01.452 [http-nio-8086-exec-6] WARN  c.z.x.note.biz.exception.GlobalExceptionHandler - /note/update request fail, errorCode: NOTE-20007, errorMessage: 您无法操作该笔记
2025-08-30 15:10:01.453 [http-nio-8086-exec-6] INFO  c.z.f.b.context.filter.HeaderUserId2ContextFilter - ===== 删除 ThreadLocal， userId: 100
