2025-10-15 00:00:59.971 [http-nio-8086-exec-3] INFO  c.z.f.b.context.filter.HeaderUserId2ContextFilter - ## HeaderUserId2ContextFilter, 用户 ID: 100
2025-10-15 00:00:59.971 [http-nio-8086-exec-7] INFO  c.z.f.b.context.filter.HeaderUserId2ContextFilter - ## HeaderUserId2ContextFilter, 用户 ID: 100
2025-10-15 00:01:00.050 [http-nio-8086-exec-7] INFO  c.z.f.b.operationlog.aspect.ApiOperationLogAspect - ====== 请求开始: [获取当前用户是否点赞、收藏数据], 入参: {"noteId":1978024632262881367}, 请求类: NoteController, 请求方法: isLikedAndCollectedData =================================== 
2025-10-15 00:01:00.050 [http-nio-8086-exec-3] INFO  c.z.f.b.operationlog.aspect.ApiOperationLogAspect - ====== 请求开始: [笔记详情], 入参: {"id":1978024632262881367}, 请求类: NoteController, 请求方法: findNoteDetail =================================== 
2025-10-15 00:01:00.059 [http-nio-8086-exec-3] INFO  c.z.x.note.biz.service.impl.NoteServiceImpl - ==> 命中了本地缓存；{"id":1978024632262881367,"type":0,"title":"天气好的话","content":"天气好的话","imgUris":["http://8.134.88.169:9000/my-xiaohongshu-oss/b534d423296f462b9b936b67158613cd.jpeg"],"topics":null,"creatorId":100,"creatorName":"稚生","avatar":"https://my-xiaohongshu-oss.oss-cn-guangzhou.aliyuncs.com/ca709c5d72304bedbcf9ee14e4a3bcb2.jpg","videoUri":null,"updateTime":"2025-10-14","visible":0,"likeTotal":"0","collectTotal":"0","commentTotal":"3"}
2025-10-15 00:01:00.101 [http-nio-8086-exec-3] INFO  c.z.f.b.c.interceptor.FeignRequestInterceptor - ==> feign请求设置请求头 userId: 100
2025-10-15 00:01:00.105 [http-nio-8086-exec-7] DEBUG c.z.x.n.b.d.m.N.selectCountByUserIdAndNoteId - ==>  Preparing: select count(1) from t_note_collection where user_id = ? and note_id = ? and status = 1 limit 1
2025-10-15 00:01:00.136 [http-nio-8086-exec-7] DEBUG c.z.x.n.b.d.m.N.selectCountByUserIdAndNoteId - ==> Parameters: 100(Long), 1978024632262881367(Long)
2025-10-15 00:01:00.162 [http-nio-8086-exec-7] DEBUG c.z.x.n.b.d.m.N.selectCountByUserIdAndNoteId - <==      Total: 1
2025-10-15 00:01:00.166 [http-nio-8086-exec-7] INFO  c.z.f.b.operationlog.aspect.ApiOperationLogAspect - ====== 请求结束: [获取当前用户是否点赞、收藏数据], 耗时: 122ms, 出参: {"success":true,"message":null,"errorCode":null,"data":{"noteId":1978024632262881367,"isLiked":false,"isCollected":false}} =================================== 
2025-10-15 00:01:00.180 [http-nio-8086-exec-7] INFO  c.z.f.b.context.filter.HeaderUserId2ContextFilter - ===== 删除 ThreadLocal， userId: 100
2025-10-15 00:01:00.389 [http-nio-8086-exec-3] INFO  c.z.f.b.operationlog.aspect.ApiOperationLogAspect - ====== 请求结束: [笔记详情], 耗时: 345ms, 出参: {"success":true,"message":null,"errorCode":null,"data":{"id":1978024632262881367,"type":0,"title":"天气好的话","content":"天气好的话","imgUris":["http://8.134.88.169:9000/my-xiaohongshu-oss/b534d423296f462b9b936b67158613cd.jpeg"],"topics":null,"creatorId":100,"creatorName":"稚生","avatar":"https://my-xiaohongshu-oss.oss-cn-guangzhou.aliyuncs.com/ca709c5d72304bedbcf9ee14e4a3bcb2.jpg","videoUri":null,"updateTime":"2025-10-14","visible":0,"likeTotal":"0","collectTotal":"0","commentTotal":"3"}} =================================== 
2025-10-15 00:01:00.390 [http-nio-8086-exec-3] INFO  c.z.f.b.context.filter.HeaderUserId2ContextFilter - ===== 删除 ThreadLocal， userId: 100
2025-10-15 00:01:06.742 [http-nio-8086-exec-4] INFO  c.z.f.b.context.filter.HeaderUserId2ContextFilter - ## HeaderUserId2ContextFilter, 用户 ID: 100
2025-10-15 00:01:06.745 [http-nio-8086-exec-4] INFO  c.z.f.b.operationlog.aspect.ApiOperationLogAspect - ====== 请求开始: [发现页-查询笔记列表], 入参: {"channelId":0,"pageNo":2}, 请求类: DiscoverController, 请求方法: findNoteList =================================== 
2025-10-15 00:01:06.747 [http-nio-8086-exec-4] DEBUG c.z.x.n.b.d.mapper.NoteDOMapper.selectTotalCount - ==>  Preparing: select count(*) from t_note where visible = 0 and status = 1 order by create_time desc
2025-10-15 00:01:06.748 [http-nio-8086-exec-4] DEBUG c.z.x.n.b.d.mapper.NoteDOMapper.selectTotalCount - ==> Parameters: 
2025-10-15 00:01:06.757 [http-nio-8086-exec-4] DEBUG c.z.x.n.b.d.mapper.NoteDOMapper.selectTotalCount - <==      Total: 1
2025-10-15 00:01:06.757 [http-nio-8086-exec-4] INFO  c.z.f.b.operationlog.aspect.ApiOperationLogAspect - ====== 请求结束: [发现页-查询笔记列表], 耗时: 13ms, 出参: {"success":true,"message":null,"errorCode":null,"data":null,"pageNo":2,"totalCount":1,"pageSize":10,"totalPage":1} =================================== 
2025-10-15 00:01:06.758 [http-nio-8086-exec-4] INFO  c.z.f.b.context.filter.HeaderUserId2ContextFilter - ===== 删除 ThreadLocal， userId: 100
2025-10-15 00:01:28.259 [http-nio-8086-exec-1] INFO  c.z.f.b.context.filter.HeaderUserId2ContextFilter - ## HeaderUserId2ContextFilter, 用户 ID: 100
2025-10-15 00:01:28.259 [http-nio-8086-exec-2] INFO  c.z.f.b.context.filter.HeaderUserId2ContextFilter - ## HeaderUserId2ContextFilter, 用户 ID: 100
2025-10-15 00:01:28.259 [http-nio-8086-exec-2] INFO  c.z.f.b.operationlog.aspect.ApiOperationLogAspect - ====== 请求开始: [笔记详情], 入参: {"id":1977210311236677641}, 请求类: NoteController, 请求方法: findNoteDetail =================================== 
2025-10-15 00:01:28.259 [http-nio-8086-exec-1] INFO  c.z.f.b.operationlog.aspect.ApiOperationLogAspect - ====== 请求开始: [获取当前用户是否点赞、收藏数据], 入参: {"noteId":1977210311236677641}, 请求类: NoteController, 请求方法: isLikedAndCollectedData =================================== 
2025-10-15 00:01:28.266 [http-nio-8086-exec-1] DEBUG c.z.x.n.b.d.m.N.selectCountByUserIdAndNoteId - ==>  Preparing: select count(1) from t_note_collection where user_id = ? and note_id = ? and status = 1 limit 1
2025-10-15 00:01:28.267 [http-nio-8086-exec-1] DEBUG c.z.x.n.b.d.m.N.selectCountByUserIdAndNoteId - ==> Parameters: 100(Long), 1977210311236677641(Long)
2025-10-15 00:01:28.269 [http-nio-8086-exec-1] DEBUG c.z.x.n.b.d.m.N.selectCountByUserIdAndNoteId - <==      Total: 1
2025-10-15 00:01:28.269 [http-nio-8086-exec-1] INFO  c.z.f.b.operationlog.aspect.ApiOperationLogAspect - ====== 请求结束: [获取当前用户是否点赞、收藏数据], 耗时: 10ms, 出参: {"success":true,"message":null,"errorCode":null,"data":{"noteId":1977210311236677641,"isLiked":false,"isCollected":false}} =================================== 
2025-10-15 00:01:28.269 [http-nio-8086-exec-1] INFO  c.z.f.b.context.filter.HeaderUserId2ContextFilter - ===== 删除 ThreadLocal， userId: 100
2025-10-15 00:01:28.271 [http-nio-8086-exec-2] INFO  c.z.f.b.c.interceptor.FeignRequestInterceptor - ==> feign请求设置请求头 userId: 100
2025-10-15 00:01:28.296 [http-nio-8086-exec-2] INFO  c.z.f.b.operationlog.aspect.ApiOperationLogAspect - ====== 请求结束: [笔记详情], 耗时: 36ms, 出参: {"success":true,"message":null,"errorCode":null,"data":{"id":1977210311236677641,"type":0,"title":"2","content":"2","imgUris":["https://my-xiaohongshu-oss.oss-cn-guangzhou.aliyuncs.com/135d1ff631a7482c99b5fb8c15b63691.png"],"topics":null,"creatorId":100,"creatorName":"稚生","avatar":"https://my-xiaohongshu-oss.oss-cn-guangzhou.aliyuncs.com/ca709c5d72304bedbcf9ee14e4a3bcb2.jpg","videoUri":null,"updateTime":"2025-10-12","visible":0,"likeTotal":"0","collectTotal":"0","commentTotal":"20"}} =================================== 
2025-10-15 00:01:28.296 [http-nio-8086-exec-2] INFO  c.z.f.b.context.filter.HeaderUserId2ContextFilter - ===== 删除 ThreadLocal， userId: 100
2025-10-15 00:09:35.770 [http-nio-8086-exec-8] INFO  c.z.f.b.context.filter.HeaderUserId2ContextFilter - ## HeaderUserId2ContextFilter, 用户 ID: 100
2025-10-15 00:09:35.770 [http-nio-8086-exec-10] INFO  c.z.f.b.context.filter.HeaderUserId2ContextFilter - ## HeaderUserId2ContextFilter, 用户 ID: 100
2025-10-15 00:09:35.795 [http-nio-8086-exec-8] INFO  c.z.f.b.operationlog.aspect.ApiOperationLogAspect - ====== 请求开始: [笔记详情], 入参: {"id":1978024632262881367}, 请求类: NoteController, 请求方法: findNoteDetail =================================== 
2025-10-15 00:09:35.795 [http-nio-8086-exec-10] INFO  c.z.f.b.operationlog.aspect.ApiOperationLogAspect - ====== 请求开始: [获取当前用户是否点赞、收藏数据], 入参: {"noteId":1978024632262881367}, 请求类: NoteController, 请求方法: isLikedAndCollectedData =================================== 
2025-10-15 00:09:35.796 [http-nio-8086-exec-8] INFO  c.z.x.note.biz.service.impl.NoteServiceImpl - ==> 命中了本地缓存；{"id":1978024632262881367,"type":0,"title":"天气好的话","content":"天气好的话","imgUris":["http://8.134.88.169:9000/my-xiaohongshu-oss/b534d423296f462b9b936b67158613cd.jpeg"],"topics":null,"creatorId":100,"creatorName":"稚生","avatar":"https://my-xiaohongshu-oss.oss-cn-guangzhou.aliyuncs.com/ca709c5d72304bedbcf9ee14e4a3bcb2.jpg","videoUri":null,"updateTime":"2025-10-14","visible":0,"likeTotal":"0","collectTotal":"0","commentTotal":"3"}
2025-10-15 00:09:35.807 [http-nio-8086-exec-8] INFO  c.z.f.b.c.interceptor.FeignRequestInterceptor - ==> feign请求设置请求头 userId: 100
2025-10-15 00:09:35.823 [http-nio-8086-exec-10] DEBUG c.z.x.n.b.d.m.N.selectCountByUserIdAndNoteId - ==>  Preparing: select count(1) from t_note_collection where user_id = ? and note_id = ? and status = 1 limit 1
2025-10-15 00:09:35.828 [http-nio-8086-exec-10] DEBUG c.z.x.n.b.d.m.N.selectCountByUserIdAndNoteId - ==> Parameters: 100(Long), 1978024632262881367(Long)
2025-10-15 00:09:35.848 [http-nio-8086-exec-10] DEBUG c.z.x.n.b.d.m.N.selectCountByUserIdAndNoteId - <==      Total: 1
2025-10-15 00:09:35.849 [http-nio-8086-exec-10] INFO  c.z.f.b.operationlog.aspect.ApiOperationLogAspect - ====== 请求结束: [获取当前用户是否点赞、收藏数据], 耗时: 54ms, 出参: {"success":true,"message":null,"errorCode":null,"data":{"noteId":1978024632262881367,"isLiked":false,"isCollected":false}} =================================== 
2025-10-15 00:09:35.855 [http-nio-8086-exec-10] INFO  c.z.f.b.context.filter.HeaderUserId2ContextFilter - ===== 删除 ThreadLocal， userId: 100
2025-10-15 00:09:35.857 [http-nio-8086-exec-8] INFO  c.z.f.b.operationlog.aspect.ApiOperationLogAspect - ====== 请求结束: [笔记详情], 耗时: 62ms, 出参: {"success":true,"message":null,"errorCode":null,"data":{"id":1978024632262881367,"type":0,"title":"天气好的话","content":"天气好的话","imgUris":["http://8.134.88.169:9000/my-xiaohongshu-oss/b534d423296f462b9b936b67158613cd.jpeg"],"topics":null,"creatorId":100,"creatorName":"稚生","avatar":"https://my-xiaohongshu-oss.oss-cn-guangzhou.aliyuncs.com/ca709c5d72304bedbcf9ee14e4a3bcb2.jpg","videoUri":null,"updateTime":"2025-10-14","visible":0,"likeTotal":"0","collectTotal":"0","commentTotal":"3"}} =================================== 
2025-10-15 00:09:35.858 [http-nio-8086-exec-8] INFO  c.z.f.b.context.filter.HeaderUserId2ContextFilter - ===== 删除 ThreadLocal， userId: 100
2025-10-15 00:09:42.616 [http-nio-8086-exec-7] INFO  c.z.f.b.context.filter.HeaderUserId2ContextFilter - ## HeaderUserId2ContextFilter, 用户 ID: 100
2025-10-15 00:09:42.616 [http-nio-8086-exec-5] INFO  c.z.f.b.context.filter.HeaderUserId2ContextFilter - ## HeaderUserId2ContextFilter, 用户 ID: 100
2025-10-15 00:09:42.617 [http-nio-8086-exec-5] INFO  c.z.f.b.operationlog.aspect.ApiOperationLogAspect - ====== 请求开始: [获取当前用户是否点赞、收藏数据], 入参: {"noteId":1978023801027326005}, 请求类: NoteController, 请求方法: isLikedAndCollectedData =================================== 
2025-10-15 00:09:42.617 [http-nio-8086-exec-7] INFO  c.z.f.b.operationlog.aspect.ApiOperationLogAspect - ====== 请求开始: [笔记详情], 入参: {"id":1978023801027326005}, 请求类: NoteController, 请求方法: findNoteDetail =================================== 
2025-10-15 00:09:42.617 [http-nio-8086-exec-7] INFO  c.z.x.note.biz.service.impl.NoteServiceImpl - ==> 命中了本地缓存；{"id":1978023801027326005,"type":0,"title":"321","content":"321","imgUris":["http://8.134.88.169:9000/my-xiaohongshu-oss/ea9df0ec48b4427fa71111b248f1c86e.jpg","http://8.134.88.169:9000/my-xiaohongshu-oss/f7005525054e4e608fa9b6ff616c6743.jpeg","http://8.134.88.169:9000/my-xiaohongshu-oss/a1428542a53d4fb78a53c93e92e81290.jpg"],"topics":null,"creatorId":100,"creatorName":"稚生","avatar":"https://my-xiaohongshu-oss.oss-cn-guangzhou.aliyuncs.com/ca709c5d72304bedbcf9ee14e4a3bcb2.jpg","videoUri":null,"updateTime":"2025-10-14","visible":0,"likeTotal":"0","collectTotal":"0","commentTotal":"2"}
2025-10-15 00:09:42.621 [http-nio-8086-exec-7] INFO  c.z.f.b.c.interceptor.FeignRequestInterceptor - ==> feign请求设置请求头 userId: 100
2025-10-15 00:09:42.625 [http-nio-8086-exec-5] DEBUG c.z.x.n.b.d.m.N.selectCountByUserIdAndNoteId - ==>  Preparing: select count(1) from t_note_collection where user_id = ? and note_id = ? and status = 1 limit 1
2025-10-15 00:09:42.625 [http-nio-8086-exec-5] DEBUG c.z.x.n.b.d.m.N.selectCountByUserIdAndNoteId - ==> Parameters: 100(Long), 1978023801027326005(Long)
2025-10-15 00:09:42.626 [http-nio-8086-exec-5] DEBUG c.z.x.n.b.d.m.N.selectCountByUserIdAndNoteId - <==      Total: 1
2025-10-15 00:09:42.627 [http-nio-8086-exec-5] INFO  c.z.f.b.operationlog.aspect.ApiOperationLogAspect - ====== 请求结束: [获取当前用户是否点赞、收藏数据], 耗时: 10ms, 出参: {"success":true,"message":null,"errorCode":null,"data":{"noteId":1978023801027326005,"isLiked":false,"isCollected":false}} =================================== 
2025-10-15 00:09:42.627 [http-nio-8086-exec-5] INFO  c.z.f.b.context.filter.HeaderUserId2ContextFilter - ===== 删除 ThreadLocal， userId: 100
2025-10-15 00:09:42.633 [http-nio-8086-exec-7] INFO  c.z.f.b.operationlog.aspect.ApiOperationLogAspect - ====== 请求结束: [笔记详情], 耗时: 16ms, 出参: {"success":true,"message":null,"errorCode":null,"data":{"id":1978023801027326005,"type":0,"title":"321","content":"321","imgUris":["http://8.134.88.169:9000/my-xiaohongshu-oss/ea9df0ec48b4427fa71111b248f1c86e.jpg","http://8.134.88.169:9000/my-xiaohongshu-oss/f7005525054e4e608fa9b6ff616c6743.jpeg","http://8.134.88.169:9000/my-xiaohongshu-oss/a1428542a53d4fb78a53c93e92e81290.jpg"],"topics":null,"creatorId":100,"creatorName":"稚生","avatar":"https://my-xiaohongshu-oss.oss-cn-guangzhou.aliyuncs.com/ca709c5d72304bedbcf9ee14e4a3bcb2.jpg","videoUri":null,"updateTime":"2025-10-14","visible":0,"likeTotal":"0","collectTotal":"0","commentTotal":"8"}} =================================== 
2025-10-15 00:09:42.633 [http-nio-8086-exec-7] INFO  c.z.f.b.context.filter.HeaderUserId2ContextFilter - ===== 删除 ThreadLocal， userId: 100
2025-10-15 00:11:01.841 [http-nio-8086-exec-1] INFO  c.z.f.b.context.filter.HeaderUserId2ContextFilter - ## HeaderUserId2ContextFilter, 用户 ID: 100
2025-10-15 00:11:01.841 [http-nio-8086-exec-1] INFO  c.z.f.b.operationlog.aspect.ApiOperationLogAspect - ====== 请求开始: [获取当前用户是否点赞、收藏数据], 入参: {"noteId":1978012132934971457}, 请求类: NoteController, 请求方法: isLikedAndCollectedData =================================== 
2025-10-15 00:11:01.843 [http-nio-8086-exec-2] INFO  c.z.f.b.context.filter.HeaderUserId2ContextFilter - ## HeaderUserId2ContextFilter, 用户 ID: 100
2025-10-15 00:11:01.844 [http-nio-8086-exec-2] INFO  c.z.f.b.operationlog.aspect.ApiOperationLogAspect - ====== 请求开始: [笔记详情], 入参: {"id":1978012132934971457}, 请求类: NoteController, 请求方法: findNoteDetail =================================== 
2025-10-15 00:11:01.847 [http-nio-8086-exec-2] DEBUG c.z.x.n.b.d.mapper.NoteDOMapper.selectByPrimaryKey - ==>  Preparing: select id, title, is_content_empty, creator_id, topic_ids, is_top, `type`, img_uris, video_uri, visible, create_time, update_time, `status`, content_uuid, channel_id from t_note where id = ? and status = 1
2025-10-15 00:11:01.847 [http-nio-8086-exec-2] DEBUG c.z.x.n.b.d.mapper.NoteDOMapper.selectByPrimaryKey - ==> Parameters: 1978012132934971457(Long)
2025-10-15 00:11:01.864 [http-nio-8086-exec-2] DEBUG c.z.x.n.b.d.mapper.NoteDOMapper.selectByPrimaryKey - <==      Total: 1
2025-10-15 00:11:01.864 [http-nio-8086-exec-1] DEBUG c.z.x.n.b.d.m.N.selectCountByUserIdAndNoteId - ==>  Preparing: select count(1) from t_note_collection where user_id = ? and note_id = ? and status = 1 limit 1
2025-10-15 00:11:01.864 [http-nio-8086-exec-1] DEBUG c.z.x.n.b.d.m.N.selectCountByUserIdAndNoteId - ==> Parameters: 100(Long), 1978012132934971457(Long)
2025-10-15 00:11:01.865 [http-nio-8086-exec-1] DEBUG c.z.x.n.b.d.m.N.selectCountByUserIdAndNoteId - <==      Total: 1
2025-10-15 00:11:01.865 [http-nio-8086-exec-1] INFO  c.z.f.b.operationlog.aspect.ApiOperationLogAspect - ====== 请求结束: [获取当前用户是否点赞、收藏数据], 耗时: 24ms, 出参: {"success":true,"message":null,"errorCode":null,"data":{"noteId":1978012132934971457,"isLiked":false,"isCollected":false}} =================================== 
2025-10-15 00:11:01.866 [http-nio-8086-exec-1] INFO  c.z.f.b.context.filter.HeaderUserId2ContextFilter - ===== 删除 ThreadLocal， userId: 100
2025-10-15 00:11:01.867 [NoteExecutor-5] INFO  c.z.f.b.c.interceptor.FeignRequestInterceptor - ==> feign请求设置请求头 userId: 100
2025-10-15 00:11:01.867 [NoteExecutor-9] INFO  c.z.f.b.c.interceptor.FeignRequestInterceptor - ==> feign请求设置请求头 userId: 100
2025-10-15 00:11:01.868 [NoteExecutor-3] INFO  c.z.f.b.c.interceptor.FeignRequestInterceptor - ==> feign请求设置请求头 userId: 100
2025-10-15 00:11:01.932 [http-nio-8086-exec-2] INFO  c.z.f.b.operationlog.aspect.ApiOperationLogAspect - ====== 请求结束: [笔记详情], 耗时: 88ms, 出参: {"success":true,"message":null,"errorCode":null,"data":{"id":1978012132934971457,"type":0,"title":"测试3","content":"专门用来测试搜索内容","imgUris":["http://8.134.88.169:9000/my-xiaohongshu-oss/7e4594a625af4aa081c4a2714494b1c5.png"],"topics":null,"creatorId":100,"creatorName":"稚生","avatar":"https://my-xiaohongshu-oss.oss-cn-guangzhou.aliyuncs.com/ca709c5d72304bedbcf9ee14e4a3bcb2.jpg","videoUri":null,"updateTime":"2025-10-14","visible":0,"likeTotal":"0","collectTotal":"0","commentTotal":"1"}} =================================== 
2025-10-15 00:11:01.933 [http-nio-8086-exec-2] INFO  c.z.f.b.context.filter.HeaderUserId2ContextFilter - ===== 删除 ThreadLocal， userId: 100
2025-10-15 00:11:03.445 [http-nio-8086-exec-9] INFO  c.z.f.b.context.filter.HeaderUserId2ContextFilter - ## HeaderUserId2ContextFilter, 用户 ID: 100
2025-10-15 00:11:03.445 [http-nio-8086-exec-6] INFO  c.z.f.b.context.filter.HeaderUserId2ContextFilter - ## HeaderUserId2ContextFilter, 用户 ID: 100
2025-10-15 00:11:03.447 [http-nio-8086-exec-6] INFO  c.z.f.b.operationlog.aspect.ApiOperationLogAspect - ====== 请求开始: [笔记详情], 入参: {"id":1978023801027326005}, 请求类: NoteController, 请求方法: findNoteDetail =================================== 
2025-10-15 00:11:03.447 [http-nio-8086-exec-9] INFO  c.z.f.b.operationlog.aspect.ApiOperationLogAspect - ====== 请求开始: [获取当前用户是否点赞、收藏数据], 入参: {"noteId":1978023801027326005}, 请求类: NoteController, 请求方法: isLikedAndCollectedData =================================== 
2025-10-15 00:11:03.447 [http-nio-8086-exec-6] INFO  c.z.x.note.biz.service.impl.NoteServiceImpl - ==> 命中了本地缓存；{"id":1978023801027326005,"type":0,"title":"321","content":"321","imgUris":["http://8.134.88.169:9000/my-xiaohongshu-oss/ea9df0ec48b4427fa71111b248f1c86e.jpg","http://8.134.88.169:9000/my-xiaohongshu-oss/f7005525054e4e608fa9b6ff616c6743.jpeg","http://8.134.88.169:9000/my-xiaohongshu-oss/a1428542a53d4fb78a53c93e92e81290.jpg"],"topics":null,"creatorId":100,"creatorName":"稚生","avatar":"https://my-xiaohongshu-oss.oss-cn-guangzhou.aliyuncs.com/ca709c5d72304bedbcf9ee14e4a3bcb2.jpg","videoUri":null,"updateTime":"2025-10-14","visible":0,"likeTotal":"0","collectTotal":"0","commentTotal":"2"}
2025-10-15 00:11:03.449 [http-nio-8086-exec-6] INFO  c.z.f.b.c.interceptor.FeignRequestInterceptor - ==> feign请求设置请求头 userId: 100
2025-10-15 00:11:03.452 [http-nio-8086-exec-9] DEBUG c.z.x.n.b.d.m.N.selectCountByUserIdAndNoteId - ==>  Preparing: select count(1) from t_note_collection where user_id = ? and note_id = ? and status = 1 limit 1
2025-10-15 00:11:03.452 [http-nio-8086-exec-9] DEBUG c.z.x.n.b.d.m.N.selectCountByUserIdAndNoteId - ==> Parameters: 100(Long), 1978023801027326005(Long)
2025-10-15 00:11:03.456 [http-nio-8086-exec-9] DEBUG c.z.x.n.b.d.m.N.selectCountByUserIdAndNoteId - <==      Total: 1
2025-10-15 00:11:03.457 [http-nio-8086-exec-9] INFO  c.z.f.b.operationlog.aspect.ApiOperationLogAspect - ====== 请求结束: [获取当前用户是否点赞、收藏数据], 耗时: 10ms, 出参: {"success":true,"message":null,"errorCode":null,"data":{"noteId":1978023801027326005,"isLiked":false,"isCollected":false}} =================================== 
2025-10-15 00:11:03.457 [http-nio-8086-exec-9] INFO  c.z.f.b.context.filter.HeaderUserId2ContextFilter - ===== 删除 ThreadLocal， userId: 100
2025-10-15 00:11:03.457 [http-nio-8086-exec-6] INFO  c.z.f.b.operationlog.aspect.ApiOperationLogAspect - ====== 请求结束: [笔记详情], 耗时: 10ms, 出参: {"success":true,"message":null,"errorCode":null,"data":{"id":1978023801027326005,"type":0,"title":"321","content":"321","imgUris":["http://8.134.88.169:9000/my-xiaohongshu-oss/ea9df0ec48b4427fa71111b248f1c86e.jpg","http://8.134.88.169:9000/my-xiaohongshu-oss/f7005525054e4e608fa9b6ff616c6743.jpeg","http://8.134.88.169:9000/my-xiaohongshu-oss/a1428542a53d4fb78a53c93e92e81290.jpg"],"topics":null,"creatorId":100,"creatorName":"稚生","avatar":"https://my-xiaohongshu-oss.oss-cn-guangzhou.aliyuncs.com/ca709c5d72304bedbcf9ee14e4a3bcb2.jpg","videoUri":null,"updateTime":"2025-10-14","visible":0,"likeTotal":"0","collectTotal":"0","commentTotal":"8"}} =================================== 
2025-10-15 00:11:03.457 [http-nio-8086-exec-6] INFO  c.z.f.b.context.filter.HeaderUserId2ContextFilter - ===== 删除 ThreadLocal， userId: 100
2025-10-15 00:11:09.794 [http-nio-8086-exec-10] INFO  c.z.f.b.context.filter.HeaderUserId2ContextFilter - ## HeaderUserId2ContextFilter, 用户 ID: 100
2025-10-15 00:11:09.795 [http-nio-8086-exec-8] INFO  c.z.f.b.context.filter.HeaderUserId2ContextFilter - ## HeaderUserId2ContextFilter, 用户 ID: 100
2025-10-15 00:11:09.796 [http-nio-8086-exec-10] INFO  c.z.f.b.operationlog.aspect.ApiOperationLogAspect - ====== 请求开始: [获取当前用户是否点赞、收藏数据], 入参: {"noteId":1978023801027326005}, 请求类: NoteController, 请求方法: isLikedAndCollectedData =================================== 
2025-10-15 00:11:09.796 [http-nio-8086-exec-8] INFO  c.z.f.b.operationlog.aspect.ApiOperationLogAspect - ====== 请求开始: [笔记详情], 入参: {"id":1978023801027326005}, 请求类: NoteController, 请求方法: findNoteDetail =================================== 
2025-10-15 00:11:09.796 [http-nio-8086-exec-8] INFO  c.z.x.note.biz.service.impl.NoteServiceImpl - ==> 命中了本地缓存；{"id":1978023801027326005,"type":0,"title":"321","content":"321","imgUris":["http://8.134.88.169:9000/my-xiaohongshu-oss/ea9df0ec48b4427fa71111b248f1c86e.jpg","http://8.134.88.169:9000/my-xiaohongshu-oss/f7005525054e4e608fa9b6ff616c6743.jpeg","http://8.134.88.169:9000/my-xiaohongshu-oss/a1428542a53d4fb78a53c93e92e81290.jpg"],"topics":null,"creatorId":100,"creatorName":"稚生","avatar":"https://my-xiaohongshu-oss.oss-cn-guangzhou.aliyuncs.com/ca709c5d72304bedbcf9ee14e4a3bcb2.jpg","videoUri":null,"updateTime":"2025-10-14","visible":0,"likeTotal":"0","collectTotal":"0","commentTotal":"2"}
2025-10-15 00:11:09.799 [http-nio-8086-exec-8] INFO  c.z.f.b.c.interceptor.FeignRequestInterceptor - ==> feign请求设置请求头 userId: 100
2025-10-15 00:11:09.806 [http-nio-8086-exec-10] DEBUG c.z.x.n.b.d.m.N.selectCountByUserIdAndNoteId - ==>  Preparing: select count(1) from t_note_collection where user_id = ? and note_id = ? and status = 1 limit 1
2025-10-15 00:11:09.807 [http-nio-8086-exec-10] DEBUG c.z.x.n.b.d.m.N.selectCountByUserIdAndNoteId - ==> Parameters: 100(Long), 1978023801027326005(Long)
2025-10-15 00:11:09.808 [http-nio-8086-exec-10] DEBUG c.z.x.n.b.d.m.N.selectCountByUserIdAndNoteId - <==      Total: 1
2025-10-15 00:11:09.808 [http-nio-8086-exec-10] INFO  c.z.f.b.operationlog.aspect.ApiOperationLogAspect - ====== 请求结束: [获取当前用户是否点赞、收藏数据], 耗时: 12ms, 出参: {"success":true,"message":null,"errorCode":null,"data":{"noteId":1978023801027326005,"isLiked":false,"isCollected":false}} =================================== 
2025-10-15 00:11:09.809 [http-nio-8086-exec-10] INFO  c.z.f.b.context.filter.HeaderUserId2ContextFilter - ===== 删除 ThreadLocal， userId: 100
2025-10-15 00:11:09.809 [http-nio-8086-exec-8] INFO  c.z.f.b.operationlog.aspect.ApiOperationLogAspect - ====== 请求结束: [笔记详情], 耗时: 13ms, 出参: {"success":true,"message":null,"errorCode":null,"data":{"id":1978023801027326005,"type":0,"title":"321","content":"321","imgUris":["http://8.134.88.169:9000/my-xiaohongshu-oss/ea9df0ec48b4427fa71111b248f1c86e.jpg","http://8.134.88.169:9000/my-xiaohongshu-oss/f7005525054e4e608fa9b6ff616c6743.jpeg","http://8.134.88.169:9000/my-xiaohongshu-oss/a1428542a53d4fb78a53c93e92e81290.jpg"],"topics":null,"creatorId":100,"creatorName":"稚生","avatar":"https://my-xiaohongshu-oss.oss-cn-guangzhou.aliyuncs.com/ca709c5d72304bedbcf9ee14e4a3bcb2.jpg","videoUri":null,"updateTime":"2025-10-14","visible":0,"likeTotal":"0","collectTotal":"0","commentTotal":"8"}} =================================== 
2025-10-15 00:11:09.810 [http-nio-8086-exec-8] INFO  c.z.f.b.context.filter.HeaderUserId2ContextFilter - ===== 删除 ThreadLocal， userId: 100
2025-10-15 00:13:09.094 [http-nio-8086-exec-4] INFO  c.z.f.b.context.filter.HeaderUserId2ContextFilter - ## HeaderUserId2ContextFilter, 用户 ID: 100
2025-10-15 00:13:09.093 [http-nio-8086-exec-3] INFO  c.z.f.b.context.filter.HeaderUserId2ContextFilter - ## HeaderUserId2ContextFilter, 用户 ID: 100
2025-10-15 00:13:09.094 [http-nio-8086-exec-4] INFO  c.z.f.b.operationlog.aspect.ApiOperationLogAspect - ====== 请求开始: [获取当前用户是否点赞、收藏数据], 入参: {"noteId":1977210311236677641}, 请求类: NoteController, 请求方法: isLikedAndCollectedData =================================== 
2025-10-15 00:13:09.094 [http-nio-8086-exec-3] INFO  c.z.f.b.operationlog.aspect.ApiOperationLogAspect - ====== 请求开始: [笔记详情], 入参: {"id":1977210311236677641}, 请求类: NoteController, 请求方法: findNoteDetail =================================== 
2025-10-15 00:13:09.095 [http-nio-8086-exec-3] INFO  c.z.x.note.biz.service.impl.NoteServiceImpl - ==> 命中了本地缓存；{"id":1977210311236677641,"type":0,"title":"2","content":"2","imgUris":["https://my-xiaohongshu-oss.oss-cn-guangzhou.aliyuncs.com/135d1ff631a7482c99b5fb8c15b63691.png"],"topics":null,"creatorId":100,"creatorName":"稚生","avatar":"https://my-xiaohongshu-oss.oss-cn-guangzhou.aliyuncs.com/ca709c5d72304bedbcf9ee14e4a3bcb2.jpg","videoUri":null,"updateTime":"2025-10-12","visible":0,"likeTotal":"1","collectTotal":"0","commentTotal":"16"}
2025-10-15 00:13:09.098 [http-nio-8086-exec-3] INFO  c.z.f.b.c.interceptor.FeignRequestInterceptor - ==> feign请求设置请求头 userId: 100
2025-10-15 00:13:09.102 [http-nio-8086-exec-4] DEBUG c.z.x.n.b.d.m.N.selectCountByUserIdAndNoteId - ==>  Preparing: select count(1) from t_note_collection where user_id = ? and note_id = ? and status = 1 limit 1
2025-10-15 00:13:09.102 [http-nio-8086-exec-4] DEBUG c.z.x.n.b.d.m.N.selectCountByUserIdAndNoteId - ==> Parameters: 100(Long), 1977210311236677641(Long)
2025-10-15 00:13:09.104 [http-nio-8086-exec-4] DEBUG c.z.x.n.b.d.m.N.selectCountByUserIdAndNoteId - <==      Total: 1
2025-10-15 00:13:09.104 [http-nio-8086-exec-4] INFO  c.z.f.b.operationlog.aspect.ApiOperationLogAspect - ====== 请求结束: [获取当前用户是否点赞、收藏数据], 耗时: 10ms, 出参: {"success":true,"message":null,"errorCode":null,"data":{"noteId":1977210311236677641,"isLiked":false,"isCollected":false}} =================================== 
2025-10-15 00:13:09.105 [http-nio-8086-exec-4] INFO  c.z.f.b.context.filter.HeaderUserId2ContextFilter - ===== 删除 ThreadLocal， userId: 100
2025-10-15 00:13:09.110 [http-nio-8086-exec-3] INFO  c.z.f.b.operationlog.aspect.ApiOperationLogAspect - ====== 请求结束: [笔记详情], 耗时: 16ms, 出参: {"success":true,"message":null,"errorCode":null,"data":{"id":1977210311236677641,"type":0,"title":"2","content":"2","imgUris":["https://my-xiaohongshu-oss.oss-cn-guangzhou.aliyuncs.com/135d1ff631a7482c99b5fb8c15b63691.png"],"topics":null,"creatorId":100,"creatorName":"稚生","avatar":"https://my-xiaohongshu-oss.oss-cn-guangzhou.aliyuncs.com/ca709c5d72304bedbcf9ee14e4a3bcb2.jpg","videoUri":null,"updateTime":"2025-10-12","visible":0,"likeTotal":"0","collectTotal":"0","commentTotal":"20"}} =================================== 
2025-10-15 00:13:09.111 [http-nio-8086-exec-3] INFO  c.z.f.b.context.filter.HeaderUserId2ContextFilter - ===== 删除 ThreadLocal， userId: 100
2025-10-15 00:13:23.004 [http-nio-8086-exec-1] INFO  c.z.f.b.context.filter.HeaderUserId2ContextFilter - ## HeaderUserId2ContextFilter, 用户 ID: 100
2025-10-15 00:13:23.004 [http-nio-8086-exec-2] INFO  c.z.f.b.context.filter.HeaderUserId2ContextFilter - ## HeaderUserId2ContextFilter, 用户 ID: 100
2025-10-15 00:13:23.005 [http-nio-8086-exec-1] INFO  c.z.f.b.operationlog.aspect.ApiOperationLogAspect - ====== 请求开始: [获取当前用户是否点赞、收藏数据], 入参: {"noteId":1977210311236677641}, 请求类: NoteController, 请求方法: isLikedAndCollectedData =================================== 
2025-10-15 00:13:23.005 [http-nio-8086-exec-2] INFO  c.z.f.b.operationlog.aspect.ApiOperationLogAspect - ====== 请求开始: [笔记详情], 入参: {"id":1977210311236677641}, 请求类: NoteController, 请求方法: findNoteDetail =================================== 
2025-10-15 00:13:23.005 [http-nio-8086-exec-2] INFO  c.z.x.note.biz.service.impl.NoteServiceImpl - ==> 命中了本地缓存；{"id":1977210311236677641,"type":0,"title":"2","content":"2","imgUris":["https://my-xiaohongshu-oss.oss-cn-guangzhou.aliyuncs.com/135d1ff631a7482c99b5fb8c15b63691.png"],"topics":null,"creatorId":100,"creatorName":"稚生","avatar":"https://my-xiaohongshu-oss.oss-cn-guangzhou.aliyuncs.com/ca709c5d72304bedbcf9ee14e4a3bcb2.jpg","videoUri":null,"updateTime":"2025-10-12","visible":0,"likeTotal":"1","collectTotal":"0","commentTotal":"16"}
2025-10-15 00:13:23.008 [http-nio-8086-exec-2] INFO  c.z.f.b.c.interceptor.FeignRequestInterceptor - ==> feign请求设置请求头 userId: 100
2025-10-15 00:13:23.011 [http-nio-8086-exec-1] DEBUG c.z.x.n.b.d.m.N.selectCountByUserIdAndNoteId - ==>  Preparing: select count(1) from t_note_collection where user_id = ? and note_id = ? and status = 1 limit 1
2025-10-15 00:13:23.011 [http-nio-8086-exec-1] DEBUG c.z.x.n.b.d.m.N.selectCountByUserIdAndNoteId - ==> Parameters: 100(Long), 1977210311236677641(Long)
2025-10-15 00:13:23.012 [http-nio-8086-exec-1] DEBUG c.z.x.n.b.d.m.N.selectCountByUserIdAndNoteId - <==      Total: 1
2025-10-15 00:13:23.012 [http-nio-8086-exec-1] INFO  c.z.f.b.operationlog.aspect.ApiOperationLogAspect - ====== 请求结束: [获取当前用户是否点赞、收藏数据], 耗时: 7ms, 出参: {"success":true,"message":null,"errorCode":null,"data":{"noteId":1977210311236677641,"isLiked":false,"isCollected":false}} =================================== 
2025-10-15 00:13:23.013 [http-nio-8086-exec-1] INFO  c.z.f.b.context.filter.HeaderUserId2ContextFilter - ===== 删除 ThreadLocal， userId: 100
2025-10-15 00:13:23.030 [http-nio-8086-exec-2] INFO  c.z.f.b.operationlog.aspect.ApiOperationLogAspect - ====== 请求结束: [笔记详情], 耗时: 25ms, 出参: {"success":true,"message":null,"errorCode":null,"data":{"id":1977210311236677641,"type":0,"title":"2","content":"2","imgUris":["https://my-xiaohongshu-oss.oss-cn-guangzhou.aliyuncs.com/135d1ff631a7482c99b5fb8c15b63691.png"],"topics":null,"creatorId":100,"creatorName":"稚生","avatar":"https://my-xiaohongshu-oss.oss-cn-guangzhou.aliyuncs.com/ca709c5d72304bedbcf9ee14e4a3bcb2.jpg","videoUri":null,"updateTime":"2025-10-12","visible":0,"likeTotal":"0","collectTotal":"0","commentTotal":"20"}} =================================== 
2025-10-15 00:13:23.030 [http-nio-8086-exec-2] INFO  c.z.f.b.context.filter.HeaderUserId2ContextFilter - ===== 删除 ThreadLocal， userId: 100
2025-10-15 00:15:12.924 [http-nio-8086-exec-8] INFO  c.z.f.b.context.filter.HeaderUserId2ContextFilter - ## HeaderUserId2ContextFilter, 用户 ID: 100
2025-10-15 00:15:12.924 [http-nio-8086-exec-10] INFO  c.z.f.b.context.filter.HeaderUserId2ContextFilter - ## HeaderUserId2ContextFilter, 用户 ID: 100
2025-10-15 00:15:12.925 [http-nio-8086-exec-8] INFO  c.z.f.b.operationlog.aspect.ApiOperationLogAspect - ====== 请求开始: [笔记详情], 入参: {"id":1977206438811955287}, 请求类: NoteController, 请求方法: findNoteDetail =================================== 
2025-10-15 00:15:12.925 [http-nio-8086-exec-10] INFO  c.z.f.b.operationlog.aspect.ApiOperationLogAspect - ====== 请求开始: [获取当前用户是否点赞、收藏数据], 入参: {"noteId":1977206438811955287}, 请求类: NoteController, 请求方法: isLikedAndCollectedData =================================== 
2025-10-15 00:15:12.925 [http-nio-8086-exec-8] INFO  c.z.x.note.biz.service.impl.NoteServiceImpl - ==> 命中了本地缓存；{"id":1977206438811955287,"type":0,"title":"测试","content":"测试","imgUris":["https://my-xiaohongshu-oss.oss-cn-guangzhou.aliyuncs.com/99248ae2b13a41a3b0a368413c0a2bc8.webp"],"topics":null,"creatorId":100,"creatorName":"稚生","avatar":"https://my-xiaohongshu-oss.oss-cn-guangzhou.aliyuncs.com/ca709c5d72304bedbcf9ee14e4a3bcb2.jpg","videoUri":null,"updateTime":"2025-10-12","visible":0,"likeTotal":"0","collectTotal":"0","commentTotal":"10"}
2025-10-15 00:15:12.927 [http-nio-8086-exec-8] INFO  c.z.f.b.c.interceptor.FeignRequestInterceptor - ==> feign请求设置请求头 userId: 100
2025-10-15 00:15:12.931 [http-nio-8086-exec-10] DEBUG c.z.x.n.b.d.m.N.selectCountByUserIdAndNoteId - ==>  Preparing: select count(1) from t_note_collection where user_id = ? and note_id = ? and status = 1 limit 1
2025-10-15 00:15:12.931 [http-nio-8086-exec-10] DEBUG c.z.x.n.b.d.m.N.selectCountByUserIdAndNoteId - ==> Parameters: 100(Long), 1977206438811955287(Long)
2025-10-15 00:15:12.932 [http-nio-8086-exec-10] DEBUG c.z.x.n.b.d.m.N.selectCountByUserIdAndNoteId - <==      Total: 1
2025-10-15 00:15:12.932 [http-nio-8086-exec-10] INFO  c.z.f.b.operationlog.aspect.ApiOperationLogAspect - ====== 请求结束: [获取当前用户是否点赞、收藏数据], 耗时: 7ms, 出参: {"success":true,"message":null,"errorCode":null,"data":{"noteId":1977206438811955287,"isLiked":false,"isCollected":false}} =================================== 
2025-10-15 00:15:12.933 [http-nio-8086-exec-10] INFO  c.z.f.b.context.filter.HeaderUserId2ContextFilter - ===== 删除 ThreadLocal， userId: 100
2025-10-15 00:15:12.939 [http-nio-8086-exec-8] INFO  c.z.f.b.operationlog.aspect.ApiOperationLogAspect - ====== 请求结束: [笔记详情], 耗时: 14ms, 出参: {"success":true,"message":null,"errorCode":null,"data":{"id":1977206438811955287,"type":0,"title":"测试","content":"测试","imgUris":["https://my-xiaohongshu-oss.oss-cn-guangzhou.aliyuncs.com/99248ae2b13a41a3b0a368413c0a2bc8.webp"],"topics":null,"creatorId":100,"creatorName":"稚生","avatar":"https://my-xiaohongshu-oss.oss-cn-guangzhou.aliyuncs.com/ca709c5d72304bedbcf9ee14e4a3bcb2.jpg","videoUri":null,"updateTime":"2025-10-12","visible":0,"likeTotal":"0","collectTotal":"0","commentTotal":"2"}} =================================== 
2025-10-15 00:15:12.940 [http-nio-8086-exec-8] INFO  c.z.f.b.context.filter.HeaderUserId2ContextFilter - ===== 删除 ThreadLocal， userId: 100
2025-10-15 00:16:59.167 [http-nio-8086-exec-4] INFO  c.z.f.b.context.filter.HeaderUserId2ContextFilter - ## HeaderUserId2ContextFilter, 用户 ID: 100
2025-10-15 00:16:59.168 [http-nio-8086-exec-4] INFO  c.z.f.b.operationlog.aspect.ApiOperationLogAspect - ====== 请求开始: [获取当前用户是否点赞、收藏数据], 入参: {"noteId":1978012132934971457}, 请求类: NoteController, 请求方法: isLikedAndCollectedData =================================== 
2025-10-15 00:16:59.168 [http-nio-8086-exec-3] INFO  c.z.f.b.context.filter.HeaderUserId2ContextFilter - ## HeaderUserId2ContextFilter, 用户 ID: 100
2025-10-15 00:16:59.169 [http-nio-8086-exec-3] INFO  c.z.f.b.operationlog.aspect.ApiOperationLogAspect - ====== 请求开始: [笔记详情], 入参: {"id":1978012132934971457}, 请求类: NoteController, 请求方法: findNoteDetail =================================== 
2025-10-15 00:16:59.177 [http-nio-8086-exec-3] INFO  c.z.f.b.c.interceptor.FeignRequestInterceptor - ==> feign请求设置请求头 userId: 100
2025-10-15 00:16:59.177 [http-nio-8086-exec-4] DEBUG c.z.x.n.b.d.m.N.selectCountByUserIdAndNoteId - ==>  Preparing: select count(1) from t_note_collection where user_id = ? and note_id = ? and status = 1 limit 1
2025-10-15 00:16:59.177 [http-nio-8086-exec-4] DEBUG c.z.x.n.b.d.m.N.selectCountByUserIdAndNoteId - ==> Parameters: 100(Long), 1978012132934971457(Long)
2025-10-15 00:16:59.178 [http-nio-8086-exec-4] DEBUG c.z.x.n.b.d.m.N.selectCountByUserIdAndNoteId - <==      Total: 1
2025-10-15 00:16:59.178 [http-nio-8086-exec-4] INFO  c.z.f.b.operationlog.aspect.ApiOperationLogAspect - ====== 请求结束: [获取当前用户是否点赞、收藏数据], 耗时: 10ms, 出参: {"success":true,"message":null,"errorCode":null,"data":{"noteId":1978012132934971457,"isLiked":false,"isCollected":false}} =================================== 
2025-10-15 00:16:59.179 [http-nio-8086-exec-4] INFO  c.z.f.b.context.filter.HeaderUserId2ContextFilter - ===== 删除 ThreadLocal， userId: 100
2025-10-15 00:16:59.188 [http-nio-8086-exec-3] INFO  c.z.f.b.operationlog.aspect.ApiOperationLogAspect - ====== 请求结束: [笔记详情], 耗时: 19ms, 出参: {"success":true,"message":null,"errorCode":null,"data":{"id":1978012132934971457,"type":0,"title":"测试3","content":"专门用来测试搜索内容","imgUris":["http://8.134.88.169:9000/my-xiaohongshu-oss/7e4594a625af4aa081c4a2714494b1c5.png"],"topics":null,"creatorId":100,"creatorName":"稚生","avatar":"https://my-xiaohongshu-oss.oss-cn-guangzhou.aliyuncs.com/ca709c5d72304bedbcf9ee14e4a3bcb2.jpg","videoUri":null,"updateTime":"2025-10-14","visible":0,"likeTotal":"0","collectTotal":"0","commentTotal":"1"}} =================================== 
2025-10-15 00:16:59.189 [http-nio-8086-exec-3] INFO  c.z.f.b.context.filter.HeaderUserId2ContextFilter - ===== 删除 ThreadLocal， userId: 100
2025-10-15 00:17:00.371 [http-nio-8086-exec-1] INFO  c.z.f.b.context.filter.HeaderUserId2ContextFilter - ## HeaderUserId2ContextFilter, 用户 ID: 100
2025-10-15 00:17:00.371 [http-nio-8086-exec-1] INFO  c.z.f.b.operationlog.aspect.ApiOperationLogAspect - ====== 请求开始: [获取当前用户是否点赞、收藏数据], 入参: {"noteId":1977206438811955287}, 请求类: NoteController, 请求方法: isLikedAndCollectedData =================================== 
2025-10-15 00:17:00.371 [http-nio-8086-exec-2] INFO  c.z.f.b.context.filter.HeaderUserId2ContextFilter - ## HeaderUserId2ContextFilter, 用户 ID: 100
2025-10-15 00:17:00.373 [http-nio-8086-exec-2] INFO  c.z.f.b.operationlog.aspect.ApiOperationLogAspect - ====== 请求开始: [笔记详情], 入参: {"id":1977206438811955287}, 请求类: NoteController, 请求方法: findNoteDetail =================================== 
2025-10-15 00:17:00.374 [http-nio-8086-exec-2] INFO  c.z.x.note.biz.service.impl.NoteServiceImpl - ==> 命中了本地缓存；{"id":1977206438811955287,"type":0,"title":"测试","content":"测试","imgUris":["https://my-xiaohongshu-oss.oss-cn-guangzhou.aliyuncs.com/99248ae2b13a41a3b0a368413c0a2bc8.webp"],"topics":null,"creatorId":100,"creatorName":"稚生","avatar":"https://my-xiaohongshu-oss.oss-cn-guangzhou.aliyuncs.com/ca709c5d72304bedbcf9ee14e4a3bcb2.jpg","videoUri":null,"updateTime":"2025-10-12","visible":0,"likeTotal":"0","collectTotal":"0","commentTotal":"10"}
2025-10-15 00:17:00.377 [http-nio-8086-exec-2] INFO  c.z.f.b.c.interceptor.FeignRequestInterceptor - ==> feign请求设置请求头 userId: 100
2025-10-15 00:17:00.378 [http-nio-8086-exec-1] DEBUG c.z.x.n.b.d.m.N.selectCountByUserIdAndNoteId - ==>  Preparing: select count(1) from t_note_collection where user_id = ? and note_id = ? and status = 1 limit 1
2025-10-15 00:17:00.379 [http-nio-8086-exec-1] DEBUG c.z.x.n.b.d.m.N.selectCountByUserIdAndNoteId - ==> Parameters: 100(Long), 1977206438811955287(Long)
2025-10-15 00:17:00.380 [http-nio-8086-exec-1] DEBUG c.z.x.n.b.d.m.N.selectCountByUserIdAndNoteId - <==      Total: 1
2025-10-15 00:17:00.380 [http-nio-8086-exec-1] INFO  c.z.f.b.operationlog.aspect.ApiOperationLogAspect - ====== 请求结束: [获取当前用户是否点赞、收藏数据], 耗时: 9ms, 出参: {"success":true,"message":null,"errorCode":null,"data":{"noteId":1977206438811955287,"isLiked":false,"isCollected":false}} =================================== 
2025-10-15 00:17:00.381 [http-nio-8086-exec-1] INFO  c.z.f.b.context.filter.HeaderUserId2ContextFilter - ===== 删除 ThreadLocal， userId: 100
2025-10-15 00:17:00.385 [http-nio-8086-exec-2] INFO  c.z.f.b.operationlog.aspect.ApiOperationLogAspect - ====== 请求结束: [笔记详情], 耗时: 12ms, 出参: {"success":true,"message":null,"errorCode":null,"data":{"id":1977206438811955287,"type":0,"title":"测试","content":"测试","imgUris":["https://my-xiaohongshu-oss.oss-cn-guangzhou.aliyuncs.com/99248ae2b13a41a3b0a368413c0a2bc8.webp"],"topics":null,"creatorId":100,"creatorName":"稚生","avatar":"https://my-xiaohongshu-oss.oss-cn-guangzhou.aliyuncs.com/ca709c5d72304bedbcf9ee14e4a3bcb2.jpg","videoUri":null,"updateTime":"2025-10-12","visible":0,"likeTotal":"0","collectTotal":"0","commentTotal":"1"}} =================================== 
2025-10-15 00:17:00.385 [http-nio-8086-exec-2] INFO  c.z.f.b.context.filter.HeaderUserId2ContextFilter - ===== 删除 ThreadLocal， userId: 100
2025-10-15 00:17:02.933 [http-nio-8086-exec-6] INFO  c.z.f.b.context.filter.HeaderUserId2ContextFilter - ## HeaderUserId2ContextFilter, 用户 ID: 100
2025-10-15 00:17:02.934 [http-nio-8086-exec-9] INFO  c.z.f.b.context.filter.HeaderUserId2ContextFilter - ## HeaderUserId2ContextFilter, 用户 ID: 100
2025-10-15 00:17:02.934 [http-nio-8086-exec-6] INFO  c.z.f.b.operationlog.aspect.ApiOperationLogAspect - ====== 请求开始: [获取当前用户是否点赞、收藏数据], 入参: {"noteId":1978012132934971457}, 请求类: NoteController, 请求方法: isLikedAndCollectedData =================================== 
2025-10-15 00:17:02.934 [http-nio-8086-exec-9] INFO  c.z.f.b.operationlog.aspect.ApiOperationLogAspect - ====== 请求开始: [笔记详情], 入参: {"id":1978012132934971457}, 请求类: NoteController, 请求方法: findNoteDetail =================================== 
2025-10-15 00:17:02.934 [http-nio-8086-exec-9] INFO  c.z.x.note.biz.service.impl.NoteServiceImpl - ==> 命中了本地缓存；{"id":1978012132934971457,"type":0,"title":"测试3","content":"专门用来测试搜索内容","imgUris":["http://8.134.88.169:9000/my-xiaohongshu-oss/7e4594a625af4aa081c4a2714494b1c5.png"],"topics":null,"creatorId":100,"creatorName":"稚生","avatar":"https://my-xiaohongshu-oss.oss-cn-guangzhou.aliyuncs.com/ca709c5d72304bedbcf9ee14e4a3bcb2.jpg","videoUri":null,"updateTime":"2025-10-14","visible":0,"likeTotal":"0","collectTotal":"0","commentTotal":"1"}
2025-10-15 00:17:02.937 [http-nio-8086-exec-9] INFO  c.z.f.b.c.interceptor.FeignRequestInterceptor - ==> feign请求设置请求头 userId: 100
2025-10-15 00:17:02.940 [http-nio-8086-exec-6] DEBUG c.z.x.n.b.d.m.N.selectCountByUserIdAndNoteId - ==>  Preparing: select count(1) from t_note_collection where user_id = ? and note_id = ? and status = 1 limit 1
2025-10-15 00:17:02.941 [http-nio-8086-exec-6] DEBUG c.z.x.n.b.d.m.N.selectCountByUserIdAndNoteId - ==> Parameters: 100(Long), 1978012132934971457(Long)
2025-10-15 00:17:02.942 [http-nio-8086-exec-6] DEBUG c.z.x.n.b.d.m.N.selectCountByUserIdAndNoteId - <==      Total: 1
2025-10-15 00:17:02.942 [http-nio-8086-exec-6] INFO  c.z.f.b.operationlog.aspect.ApiOperationLogAspect - ====== 请求结束: [获取当前用户是否点赞、收藏数据], 耗时: 8ms, 出参: {"success":true,"message":null,"errorCode":null,"data":{"noteId":1978012132934971457,"isLiked":false,"isCollected":false}} =================================== 
2025-10-15 00:17:02.943 [http-nio-8086-exec-6] INFO  c.z.f.b.context.filter.HeaderUserId2ContextFilter - ===== 删除 ThreadLocal， userId: 100
2025-10-15 00:17:02.958 [http-nio-8086-exec-9] INFO  c.z.f.b.operationlog.aspect.ApiOperationLogAspect - ====== 请求结束: [笔记详情], 耗时: 24ms, 出参: {"success":true,"message":null,"errorCode":null,"data":{"id":1978012132934971457,"type":0,"title":"测试3","content":"专门用来测试搜索内容","imgUris":["http://8.134.88.169:9000/my-xiaohongshu-oss/7e4594a625af4aa081c4a2714494b1c5.png"],"topics":null,"creatorId":100,"creatorName":"稚生","avatar":"https://my-xiaohongshu-oss.oss-cn-guangzhou.aliyuncs.com/ca709c5d72304bedbcf9ee14e4a3bcb2.jpg","videoUri":null,"updateTime":"2025-10-14","visible":0,"likeTotal":"0","collectTotal":"0","commentTotal":"1"}} =================================== 
2025-10-15 00:17:02.958 [http-nio-8086-exec-9] INFO  c.z.f.b.context.filter.HeaderUserId2ContextFilter - ===== 删除 ThreadLocal， userId: 100
2025-10-15 00:23:27.807 [NettyClientSelector_1] INFO  RocketmqRemoting - closeChannel: close the connection to remote address[10.2.66.18:10911] result: true
2025-10-15 00:23:28.268 [NettyClientSelector_1] INFO  RocketmqRemoting - closeChannel: close the connection to remote address[10.2.66.18:10911] result: true
2025-10-15 00:23:28.981 [NettyClientSelector_1] INFO  RocketmqRemoting - closeChannel: close the connection to remote address[10.2.66.18:10911] result: true
2025-10-15 00:23:29.923 [NettyClientSelector_1] INFO  RocketmqRemoting - closeChannel: close the connection to remote address[10.2.66.18:10911] result: true
2025-10-15 00:23:29.925 [NettyClientSelector_1] INFO  RocketmqRemoting - closeChannel: close the connection to remote address[10.2.66.18:10911] result: true
2025-10-15 00:23:31.037 [NettyClientSelector_1] INFO  RocketmqRemoting - closeChannel: close the connection to remote address[10.2.66.18:10911] result: true
2025-10-15 00:23:31.038 [NettyClientSelector_1] INFO  RocketmqRemoting - closeChannel: close the connection to remote address[10.2.66.18:10911] result: true
2025-10-15 00:23:31.278 [NettyClientSelector_1] INFO  RocketmqRemoting - closeChannel: close the connection to remote address[10.2.66.18:10911] result: true
2025-10-15 00:23:32.473 [NettyClientSelector_1] INFO  RocketmqRemoting - closeChannel: close the connection to remote address[10.2.66.18:10911] result: true
2025-10-15 00:23:35.483 [NettyClientSelector_1] INFO  RocketmqRemoting - closeChannel: close the connection to remote address[10.2.66.18:10911] result: true
2025-10-15 00:23:40.879 [NettyClientSelector_1] INFO  RocketmqRemoting - closeChannel: close the connection to remote address[127.0.0.1:9876] result: true
2025-10-15 00:23:40.940 [NettyClientSelector_1] INFO  RocketmqRemoting - closeChannel: close the connection to remote address[127.0.0.1:9876] result: true
2025-10-15 00:23:41.466 [NettyClientSelector_1] INFO  RocketmqRemoting - closeChannel: close the connection to remote address[127.0.0.1:9876] result: true
2025-10-15 00:23:41.531 [NettyClientSelector_1] INFO  RocketmqRemoting - closeChannel: close the connection to remote address[127.0.0.1:9876] result: true
2025-10-15 00:23:41.933 [NettyClientSelector_1] INFO  RocketmqRemoting - closeChannel: close the connection to remote address[127.0.0.1:9876] result: true
2025-10-15 00:23:42.056 [NettyClientSelector_1] INFO  RocketmqRemoting - closeChannel: close the connection to remote address[127.0.0.1:9876] result: true
2025-10-15 00:23:43.884 [NettyClientSelector_1] INFO  RocketmqRemoting - closeChannel: close the connection to remote address[10.2.66.18:10911] result: true
2025-10-15 00:23:43.947 [NettyClientSelector_1] INFO  RocketmqRemoting - closeChannel: close the connection to remote address[10.2.66.18:10911] result: true
2025-10-15 00:23:44.473 [NettyClientSelector_1] INFO  RocketmqRemoting - closeChannel: close the connection to remote address[10.2.66.18:10911] result: true
2025-10-15 00:23:44.534 [NettyClientSelector_1] INFO  RocketmqRemoting - closeChannel: close the connection to remote address[10.2.66.18:10911] result: true
2025-10-15 00:23:44.937 [NettyClientSelector_1] INFO  RocketmqRemoting - closeChannel: close the connection to remote address[10.2.66.18:10911] result: true
2025-10-15 00:23:45.060 [NettyClientSelector_1] INFO  RocketmqRemoting - closeChannel: close the connection to remote address[10.2.66.18:10911] result: true
2025-10-15 00:23:49.931 [NettyClientSelector_1] INFO  RocketmqRemoting - closeChannel: close the connection to remote address[10.2.66.18:10911] result: true
2025-10-15 00:23:49.932 [NettyClientSelector_1] INFO  RocketmqRemoting - closeChannel: close the connection to remote address[10.2.66.18:10911] result: true
2025-10-15 00:23:51.034 [NettyClientSelector_1] INFO  RocketmqRemoting - closeChannel: close the connection to remote address[10.2.66.18:10911] result: true
2025-10-15 00:23:52.947 [NettyClientSelector_1] INFO  RocketmqRemoting - closeChannel: close the connection to remote address[10.2.66.18:10911] result: true
2025-10-15 00:23:54.051 [NettyClientSelector_1] INFO  RocketmqRemoting - closeChannel: close the connection to remote address[10.2.66.18:10911] result: true
2025-10-15 00:23:54.285 [NettyClientSelector_1] INFO  RocketmqRemoting - closeChannel: close the connection to remote address[10.2.66.18:10911] result: true
2025-10-15 00:23:57.063 [NettyClientSelector_1] INFO  RocketmqRemoting - closeChannel: close the connection to remote address[10.2.66.18:10911] result: true
2025-10-15 00:23:57.296 [NettyClientSelector_1] INFO  RocketmqRemoting - closeChannel: close the connection to remote address[10.2.66.18:10911] result: true
2025-10-15 00:23:58.495 [NettyClientSelector_1] INFO  RocketmqRemoting - closeChannel: close the connection to remote address[10.2.66.18:10911] result: true
2025-10-15 00:24:01.500 [NettyClientSelector_1] INFO  RocketmqRemoting - closeChannel: close the connection to remote address[10.2.66.18:10911] result: true
2025-10-15 00:24:09.924 [NettyClientSelector_1] INFO  RocketmqRemoting - closeChannel: close the connection to remote address[10.2.66.18:10911] result: true
2025-10-15 00:24:10.859 [NettyClientSelector_1] INFO  RocketmqRemoting - closeChannel: close the connection to remote address[127.0.0.1:9876] result: true
2025-10-15 00:24:10.924 [NettyClientSelector_1] INFO  RocketmqRemoting - closeChannel: close the connection to remote address[127.0.0.1:9876] result: true
2025-10-15 00:24:11.028 [NettyClientSelector_1] INFO  RocketmqRemoting - closeChannel: close the connection to remote address[10.2.66.18:10911] result: true
2025-10-15 00:24:11.076 [Thread-18] WARN  c.alibaba.nacos.common.http.HttpClientBeanHolder - [HttpClientBeanHolder] Start destroying common HttpClient
2025-10-15 00:24:11.076 [Thread-15] WARN  com.alibaba.nacos.common.notify.NotifyCenter - [NotifyCenter] Start destroying Publisher
2025-10-15 00:24:11.079 [Thread-15] WARN  com.alibaba.nacos.common.notify.NotifyCenter - [NotifyCenter] Destruction of the end
2025-10-15 00:24:11.088 [Thread-18] WARN  c.alibaba.nacos.common.http.HttpClientBeanHolder - [HttpClientBeanHolder] Destruction of the end
2025-10-15 00:24:11.453 [NettyClientSelector_1] INFO  RocketmqRemoting - closeChannel: close the connection to remote address[127.0.0.1:9876] result: true
2025-10-15 00:24:11.517 [NettyClientSelector_1] INFO  RocketmqRemoting - closeChannel: close the connection to remote address[127.0.0.1:9876] result: true
2025-10-15 00:24:11.921 [NettyClientSelector_1] INFO  RocketmqRemoting - closeChannel: close the connection to remote address[127.0.0.1:9876] result: true
2025-10-15 00:24:12.032 [NettyClientSelector_1] INFO  RocketmqRemoting - closeChannel: close the connection to remote address[127.0.0.1:9876] result: true
2025-10-15 00:24:12.367 [NettyClientSelector_1] INFO  RocketmqRemoting - closeChannel: close the connection to remote address[10.2.66.18:10911] result: true
2025-10-15 00:24:12.367 [NettyClientSelector_1] INFO  RocketmqRemoting - closeChannel: close the connection to remote address[10.2.66.18:10911] result: true
2025-10-15 00:24:12.411 [nacos-grpc-client-executor-8.134.88.169-6807] INFO  com.alibaba.nacos.common.remote.client - [aaac09d6-163f-4e3c-a072-5353e7dab3cb] Receive server push request, request = NotifySubscriberRequest, requestId = 1489
2025-10-15 00:24:12.421 [nacos-grpc-client-executor-8.134.88.169-6807] INFO  com.alibaba.nacos.client.naming - removed ips(1) service: DEFAULT_GROUP@@xiaohongshu-distributed-id-generator -> [{"ip":"10.2.66.18","port":8087,"weight":1.0,"healthy":true,"enabled":true,"ephemeral":true,"clusterName":"DEFAULT","serviceName":"DEFAULT_GROUP@@xiaohongshu-distributed-id-generator","metadata":{"preserved.register.source":"SPRING_CLOUD"},"ipDeleteTimeout":30000,"instanceHeartBeatInterval":5000,"instanceHeartBeatTimeOut":15000}]
2025-10-15 00:24:12.424 [nacos-grpc-client-executor-8.134.88.169-6807] INFO  com.alibaba.nacos.client.naming - current ips:(0) service: DEFAULT_GROUP@@xiaohongshu-distributed-id-generator -> []
2025-10-15 00:24:12.434 [nacos-grpc-client-executor-8.134.88.169-6807] INFO  com.alibaba.nacos.common.remote.client - [aaac09d6-163f-4e3c-a072-5353e7dab3cb] Ack server push request, request = NotifySubscriberRequest, requestId = 1489
2025-10-15 00:24:13.863 [NettyClientSelector_1] INFO  RocketmqRemoting - closeChannel: close the connection to remote address[10.2.66.18:10911] result: true
2025-10-15 00:24:14.455 [NettyClientSelector_1] INFO  RocketmqRemoting - closeChannel: close the connection to remote address[10.2.66.18:10911] result: true
2025-10-15 00:24:14.491 [nacos-grpc-client-executor-8.134.88.169-6808] INFO  com.alibaba.nacos.common.remote.client - [aaac09d6-163f-4e3c-a072-5353e7dab3cb] Receive server push request, request = NotifySubscriberRequest, requestId = 1490
2025-10-15 00:24:14.491 [nacos-grpc-client-executor-8.134.88.169-6808] INFO  com.alibaba.nacos.client.naming - removed ips(1) service: DEFAULT_GROUP@@xiaohongshu-kv -> [{"ip":"10.2.66.18","port":8084,"weight":1.0,"healthy":true,"enabled":true,"ephemeral":true,"clusterName":"DEFAULT","serviceName":"DEFAULT_GROUP@@xiaohongshu-kv","metadata":{"preserved.register.source":"SPRING_CLOUD"},"ipDeleteTimeout":30000,"instanceHeartBeatInterval":5000,"instanceHeartBeatTimeOut":15000}]
2025-10-15 00:24:14.492 [nacos-grpc-client-executor-8.134.88.169-6808] INFO  com.alibaba.nacos.client.naming - current ips:(0) service: DEFAULT_GROUP@@xiaohongshu-kv -> []
2025-10-15 00:24:14.493 [nacos-grpc-client-executor-8.134.88.169-6808] INFO  com.alibaba.nacos.common.remote.client - [aaac09d6-163f-4e3c-a072-5353e7dab3cb] Ack server push request, request = NotifySubscriberRequest, requestId = 1490
2025-10-15 00:24:14.517 [NettyClientSelector_1] INFO  RocketmqRemoting - closeChannel: close the connection to remote address[10.2.66.18:10911] result: true
2025-10-15 00:24:14.923 [NettyClientSelector_1] INFO  RocketmqRemoting - closeChannel: close the connection to remote address[10.2.66.18:10911] result: true
2025-10-15 00:24:15.034 [NettyClientSelector_1] INFO  RocketmqRemoting - closeChannel: close the connection to remote address[10.2.66.18:10911] result: true
2025-10-15 00:24:15.373 [NettyClientSelector_1] INFO  RocketmqRemoting - closeChannel: close the connection to remote address[10.2.66.18:10911] result: true
2025-10-15 00:24:18.195 [nacos-grpc-client-executor-8.134.88.169-6809] INFO  com.alibaba.nacos.common.remote.client - [aaac09d6-163f-4e3c-a072-5353e7dab3cb] Receive server push request, request = NotifySubscriberRequest, requestId = 1492
2025-10-15 00:24:18.195 [nacos-grpc-client-executor-8.134.88.169-6809] INFO  com.alibaba.nacos.client.naming - removed ips(1) service: DEFAULT_GROUP@@xiaohongshu-user -> [{"ip":"10.2.66.18","port":8082,"weight":1.0,"healthy":true,"enabled":true,"ephemeral":true,"clusterName":"DEFAULT","serviceName":"DEFAULT_GROUP@@xiaohongshu-user","metadata":{"preserved.register.source":"SPRING_CLOUD"},"ipDeleteTimeout":30000,"instanceHeartBeatInterval":5000,"instanceHeartBeatTimeOut":15000}]
2025-10-15 00:24:18.195 [nacos-grpc-client-executor-8.134.88.169-6809] INFO  com.alibaba.nacos.client.naming - current ips:(0) service: DEFAULT_GROUP@@xiaohongshu-user -> []
2025-10-15 00:24:18.197 [nacos-grpc-client-executor-8.134.88.169-6809] INFO  com.alibaba.nacos.common.remote.client - [aaac09d6-163f-4e3c-a072-5353e7dab3cb] Ack server push request, request = NotifySubscriberRequest, requestId = 1492
2025-10-15 00:24:18.376 [NettyClientSelector_1] INFO  RocketmqRemoting - closeChannel: close the connection to remote address[10.2.66.18:10911] result: true
2025-10-15 00:24:20.067 [NettyClientSelector_1] INFO  RocketmqRemoting - closeChannel: close the connection to remote address[10.2.66.18:10911] result: true
2025-10-15 00:24:20.301 [NettyClientSelector_1] INFO  RocketmqRemoting - closeChannel: close the connection to remote address[10.2.66.18:10911] result: true
2025-10-15 09:41:57.980 [main] WARN  com.alibaba.nacos.client.logging.NacosLogging - Load Logback Configuration of Nacos fail, message: Could not initialize Logback Nacos logging from classpath:nacos-logback.xml
2025-10-15 09:41:58.055 [main] WARN  com.alibaba.nacos.client.logging.NacosLogging - Load Logback Configuration of Nacos fail, message: Could not initialize Logback Nacos logging from classpath:nacos-logback.xml
2025-10-15 09:41:58.634 [main] WARN  com.alibaba.nacos.client.logging.NacosLogging - Load Logback Configuration of Nacos fail, message: Could not initialize Logback Nacos logging from classpath:nacos-logback.xml
2025-10-15 09:41:58.650 [main] WARN  com.alibaba.nacos.client.logging.NacosLogging - Load Logback Configuration of Nacos fail, message: Could not initialize Logback Nacos logging from classpath:nacos-logback.xml
2025-10-15 09:41:58.650 [main] INFO  c.z.x.note.biz.XiaohongshuNoteBizApplication - The following 1 profile is active: "dev"
2025-10-15 09:41:59.500 [main] INFO  o.s.d.r.config.RepositoryConfigurationDelegate - Multiple Spring Data modules found, entering strict repository configuration mode
2025-10-15 09:41:59.504 [main] INFO  o.s.d.r.config.RepositoryConfigurationDelegate - Bootstrapping Spring Data Redis repositories in DEFAULT mode.
2025-10-15 09:41:59.535 [main] INFO  o.s.d.r.config.RepositoryConfigurationDelegate - Finished Spring Data repository scanning in 16 ms. Found 0 Redis repository interfaces.
2025-10-15 09:41:59.832 [main] INFO  o.springframework.cloud.context.scope.GenericScope - BeanFactory id=0512f18d-8171-3b05-9611-ced82e5e695f
2025-10-15 09:41:59.871 [main] INFO  o.s.c.s.PostProcessorRegistrationDelegate$BeanPostProcessorChecker - Bean 'com.zry.xiaohongshu.distributed.id.generator.api.DistributedIdGeneratorFeignApi' of type [org.springframework.cloud.openfeign.FeignClientFactoryBean] is not eligible for getting processed by all BeanPostProcessors (for example: not eligible for auto-proxying)
2025-10-15 09:41:59.873 [main] INFO  o.s.c.s.PostProcessorRegistrationDelegate$BeanPostProcessorChecker - Bean 'com.zry.xiaohongshu.kv.api.KeyValueFeignApi' of type [org.springframework.cloud.openfeign.FeignClientFactoryBean] is not eligible for getting processed by all BeanPostProcessors (for example: not eligible for auto-proxying)
2025-10-15 09:41:59.875 [main] INFO  o.s.c.s.PostProcessorRegistrationDelegate$BeanPostProcessorChecker - Bean 'com.zry.xiaohongshu.user.api.UserFeignApi' of type [org.springframework.cloud.openfeign.FeignClientFactoryBean] is not eligible for getting processed by all BeanPostProcessors (for example: not eligible for auto-proxying)
2025-10-15 09:41:59.876 [main] INFO  o.s.c.s.PostProcessorRegistrationDelegate$BeanPostProcessorChecker - Bean 'com.zry.xiaohongshu.count.api.CountFeignApi' of type [org.springframework.cloud.openfeign.FeignClientFactoryBean] is not eligible for getting processed by all BeanPostProcessors (for example: not eligible for auto-proxying)
2025-10-15 09:42:00.152 [main] INFO  o.s.c.s.PostProcessorRegistrationDelegate$BeanPostProcessorChecker - Bean 'org.apache.rocketmq.spring.autoconfigure.MessageConverterConfiguration' of type [org.apache.rocketmq.spring.autoconfigure.MessageConverterConfiguration$$SpringCGLIB$$0] is not eligible for getting processed by all BeanPostProcessors (for example: not eligible for auto-proxying)
2025-10-15 09:42:00.209 [main] INFO  o.s.c.s.PostProcessorRegistrationDelegate$BeanPostProcessorChecker - Bean 'createRocketMQMessageConverter' of type [org.apache.rocketmq.spring.support.RocketMQMessageConverter] is not eligible for getting processed by all BeanPostProcessors (for example: not eligible for auto-proxying)
2025-10-15 09:42:00.214 [main] INFO  o.s.c.s.PostProcessorRegistrationDelegate$BeanPostProcessorChecker - Bean 'org.springframework.cloud.commons.config.CommonsConfigAutoConfiguration' of type [org.springframework.cloud.commons.config.CommonsConfigAutoConfiguration] is not eligible for getting processed by all BeanPostProcessors (for example: not eligible for auto-proxying)
2025-10-15 09:42:00.218 [main] INFO  o.s.c.s.PostProcessorRegistrationDelegate$BeanPostProcessorChecker - Bean 'org.springframework.cloud.client.loadbalancer.LoadBalancerDefaultMappingsProviderAutoConfiguration' of type [org.springframework.cloud.client.loadbalancer.LoadBalancerDefaultMappingsProviderAutoConfiguration] is not eligible for getting processed by all BeanPostProcessors (for example: not eligible for auto-proxying)
2025-10-15 09:42:00.220 [main] INFO  o.s.c.s.PostProcessorRegistrationDelegate$BeanPostProcessorChecker - Bean 'loadBalancerClientsDefaultsMappingsProvider' of type [org.springframework.cloud.client.loadbalancer.LoadBalancerDefaultMappingsProviderAutoConfiguration$$Lambda$721/0x000001bb01522ca8] is not eligible for getting processed by all BeanPostProcessors (for example: not eligible for auto-proxying)
2025-10-15 09:42:00.222 [main] INFO  o.s.c.s.PostProcessorRegistrationDelegate$BeanPostProcessorChecker - Bean 'defaultsBindHandlerAdvisor' of type [org.springframework.cloud.commons.config.DefaultsBindHandlerAdvisor] is not eligible for getting processed by all BeanPostProcessors (for example: not eligible for auto-proxying)
2025-10-15 09:42:00.228 [main] INFO  o.s.c.s.PostProcessorRegistrationDelegate$BeanPostProcessorChecker - Bean 'rocketmq-org.apache.rocketmq.spring.autoconfigure.RocketMQProperties' of type [org.apache.rocketmq.spring.autoconfigure.RocketMQProperties] is not eligible for getting processed by all BeanPostProcessors (for example: not eligible for auto-proxying)
2025-10-15 09:42:00.229 [main] INFO  o.s.c.s.PostProcessorRegistrationDelegate$BeanPostProcessorChecker - Bean 'org.apache.rocketmq.spring.autoconfigure.ListenerContainerConfiguration' of type [org.apache.rocketmq.spring.autoconfigure.ListenerContainerConfiguration$$SpringCGLIB$$0] is not eligible for getting processed by all BeanPostProcessors (for example: not eligible for auto-proxying)
2025-10-15 09:42:00.577 [main] INFO  o.s.boot.web.embedded.tomcat.TomcatWebServer - Tomcat initialized with port(s): 8086 (http)
2025-10-15 09:42:00.578 [main] INFO  org.apache.catalina.core.AprLifecycleListener - Loaded Apache Tomcat Native library [2.0.3] using APR version [1.7.2].
2025-10-15 09:42:00.583 [main] INFO  org.apache.catalina.core.AprLifecycleListener - OpenSSL successfully initialized [OpenSSL 3.0.8 7 Feb 2023]
2025-10-15 09:42:00.598 [main] INFO  org.apache.catalina.core.StandardService - Starting service [Tomcat]
2025-10-15 09:42:00.599 [main] INFO  org.apache.catalina.core.StandardEngine - Starting Servlet engine: [Apache Tomcat/10.1.5]
2025-10-15 09:42:00.758 [main] INFO  o.a.c.core.ContainerBase.[Tomcat].[localhost].[/] - Initializing Spring embedded WebApplicationContext
2025-10-15 09:42:00.759 [main] INFO  o.s.b.w.s.c.ServletWebServerApplicationContext - Root WebApplicationContext: initialization completed in 2084 ms
2025-10-15 09:42:00.927 [main] INFO  c.a.d.s.b.a.DruidDataSourceAutoConfigure - Init DruidDataSource
2025-10-15 09:42:01.432 [main] INFO  com.alibaba.druid.pool.DruidDataSource - {dataSource-1} inited
2025-10-15 09:42:01.964 [main] INFO  o.a.r.s.autoconfigure.RocketMQAutoConfiguration - a producer (xiaohongshu_group) init on namesrv 127.0.0.1:9876
2025-10-15 09:42:02.556 [main] INFO  o.a.r.s.support.DefaultRocketMQListenerContainer - running container: DefaultRocketMQListenerContainer{consumerGroup='xiaohongshu_group_CollectUnCollectTopic', namespace='', nameServer='127.0.0.1:9876', topic='CollectUnCollectTopic', consumeMode=ORDERLY, selectorType=TAG, selectorExpression='*', messageModel=CLUSTERING', tlsEnable=false, instanceName=DEFAULT}
2025-10-15 09:42:02.556 [main] INFO  o.a.r.s.a.ListenerContainerConfiguration - Register the listener to container, listenerBeanName:collectUnCollectNoteConsumer, containerBeanName:org.apache.rocketmq.spring.support.DefaultRocketMQListenerContainer_1
2025-10-15 09:42:03.187 [main] INFO  o.a.r.s.support.DefaultRocketMQListenerContainer - running container: DefaultRocketMQListenerContainer{consumerGroup='xiaohongshu_group_DelayDeleteNoteRedisCacheTopic', namespace='', nameServer='127.0.0.1:9876', topic='DelayDeleteNoteRedisCacheTopic', consumeMode=CONCURRENTLY, selectorType=TAG, selectorExpression='*', messageModel=CLUSTERING', tlsEnable=false, instanceName=DEFAULT}
2025-10-15 09:42:03.188 [main] INFO  o.a.r.s.a.ListenerContainerConfiguration - Register the listener to container, listenerBeanName:delayDeleteNoteRedisCacheConsumer, containerBeanName:org.apache.rocketmq.spring.support.DefaultRocketMQListenerContainer_2
2025-10-15 09:42:03.310 [main] INFO  o.a.r.s.support.DefaultRocketMQListenerContainer - running container: DefaultRocketMQListenerContainer{consumerGroup='xiaohongshu_group_DelayDeletePublishedNoteListRedisCacheTopic', namespace='', nameServer='127.0.0.1:9876', topic='DelayDeletePublishedNoteListRedisCacheTopic', consumeMode=CONCURRENTLY, selectorType=TAG, selectorExpression='*', messageModel=CLUSTERING', tlsEnable=false, instanceName=DEFAULT}
2025-10-15 09:42:03.311 [main] INFO  o.a.r.s.a.ListenerContainerConfiguration - Register the listener to container, listenerBeanName:delayDeletePublishedNoteListRedisCacheConsumer, containerBeanName:org.apache.rocketmq.spring.support.DefaultRocketMQListenerContainer_3
2025-10-15 09:42:03.612 [main] INFO  o.s.cloud.openfeign.FeignClientFactoryBean - For 'xiaohongshu-distributed-id-generator' URL not provided. Will try picking an instance via load-balancing.
2025-10-15 09:42:03.700 [main] INFO  o.s.cloud.openfeign.FeignClientFactoryBean - For 'xiaohongshu-kv' URL not provided. Will try picking an instance via load-balancing.
2025-10-15 09:42:03.742 [main] INFO  o.s.cloud.openfeign.FeignClientFactoryBean - For 'xiaohongshu-user' URL not provided. Will try picking an instance via load-balancing.
2025-10-15 09:42:03.776 [main] INFO  o.s.cloud.openfeign.FeignClientFactoryBean - For 'xiaohongshu-count' URL not provided. Will try picking an instance via load-balancing.
2025-10-15 09:42:03.883 [main] INFO  o.a.r.s.support.DefaultRocketMQListenerContainer - running container: DefaultRocketMQListenerContainer{consumerGroup='xiaohongshu_group_DelayDeleteNoteRedisCacheTopic', namespace='', nameServer='127.0.0.1:9876', topic='DeleteNoteLocalCacheTopic', consumeMode=CONCURRENTLY, selectorType=TAG, selectorExpression='*', messageModel=BROADCASTING', tlsEnable=false, instanceName=DEFAULT}
2025-10-15 09:42:03.883 [main] INFO  o.a.r.s.a.ListenerContainerConfiguration - Register the listener to container, listenerBeanName:deleteNoteLocalCacheConsumer, containerBeanName:org.apache.rocketmq.spring.support.DefaultRocketMQListenerContainer_4
2025-10-15 09:42:06.032 [main] INFO  o.s.boot.web.embedded.tomcat.TomcatWebServer - Tomcat started on port(s): 8086 (http) with context path ''
2025-10-15 09:42:06.044 [main] WARN  com.alibaba.nacos.client.logging.NacosLogging - Load Logback Configuration of Nacos fail, message: Could not initialize Logback Nacos logging from classpath:nacos-logback.xml
2025-10-15 09:42:06.044 [main] INFO  com.alibaba.nacos.client.naming - initializer namespace from ans.namespace attribute : null
2025-10-15 09:42:06.045 [main] INFO  com.alibaba.nacos.client.naming - initializer namespace from ALIBABA_ALIWARE_NAMESPACE attribute :null
2025-10-15 09:42:06.047 [main] INFO  com.alibaba.nacos.client.naming - initializer namespace from namespace attribute :null
2025-10-15 09:42:06.094 [main] INFO  com.alibaba.nacos.client.utils.ParamUtil - [settings] [req-serv] nacos-server port:8848
2025-10-15 09:42:06.094 [main] INFO  com.alibaba.nacos.client.utils.ParamUtil - [settings] [http-client] connect timeout:1000
2025-10-15 09:42:06.095 [main] INFO  com.alibaba.nacos.client.utils.ParamUtil - PER_TASK_CONFIG_SIZE: 3000.0
2025-10-15 09:42:06.104 [main] INFO  c.a.n.p.auth.spi.client.ClientAuthPluginManager - [ClientAuthPluginManager] Load ClientAuthService com.alibaba.nacos.client.auth.impl.NacosClientAuthServiceImpl success.
2025-10-15 09:42:06.104 [main] INFO  c.a.n.p.auth.spi.client.ClientAuthPluginManager - [ClientAuthPluginManager] Load ClientAuthService com.alibaba.nacos.client.auth.ram.RamClientAuthServiceImpl success.
2025-10-15 09:42:06.110 [main] INFO  c.a.n.client.auth.ram.identify.CredentialWatcher - null No credential found
2025-10-15 09:42:06.128 [main] INFO  com.alibaba.nacos.common.remote.client - [RpcClientFactory] create a new rpc client of 59965a10-164b-4e43-88a5-06cef95d0f91
2025-10-15 09:42:06.169 [main] INFO  com.alibaba.nacos.common.remote.client - [59965a10-164b-4e43-88a5-06cef95d0f91] RpcClient init, ServerListFactory = com.alibaba.nacos.client.naming.core.ServerListManager
2025-10-15 09:42:06.170 [main] INFO  com.alibaba.nacos.common.remote.client - [59965a10-164b-4e43-88a5-06cef95d0f91] Registry connection listener to current client:com.alibaba.nacos.client.naming.remote.gprc.redo.NamingGrpcRedoService
2025-10-15 09:42:06.170 [main] INFO  com.alibaba.nacos.common.remote.client - [59965a10-164b-4e43-88a5-06cef95d0f91] Register server push request handler:com.alibaba.nacos.client.naming.remote.gprc.NamingPushRequestHandler
2025-10-15 09:42:06.175 [main] INFO  com.alibaba.nacos.common.remote.client - [59965a10-164b-4e43-88a5-06cef95d0f91] Try to connect to server on start up, server: {serverIp = '8.134.88.169', server main port = 8848}
2025-10-15 09:42:06.236 [main] INFO  c.a.nacos.common.remote.client.grpc.GrpcClient - grpc client connection server:8.134.88.169 ip,serverPort:9848,grpcTslConfig:{"sslProvider":"OPENSSL","enableTls":false,"mutualAuthEnable":false,"trustAll":false}
2025-10-15 09:42:07.636 [main] INFO  com.alibaba.nacos.common.remote.client - [59965a10-164b-4e43-88a5-06cef95d0f91] Success to connect to server [8.134.88.169:8848] on start up, connectionId = 1760492526622_112.94.129.49_1263
2025-10-15 09:42:07.636 [com.alibaba.nacos.client.remote.worker] INFO  com.alibaba.nacos.common.remote.client - [59965a10-164b-4e43-88a5-06cef95d0f91] Notify connected event to listeners.
2025-10-15 09:42:07.636 [com.alibaba.nacos.client.remote.worker] INFO  com.alibaba.nacos.client.naming - Grpc connection connect
2025-10-15 09:42:07.638 [main] INFO  com.alibaba.nacos.common.remote.client - [59965a10-164b-4e43-88a5-06cef95d0f91] Register server push request handler:com.alibaba.nacos.common.remote.client.RpcClient$ConnectResetRequestHandler
2025-10-15 09:42:07.639 [main] INFO  com.alibaba.nacos.common.remote.client - [59965a10-164b-4e43-88a5-06cef95d0f91] Register server push request handler:com.alibaba.nacos.common.remote.client.RpcClient$$Lambda$1283/0x000001bb019ba718
2025-10-15 09:42:07.641 [main] INFO  com.alibaba.nacos.client.naming - [REGISTER-SERVICE] xiaohongshu registering service xiaohongshu-note with instance Instance{instanceId='null', ip='10.2.66.30', port=8086, weight=1.0, healthy=true, enabled=true, ephemeral=true, clusterName='DEFAULT', serviceName='null', metadata={IPv6=null, preserved.register.source=SPRING_CLOUD}}
2025-10-15 09:42:07.672 [main] INFO  c.a.cloud.nacos.registry.NacosServiceRegistry - nacos registry, DEFAULT_GROUP xiaohongshu-note 10.2.66.30:8086 register finished
2025-10-15 09:42:08.003 [main] INFO  c.z.x.note.biz.XiaohongshuNoteBizApplication - Started XiaohongshuNoteBizApplication in 10.968 seconds (process running for 11.994)
