2025-10-12 10:25:07.649 [main] WARN  com.alibaba.nacos.client.logging.NacosLogging - Load Logback Configuration of Nacos fail, message: Could not initialize Logback Nacos logging from classpath:nacos-logback.xml
2025-10-12 10:25:07.703 [main] WARN  com.alibaba.nacos.client.logging.NacosLogging - Load Logback Configuration of Nacos fail, message: Could not initialize Logback Nacos logging from classpath:nacos-logback.xml
2025-10-12 10:25:07.925 [main] WARN  com.alibaba.nacos.client.logging.NacosLogging - Load Logback Configuration of Nacos fail, message: Could not initialize Logback Nacos logging from classpath:nacos-logback.xml
2025-10-12 10:25:07.926 [main] INFO  com.alibaba.nacos.client.utils.ParamUtil - [settings] [req-serv] nacos-server port:8848
2025-10-12 10:25:07.927 [main] INFO  com.alibaba.nacos.client.utils.ParamUtil - [settings] [http-client] connect timeout:1000
2025-10-12 10:25:07.927 [main] INFO  com.alibaba.nacos.client.utils.ParamUtil - PER_TASK_CONFIG_SIZE: 3000.0
2025-10-12 10:25:07.953 [main] INFO  c.a.n.p.auth.spi.client.ClientAuthPluginManager - [ClientAuthPluginManager] Load ClientAuthService com.alibaba.nacos.client.auth.impl.NacosClientAuthServiceImpl success.
2025-10-12 10:25:07.953 [main] INFO  c.a.n.p.auth.spi.client.ClientAuthPluginManager - [ClientAuthPluginManager] Load ClientAuthService com.alibaba.nacos.client.auth.ram.RamClientAuthServiceImpl success.
2025-10-12 10:25:07.957 [main] INFO  c.a.n.client.auth.ram.identify.CredentialWatcher - null No credential found
2025-10-12 10:25:08.326 [main] WARN  com.alibaba.nacos.client.logging.NacosLogging - Load Logback Configuration of Nacos fail, message: Could not initialize Logback Nacos logging from classpath:nacos-logback.xml
2025-10-12 10:25:08.340 [main] INFO  c.a.n.client.config.impl.LocalConfigInfoProcessor - LOCAL_SNAPSHOT_PATH:C:\Users\Rey\nacos\config
2025-10-12 10:25:08.346 [main] INFO  com.alibaba.nacos.common.remote.client - [RpcClientFactory] create a new rpc client of a88082ff-ed59-4f17-a2a3-3f61fe10e8ea_config-0
2025-10-12 10:25:08.367 [main] INFO  com.alibaba.nacos.common.remote.client - [a88082ff-ed59-4f17-a2a3-3f61fe10e8ea_config-0] Register server push request handler:com.alibaba.nacos.client.config.impl.ClientWorker$ConfigRpcTransportClient$$Lambda$587/0x0000025d9538f3b0
2025-10-12 10:25:08.368 [main] INFO  com.alibaba.nacos.common.remote.client - [a88082ff-ed59-4f17-a2a3-3f61fe10e8ea_config-0] Register server push request handler:com.alibaba.nacos.client.config.impl.ClientWorker$ConfigRpcTransportClient$$Lambda$588/0x0000025d9538f7d0
2025-10-12 10:25:08.368 [main] INFO  com.alibaba.nacos.common.remote.client - [a88082ff-ed59-4f17-a2a3-3f61fe10e8ea_config-0] Registry connection listener to current client:com.alibaba.nacos.client.config.impl.ClientWorker$ConfigRpcTransportClient$1
2025-10-12 10:25:08.368 [main] INFO  com.alibaba.nacos.common.remote.client - [a88082ff-ed59-4f17-a2a3-3f61fe10e8ea_config-0] RpcClient init, ServerListFactory = com.alibaba.nacos.client.config.impl.ClientWorker$ConfigRpcTransportClient$2
2025-10-12 10:25:08.376 [main] INFO  com.alibaba.nacos.common.remote.client - [a88082ff-ed59-4f17-a2a3-3f61fe10e8ea_config-0] Try to connect to server on start up, server: {serverIp = '8.134.88.169', server main port = 8848}
2025-10-12 10:25:08.413 [main] INFO  c.a.nacos.common.remote.client.grpc.GrpcClient - grpc client connection server:8.134.88.169 ip,serverPort:9848,grpcTslConfig:{"sslProvider":"OPENSSL","enableTls":false,"mutualAuthEnable":false,"trustAll":false}
2025-10-12 10:25:09.427 [main] INFO  com.alibaba.nacos.common.remote.client - [a88082ff-ed59-4f17-a2a3-3f61fe10e8ea_config-0] Success to connect to server [8.134.88.169:8848] on start up, connectionId = 1760235909207_112.94.129.49_1791
2025-10-12 10:25:09.428 [com.alibaba.nacos.client.remote.worker] INFO  com.alibaba.nacos.common.remote.client - [a88082ff-ed59-4f17-a2a3-3f61fe10e8ea_config-0] Notify connected event to listeners.
2025-10-12 10:25:09.428 [com.alibaba.nacos.client.remote.worker] INFO  com.alibaba.nacos.client.config.impl.ClientWorker - [a88082ff-ed59-4f17-a2a3-3f61fe10e8ea_config-0] Connected,notify listen context...
2025-10-12 10:25:09.428 [main] INFO  com.alibaba.nacos.common.remote.client - [a88082ff-ed59-4f17-a2a3-3f61fe10e8ea_config-0] Register server push request handler:com.alibaba.nacos.common.remote.client.RpcClient$ConnectResetRequestHandler
2025-10-12 10:25:09.429 [main] INFO  com.alibaba.nacos.common.remote.client - [a88082ff-ed59-4f17-a2a3-3f61fe10e8ea_config-0] Register server push request handler:com.alibaba.nacos.common.remote.client.RpcClient$$Lambda$608/0x0000025d954d6a28
2025-10-12 10:25:09.481 [main] INFO  com.alibaba.nacos.client.config.impl.Limiter - limitTime:5.0
2025-10-12 10:25:09.501 [main] WARN  c.a.cloud.nacos.client.NacosPropertySourceBuilder - Ignore the empty nacos configuration and get it based on dataId[xiaohongshu-oss] & group[DEFAULT_GROUP]
2025-10-12 10:25:09.511 [main] WARN  c.a.cloud.nacos.client.NacosPropertySourceBuilder - Ignore the empty nacos configuration and get it based on dataId[xiaohongshu-oss.yaml] & group[DEFAULT_GROUP]
2025-10-12 10:25:09.521 [main] WARN  c.a.cloud.nacos.client.NacosPropertySourceBuilder - Ignore the empty nacos configuration and get it based on dataId[xiaohongshu-oss-dev.yaml] & group[DEFAULT_GROUP]
2025-10-12 10:25:09.522 [main] INFO  o.s.c.b.c.PropertySourceBootstrapConfiguration - Located property source: [BootstrapPropertySource {name='bootstrapProperties-xiaohongshu-oss-dev.yaml,DEFAULT_GROUP'}, BootstrapPropertySource {name='bootstrapProperties-xiaohongshu-oss.yaml,DEFAULT_GROUP'}, BootstrapPropertySource {name='bootstrapProperties-xiaohongshu-oss,DEFAULT_GROUP'}]
2025-10-12 10:25:09.527 [main] WARN  com.alibaba.nacos.client.logging.NacosLogging - Load Logback Configuration of Nacos fail, message: Could not initialize Logback Nacos logging from classpath:nacos-logback.xml
2025-10-12 10:25:09.528 [main] INFO  c.z.x.oss.biz.XiaohongshuOssBizApplication - The following 1 profile is active: "dev"
2025-10-12 10:25:10.114 [main] INFO  o.springframework.cloud.context.scope.GenericScope - BeanFactory id=622ba073-7c59-33b0-876f-d95fb493eb1a
2025-10-12 10:25:10.532 [main] INFO  o.s.boot.web.embedded.tomcat.TomcatWebServer - Tomcat initialized with port(s): 8083 (http)
2025-10-12 10:25:10.533 [main] INFO  org.apache.catalina.core.AprLifecycleListener - Loaded Apache Tomcat Native library [2.0.3] using APR version [1.7.2].
2025-10-12 10:25:10.538 [main] INFO  org.apache.catalina.core.AprLifecycleListener - OpenSSL successfully initialized [OpenSSL 3.0.8 7 Feb 2023]
2025-10-12 10:25:10.548 [main] INFO  org.apache.catalina.core.StandardService - Starting service [Tomcat]
2025-10-12 10:25:10.549 [main] INFO  org.apache.catalina.core.StandardEngine - Starting Servlet engine: [Apache Tomcat/10.1.5]
2025-10-12 10:25:10.627 [main] INFO  o.a.c.core.ContainerBase.[Tomcat].[localhost].[/] - Initializing Spring embedded WebApplicationContext
2025-10-12 10:25:10.628 [main] INFO  o.s.b.w.s.c.ServletWebServerApplicationContext - Root WebApplicationContext: initialization completed in 1087 ms
2025-10-12 10:25:12.570 [main] INFO  o.s.boot.web.embedded.tomcat.TomcatWebServer - Tomcat started on port(s): 8083 (http) with context path ''
2025-10-12 10:25:12.574 [main] INFO  com.alibaba.nacos.client.naming - initializer namespace from ans.namespace attribute : null
2025-10-12 10:25:12.574 [main] INFO  com.alibaba.nacos.client.naming - initializer namespace from ALIBABA_ALIWARE_NAMESPACE attribute :null
2025-10-12 10:25:12.574 [main] INFO  com.alibaba.nacos.client.naming - initializer namespace from namespace attribute :null
2025-10-12 10:25:12.583 [main] INFO  c.a.n.p.auth.spi.client.ClientAuthPluginManager - [ClientAuthPluginManager] Load ClientAuthService com.alibaba.nacos.client.auth.impl.NacosClientAuthServiceImpl success.
2025-10-12 10:25:12.583 [main] INFO  c.a.n.p.auth.spi.client.ClientAuthPluginManager - [ClientAuthPluginManager] Load ClientAuthService com.alibaba.nacos.client.auth.ram.RamClientAuthServiceImpl success.
2025-10-12 10:25:12.586 [main] INFO  com.alibaba.nacos.common.remote.client - [RpcClientFactory] create a new rpc client of 81252d59-2df7-4de6-ae2f-f3f34f442511
2025-10-12 10:25:12.588 [main] INFO  com.alibaba.nacos.common.remote.client - [81252d59-2df7-4de6-ae2f-f3f34f442511] RpcClient init, ServerListFactory = com.alibaba.nacos.client.naming.core.ServerListManager
2025-10-12 10:25:12.588 [main] INFO  com.alibaba.nacos.common.remote.client - [81252d59-2df7-4de6-ae2f-f3f34f442511] Registry connection listener to current client:com.alibaba.nacos.client.naming.remote.gprc.redo.NamingGrpcRedoService
2025-10-12 10:25:12.588 [main] INFO  com.alibaba.nacos.common.remote.client - [81252d59-2df7-4de6-ae2f-f3f34f442511] Register server push request handler:com.alibaba.nacos.client.naming.remote.gprc.NamingPushRequestHandler
2025-10-12 10:25:12.588 [main] INFO  com.alibaba.nacos.common.remote.client - [81252d59-2df7-4de6-ae2f-f3f34f442511] Try to connect to server on start up, server: {serverIp = '8.134.88.169', server main port = 8848}
2025-10-12 10:25:12.589 [main] INFO  c.a.nacos.common.remote.client.grpc.GrpcClient - grpc client connection server:8.134.88.169 ip,serverPort:9848,grpcTslConfig:{"sslProvider":"OPENSSL","enableTls":false,"mutualAuthEnable":false,"trustAll":false}
2025-10-12 10:25:12.748 [main] INFO  com.alibaba.nacos.common.remote.client - [81252d59-2df7-4de6-ae2f-f3f34f442511] Success to connect to server [8.134.88.169:8848] on start up, connectionId = 1760235912589_112.94.129.49_1798
2025-10-12 10:25:12.748 [main] INFO  com.alibaba.nacos.common.remote.client - [81252d59-2df7-4de6-ae2f-f3f34f442511] Register server push request handler:com.alibaba.nacos.common.remote.client.RpcClient$ConnectResetRequestHandler
2025-10-12 10:25:12.748 [main] INFO  com.alibaba.nacos.common.remote.client - [81252d59-2df7-4de6-ae2f-f3f34f442511] Register server push request handler:com.alibaba.nacos.common.remote.client.RpcClient$$Lambda$608/0x0000025d954d6a28
2025-10-12 10:25:12.748 [com.alibaba.nacos.client.remote.worker] INFO  com.alibaba.nacos.common.remote.client - [81252d59-2df7-4de6-ae2f-f3f34f442511] Notify connected event to listeners.
2025-10-12 10:25:12.748 [com.alibaba.nacos.client.remote.worker] INFO  com.alibaba.nacos.client.naming - Grpc connection connect
2025-10-12 10:25:12.749 [main] INFO  com.alibaba.nacos.client.naming - [REGISTER-SERVICE] xiaohongshu registering service xiaohongshu-oss with instance Instance{instanceId='null', ip='10.2.66.18', port=8083, weight=1.0, healthy=true, enabled=true, ephemeral=true, clusterName='DEFAULT', serviceName='null', metadata={IPv6=null, preserved.register.source=SPRING_CLOUD}}
2025-10-12 10:25:12.765 [main] INFO  c.a.cloud.nacos.registry.NacosServiceRegistry - nacos registry, DEFAULT_GROUP xiaohongshu-oss 10.2.66.18:8083 register finished
2025-10-12 10:25:12.983 [main] INFO  c.z.x.oss.biz.XiaohongshuOssBizApplication - Started XiaohongshuOssBizApplication in 6.131 seconds (process running for 6.914)
2025-10-12 10:25:12.987 [main] INFO  com.alibaba.nacos.client.config.impl.CacheData - nacos.cache.data.init.snapshot = true 
2025-10-12 10:25:12.987 [main] INFO  com.alibaba.nacos.client.config.impl.ClientWorker - [fixed-xiaohongshu-8.134.88.169_8848] [subscribe] xiaohongshu-oss+DEFAULT_GROUP+xiaohongshu
2025-10-12 10:25:12.996 [main] INFO  com.alibaba.nacos.client.config.impl.CacheData - [fixed-xiaohongshu-8.134.88.169_8848] [add-listener] ok, tenant=xiaohongshu, dataId=xiaohongshu-oss, group=DEFAULT_GROUP, cnt=1
2025-10-12 10:25:12.997 [main] INFO  c.a.cloud.nacos.refresh.NacosContextRefresher - [Nacos Config] Listening config: dataId=xiaohongshu-oss, group=DEFAULT_GROUP
2025-10-12 10:25:12.997 [main] INFO  com.alibaba.nacos.client.config.impl.ClientWorker - [fixed-xiaohongshu-8.134.88.169_8848] [subscribe] xiaohongshu-oss.yaml+DEFAULT_GROUP+xiaohongshu
2025-10-12 10:25:12.997 [main] INFO  com.alibaba.nacos.client.config.impl.CacheData - [fixed-xiaohongshu-8.134.88.169_8848] [add-listener] ok, tenant=xiaohongshu, dataId=xiaohongshu-oss.yaml, group=DEFAULT_GROUP, cnt=1
2025-10-12 10:25:12.997 [main] INFO  c.a.cloud.nacos.refresh.NacosContextRefresher - [Nacos Config] Listening config: dataId=xiaohongshu-oss.yaml, group=DEFAULT_GROUP
2025-10-12 10:25:12.997 [main] INFO  com.alibaba.nacos.client.config.impl.ClientWorker - [fixed-xiaohongshu-8.134.88.169_8848] [subscribe] xiaohongshu-oss-dev.yaml+DEFAULT_GROUP+xiaohongshu
2025-10-12 10:25:12.997 [main] INFO  com.alibaba.nacos.client.config.impl.CacheData - [fixed-xiaohongshu-8.134.88.169_8848] [add-listener] ok, tenant=xiaohongshu, dataId=xiaohongshu-oss-dev.yaml, group=DEFAULT_GROUP, cnt=1
2025-10-12 10:25:12.997 [main] INFO  c.a.cloud.nacos.refresh.NacosContextRefresher - [Nacos Config] Listening config: dataId=xiaohongshu-oss-dev.yaml, group=DEFAULT_GROUP
2025-10-12 10:29:48.164 [http-nio-8083-exec-2] INFO  o.a.c.core.ContainerBase.[Tomcat].[localhost].[/] - Initializing Spring DispatcherServlet 'dispatcherServlet'
2025-10-12 10:29:48.180 [http-nio-8083-exec-2] INFO  org.springframework.web.servlet.DispatcherServlet - Initializing Servlet 'dispatcherServlet'
2025-10-12 10:29:48.205 [http-nio-8083-exec-2] INFO  org.springframework.web.servlet.DispatcherServlet - Completed initialization in 25 ms
2025-10-12 10:29:48.228 [http-nio-8083-exec-2] INFO  c.z.f.b.context.filter.HeaderUserId2ContextFilter - ## HeaderUserId2ContextFilter, 用户 ID: 100
2025-10-12 10:29:48.531 [http-nio-8083-exec-2] INFO  c.z.xiaohongshu.oss.biz.controller.FileController - ==> 用户： 100
2025-10-12 10:29:48.534 [http-nio-8083-exec-2] INFO  c.z.x.oss.biz.strategy.impl.AliyunOSSFileStrategy - ## 上传文件至阿里云 OSS ...
2025-10-12 10:29:48.550 [http-nio-8083-exec-2] INFO  c.z.x.oss.biz.strategy.impl.AliyunOSSFileStrategy - ==> 开始上传文件至阿里云 OSS, ObjectName: 1b8641d485cf44ceadcbbc6c39d4950e.JPG
2025-10-12 10:29:52.052 [http-nio-8083-exec-2] INFO  c.z.x.oss.biz.strategy.impl.AliyunOSSFileStrategy - ==> 上传文件至阿里云 OSS 成功，访问路径: https://my-xiaohongshu-oss.oss-cn-guangzhou.aliyuncs.com/1b8641d485cf44ceadcbbc6c39d4950e.JPG
2025-10-12 10:29:52.145 [http-nio-8083-exec-2] INFO  c.z.f.b.context.filter.HeaderUserId2ContextFilter - ===== 删除 ThreadLocal， userId: 100
2025-10-12 10:30:53.273 [http-nio-8083-exec-1] INFO  c.z.f.b.context.filter.HeaderUserId2ContextFilter - ## HeaderUserId2ContextFilter, 用户 ID: 100
2025-10-12 10:30:53.421 [http-nio-8083-exec-1] INFO  c.z.xiaohongshu.oss.biz.controller.FileController - ==> 用户： 100
2025-10-12 10:30:53.422 [http-nio-8083-exec-1] INFO  c.z.x.oss.biz.strategy.impl.AliyunOSSFileStrategy - ## 上传文件至阿里云 OSS ...
2025-10-12 10:30:53.422 [http-nio-8083-exec-1] INFO  c.z.x.oss.biz.strategy.impl.AliyunOSSFileStrategy - ==> 开始上传文件至阿里云 OSS, ObjectName: 74cf07b5772642c7b5894a963dd38099.JPG
2025-10-12 10:30:57.227 [http-nio-8083-exec-1] INFO  c.z.x.oss.biz.strategy.impl.AliyunOSSFileStrategy - ==> 上传文件至阿里云 OSS 成功，访问路径: https://my-xiaohongshu-oss.oss-cn-guangzhou.aliyuncs.com/74cf07b5772642c7b5894a963dd38099.JPG
2025-10-12 10:30:57.230 [http-nio-8083-exec-1] INFO  c.z.f.b.context.filter.HeaderUserId2ContextFilter - ===== 删除 ThreadLocal， userId: 100
2025-10-12 10:31:24.785 [http-nio-8083-exec-4] INFO  c.z.f.b.context.filter.HeaderUserId2ContextFilter - ## HeaderUserId2ContextFilter, 用户 ID: 100
2025-10-12 10:31:24.893 [http-nio-8083-exec-4] INFO  c.z.xiaohongshu.oss.biz.controller.FileController - ==> 用户： 100
2025-10-12 10:31:24.894 [http-nio-8083-exec-4] INFO  c.z.x.oss.biz.strategy.impl.AliyunOSSFileStrategy - ## 上传文件至阿里云 OSS ...
2025-10-12 10:31:24.894 [http-nio-8083-exec-4] INFO  c.z.x.oss.biz.strategy.impl.AliyunOSSFileStrategy - ==> 开始上传文件至阿里云 OSS, ObjectName: 5feafb4c632448979f1af235471c1c51.JPG
2025-10-12 10:31:28.366 [http-nio-8083-exec-4] INFO  c.z.x.oss.biz.strategy.impl.AliyunOSSFileStrategy - ==> 上传文件至阿里云 OSS 成功，访问路径: https://my-xiaohongshu-oss.oss-cn-guangzhou.aliyuncs.com/5feafb4c632448979f1af235471c1c51.JPG
2025-10-12 10:31:28.373 [http-nio-8083-exec-4] INFO  c.z.f.b.context.filter.HeaderUserId2ContextFilter - ===== 删除 ThreadLocal， userId: 100
2025-10-12 10:55:11.011 [http-nio-8083-exec-5] INFO  c.z.f.b.context.filter.HeaderUserId2ContextFilter - ## HeaderUserId2ContextFilter, 用户 ID: 100
2025-10-12 10:55:11.031 [http-nio-8083-exec-5] INFO  c.z.xiaohongshu.oss.biz.controller.FileController - ==> 用户： 100
2025-10-12 10:55:11.032 [http-nio-8083-exec-5] INFO  c.z.x.oss.biz.strategy.impl.AliyunOSSFileStrategy - ## 上传文件至阿里云 OSS ...
2025-10-12 10:55:11.034 [http-nio-8083-exec-5] INFO  c.z.x.oss.biz.strategy.impl.AliyunOSSFileStrategy - ==> 开始上传文件至阿里云 OSS, ObjectName: 99248ae2b13a41a3b0a368413c0a2bc8.webp
2025-10-12 10:55:11.248 [http-nio-8083-exec-5] INFO  c.z.x.oss.biz.strategy.impl.AliyunOSSFileStrategy - ==> 上传文件至阿里云 OSS 成功，访问路径: https://my-xiaohongshu-oss.oss-cn-guangzhou.aliyuncs.com/99248ae2b13a41a3b0a368413c0a2bc8.webp
2025-10-12 10:55:11.264 [http-nio-8083-exec-5] INFO  c.z.f.b.context.filter.HeaderUserId2ContextFilter - ===== 删除 ThreadLocal， userId: 100
2025-10-12 11:02:06.624 [http-nio-8083-exec-8] INFO  c.z.f.b.context.filter.HeaderUserId2ContextFilter - ## HeaderUserId2ContextFilter, 用户 ID: 100
2025-10-12 11:02:06.630 [http-nio-8083-exec-8] INFO  c.z.xiaohongshu.oss.biz.controller.FileController - ==> 用户： 100
2025-10-12 11:02:06.631 [http-nio-8083-exec-8] INFO  c.z.x.oss.biz.strategy.impl.AliyunOSSFileStrategy - ## 上传文件至阿里云 OSS ...
2025-10-12 11:02:06.633 [http-nio-8083-exec-8] INFO  c.z.x.oss.biz.strategy.impl.AliyunOSSFileStrategy - ==> 开始上传文件至阿里云 OSS, ObjectName: bad275419ce045fb8ca240d1263de1ef.gif
2025-10-12 11:02:06.687 [http-nio-8083-exec-8] INFO  c.z.x.oss.biz.strategy.impl.AliyunOSSFileStrategy - ==> 上传文件至阿里云 OSS 成功，访问路径: https://my-xiaohongshu-oss.oss-cn-guangzhou.aliyuncs.com/bad275419ce045fb8ca240d1263de1ef.gif
2025-10-12 11:02:06.690 [http-nio-8083-exec-8] INFO  c.z.f.b.context.filter.HeaderUserId2ContextFilter - ===== 删除 ThreadLocal， userId: 100
2025-10-12 11:07:22.090 [http-nio-8083-exec-9] INFO  c.z.f.b.context.filter.HeaderUserId2ContextFilter - ## HeaderUserId2ContextFilter, 用户 ID: 100
2025-10-12 11:07:22.116 [http-nio-8083-exec-9] INFO  c.z.xiaohongshu.oss.biz.controller.FileController - ==> 用户： 100
2025-10-12 11:07:22.116 [http-nio-8083-exec-9] INFO  c.z.x.oss.biz.strategy.impl.AliyunOSSFileStrategy - ## 上传文件至阿里云 OSS ...
2025-10-12 11:07:22.117 [http-nio-8083-exec-9] INFO  c.z.x.oss.biz.strategy.impl.AliyunOSSFileStrategy - ==> 开始上传文件至阿里云 OSS, ObjectName: 6b4f4cb5775d477f99b27870e18e6349.png
2025-10-12 11:07:22.396 [http-nio-8083-exec-9] INFO  c.z.x.oss.biz.strategy.impl.AliyunOSSFileStrategy - ==> 上传文件至阿里云 OSS 成功，访问路径: https://my-xiaohongshu-oss.oss-cn-guangzhou.aliyuncs.com/6b4f4cb5775d477f99b27870e18e6349.png
2025-10-12 11:07:22.403 [http-nio-8083-exec-9] INFO  c.z.f.b.context.filter.HeaderUserId2ContextFilter - ===== 删除 ThreadLocal， userId: 100
2025-10-12 11:10:41.994 [http-nio-8083-exec-3] INFO  c.z.f.b.context.filter.HeaderUserId2ContextFilter - ## HeaderUserId2ContextFilter, 用户 ID: 100
2025-10-12 11:10:42.025 [http-nio-8083-exec-3] INFO  c.z.xiaohongshu.oss.biz.controller.FileController - ==> 用户： 100
2025-10-12 11:10:42.026 [http-nio-8083-exec-3] INFO  c.z.x.oss.biz.strategy.impl.AliyunOSSFileStrategy - ## 上传文件至阿里云 OSS ...
2025-10-12 11:10:42.026 [http-nio-8083-exec-3] INFO  c.z.x.oss.biz.strategy.impl.AliyunOSSFileStrategy - ==> 开始上传文件至阿里云 OSS, ObjectName: 135d1ff631a7482c99b5fb8c15b63691.png
2025-10-12 11:10:42.871 [http-nio-8083-exec-3] INFO  c.z.x.oss.biz.strategy.impl.AliyunOSSFileStrategy - ==> 上传文件至阿里云 OSS 成功，访问路径: https://my-xiaohongshu-oss.oss-cn-guangzhou.aliyuncs.com/135d1ff631a7482c99b5fb8c15b63691.png
2025-10-12 11:10:42.875 [http-nio-8083-exec-3] INFO  c.z.f.b.context.filter.HeaderUserId2ContextFilter - ===== 删除 ThreadLocal， userId: 100
2025-10-12 22:28:31.114 [Thread-9] WARN  com.alibaba.nacos.common.notify.NotifyCenter - [NotifyCenter] Start destroying Publisher
2025-10-12 22:28:31.114 [Thread-2] WARN  c.alibaba.nacos.common.http.HttpClientBeanHolder - [HttpClientBeanHolder] Start destroying common HttpClient
2025-10-12 22:28:31.126 [Thread-9] WARN  com.alibaba.nacos.common.notify.NotifyCenter - [NotifyCenter] Destruction of the end
2025-10-12 22:28:31.143 [Thread-2] WARN  c.alibaba.nacos.common.http.HttpClientBeanHolder - [HttpClientBeanHolder] Destruction of the end
2025-10-12 22:28:31.660 [SpringApplicationShutdownHook] INFO  c.a.cloud.nacos.registry.NacosServiceRegistry - De-registering from Nacos Server now...
2025-10-12 22:28:31.665 [SpringApplicationShutdownHook] INFO  com.alibaba.nacos.client.naming - [DEREGISTER-SERVICE] xiaohongshu deregistering service xiaohongshu-oss with instance: Instance{instanceId='null', ip='10.2.66.18', port=8083, weight=1.0, healthy=true, enabled=true, ephemeral=true, clusterName='DEFAULT', serviceName='null', metadata={}}
2025-10-12 22:28:31.695 [SpringApplicationShutdownHook] INFO  c.a.cloud.nacos.registry.NacosServiceRegistry - De-registration finished.
2025-10-12 22:28:31.699 [SpringApplicationShutdownHook] INFO  com.alibaba.nacos.client.naming - com.alibaba.nacos.client.naming.cache.ServiceInfoHolder do shutdown begin
2025-10-12 22:28:31.699 [SpringApplicationShutdownHook] INFO  com.alibaba.nacos.client.naming - com.alibaba.nacos.client.naming.backups.FailoverReactor do shutdown begin
2025-10-12 22:28:31.701 [SpringApplicationShutdownHook] INFO  com.alibaba.nacos.client.naming - com.alibaba.nacos.client.naming.backups.FailoverReactor do shutdown stop
2025-10-12 22:28:31.701 [SpringApplicationShutdownHook] INFO  com.alibaba.nacos.client.naming - com.alibaba.nacos.client.naming.cache.ServiceInfoHolder do shutdown stop
2025-10-12 22:28:31.701 [SpringApplicationShutdownHook] INFO  com.alibaba.nacos.client.naming - com.alibaba.nacos.client.naming.remote.NamingClientProxyDelegate do shutdown begin
2025-10-12 22:28:31.702 [SpringApplicationShutdownHook] INFO  com.alibaba.nacos.client.naming - com.alibaba.nacos.client.naming.core.ServiceInfoUpdateService do shutdown begin
2025-10-12 22:28:31.702 [SpringApplicationShutdownHook] INFO  com.alibaba.nacos.client.naming - com.alibaba.nacos.client.naming.core.ServiceInfoUpdateService do shutdown stop
2025-10-12 22:28:31.703 [SpringApplicationShutdownHook] INFO  com.alibaba.nacos.client.naming - com.alibaba.nacos.client.naming.core.ServerListManager do shutdown begin
2025-10-12 22:28:31.703 [SpringApplicationShutdownHook] WARN  com.alibaba.nacos.client.naming - [NamingHttpClientManager] Start destroying NacosRestTemplate
2025-10-12 22:28:31.706 [SpringApplicationShutdownHook] WARN  com.alibaba.nacos.client.naming - [NamingHttpClientManager] Destruction of the end
2025-10-12 22:28:31.706 [SpringApplicationShutdownHook] INFO  com.alibaba.nacos.client.naming - com.alibaba.nacos.client.naming.core.ServerListManager do shutdown stop
2025-10-12 22:28:31.706 [SpringApplicationShutdownHook] INFO  com.alibaba.nacos.client.naming - com.alibaba.nacos.client.naming.remote.http.NamingHttpClientProxy do shutdown begin
2025-10-12 22:28:31.706 [SpringApplicationShutdownHook] WARN  com.alibaba.nacos.client.naming - [NamingHttpClientManager] Start destroying NacosRestTemplate
2025-10-12 22:28:31.706 [SpringApplicationShutdownHook] WARN  com.alibaba.nacos.client.naming - [NamingHttpClientManager] Destruction of the end
2025-10-12 22:28:31.706 [SpringApplicationShutdownHook] INFO  com.alibaba.nacos.client.naming - com.alibaba.nacos.client.naming.remote.http.NamingHttpClientProxy do shutdown stop
2025-10-12 22:28:31.707 [SpringApplicationShutdownHook] INFO  com.alibaba.nacos.common.remote.client - Shutdown rpc client, set status to shutdown
2025-10-12 22:28:31.710 [SpringApplicationShutdownHook] INFO  com.alibaba.nacos.common.remote.client - Shutdown client event executor java.util.concurrent.ScheduledThreadPoolExecutor@42b6c8ca[Running, pool size = 2, active threads = 2, queued tasks = 0, completed tasks = 0]
2025-10-12 22:28:31.711 [SpringApplicationShutdownHook] INFO  com.alibaba.nacos.common.remote.client - Close current connection 1760235912589_112.94.129.49_1798
2025-10-12 22:28:31.724 [nacos-grpc-client-executor-8.134.88.169-8766] INFO  c.a.nacos.common.remote.client.grpc.GrpcClient - [1760235912589_112.94.129.49_1798]Ignore complete event,isRunning:false,isAbandon=false
2025-10-12 22:28:31.751 [SpringApplicationShutdownHook] INFO  c.a.nacos.common.remote.client.grpc.GrpcClient - Shutdown grpc executor java.util.concurrent.ThreadPoolExecutor@1a316228[Running, pool size = 4, active threads = 0, queued tasks = 0, completed tasks = 8767]
2025-10-12 22:28:31.751 [SpringApplicationShutdownHook] INFO  com.alibaba.nacos.client.naming - Shutdown grpc redo service executor java.util.concurrent.ScheduledThreadPoolExecutor@1c2630a6[Running, pool size = 1, active threads = 0, queued tasks = 1, completed tasks = 14428]
2025-10-12 22:28:31.753 [SpringApplicationShutdownHook] INFO  c.a.n.client.auth.ram.identify.CredentialWatcher - [null] CredentialWatcher is stopped
2025-10-12 22:28:31.753 [SpringApplicationShutdownHook] INFO  c.a.n.client.auth.ram.identify.CredentialService - [null] CredentialService is freed
2025-10-12 22:28:31.754 [SpringApplicationShutdownHook] INFO  com.alibaba.nacos.client.naming - com.alibaba.nacos.client.naming.remote.NamingClientProxyDelegate do shutdown stop
