2025-10-20 19:00:12.869 [main] WARN  com.alibaba.nacos.client.logging.NacosLogging - Load Logback Configuration of Nacos fail, message: Could not initialize Logback Nacos logging from classpath:nacos-logback.xml
2025-10-20 19:00:12.984 [main] WARN  com.alibaba.nacos.client.logging.NacosLogging - Load Logback Configuration of Nacos fail, message: Could not initialize Logback Nacos logging from classpath:nacos-logback.xml
2025-10-20 19:00:13.350 [main] WARN  com.alibaba.nacos.client.logging.NacosLogging - Load Logback Configuration of Nacos fail, message: Could not initialize Logback Nacos logging from classpath:nacos-logback.xml
2025-10-20 19:00:13.351 [main] INFO  com.alibaba.nacos.client.utils.ParamUtil - [settings] [req-serv] nacos-server port:8848
2025-10-20 19:00:13.352 [main] INFO  com.alibaba.nacos.client.utils.ParamUtil - [settings] [http-client] connect timeout:1000
2025-10-20 19:00:13.353 [main] INFO  com.alibaba.nacos.client.utils.ParamUtil - PER_TASK_CONFIG_SIZE: 3000.0
2025-10-20 19:00:13.399 [main] INFO  c.a.n.p.auth.spi.client.ClientAuthPluginManager - [ClientAuthPluginManager] Load ClientAuthService com.alibaba.nacos.client.auth.impl.NacosClientAuthServiceImpl success.
2025-10-20 19:00:13.400 [main] INFO  c.a.n.p.auth.spi.client.ClientAuthPluginManager - [ClientAuthPluginManager] Load ClientAuthService com.alibaba.nacos.client.auth.ram.RamClientAuthServiceImpl success.
2025-10-20 19:00:13.404 [main] INFO  c.a.n.client.auth.ram.identify.CredentialWatcher - null No credential found
2025-10-20 19:00:13.931 [main] WARN  com.alibaba.nacos.client.logging.NacosLogging - Load Logback Configuration of Nacos fail, message: Could not initialize Logback Nacos logging from classpath:nacos-logback.xml
2025-10-20 19:00:13.951 [main] INFO  c.a.n.client.config.impl.LocalConfigInfoProcessor - LOCAL_SNAPSHOT_PATH:C:\Users\Rey\nacos\config
2025-10-20 19:00:13.958 [main] INFO  com.alibaba.nacos.common.remote.client - [RpcClientFactory] create a new rpc client of 4e5dee31-251b-4e3e-97f6-378e37310871_config-0
2025-10-20 19:00:13.989 [main] INFO  com.alibaba.nacos.common.remote.client - [4e5dee31-251b-4e3e-97f6-378e37310871_config-0] Register server push request handler:com.alibaba.nacos.client.config.impl.ClientWorker$ConfigRpcTransportClient$$Lambda$587/0x000002335a38f818
2025-10-20 19:00:13.990 [main] INFO  com.alibaba.nacos.common.remote.client - [4e5dee31-251b-4e3e-97f6-378e37310871_config-0] Register server push request handler:com.alibaba.nacos.client.config.impl.ClientWorker$ConfigRpcTransportClient$$Lambda$588/0x000002335a38fc38
2025-10-20 19:00:13.991 [main] INFO  com.alibaba.nacos.common.remote.client - [4e5dee31-251b-4e3e-97f6-378e37310871_config-0] Registry connection listener to current client:com.alibaba.nacos.client.config.impl.ClientWorker$ConfigRpcTransportClient$1
2025-10-20 19:00:13.992 [main] INFO  com.alibaba.nacos.common.remote.client - [4e5dee31-251b-4e3e-97f6-378e37310871_config-0] RpcClient init, ServerListFactory = com.alibaba.nacos.client.config.impl.ClientWorker$ConfigRpcTransportClient$2
2025-10-20 19:00:14.005 [main] INFO  com.alibaba.nacos.common.remote.client - [4e5dee31-251b-4e3e-97f6-378e37310871_config-0] Try to connect to server on start up, server: {serverIp = '8.134.88.169', server main port = 8848}
2025-10-20 19:00:14.070 [main] INFO  c.a.nacos.common.remote.client.grpc.GrpcClient - grpc client connection server:8.134.88.169 ip,serverPort:9848,grpcTslConfig:{"sslProvider":"OPENSSL","enableTls":false,"mutualAuthEnable":false,"trustAll":false}
2025-10-20 19:00:15.627 [main] INFO  com.alibaba.nacos.common.remote.client - [4e5dee31-251b-4e3e-97f6-378e37310871_config-0] Success to connect to server [8.134.88.169:8848] on start up, connectionId = 1760958015388_112.94.129.49_1084
2025-10-20 19:00:15.628 [com.alibaba.nacos.client.remote.worker] INFO  com.alibaba.nacos.common.remote.client - [4e5dee31-251b-4e3e-97f6-378e37310871_config-0] Notify connected event to listeners.
2025-10-20 19:00:15.628 [com.alibaba.nacos.client.remote.worker] INFO  com.alibaba.nacos.client.config.impl.ClientWorker - [4e5dee31-251b-4e3e-97f6-378e37310871_config-0] Connected,notify listen context...
2025-10-20 19:00:15.628 [main] INFO  com.alibaba.nacos.common.remote.client - [4e5dee31-251b-4e3e-97f6-378e37310871_config-0] Register server push request handler:com.alibaba.nacos.common.remote.client.RpcClient$ConnectResetRequestHandler
2025-10-20 19:00:15.629 [main] INFO  com.alibaba.nacos.common.remote.client - [4e5dee31-251b-4e3e-97f6-378e37310871_config-0] Register server push request handler:com.alibaba.nacos.common.remote.client.RpcClient$$Lambda$608/0x000002335a4d7080
2025-10-20 19:00:15.702 [main] INFO  com.alibaba.nacos.client.config.impl.Limiter - limitTime:5.0
2025-10-20 19:00:15.732 [main] WARN  c.a.cloud.nacos.client.NacosPropertySourceBuilder - Ignore the empty nacos configuration and get it based on dataId[xiaohongshu-oss] & group[DEFAULT_GROUP]
2025-10-20 19:00:15.747 [main] WARN  c.a.cloud.nacos.client.NacosPropertySourceBuilder - Ignore the empty nacos configuration and get it based on dataId[xiaohongshu-oss.yaml] & group[DEFAULT_GROUP]
2025-10-20 19:00:15.759 [main] INFO  com.alibaba.nacos.client.config.utils.JvmUtil - isMultiInstance:false
2025-10-20 19:00:15.769 [main] INFO  o.s.c.b.c.PropertySourceBootstrapConfiguration - Located property source: [BootstrapPropertySource {name='bootstrapProperties-xiaohongshu-oss-dev.yaml,DEFAULT_GROUP'}, BootstrapPropertySource {name='bootstrapProperties-xiaohongshu-oss.yaml,DEFAULT_GROUP'}, BootstrapPropertySource {name='bootstrapProperties-xiaohongshu-oss,DEFAULT_GROUP'}]
2025-10-20 19:00:15.776 [main] WARN  com.alibaba.nacos.client.logging.NacosLogging - Load Logback Configuration of Nacos fail, message: Could not initialize Logback Nacos logging from classpath:nacos-logback.xml
2025-10-20 19:00:15.777 [main] INFO  c.z.x.oss.biz.XiaohongshuOssBizApplication - The following 1 profile is active: "dev"
2025-10-20 19:00:16.780 [main] INFO  o.springframework.cloud.context.scope.GenericScope - BeanFactory id=622ba073-7c59-33b0-876f-d95fb493eb1a
2025-10-20 19:00:17.563 [main] INFO  o.s.boot.web.embedded.tomcat.TomcatWebServer - Tomcat initialized with port(s): 8083 (http)
2025-10-20 19:00:17.565 [main] INFO  org.apache.catalina.core.AprLifecycleListener - Loaded Apache Tomcat Native library [2.0.3] using APR version [1.7.2].
2025-10-20 19:00:17.573 [main] INFO  org.apache.catalina.core.AprLifecycleListener - OpenSSL successfully initialized [OpenSSL 3.0.8 7 Feb 2023]
2025-10-20 19:00:17.592 [main] INFO  org.apache.catalina.core.StandardService - Starting service [Tomcat]
2025-10-20 19:00:17.593 [main] INFO  org.apache.catalina.core.StandardEngine - Starting Servlet engine: [Apache Tomcat/10.1.5]
2025-10-20 19:00:17.747 [main] INFO  o.a.c.core.ContainerBase.[Tomcat].[localhost].[/] - Initializing Spring embedded WebApplicationContext
2025-10-20 19:00:17.748 [main] INFO  o.s.b.w.s.c.ServletWebServerApplicationContext - Root WebApplicationContext: initialization completed in 1955 ms
2025-10-20 19:00:21.159 [main] INFO  o.s.boot.web.embedded.tomcat.TomcatWebServer - Tomcat started on port(s): 8083 (http) with context path ''
2025-10-20 19:00:21.170 [main] INFO  com.alibaba.nacos.client.naming - initializer namespace from ans.namespace attribute : null
2025-10-20 19:00:21.174 [main] INFO  com.alibaba.nacos.client.naming - initializer namespace from ALIBABA_ALIWARE_NAMESPACE attribute :null
2025-10-20 19:00:21.175 [main] INFO  com.alibaba.nacos.client.naming - initializer namespace from namespace attribute :null
2025-10-20 19:00:21.207 [main] INFO  c.a.n.p.auth.spi.client.ClientAuthPluginManager - [ClientAuthPluginManager] Load ClientAuthService com.alibaba.nacos.client.auth.impl.NacosClientAuthServiceImpl success.
2025-10-20 19:00:21.208 [main] INFO  c.a.n.p.auth.spi.client.ClientAuthPluginManager - [ClientAuthPluginManager] Load ClientAuthService com.alibaba.nacos.client.auth.ram.RamClientAuthServiceImpl success.
2025-10-20 19:00:21.216 [main] INFO  com.alibaba.nacos.common.remote.client - [RpcClientFactory] create a new rpc client of b37d185a-a888-4a99-a503-d89b64765f8d
2025-10-20 19:00:21.220 [main] INFO  com.alibaba.nacos.common.remote.client - [b37d185a-a888-4a99-a503-d89b64765f8d] RpcClient init, ServerListFactory = com.alibaba.nacos.client.naming.core.ServerListManager
2025-10-20 19:00:21.220 [main] INFO  com.alibaba.nacos.common.remote.client - [b37d185a-a888-4a99-a503-d89b64765f8d] Registry connection listener to current client:com.alibaba.nacos.client.naming.remote.gprc.redo.NamingGrpcRedoService
2025-10-20 19:00:21.221 [main] INFO  com.alibaba.nacos.common.remote.client - [b37d185a-a888-4a99-a503-d89b64765f8d] Register server push request handler:com.alibaba.nacos.client.naming.remote.gprc.NamingPushRequestHandler
2025-10-20 19:00:21.222 [main] INFO  com.alibaba.nacos.common.remote.client - [b37d185a-a888-4a99-a503-d89b64765f8d] Try to connect to server on start up, server: {serverIp = '8.134.88.169', server main port = 8848}
2025-10-20 19:00:21.223 [main] INFO  c.a.nacos.common.remote.client.grpc.GrpcClient - grpc client connection server:8.134.88.169 ip,serverPort:9848,grpcTslConfig:{"sslProvider":"OPENSSL","enableTls":false,"mutualAuthEnable":false,"trustAll":false}
2025-10-20 19:00:21.358 [main] INFO  com.alibaba.nacos.common.remote.client - [b37d185a-a888-4a99-a503-d89b64765f8d] Success to connect to server [8.134.88.169:8848] on start up, connectionId = 1760958021258_112.94.129.49_1086
2025-10-20 19:00:21.359 [main] INFO  com.alibaba.nacos.common.remote.client - [b37d185a-a888-4a99-a503-d89b64765f8d] Register server push request handler:com.alibaba.nacos.common.remote.client.RpcClient$ConnectResetRequestHandler
2025-10-20 19:00:21.359 [com.alibaba.nacos.client.remote.worker] INFO  com.alibaba.nacos.common.remote.client - [b37d185a-a888-4a99-a503-d89b64765f8d] Notify connected event to listeners.
2025-10-20 19:00:21.359 [com.alibaba.nacos.client.remote.worker] INFO  com.alibaba.nacos.client.naming - Grpc connection connect
2025-10-20 19:00:21.359 [main] INFO  com.alibaba.nacos.common.remote.client - [b37d185a-a888-4a99-a503-d89b64765f8d] Register server push request handler:com.alibaba.nacos.common.remote.client.RpcClient$$Lambda$608/0x000002335a4d7080
2025-10-20 19:00:21.361 [main] INFO  com.alibaba.nacos.client.naming - [REGISTER-SERVICE] xiaohongshu registering service xiaohongshu-oss with instance Instance{instanceId='null', ip='10.2.66.25', port=8083, weight=1.0, healthy=true, enabled=true, ephemeral=true, clusterName='DEFAULT', serviceName='null', metadata={IPv6=null, preserved.register.source=SPRING_CLOUD}}
2025-10-20 19:00:21.385 [main] INFO  c.a.cloud.nacos.registry.NacosServiceRegistry - nacos registry, DEFAULT_GROUP xiaohongshu-oss 10.2.66.25:8083 register finished
2025-10-20 19:00:21.718 [main] INFO  c.z.x.oss.biz.XiaohongshuOssBizApplication - Started XiaohongshuOssBizApplication in 9.929 seconds (process running for 10.897)
2025-10-20 19:00:21.724 [main] INFO  com.alibaba.nacos.client.config.impl.CacheData - nacos.cache.data.init.snapshot = true 
2025-10-20 19:00:21.724 [main] INFO  com.alibaba.nacos.client.config.impl.ClientWorker - [fixed-xiaohongshu-8.134.88.169_8848] [subscribe] xiaohongshu-oss+DEFAULT_GROUP+xiaohongshu
2025-10-20 19:00:21.737 [main] INFO  com.alibaba.nacos.client.config.impl.CacheData - [fixed-xiaohongshu-8.134.88.169_8848] [add-listener] ok, tenant=xiaohongshu, dataId=xiaohongshu-oss, group=DEFAULT_GROUP, cnt=1
2025-10-20 19:00:21.739 [main] INFO  c.a.cloud.nacos.refresh.NacosContextRefresher - [Nacos Config] Listening config: dataId=xiaohongshu-oss, group=DEFAULT_GROUP
2025-10-20 19:00:21.739 [main] INFO  com.alibaba.nacos.client.config.impl.ClientWorker - [fixed-xiaohongshu-8.134.88.169_8848] [subscribe] xiaohongshu-oss.yaml+DEFAULT_GROUP+xiaohongshu
2025-10-20 19:00:21.739 [main] INFO  com.alibaba.nacos.client.config.impl.CacheData - [fixed-xiaohongshu-8.134.88.169_8848] [add-listener] ok, tenant=xiaohongshu, dataId=xiaohongshu-oss.yaml, group=DEFAULT_GROUP, cnt=1
2025-10-20 19:00:21.739 [main] INFO  c.a.cloud.nacos.refresh.NacosContextRefresher - [Nacos Config] Listening config: dataId=xiaohongshu-oss.yaml, group=DEFAULT_GROUP
2025-10-20 19:00:21.742 [main] INFO  com.alibaba.nacos.client.config.impl.ClientWorker - [fixed-xiaohongshu-8.134.88.169_8848] [subscribe] xiaohongshu-oss-dev.yaml+DEFAULT_GROUP+xiaohongshu
2025-10-20 19:00:21.743 [main] INFO  com.alibaba.nacos.client.config.impl.CacheData - [fixed-xiaohongshu-8.134.88.169_8848] [add-listener] ok, tenant=xiaohongshu, dataId=xiaohongshu-oss-dev.yaml, group=DEFAULT_GROUP, cnt=1
2025-10-20 19:00:21.743 [main] INFO  c.a.cloud.nacos.refresh.NacosContextRefresher - [Nacos Config] Listening config: dataId=xiaohongshu-oss-dev.yaml, group=DEFAULT_GROUP
2025-10-20 21:15:26.078 [http-nio-8083-exec-1] INFO  o.a.c.core.ContainerBase.[Tomcat].[localhost].[/] - Initializing Spring DispatcherServlet 'dispatcherServlet'
2025-10-20 21:15:26.088 [http-nio-8083-exec-1] INFO  org.springframework.web.servlet.DispatcherServlet - Initializing Servlet 'dispatcherServlet'
2025-10-20 21:15:26.114 [http-nio-8083-exec-1] INFO  org.springframework.web.servlet.DispatcherServlet - Completed initialization in 26 ms
2025-10-20 21:15:26.135 [http-nio-8083-exec-1] INFO  c.z.f.b.context.filter.HeaderUserId2ContextFilter - ## HeaderUserId2ContextFilter, 用户 ID: 100
2025-10-20 21:15:26.303 [http-nio-8083-exec-1] INFO  c.z.xiaohongshu.oss.biz.controller.FileController - ==> 用户： 100
2025-10-20 21:15:26.305 [http-nio-8083-exec-1] INFO  c.z.x.oss.biz.strategy.impl.MinioFileStrategy - ## 上传文件至 Minio ...
2025-10-20 21:15:26.319 [http-nio-8083-exec-1] INFO  c.z.x.oss.biz.strategy.impl.MinioFileStrategy - ==> 开始上传文件至 Minio, ObjectName: 3996dd4f19e249129ce83e526a862a51.jpg
2025-10-20 21:15:27.104 [http-nio-8083-exec-1] INFO  c.z.x.oss.biz.strategy.impl.MinioFileStrategy - ==> 上传文件至 Minio 成功，访问路径: http://8.134.88.169:9000/my-xiaohongshu-oss/3996dd4f19e249129ce83e526a862a51.jpg
2025-10-20 21:15:27.192 [http-nio-8083-exec-1] INFO  c.z.f.b.context.filter.HeaderUserId2ContextFilter - ===== 删除 ThreadLocal， userId: 100
2025-10-20 21:15:34.425 [http-nio-8083-exec-3] INFO  c.z.f.b.context.filter.HeaderUserId2ContextFilter - ## HeaderUserId2ContextFilter, 用户 ID: 100
2025-10-20 21:15:34.436 [http-nio-8083-exec-3] INFO  c.z.xiaohongshu.oss.biz.controller.FileController - ==> 用户： 100
2025-10-20 21:15:34.437 [http-nio-8083-exec-3] INFO  c.z.x.oss.biz.strategy.impl.MinioFileStrategy - ## 上传文件至 Minio ...
2025-10-20 21:15:34.438 [http-nio-8083-exec-3] INFO  c.z.x.oss.biz.strategy.impl.MinioFileStrategy - ==> 开始上传文件至 Minio, ObjectName: c9fb7f4550a84407b012c7df22068da7.jpg
2025-10-20 21:15:34.493 [http-nio-8083-exec-3] INFO  c.z.x.oss.biz.strategy.impl.MinioFileStrategy - ==> 上传文件至 Minio 成功，访问路径: http://8.134.88.169:9000/my-xiaohongshu-oss/c9fb7f4550a84407b012c7df22068da7.jpg
2025-10-20 21:15:34.497 [http-nio-8083-exec-3] INFO  c.z.f.b.context.filter.HeaderUserId2ContextFilter - ===== 删除 ThreadLocal， userId: 100
2025-10-20 21:18:01.969 [http-nio-8083-exec-4] INFO  c.z.f.b.context.filter.HeaderUserId2ContextFilter - ## HeaderUserId2ContextFilter, 用户 ID: 100
2025-10-20 21:18:01.978 [http-nio-8083-exec-4] ERROR c.z.x.oss.biz.exception.GlobalExceptionHandler - /file/upload request error, 
org.springframework.web.multipart.MaxUploadSizeExceededException: Maximum upload size exceeded
	at org.springframework.web.multipart.support.StandardMultipartHttpServletRequest.handleParseFailure(StandardMultipartHttpServletRequest.java:119)
	at org.springframework.web.multipart.support.StandardMultipartHttpServletRequest.parseRequest(StandardMultipartHttpServletRequest.java:110)
	at org.springframework.web.multipart.support.StandardMultipartHttpServletRequest.<init>(StandardMultipartHttpServletRequest.java:86)
	at org.springframework.web.multipart.support.StandardServletMultipartResolver.resolveMultipart(StandardServletMultipartResolver.java:112)
	at org.springframework.web.servlet.DispatcherServlet.checkMultipart(DispatcherServlet.java:1218)
	at org.springframework.web.servlet.DispatcherServlet.doDispatch(DispatcherServlet.java:1052)
	at org.springframework.web.servlet.DispatcherServlet.doService(DispatcherServlet.java:973)
	at org.springframework.web.servlet.FrameworkServlet.processRequest(FrameworkServlet.java:1011)
	at org.springframework.web.servlet.FrameworkServlet.doPost(FrameworkServlet.java:914)
	at jakarta.servlet.http.HttpServlet.service(HttpServlet.java:547)
	at org.springframework.web.servlet.FrameworkServlet.service(FrameworkServlet.java:885)
	at jakarta.servlet.http.HttpServlet.service(HttpServlet.java:614)
	at org.apache.catalina.core.ApplicationFilterChain.internalDoFilter(ApplicationFilterChain.java:223)
	at org.apache.catalina.core.ApplicationFilterChain.doFilter(ApplicationFilterChain.java:158)
	at org.apache.tomcat.websocket.server.WsFilter.doFilter(WsFilter.java:53)
	at org.apache.catalina.core.ApplicationFilterChain.internalDoFilter(ApplicationFilterChain.java:185)
	at org.apache.catalina.core.ApplicationFilterChain.doFilter(ApplicationFilterChain.java:158)
	at com.zry.framework.biz.context.filter.HeaderUserId2ContextFilter.doFilterInternal(HeaderUserId2ContextFilter.java:33)
	at org.springframework.web.filter.OncePerRequestFilter.doFilter(OncePerRequestFilter.java:116)
	at org.apache.catalina.core.ApplicationFilterChain.internalDoFilter(ApplicationFilterChain.java:185)
	at org.apache.catalina.core.ApplicationFilterChain.doFilter(ApplicationFilterChain.java:158)
	at org.springframework.web.filter.RequestContextFilter.doFilterInternal(RequestContextFilter.java:100)
	at org.springframework.web.filter.OncePerRequestFilter.doFilter(OncePerRequestFilter.java:116)
	at org.apache.catalina.core.ApplicationFilterChain.internalDoFilter(ApplicationFilterChain.java:185)
	at org.apache.catalina.core.ApplicationFilterChain.doFilter(ApplicationFilterChain.java:158)
	at org.springframework.web.filter.FormContentFilter.doFilterInternal(FormContentFilter.java:93)
	at org.springframework.web.filter.OncePerRequestFilter.doFilter(OncePerRequestFilter.java:116)
	at org.apache.catalina.core.ApplicationFilterChain.internalDoFilter(ApplicationFilterChain.java:185)
	at org.apache.catalina.core.ApplicationFilterChain.doFilter(ApplicationFilterChain.java:158)
	at org.springframework.web.filter.CharacterEncodingFilter.doFilterInternal(CharacterEncodingFilter.java:201)
	at org.springframework.web.filter.OncePerRequestFilter.doFilter(OncePerRequestFilter.java:116)
	at org.apache.catalina.core.ApplicationFilterChain.internalDoFilter(ApplicationFilterChain.java:185)
	at org.apache.catalina.core.ApplicationFilterChain.doFilter(ApplicationFilterChain.java:158)
	at org.apache.catalina.core.StandardWrapperValve.invoke(StandardWrapperValve.java:177)
	at org.apache.catalina.core.StandardContextValve.invoke(StandardContextValve.java:97)
	at org.apache.catalina.authenticator.AuthenticatorBase.invoke(AuthenticatorBase.java:542)
	at org.apache.catalina.core.StandardHostValve.invoke(StandardHostValve.java:119)
	at org.apache.catalina.valves.ErrorReportValve.invoke(ErrorReportValve.java:92)
	at org.apache.catalina.core.StandardEngineValve.invoke(StandardEngineValve.java:78)
	at org.apache.catalina.connector.CoyoteAdapter.service(CoyoteAdapter.java:357)
	at org.apache.coyote.http11.Http11Processor.service(Http11Processor.java:400)
	at org.apache.coyote.AbstractProcessorLight.process(AbstractProcessorLight.java:65)
	at org.apache.coyote.AbstractProtocol$ConnectionHandler.process(AbstractProtocol.java:859)
	at org.apache.tomcat.util.net.NioEndpoint$SocketProcessor.doRun(NioEndpoint.java:1734)
	at org.apache.tomcat.util.net.SocketProcessorBase.run(SocketProcessorBase.java:52)
	at org.apache.tomcat.util.threads.ThreadPoolExecutor.runWorker(ThreadPoolExecutor.java:1191)
	at org.apache.tomcat.util.threads.ThreadPoolExecutor$Worker.run(ThreadPoolExecutor.java:659)
	at org.apache.tomcat.util.threads.TaskThread$WrappingRunnable.run(TaskThread.java:61)
	at java.base/java.lang.Thread.run(Thread.java:842)
Caused by: java.lang.IllegalStateException: org.apache.tomcat.util.http.fileupload.impl.SizeLimitExceededException: the request was rejected because its size (314450717) exceeds the configured maximum (104857600)
	at org.apache.catalina.connector.Request.parseParts(Request.java:2926)
	at org.apache.catalina.connector.Request.getParts(Request.java:2778)
	at org.apache.catalina.connector.RequestFacade.getParts(RequestFacade.java:1074)
	at org.springframework.web.multipart.support.StandardMultipartHttpServletRequest.parseRequest(StandardMultipartHttpServletRequest.java:93)
	... 47 common frames omitted
Caused by: org.apache.tomcat.util.http.fileupload.impl.SizeLimitExceededException: the request was rejected because its size (314450717) exceeds the configured maximum (104857600)
	at org.apache.tomcat.util.http.fileupload.impl.FileItemIteratorImpl.init(FileItemIteratorImpl.java:161)
	at org.apache.tomcat.util.http.fileupload.impl.FileItemIteratorImpl.getMultiPartStream(FileItemIteratorImpl.java:205)
	at org.apache.tomcat.util.http.fileupload.impl.FileItemIteratorImpl.findNextItem(FileItemIteratorImpl.java:224)
	at org.apache.tomcat.util.http.fileupload.impl.FileItemIteratorImpl.<init>(FileItemIteratorImpl.java:142)
	at org.apache.tomcat.util.http.fileupload.FileUploadBase.getItemIterator(FileUploadBase.java:252)
	at org.apache.tomcat.util.http.fileupload.FileUploadBase.parseRequest(FileUploadBase.java:276)
	at org.apache.catalina.connector.Request.parseParts(Request.java:2884)
	... 50 common frames omitted
2025-10-20 21:18:01.998 [http-nio-8083-exec-4] INFO  c.z.f.b.context.filter.HeaderUserId2ContextFilter - ===== 删除 ThreadLocal， userId: 100
2025-10-20 23:24:33.521 [http-nio-8083-exec-5] INFO  c.z.f.b.context.filter.HeaderUserId2ContextFilter - ## HeaderUserId2ContextFilter, 用户 ID: 100
2025-10-20 23:24:33.587 [http-nio-8083-exec-5] INFO  c.z.xiaohongshu.oss.biz.controller.FileController - ==> 用户： 100
2025-10-20 23:24:33.592 [http-nio-8083-exec-5] INFO  c.z.x.oss.biz.strategy.impl.MinioFileStrategy - ## 上传文件至 Minio ...
2025-10-20 23:24:33.595 [http-nio-8083-exec-5] INFO  c.z.x.oss.biz.strategy.impl.MinioFileStrategy - ==> 开始上传文件至 Minio, ObjectName: 9ecf33c284dc4b35a871335431e7a162.jpg
2025-10-20 23:24:33.772 [http-nio-8083-exec-5] INFO  c.z.x.oss.biz.strategy.impl.MinioFileStrategy - ==> 上传文件至 Minio 成功，访问路径: http://8.134.88.169:9000/my-xiaohongshu-oss/9ecf33c284dc4b35a871335431e7a162.jpg
2025-10-20 23:24:33.809 [http-nio-8083-exec-5] INFO  c.z.f.b.context.filter.HeaderUserId2ContextFilter - ===== 删除 ThreadLocal， userId: 100
2025-10-20 23:27:11.226 [Thread-2] WARN  c.alibaba.nacos.common.http.HttpClientBeanHolder - [HttpClientBeanHolder] Start destroying common HttpClient
2025-10-20 23:27:11.228 [Thread-9] WARN  com.alibaba.nacos.common.notify.NotifyCenter - [NotifyCenter] Start destroying Publisher
2025-10-20 23:27:11.234 [Thread-9] WARN  com.alibaba.nacos.common.notify.NotifyCenter - [NotifyCenter] Destruction of the end
2025-10-20 23:27:11.280 [Thread-2] WARN  c.alibaba.nacos.common.http.HttpClientBeanHolder - [HttpClientBeanHolder] Destruction of the end
2025-10-20 23:27:12.065 [SpringApplicationShutdownHook] INFO  c.a.cloud.nacos.registry.NacosServiceRegistry - De-registering from Nacos Server now...
2025-10-20 23:27:12.070 [SpringApplicationShutdownHook] INFO  com.alibaba.nacos.client.naming - [DEREGISTER-SERVICE] xiaohongshu deregistering service xiaohongshu-oss with instance: Instance{instanceId='null', ip='10.2.66.25', port=8083, weight=1.0, healthy=true, enabled=true, ephemeral=true, clusterName='DEFAULT', serviceName='null', metadata={}}
2025-10-20 23:27:12.110 [SpringApplicationShutdownHook] INFO  c.a.cloud.nacos.registry.NacosServiceRegistry - De-registration finished.
2025-10-20 23:27:12.113 [SpringApplicationShutdownHook] INFO  com.alibaba.nacos.client.naming - com.alibaba.nacos.client.naming.cache.ServiceInfoHolder do shutdown begin
2025-10-20 23:27:12.114 [SpringApplicationShutdownHook] INFO  com.alibaba.nacos.client.naming - com.alibaba.nacos.client.naming.backups.FailoverReactor do shutdown begin
2025-10-20 23:27:12.116 [SpringApplicationShutdownHook] INFO  com.alibaba.nacos.client.naming - com.alibaba.nacos.client.naming.backups.FailoverReactor do shutdown stop
2025-10-20 23:27:12.116 [SpringApplicationShutdownHook] INFO  com.alibaba.nacos.client.naming - com.alibaba.nacos.client.naming.cache.ServiceInfoHolder do shutdown stop
2025-10-20 23:27:12.116 [SpringApplicationShutdownHook] INFO  com.alibaba.nacos.client.naming - com.alibaba.nacos.client.naming.remote.NamingClientProxyDelegate do shutdown begin
2025-10-20 23:27:12.116 [SpringApplicationShutdownHook] INFO  com.alibaba.nacos.client.naming - com.alibaba.nacos.client.naming.core.ServiceInfoUpdateService do shutdown begin
2025-10-20 23:27:12.116 [SpringApplicationShutdownHook] INFO  com.alibaba.nacos.client.naming - com.alibaba.nacos.client.naming.core.ServiceInfoUpdateService do shutdown stop
2025-10-20 23:27:12.118 [SpringApplicationShutdownHook] INFO  com.alibaba.nacos.client.naming - com.alibaba.nacos.client.naming.core.ServerListManager do shutdown begin
2025-10-20 23:27:12.118 [SpringApplicationShutdownHook] WARN  com.alibaba.nacos.client.naming - [NamingHttpClientManager] Start destroying NacosRestTemplate
2025-10-20 23:27:12.119 [SpringApplicationShutdownHook] WARN  com.alibaba.nacos.client.naming - [NamingHttpClientManager] Destruction of the end
2025-10-20 23:27:12.119 [SpringApplicationShutdownHook] INFO  com.alibaba.nacos.client.naming - com.alibaba.nacos.client.naming.core.ServerListManager do shutdown stop
2025-10-20 23:27:12.119 [SpringApplicationShutdownHook] INFO  com.alibaba.nacos.client.naming - com.alibaba.nacos.client.naming.remote.http.NamingHttpClientProxy do shutdown begin
2025-10-20 23:27:12.119 [SpringApplicationShutdownHook] WARN  com.alibaba.nacos.client.naming - [NamingHttpClientManager] Start destroying NacosRestTemplate
2025-10-20 23:27:12.121 [SpringApplicationShutdownHook] WARN  com.alibaba.nacos.client.naming - [NamingHttpClientManager] Destruction of the end
2025-10-20 23:27:12.121 [SpringApplicationShutdownHook] INFO  com.alibaba.nacos.client.naming - com.alibaba.nacos.client.naming.remote.http.NamingHttpClientProxy do shutdown stop
2025-10-20 23:27:12.122 [SpringApplicationShutdownHook] INFO  com.alibaba.nacos.common.remote.client - Shutdown rpc client, set status to shutdown
2025-10-20 23:27:12.123 [SpringApplicationShutdownHook] INFO  com.alibaba.nacos.common.remote.client - Shutdown client event executor java.util.concurrent.ScheduledThreadPoolExecutor@41bde12[Running, pool size = 2, active threads = 2, queued tasks = 0, completed tasks = 0]
2025-10-20 23:27:12.124 [SpringApplicationShutdownHook] INFO  com.alibaba.nacos.common.remote.client - Close current connection 1760958021258_112.94.129.49_1086
2025-10-20 23:27:12.144 [nacos-grpc-client-executor-8.134.88.169-3231] INFO  c.a.nacos.common.remote.client.grpc.GrpcClient - [1760958021258_112.94.129.49_1086]Ignore complete event,isRunning:false,isAbandon=false
2025-10-20 23:27:12.170 [SpringApplicationShutdownHook] INFO  c.a.nacos.common.remote.client.grpc.GrpcClient - Shutdown grpc executor java.util.concurrent.ThreadPoolExecutor@6ba66ab0[Running, pool size = 4, active threads = 0, queued tasks = 0, completed tasks = 3232]
2025-10-20 23:27:12.170 [SpringApplicationShutdownHook] INFO  com.alibaba.nacos.client.naming - Shutdown grpc redo service executor java.util.concurrent.ScheduledThreadPoolExecutor@59157d44[Running, pool size = 1, active threads = 0, queued tasks = 1, completed tasks = 5323]
2025-10-20 23:27:12.173 [SpringApplicationShutdownHook] INFO  c.a.n.client.auth.ram.identify.CredentialWatcher - [null] CredentialWatcher is stopped
2025-10-20 23:27:12.173 [SpringApplicationShutdownHook] INFO  c.a.n.client.auth.ram.identify.CredentialService - [null] CredentialService is freed
2025-10-20 23:27:12.174 [SpringApplicationShutdownHook] INFO  com.alibaba.nacos.client.naming - com.alibaba.nacos.client.naming.remote.NamingClientProxyDelegate do shutdown stop
