2025-09-19 14:41:43.889 [main] WARN  com.alibaba.nacos.client.logging.NacosLogging - Load Logback Configuration of Nacos fail, message: Could not initialize Logback Nacos logging from classpath:nacos-logback.xml
2025-09-19 14:41:43.951 [main] WARN  com.alibaba.nacos.client.logging.NacosLogging - Load Logback Configuration of Nacos fail, message: Could not initialize Logback Nacos logging from classpath:nacos-logback.xml
2025-09-19 14:41:44.181 [main] WARN  com.alibaba.nacos.client.logging.NacosLogging - Load Logback Configuration of Nacos fail, message: Could not initialize Logback Nacos logging from classpath:nacos-logback.xml
2025-09-19 14:41:44.182 [main] INFO  com.alibaba.nacos.client.utils.ParamUtil - [settings] [req-serv] nacos-server port:8848
2025-09-19 14:41:44.182 [main] INFO  com.alibaba.nacos.client.utils.ParamUtil - [settings] [http-client] connect timeout:1000
2025-09-19 14:41:44.183 [main] INFO  com.alibaba.nacos.client.utils.ParamUtil - PER_TASK_CONFIG_SIZE: 3000.0
2025-09-19 14:41:44.213 [main] INFO  c.a.n.p.auth.spi.client.ClientAuthPluginManager - [ClientAuthPluginManager] Load ClientAuthService com.alibaba.nacos.client.auth.impl.NacosClientAuthServiceImpl success.
2025-09-19 14:41:44.214 [main] INFO  c.a.n.p.auth.spi.client.ClientAuthPluginManager - [ClientAuthPluginManager] Load ClientAuthService com.alibaba.nacos.client.auth.ram.RamClientAuthServiceImpl success.
2025-09-19 14:41:44.217 [main] INFO  c.a.n.client.auth.ram.identify.CredentialWatcher - null No credential found
2025-09-19 14:41:44.599 [main] WARN  com.alibaba.nacos.client.logging.NacosLogging - Load Logback Configuration of Nacos fail, message: Could not initialize Logback Nacos logging from classpath:nacos-logback.xml
2025-09-19 14:41:44.615 [main] INFO  c.a.n.client.config.impl.LocalConfigInfoProcessor - LOCAL_SNAPSHOT_PATH:C:\Users\Rey\nacos\config
2025-09-19 14:41:44.620 [main] INFO  com.alibaba.nacos.common.remote.client - [RpcClientFactory] create a new rpc client of 78536add-882c-46a1-950c-d26833a05856_config-0
2025-09-19 14:41:44.643 [main] INFO  com.alibaba.nacos.common.remote.client - [78536add-882c-46a1-950c-d26833a05856_config-0] Register server push request handler:com.alibaba.nacos.client.config.impl.ClientWorker$ConfigRpcTransportClient$$Lambda$587/0x000001600138f2d8
2025-09-19 14:41:44.643 [main] INFO  com.alibaba.nacos.common.remote.client - [78536add-882c-46a1-950c-d26833a05856_config-0] Register server push request handler:com.alibaba.nacos.client.config.impl.ClientWorker$ConfigRpcTransportClient$$Lambda$588/0x000001600138f6f8
2025-09-19 14:41:44.644 [main] INFO  com.alibaba.nacos.common.remote.client - [78536add-882c-46a1-950c-d26833a05856_config-0] Registry connection listener to current client:com.alibaba.nacos.client.config.impl.ClientWorker$ConfigRpcTransportClient$1
2025-09-19 14:41:44.644 [main] INFO  com.alibaba.nacos.common.remote.client - [78536add-882c-46a1-950c-d26833a05856_config-0] RpcClient init, ServerListFactory = com.alibaba.nacos.client.config.impl.ClientWorker$ConfigRpcTransportClient$2
2025-09-19 14:41:44.653 [main] INFO  com.alibaba.nacos.common.remote.client - [78536add-882c-46a1-950c-d26833a05856_config-0] Try to connect to server on start up, server: {serverIp = '47.236.36.111', server main port = 8848}
2025-09-19 14:41:44.692 [main] INFO  c.a.nacos.common.remote.client.grpc.GrpcClient - grpc client connection server:47.236.36.111 ip,serverPort:9848,grpcTslConfig:{"sslProvider":"OPENSSL","enableTls":false,"mutualAuthEnable":false,"trustAll":false}
2025-09-19 14:41:45.821 [main] INFO  com.alibaba.nacos.common.remote.client - [78536add-882c-46a1-950c-d26833a05856_config-0] Success to connect to server [47.236.36.111:8848] on start up, connectionId = 1758264105594_120.85.130.202_6811
2025-09-19 14:41:45.823 [com.alibaba.nacos.client.remote.worker] INFO  com.alibaba.nacos.common.remote.client - [78536add-882c-46a1-950c-d26833a05856_config-0] Notify connected event to listeners.
2025-09-19 14:41:45.824 [com.alibaba.nacos.client.remote.worker] INFO  com.alibaba.nacos.client.config.impl.ClientWorker - [78536add-882c-46a1-950c-d26833a05856_config-0] Connected,notify listen context...
2025-09-19 14:41:45.824 [main] INFO  com.alibaba.nacos.common.remote.client - [78536add-882c-46a1-950c-d26833a05856_config-0] Register server push request handler:com.alibaba.nacos.common.remote.client.RpcClient$ConnectResetRequestHandler
2025-09-19 14:41:45.826 [main] INFO  com.alibaba.nacos.common.remote.client - [78536add-882c-46a1-950c-d26833a05856_config-0] Register server push request handler:com.alibaba.nacos.common.remote.client.RpcClient$$Lambda$608/0x00000160014d6d18
2025-09-19 14:41:45.886 [main] INFO  com.alibaba.nacos.client.config.impl.Limiter - limitTime:5.0
2025-09-19 14:41:45.942 [main] WARN  c.a.cloud.nacos.client.NacosPropertySourceBuilder - Ignore the empty nacos configuration and get it based on dataId[xiaohongshu-oss] & group[DEFAULT_GROUP]
2025-09-19 14:41:45.989 [main] WARN  c.a.cloud.nacos.client.NacosPropertySourceBuilder - Ignore the empty nacos configuration and get it based on dataId[xiaohongshu-oss.yaml] & group[DEFAULT_GROUP]
2025-09-19 14:41:46.036 [main] INFO  com.alibaba.nacos.client.config.utils.JvmUtil - isMultiInstance:false
2025-09-19 14:41:46.043 [main] INFO  o.s.c.b.c.PropertySourceBootstrapConfiguration - Located property source: [BootstrapPropertySource {name='bootstrapProperties-xiaohongshu-oss-dev.yaml,DEFAULT_GROUP'}, BootstrapPropertySource {name='bootstrapProperties-xiaohongshu-oss.yaml,DEFAULT_GROUP'}, BootstrapPropertySource {name='bootstrapProperties-xiaohongshu-oss,DEFAULT_GROUP'}]
2025-09-19 14:41:46.048 [main] WARN  com.alibaba.nacos.client.logging.NacosLogging - Load Logback Configuration of Nacos fail, message: Could not initialize Logback Nacos logging from classpath:nacos-logback.xml
2025-09-19 14:41:46.049 [main] INFO  c.z.x.oss.biz.XiaohongshuOssBizApplication - The following 1 profile is active: "dev"
2025-09-19 14:41:46.604 [main] INFO  o.springframework.cloud.context.scope.GenericScope - BeanFactory id=622ba073-7c59-33b0-876f-d95fb493eb1a
2025-09-19 14:41:47.004 [main] INFO  o.s.boot.web.embedded.tomcat.TomcatWebServer - Tomcat initialized with port(s): 8083 (http)
2025-09-19 14:41:47.005 [main] INFO  org.apache.catalina.core.AprLifecycleListener - Loaded Apache Tomcat Native library [2.0.3] using APR version [1.7.2].
2025-09-19 14:41:47.010 [main] INFO  org.apache.catalina.core.AprLifecycleListener - OpenSSL successfully initialized [OpenSSL 3.0.8 7 Feb 2023]
2025-09-19 14:41:47.023 [main] INFO  org.apache.catalina.core.StandardService - Starting service [Tomcat]
2025-09-19 14:41:47.023 [main] INFO  org.apache.catalina.core.StandardEngine - Starting Servlet engine: [Apache Tomcat/10.1.5]
2025-09-19 14:41:47.109 [main] INFO  o.a.c.core.ContainerBase.[Tomcat].[localhost].[/] - Initializing Spring embedded WebApplicationContext
2025-09-19 14:41:47.110 [main] INFO  o.s.b.w.s.c.ServletWebServerApplicationContext - Root WebApplicationContext: initialization completed in 1048 ms
2025-09-19 14:41:48.931 [main] INFO  o.s.boot.web.embedded.tomcat.TomcatWebServer - Tomcat started on port(s): 8083 (http) with context path ''
2025-09-19 14:41:48.934 [main] INFO  com.alibaba.nacos.client.naming - initializer namespace from ans.namespace attribute : null
2025-09-19 14:41:48.936 [main] INFO  com.alibaba.nacos.client.naming - initializer namespace from ALIBABA_ALIWARE_NAMESPACE attribute :null
2025-09-19 14:41:48.936 [main] INFO  com.alibaba.nacos.client.naming - initializer namespace from namespace attribute :null
2025-09-19 14:41:48.945 [main] INFO  c.a.n.p.auth.spi.client.ClientAuthPluginManager - [ClientAuthPluginManager] Load ClientAuthService com.alibaba.nacos.client.auth.impl.NacosClientAuthServiceImpl success.
2025-09-19 14:41:48.945 [main] INFO  c.a.n.p.auth.spi.client.ClientAuthPluginManager - [ClientAuthPluginManager] Load ClientAuthService com.alibaba.nacos.client.auth.ram.RamClientAuthServiceImpl success.
2025-09-19 14:41:48.949 [main] INFO  com.alibaba.nacos.common.remote.client - [RpcClientFactory] create a new rpc client of 5b7f2178-bce7-46bb-a5fe-ce43319e6c45
2025-09-19 14:41:48.951 [main] INFO  com.alibaba.nacos.common.remote.client - [5b7f2178-bce7-46bb-a5fe-ce43319e6c45] RpcClient init, ServerListFactory = com.alibaba.nacos.client.naming.core.ServerListManager
2025-09-19 14:41:48.951 [main] INFO  com.alibaba.nacos.common.remote.client - [5b7f2178-bce7-46bb-a5fe-ce43319e6c45] Registry connection listener to current client:com.alibaba.nacos.client.naming.remote.gprc.redo.NamingGrpcRedoService
2025-09-19 14:41:48.951 [main] INFO  com.alibaba.nacos.common.remote.client - [5b7f2178-bce7-46bb-a5fe-ce43319e6c45] Register server push request handler:com.alibaba.nacos.client.naming.remote.gprc.NamingPushRequestHandler
2025-09-19 14:41:48.951 [main] INFO  com.alibaba.nacos.common.remote.client - [5b7f2178-bce7-46bb-a5fe-ce43319e6c45] Try to connect to server on start up, server: {serverIp = '47.236.36.111', server main port = 8848}
2025-09-19 14:41:48.952 [main] INFO  c.a.nacos.common.remote.client.grpc.GrpcClient - grpc client connection server:47.236.36.111 ip,serverPort:9848,grpcTslConfig:{"sslProvider":"OPENSSL","enableTls":false,"mutualAuthEnable":false,"trustAll":false}
2025-09-19 14:41:49.208 [main] INFO  com.alibaba.nacos.common.remote.client - [5b7f2178-bce7-46bb-a5fe-ce43319e6c45] Success to connect to server [47.236.36.111:8848] on start up, connectionId = 1758264109051_120.85.130.202_6817
2025-09-19 14:41:49.208 [main] INFO  com.alibaba.nacos.common.remote.client - [5b7f2178-bce7-46bb-a5fe-ce43319e6c45] Register server push request handler:com.alibaba.nacos.common.remote.client.RpcClient$ConnectResetRequestHandler
2025-09-19 14:41:49.208 [com.alibaba.nacos.client.remote.worker] INFO  com.alibaba.nacos.common.remote.client - [5b7f2178-bce7-46bb-a5fe-ce43319e6c45] Notify connected event to listeners.
2025-09-19 14:41:49.208 [main] INFO  com.alibaba.nacos.common.remote.client - [5b7f2178-bce7-46bb-a5fe-ce43319e6c45] Register server push request handler:com.alibaba.nacos.common.remote.client.RpcClient$$Lambda$608/0x00000160014d6d18
2025-09-19 14:41:49.208 [com.alibaba.nacos.client.remote.worker] INFO  com.alibaba.nacos.client.naming - Grpc connection connect
2025-09-19 14:41:49.211 [main] INFO  com.alibaba.nacos.client.naming - [REGISTER-SERVICE] xiaohongshu registering service xiaohongshu-oss with instance Instance{instanceId='null', ip='10.91.138.46', port=8083, weight=1.0, healthy=true, enabled=true, ephemeral=true, clusterName='DEFAULT', serviceName='null', metadata={IPv6=null, preserved.register.source=SPRING_CLOUD}}
2025-09-19 14:41:49.275 [main] INFO  c.a.cloud.nacos.registry.NacosServiceRegistry - nacos registry, DEFAULT_GROUP xiaohongshu-oss 10.91.138.46:8083 register finished
2025-09-19 14:41:49.542 [main] INFO  c.z.x.oss.biz.XiaohongshuOssBizApplication - Started XiaohongshuOssBizApplication in 6.593 seconds (process running for 7.371)
2025-09-19 14:41:49.546 [main] INFO  com.alibaba.nacos.client.config.impl.CacheData - nacos.cache.data.init.snapshot = true 
2025-09-19 14:41:49.546 [main] INFO  com.alibaba.nacos.client.config.impl.ClientWorker - [fixed-xiaohongshu-47.236.36.111_8848_] [subscribe] xiaohongshu-oss+DEFAULT_GROUP+xiaohongshu
2025-09-19 14:41:49.555 [main] INFO  com.alibaba.nacos.client.config.impl.CacheData - [fixed-xiaohongshu-47.236.36.111_8848_] [add-listener] ok, tenant=xiaohongshu, dataId=xiaohongshu-oss, group=DEFAULT_GROUP, cnt=1
2025-09-19 14:41:49.555 [main] INFO  c.a.cloud.nacos.refresh.NacosContextRefresher - [Nacos Config] Listening config: dataId=xiaohongshu-oss, group=DEFAULT_GROUP
2025-09-19 14:41:49.555 [main] INFO  com.alibaba.nacos.client.config.impl.ClientWorker - [fixed-xiaohongshu-47.236.36.111_8848_] [subscribe] xiaohongshu-oss.yaml+DEFAULT_GROUP+xiaohongshu
2025-09-19 14:41:49.555 [main] INFO  com.alibaba.nacos.client.config.impl.CacheData - [fixed-xiaohongshu-47.236.36.111_8848_] [add-listener] ok, tenant=xiaohongshu, dataId=xiaohongshu-oss.yaml, group=DEFAULT_GROUP, cnt=1
2025-09-19 14:41:49.555 [main] INFO  c.a.cloud.nacos.refresh.NacosContextRefresher - [Nacos Config] Listening config: dataId=xiaohongshu-oss.yaml, group=DEFAULT_GROUP
2025-09-19 14:41:49.557 [main] INFO  com.alibaba.nacos.client.config.impl.ClientWorker - [fixed-xiaohongshu-47.236.36.111_8848_] [subscribe] xiaohongshu-oss-dev.yaml+DEFAULT_GROUP+xiaohongshu
2025-09-19 14:41:49.557 [main] INFO  com.alibaba.nacos.client.config.impl.CacheData - [fixed-xiaohongshu-47.236.36.111_8848_] [add-listener] ok, tenant=xiaohongshu, dataId=xiaohongshu-oss-dev.yaml, group=DEFAULT_GROUP, cnt=1
2025-09-19 14:41:49.557 [main] INFO  c.a.cloud.nacos.refresh.NacosContextRefresher - [Nacos Config] Listening config: dataId=xiaohongshu-oss-dev.yaml, group=DEFAULT_GROUP
2025-09-19 14:46:42.799 [http-nio-8083-exec-1] INFO  o.a.c.core.ContainerBase.[Tomcat].[localhost].[/] - Initializing Spring DispatcherServlet 'dispatcherServlet'
2025-09-19 14:46:42.800 [http-nio-8083-exec-1] INFO  org.springframework.web.servlet.DispatcherServlet - Initializing Servlet 'dispatcherServlet'
2025-09-19 14:46:42.807 [http-nio-8083-exec-1] INFO  org.springframework.web.servlet.DispatcherServlet - Completed initialization in 7 ms
2025-09-19 14:46:42.820 [http-nio-8083-exec-1] INFO  c.z.f.b.context.filter.HeaderUserId2ContextFilter - ## HeaderUserId2ContextFilter, 用户 ID: 100
2025-09-19 14:46:42.930 [http-nio-8083-exec-1] ERROR c.z.x.oss.biz.exception.GlobalExceptionHandler - /file/upload request error, 
org.springframework.web.multipart.MaxUploadSizeExceededException: Maximum upload size exceeded
	at org.springframework.web.multipart.support.StandardMultipartHttpServletRequest.handleParseFailure(StandardMultipartHttpServletRequest.java:119)
	at org.springframework.web.multipart.support.StandardMultipartHttpServletRequest.parseRequest(StandardMultipartHttpServletRequest.java:110)
	at org.springframework.web.multipart.support.StandardMultipartHttpServletRequest.<init>(StandardMultipartHttpServletRequest.java:86)
	at org.springframework.web.multipart.support.StandardServletMultipartResolver.resolveMultipart(StandardServletMultipartResolver.java:112)
	at org.springframework.web.servlet.DispatcherServlet.checkMultipart(DispatcherServlet.java:1218)
	at org.springframework.web.servlet.DispatcherServlet.doDispatch(DispatcherServlet.java:1052)
	at org.springframework.web.servlet.DispatcherServlet.doService(DispatcherServlet.java:973)
	at org.springframework.web.servlet.FrameworkServlet.processRequest(FrameworkServlet.java:1011)
	at org.springframework.web.servlet.FrameworkServlet.doPost(FrameworkServlet.java:914)
	at jakarta.servlet.http.HttpServlet.service(HttpServlet.java:547)
	at org.springframework.web.servlet.FrameworkServlet.service(FrameworkServlet.java:885)
	at jakarta.servlet.http.HttpServlet.service(HttpServlet.java:614)
	at org.apache.catalina.core.ApplicationFilterChain.internalDoFilter(ApplicationFilterChain.java:223)
	at org.apache.catalina.core.ApplicationFilterChain.doFilter(ApplicationFilterChain.java:158)
	at org.apache.tomcat.websocket.server.WsFilter.doFilter(WsFilter.java:53)
	at org.apache.catalina.core.ApplicationFilterChain.internalDoFilter(ApplicationFilterChain.java:185)
	at org.apache.catalina.core.ApplicationFilterChain.doFilter(ApplicationFilterChain.java:158)
	at com.zry.framework.biz.context.filter.HeaderUserId2ContextFilter.doFilterInternal(HeaderUserId2ContextFilter.java:33)
	at org.springframework.web.filter.OncePerRequestFilter.doFilter(OncePerRequestFilter.java:116)
	at org.apache.catalina.core.ApplicationFilterChain.internalDoFilter(ApplicationFilterChain.java:185)
	at org.apache.catalina.core.ApplicationFilterChain.doFilter(ApplicationFilterChain.java:158)
	at org.springframework.web.filter.RequestContextFilter.doFilterInternal(RequestContextFilter.java:100)
	at org.springframework.web.filter.OncePerRequestFilter.doFilter(OncePerRequestFilter.java:116)
	at org.apache.catalina.core.ApplicationFilterChain.internalDoFilter(ApplicationFilterChain.java:185)
	at org.apache.catalina.core.ApplicationFilterChain.doFilter(ApplicationFilterChain.java:158)
	at org.springframework.web.filter.FormContentFilter.doFilterInternal(FormContentFilter.java:93)
	at org.springframework.web.filter.OncePerRequestFilter.doFilter(OncePerRequestFilter.java:116)
	at org.apache.catalina.core.ApplicationFilterChain.internalDoFilter(ApplicationFilterChain.java:185)
	at org.apache.catalina.core.ApplicationFilterChain.doFilter(ApplicationFilterChain.java:158)
	at org.springframework.web.filter.CharacterEncodingFilter.doFilterInternal(CharacterEncodingFilter.java:201)
	at org.springframework.web.filter.OncePerRequestFilter.doFilter(OncePerRequestFilter.java:116)
	at org.apache.catalina.core.ApplicationFilterChain.internalDoFilter(ApplicationFilterChain.java:185)
	at org.apache.catalina.core.ApplicationFilterChain.doFilter(ApplicationFilterChain.java:158)
	at org.apache.catalina.core.StandardWrapperValve.invoke(StandardWrapperValve.java:177)
	at org.apache.catalina.core.StandardContextValve.invoke(StandardContextValve.java:97)
	at org.apache.catalina.authenticator.AuthenticatorBase.invoke(AuthenticatorBase.java:542)
	at org.apache.catalina.core.StandardHostValve.invoke(StandardHostValve.java:119)
	at org.apache.catalina.valves.ErrorReportValve.invoke(ErrorReportValve.java:92)
	at org.apache.catalina.core.StandardEngineValve.invoke(StandardEngineValve.java:78)
	at org.apache.catalina.connector.CoyoteAdapter.service(CoyoteAdapter.java:357)
	at org.apache.coyote.http11.Http11Processor.service(Http11Processor.java:400)
	at org.apache.coyote.AbstractProcessorLight.process(AbstractProcessorLight.java:65)
	at org.apache.coyote.AbstractProtocol$ConnectionHandler.process(AbstractProtocol.java:859)
	at org.apache.tomcat.util.net.NioEndpoint$SocketProcessor.doRun(NioEndpoint.java:1734)
	at org.apache.tomcat.util.net.SocketProcessorBase.run(SocketProcessorBase.java:52)
	at org.apache.tomcat.util.threads.ThreadPoolExecutor.runWorker(ThreadPoolExecutor.java:1191)
	at org.apache.tomcat.util.threads.ThreadPoolExecutor$Worker.run(ThreadPoolExecutor.java:659)
	at org.apache.tomcat.util.threads.TaskThread$WrappingRunnable.run(TaskThread.java:61)
	at java.base/java.lang.Thread.run(Thread.java:842)
Caused by: java.lang.IllegalStateException: org.apache.tomcat.util.http.fileupload.impl.FileSizeLimitExceededException: The field file exceeds its maximum permitted size of 1048576 bytes.
	at org.apache.catalina.connector.Request.parseParts(Request.java:2926)
	at org.apache.catalina.connector.Request.getParts(Request.java:2778)
	at org.apache.catalina.connector.RequestFacade.getParts(RequestFacade.java:1074)
	at org.springframework.web.multipart.support.StandardMultipartHttpServletRequest.parseRequest(StandardMultipartHttpServletRequest.java:93)
	... 47 common frames omitted
Caused by: org.apache.tomcat.util.http.fileupload.impl.FileSizeLimitExceededException: The field file exceeds its maximum permitted size of 1048576 bytes.
	at org.apache.tomcat.util.http.fileupload.impl.FileItemStreamImpl$1.raiseError(FileItemStreamImpl.java:117)
	at org.apache.tomcat.util.http.fileupload.util.LimitedInputStream.checkLimit(LimitedInputStream.java:76)
	at org.apache.tomcat.util.http.fileupload.util.LimitedInputStream.read(LimitedInputStream.java:135)
	at java.base/java.io.FilterInputStream.read(FilterInputStream.java:106)
	at org.apache.tomcat.util.http.fileupload.util.Streams.copy(Streams.java:96)
	at org.apache.tomcat.util.http.fileupload.FileUploadBase.parseRequest(FileUploadBase.java:292)
	at org.apache.catalina.connector.Request.parseParts(Request.java:2884)
	... 50 common frames omitted
2025-09-19 14:46:42.983 [http-nio-8083-exec-1] INFO  c.z.f.b.context.filter.HeaderUserId2ContextFilter - ===== 删除 ThreadLocal， userId: 100
2025-09-19 14:47:25.512 [http-nio-8083-exec-3] INFO  c.z.f.b.context.filter.HeaderUserId2ContextFilter - ## HeaderUserId2ContextFilter, 用户 ID: 100
2025-09-19 14:47:25.549 [http-nio-8083-exec-3] INFO  c.z.xiaohongshu.oss.biz.controller.FileController - ==> 用户： 100
2025-09-19 14:47:25.551 [http-nio-8083-exec-3] INFO  c.z.x.oss.biz.strategy.impl.AliyunOSSFileStrategy - ## 上传文件至阿里云 OSS ...
2025-09-19 14:47:25.561 [http-nio-8083-exec-3] INFO  c.z.x.oss.biz.strategy.impl.AliyunOSSFileStrategy - ==> 开始上传文件至阿里云 OSS, ObjectName: f8af671fe7f64cce8b46fb46eaf1e492.jpg
2025-09-19 14:47:26.018 [http-nio-8083-exec-3] INFO  c.z.x.oss.biz.strategy.impl.AliyunOSSFileStrategy - ==> 上传文件至阿里云 OSS 成功，访问路径: https://my-xiaohongshu-oss.oss-cn-guangzhou.aliyuncs.com/f8af671fe7f64cce8b46fb46eaf1e492.jpg
2025-09-19 14:47:26.029 [http-nio-8083-exec-3] INFO  c.z.f.b.context.filter.HeaderUserId2ContextFilter - ===== 删除 ThreadLocal， userId: 100
2025-09-19 14:47:29.351 [http-nio-8083-exec-2] INFO  c.z.f.b.context.filter.HeaderUserId2ContextFilter - ## HeaderUserId2ContextFilter, 用户 ID: 100
2025-09-19 14:47:29.356 [http-nio-8083-exec-2] INFO  c.z.xiaohongshu.oss.biz.controller.FileController - ==> 用户： 100
2025-09-19 14:47:29.356 [http-nio-8083-exec-2] INFO  c.z.x.oss.biz.strategy.impl.AliyunOSSFileStrategy - ## 上传文件至阿里云 OSS ...
2025-09-19 14:47:29.357 [http-nio-8083-exec-2] INFO  c.z.x.oss.biz.strategy.impl.AliyunOSSFileStrategy - ==> 开始上传文件至阿里云 OSS, ObjectName: f96f6c7c8a134baa80dd4084a0b4e3b5.jpg
2025-09-19 14:47:29.425 [http-nio-8083-exec-2] INFO  c.z.x.oss.biz.strategy.impl.AliyunOSSFileStrategy - ==> 上传文件至阿里云 OSS 成功，访问路径: https://my-xiaohongshu-oss.oss-cn-guangzhou.aliyuncs.com/f96f6c7c8a134baa80dd4084a0b4e3b5.jpg
2025-09-19 14:47:29.429 [http-nio-8083-exec-2] INFO  c.z.f.b.context.filter.HeaderUserId2ContextFilter - ===== 删除 ThreadLocal， userId: 100
2025-09-19 14:47:35.810 [http-nio-8083-exec-4] INFO  c.z.f.b.context.filter.HeaderUserId2ContextFilter - ## HeaderUserId2ContextFilter, 用户 ID: 100
2025-09-19 14:47:35.816 [http-nio-8083-exec-4] INFO  c.z.xiaohongshu.oss.biz.controller.FileController - ==> 用户： 100
2025-09-19 14:47:35.816 [http-nio-8083-exec-4] INFO  c.z.x.oss.biz.strategy.impl.AliyunOSSFileStrategy - ## 上传文件至阿里云 OSS ...
2025-09-19 14:47:35.817 [http-nio-8083-exec-4] INFO  c.z.x.oss.biz.strategy.impl.AliyunOSSFileStrategy - ==> 开始上传文件至阿里云 OSS, ObjectName: 360df84007eb4fa1b94bdbb8d1cac22b.png
2025-09-19 14:47:35.879 [http-nio-8083-exec-4] INFO  c.z.x.oss.biz.strategy.impl.AliyunOSSFileStrategy - ==> 上传文件至阿里云 OSS 成功，访问路径: https://my-xiaohongshu-oss.oss-cn-guangzhou.aliyuncs.com/360df84007eb4fa1b94bdbb8d1cac22b.png
2025-09-19 14:47:35.882 [http-nio-8083-exec-4] INFO  c.z.f.b.context.filter.HeaderUserId2ContextFilter - ===== 删除 ThreadLocal， userId: 100
2025-09-19 15:08:31.939 [http-nio-8083-exec-6] INFO  c.z.f.b.context.filter.HeaderUserId2ContextFilter - ## HeaderUserId2ContextFilter, 用户 ID: 100
2025-09-19 15:08:32.024 [http-nio-8083-exec-6] INFO  c.z.xiaohongshu.oss.biz.controller.FileController - ==> 用户： 100
2025-09-19 15:08:32.031 [http-nio-8083-exec-6] INFO  c.z.x.oss.biz.strategy.impl.AliyunOSSFileStrategy - ## 上传文件至阿里云 OSS ...
2025-09-19 15:08:32.039 [http-nio-8083-exec-6] INFO  c.z.x.oss.biz.strategy.impl.AliyunOSSFileStrategy - ==> 开始上传文件至阿里云 OSS, ObjectName: 9f4fb512c40742ab8cd42114c30aaa2a.jpg
2025-09-19 15:08:32.319 [http-nio-8083-exec-6] INFO  c.z.x.oss.biz.strategy.impl.AliyunOSSFileStrategy - ==> 上传文件至阿里云 OSS 成功，访问路径: https://my-xiaohongshu-oss.oss-cn-guangzhou.aliyuncs.com/9f4fb512c40742ab8cd42114c30aaa2a.jpg
2025-09-19 15:08:32.367 [http-nio-8083-exec-6] INFO  c.z.f.b.context.filter.HeaderUserId2ContextFilter - ===== 删除 ThreadLocal， userId: 100
2025-09-19 15:18:35.627 [http-nio-8083-exec-8] INFO  c.z.f.b.context.filter.HeaderUserId2ContextFilter - ## HeaderUserId2ContextFilter, 用户 ID: 100
2025-09-19 15:18:35.648 [http-nio-8083-exec-8] INFO  c.z.xiaohongshu.oss.biz.controller.FileController - ==> 用户： 100
2025-09-19 15:18:35.650 [http-nio-8083-exec-8] INFO  c.z.x.oss.biz.strategy.impl.AliyunOSSFileStrategy - ## 上传文件至阿里云 OSS ...
2025-09-19 15:18:35.651 [http-nio-8083-exec-8] INFO  c.z.x.oss.biz.strategy.impl.AliyunOSSFileStrategy - ==> 开始上传文件至阿里云 OSS, ObjectName: 0e0dc833c5a44917820b39de739f7a61.jpg
2025-09-19 15:18:35.911 [http-nio-8083-exec-8] INFO  c.z.x.oss.biz.strategy.impl.AliyunOSSFileStrategy - ==> 上传文件至阿里云 OSS 成功，访问路径: https://my-xiaohongshu-oss.oss-cn-guangzhou.aliyuncs.com/0e0dc833c5a44917820b39de739f7a61.jpg
2025-09-19 15:18:35.917 [http-nio-8083-exec-8] INFO  c.z.f.b.context.filter.HeaderUserId2ContextFilter - ===== 删除 ThreadLocal， userId: 100
2025-09-19 15:22:10.827 [http-nio-8083-exec-10] INFO  c.z.f.b.context.filter.HeaderUserId2ContextFilter - ## HeaderUserId2ContextFilter, 用户 ID: 100
2025-09-19 15:22:10.832 [http-nio-8083-exec-10] INFO  c.z.xiaohongshu.oss.biz.controller.FileController - ==> 用户： 100
2025-09-19 15:22:10.832 [http-nio-8083-exec-10] INFO  c.z.x.oss.biz.strategy.impl.AliyunOSSFileStrategy - ## 上传文件至阿里云 OSS ...
2025-09-19 15:22:10.832 [http-nio-8083-exec-10] INFO  c.z.x.oss.biz.strategy.impl.AliyunOSSFileStrategy - ==> 开始上传文件至阿里云 OSS, ObjectName: 0f1da8bcf60e46daa5189a5898f32fc7.jpg
2025-09-19 15:22:11.030 [http-nio-8083-exec-10] INFO  c.z.x.oss.biz.strategy.impl.AliyunOSSFileStrategy - ==> 上传文件至阿里云 OSS 成功，访问路径: https://my-xiaohongshu-oss.oss-cn-guangzhou.aliyuncs.com/0f1da8bcf60e46daa5189a5898f32fc7.jpg
2025-09-19 15:22:11.034 [http-nio-8083-exec-10] INFO  c.z.f.b.context.filter.HeaderUserId2ContextFilter - ===== 删除 ThreadLocal， userId: 100
2025-09-19 15:25:19.729 [http-nio-8083-exec-3] INFO  c.z.f.b.context.filter.HeaderUserId2ContextFilter - ## HeaderUserId2ContextFilter, 用户 ID: 100
2025-09-19 15:25:19.771 [http-nio-8083-exec-3] ERROR c.z.x.oss.biz.exception.GlobalExceptionHandler - /file/upload request error, 
org.springframework.web.multipart.MaxUploadSizeExceededException: Maximum upload size exceeded
	at org.springframework.web.multipart.support.StandardMultipartHttpServletRequest.handleParseFailure(StandardMultipartHttpServletRequest.java:119)
	at org.springframework.web.multipart.support.StandardMultipartHttpServletRequest.parseRequest(StandardMultipartHttpServletRequest.java:110)
	at org.springframework.web.multipart.support.StandardMultipartHttpServletRequest.<init>(StandardMultipartHttpServletRequest.java:86)
	at org.springframework.web.multipart.support.StandardServletMultipartResolver.resolveMultipart(StandardServletMultipartResolver.java:112)
	at org.springframework.web.servlet.DispatcherServlet.checkMultipart(DispatcherServlet.java:1218)
	at org.springframework.web.servlet.DispatcherServlet.doDispatch(DispatcherServlet.java:1052)
	at org.springframework.web.servlet.DispatcherServlet.doService(DispatcherServlet.java:973)
	at org.springframework.web.servlet.FrameworkServlet.processRequest(FrameworkServlet.java:1011)
	at org.springframework.web.servlet.FrameworkServlet.doPost(FrameworkServlet.java:914)
	at jakarta.servlet.http.HttpServlet.service(HttpServlet.java:547)
	at org.springframework.web.servlet.FrameworkServlet.service(FrameworkServlet.java:885)
	at jakarta.servlet.http.HttpServlet.service(HttpServlet.java:614)
	at org.apache.catalina.core.ApplicationFilterChain.internalDoFilter(ApplicationFilterChain.java:223)
	at org.apache.catalina.core.ApplicationFilterChain.doFilter(ApplicationFilterChain.java:158)
	at org.apache.tomcat.websocket.server.WsFilter.doFilter(WsFilter.java:53)
	at org.apache.catalina.core.ApplicationFilterChain.internalDoFilter(ApplicationFilterChain.java:185)
	at org.apache.catalina.core.ApplicationFilterChain.doFilter(ApplicationFilterChain.java:158)
	at com.zry.framework.biz.context.filter.HeaderUserId2ContextFilter.doFilterInternal(HeaderUserId2ContextFilter.java:33)
	at org.springframework.web.filter.OncePerRequestFilter.doFilter(OncePerRequestFilter.java:116)
	at org.apache.catalina.core.ApplicationFilterChain.internalDoFilter(ApplicationFilterChain.java:185)
	at org.apache.catalina.core.ApplicationFilterChain.doFilter(ApplicationFilterChain.java:158)
	at org.springframework.web.filter.RequestContextFilter.doFilterInternal(RequestContextFilter.java:100)
	at org.springframework.web.filter.OncePerRequestFilter.doFilter(OncePerRequestFilter.java:116)
	at org.apache.catalina.core.ApplicationFilterChain.internalDoFilter(ApplicationFilterChain.java:185)
	at org.apache.catalina.core.ApplicationFilterChain.doFilter(ApplicationFilterChain.java:158)
	at org.springframework.web.filter.FormContentFilter.doFilterInternal(FormContentFilter.java:93)
	at org.springframework.web.filter.OncePerRequestFilter.doFilter(OncePerRequestFilter.java:116)
	at org.apache.catalina.core.ApplicationFilterChain.internalDoFilter(ApplicationFilterChain.java:185)
	at org.apache.catalina.core.ApplicationFilterChain.doFilter(ApplicationFilterChain.java:158)
	at org.springframework.web.filter.CharacterEncodingFilter.doFilterInternal(CharacterEncodingFilter.java:201)
	at org.springframework.web.filter.OncePerRequestFilter.doFilter(OncePerRequestFilter.java:116)
	at org.apache.catalina.core.ApplicationFilterChain.internalDoFilter(ApplicationFilterChain.java:185)
	at org.apache.catalina.core.ApplicationFilterChain.doFilter(ApplicationFilterChain.java:158)
	at org.apache.catalina.core.StandardWrapperValve.invoke(StandardWrapperValve.java:177)
	at org.apache.catalina.core.StandardContextValve.invoke(StandardContextValve.java:97)
	at org.apache.catalina.authenticator.AuthenticatorBase.invoke(AuthenticatorBase.java:542)
	at org.apache.catalina.core.StandardHostValve.invoke(StandardHostValve.java:119)
	at org.apache.catalina.valves.ErrorReportValve.invoke(ErrorReportValve.java:92)
	at org.apache.catalina.core.StandardEngineValve.invoke(StandardEngineValve.java:78)
	at org.apache.catalina.connector.CoyoteAdapter.service(CoyoteAdapter.java:357)
	at org.apache.coyote.http11.Http11Processor.service(Http11Processor.java:400)
	at org.apache.coyote.AbstractProcessorLight.process(AbstractProcessorLight.java:65)
	at org.apache.coyote.AbstractProtocol$ConnectionHandler.process(AbstractProtocol.java:859)
	at org.apache.tomcat.util.net.NioEndpoint$SocketProcessor.doRun(NioEndpoint.java:1734)
	at org.apache.tomcat.util.net.SocketProcessorBase.run(SocketProcessorBase.java:52)
	at org.apache.tomcat.util.threads.ThreadPoolExecutor.runWorker(ThreadPoolExecutor.java:1191)
	at org.apache.tomcat.util.threads.ThreadPoolExecutor$Worker.run(ThreadPoolExecutor.java:659)
	at org.apache.tomcat.util.threads.TaskThread$WrappingRunnable.run(TaskThread.java:61)
	at java.base/java.lang.Thread.run(Thread.java:842)
Caused by: java.lang.IllegalStateException: org.apache.tomcat.util.http.fileupload.impl.FileSizeLimitExceededException: The field file exceeds its maximum permitted size of 1048576 bytes.
	at org.apache.catalina.connector.Request.parseParts(Request.java:2926)
	at org.apache.catalina.connector.Request.getParts(Request.java:2778)
	at org.apache.catalina.connector.RequestFacade.getParts(RequestFacade.java:1074)
	at org.springframework.web.multipart.support.StandardMultipartHttpServletRequest.parseRequest(StandardMultipartHttpServletRequest.java:93)
	... 47 common frames omitted
Caused by: org.apache.tomcat.util.http.fileupload.impl.FileSizeLimitExceededException: The field file exceeds its maximum permitted size of 1048576 bytes.
	at org.apache.tomcat.util.http.fileupload.impl.FileItemStreamImpl$1.raiseError(FileItemStreamImpl.java:117)
	at org.apache.tomcat.util.http.fileupload.util.LimitedInputStream.checkLimit(LimitedInputStream.java:76)
	at org.apache.tomcat.util.http.fileupload.util.LimitedInputStream.read(LimitedInputStream.java:135)
	at java.base/java.io.FilterInputStream.read(FilterInputStream.java:106)
	at org.apache.tomcat.util.http.fileupload.util.Streams.copy(Streams.java:96)
	at org.apache.tomcat.util.http.fileupload.FileUploadBase.parseRequest(FileUploadBase.java:292)
	at org.apache.catalina.connector.Request.parseParts(Request.java:2884)
	... 50 common frames omitted
2025-09-19 15:25:19.788 [http-nio-8083-exec-3] INFO  c.z.f.b.context.filter.HeaderUserId2ContextFilter - ===== 删除 ThreadLocal， userId: 100
2025-09-19 15:27:24.904 [Thread-2] WARN  c.alibaba.nacos.common.http.HttpClientBeanHolder - [HttpClientBeanHolder] Start destroying common HttpClient
2025-09-19 15:27:24.904 [Thread-9] WARN  com.alibaba.nacos.common.notify.NotifyCenter - [NotifyCenter] Start destroying Publisher
2025-09-19 15:27:24.907 [Thread-9] WARN  com.alibaba.nacos.common.notify.NotifyCenter - [NotifyCenter] Destruction of the end
2025-09-19 15:27:24.919 [Thread-2] WARN  c.alibaba.nacos.common.http.HttpClientBeanHolder - [HttpClientBeanHolder] Destruction of the end
2025-09-19 15:27:25.122 [SpringApplicationShutdownHook] INFO  c.a.cloud.nacos.registry.NacosServiceRegistry - De-registering from Nacos Server now...
2025-09-19 15:27:25.123 [SpringApplicationShutdownHook] INFO  com.alibaba.nacos.client.naming - [DEREGISTER-SERVICE] xiaohongshu deregistering service xiaohongshu-oss with instance: Instance{instanceId='null', ip='10.91.138.46', port=8083, weight=1.0, healthy=true, enabled=true, ephemeral=true, clusterName='DEFAULT', serviceName='null', metadata={}}
2025-09-19 15:27:25.227 [SpringApplicationShutdownHook] INFO  c.a.cloud.nacos.registry.NacosServiceRegistry - De-registration finished.
2025-09-19 15:27:25.228 [SpringApplicationShutdownHook] INFO  com.alibaba.nacos.client.naming - com.alibaba.nacos.client.naming.cache.ServiceInfoHolder do shutdown begin
2025-09-19 15:27:25.228 [SpringApplicationShutdownHook] INFO  com.alibaba.nacos.client.naming - com.alibaba.nacos.client.naming.backups.FailoverReactor do shutdown begin
2025-09-19 15:27:25.228 [SpringApplicationShutdownHook] INFO  com.alibaba.nacos.client.naming - com.alibaba.nacos.client.naming.backups.FailoverReactor do shutdown stop
2025-09-19 15:27:25.228 [SpringApplicationShutdownHook] INFO  com.alibaba.nacos.client.naming - com.alibaba.nacos.client.naming.cache.ServiceInfoHolder do shutdown stop
2025-09-19 15:27:25.229 [SpringApplicationShutdownHook] INFO  com.alibaba.nacos.client.naming - com.alibaba.nacos.client.naming.remote.NamingClientProxyDelegate do shutdown begin
2025-09-19 15:27:25.229 [SpringApplicationShutdownHook] INFO  com.alibaba.nacos.client.naming - com.alibaba.nacos.client.naming.core.ServiceInfoUpdateService do shutdown begin
2025-09-19 15:27:25.229 [SpringApplicationShutdownHook] INFO  com.alibaba.nacos.client.naming - com.alibaba.nacos.client.naming.core.ServiceInfoUpdateService do shutdown stop
2025-09-19 15:27:25.229 [SpringApplicationShutdownHook] INFO  com.alibaba.nacos.client.naming - com.alibaba.nacos.client.naming.core.ServerListManager do shutdown begin
2025-09-19 15:27:25.229 [SpringApplicationShutdownHook] WARN  com.alibaba.nacos.client.naming - [NamingHttpClientManager] Start destroying NacosRestTemplate
2025-09-19 15:27:25.229 [SpringApplicationShutdownHook] WARN  com.alibaba.nacos.client.naming - [NamingHttpClientManager] Destruction of the end
2025-09-19 15:27:25.229 [SpringApplicationShutdownHook] INFO  com.alibaba.nacos.client.naming - com.alibaba.nacos.client.naming.core.ServerListManager do shutdown stop
2025-09-19 15:27:25.229 [SpringApplicationShutdownHook] INFO  com.alibaba.nacos.client.naming - com.alibaba.nacos.client.naming.remote.http.NamingHttpClientProxy do shutdown begin
2025-09-19 15:27:25.229 [SpringApplicationShutdownHook] WARN  com.alibaba.nacos.client.naming - [NamingHttpClientManager] Start destroying NacosRestTemplate
2025-09-19 15:27:25.229 [SpringApplicationShutdownHook] WARN  com.alibaba.nacos.client.naming - [NamingHttpClientManager] Destruction of the end
2025-09-19 15:27:25.229 [SpringApplicationShutdownHook] INFO  com.alibaba.nacos.client.naming - com.alibaba.nacos.client.naming.remote.http.NamingHttpClientProxy do shutdown stop
2025-09-19 15:27:25.230 [SpringApplicationShutdownHook] INFO  com.alibaba.nacos.common.remote.client - Shutdown rpc client, set status to shutdown
2025-09-19 15:27:25.230 [SpringApplicationShutdownHook] INFO  com.alibaba.nacos.common.remote.client - Shutdown client event executor java.util.concurrent.ScheduledThreadPoolExecutor@56c71d7[Running, pool size = 2, active threads = 2, queued tasks = 0, completed tasks = 0]
2025-09-19 15:27:25.230 [SpringApplicationShutdownHook] INFO  com.alibaba.nacos.common.remote.client - Close current connection 1758264109051_120.85.130.202_6817
2025-09-19 15:27:25.243 [nacos-grpc-client-executor-47.236.36.111-561] WARN  c.a.nacos.common.remote.client.grpc.GrpcClient - [1758264109051_120.85.130.202_6817]Ignore error event,isRunning:false,isAbandon=false
2025-09-19 15:27:25.249 [SpringApplicationShutdownHook] INFO  c.a.nacos.common.remote.client.grpc.GrpcClient - Shutdown grpc executor java.util.concurrent.ThreadPoolExecutor@2a4f46c[Running, pool size = 5, active threads = 0, queued tasks = 0, completed tasks = 562]
2025-09-19 15:27:25.249 [SpringApplicationShutdownHook] INFO  com.alibaba.nacos.client.naming - Shutdown grpc redo service executor java.util.concurrent.ScheduledThreadPoolExecutor@333d51d1[Running, pool size = 1, active threads = 0, queued tasks = 1, completed tasks = 909]
2025-09-19 15:27:25.250 [SpringApplicationShutdownHook] INFO  c.a.n.client.auth.ram.identify.CredentialWatcher - [null] CredentialWatcher is stopped
2025-09-19 15:27:25.250 [SpringApplicationShutdownHook] INFO  c.a.n.client.auth.ram.identify.CredentialService - [null] CredentialService is freed
2025-09-19 15:27:25.251 [SpringApplicationShutdownHook] INFO  com.alibaba.nacos.client.naming - com.alibaba.nacos.client.naming.remote.NamingClientProxyDelegate do shutdown stop
2025-09-19 15:27:30.609 [main] WARN  com.alibaba.nacos.client.logging.NacosLogging - Load Logback Configuration of Nacos fail, message: Could not initialize Logback Nacos logging from classpath:nacos-logback.xml
2025-09-19 15:27:30.680 [main] WARN  com.alibaba.nacos.client.logging.NacosLogging - Load Logback Configuration of Nacos fail, message: Could not initialize Logback Nacos logging from classpath:nacos-logback.xml
2025-09-19 15:27:30.939 [main] WARN  com.alibaba.nacos.client.logging.NacosLogging - Load Logback Configuration of Nacos fail, message: Could not initialize Logback Nacos logging from classpath:nacos-logback.xml
2025-09-19 15:27:30.940 [main] INFO  com.alibaba.nacos.client.utils.ParamUtil - [settings] [req-serv] nacos-server port:8848
2025-09-19 15:27:30.940 [main] INFO  com.alibaba.nacos.client.utils.ParamUtil - [settings] [http-client] connect timeout:1000
2025-09-19 15:27:30.941 [main] INFO  com.alibaba.nacos.client.utils.ParamUtil - PER_TASK_CONFIG_SIZE: 3000.0
2025-09-19 15:27:30.974 [main] INFO  c.a.n.p.auth.spi.client.ClientAuthPluginManager - [ClientAuthPluginManager] Load ClientAuthService com.alibaba.nacos.client.auth.impl.NacosClientAuthServiceImpl success.
2025-09-19 15:27:30.974 [main] INFO  c.a.n.p.auth.spi.client.ClientAuthPluginManager - [ClientAuthPluginManager] Load ClientAuthService com.alibaba.nacos.client.auth.ram.RamClientAuthServiceImpl success.
2025-09-19 15:27:30.977 [main] INFO  c.a.n.client.auth.ram.identify.CredentialWatcher - null No credential found
2025-09-19 15:27:31.347 [main] WARN  com.alibaba.nacos.client.logging.NacosLogging - Load Logback Configuration of Nacos fail, message: Could not initialize Logback Nacos logging from classpath:nacos-logback.xml
2025-09-19 15:27:31.365 [main] INFO  c.a.n.client.config.impl.LocalConfigInfoProcessor - LOCAL_SNAPSHOT_PATH:C:\Users\Rey\nacos\config
2025-09-19 15:27:31.375 [main] INFO  com.alibaba.nacos.common.remote.client - [RpcClientFactory] create a new rpc client of d4bc70c2-8f6a-4ef3-bd95-2bcfc1f34fe3_config-0
2025-09-19 15:27:31.396 [main] INFO  com.alibaba.nacos.common.remote.client - [d4bc70c2-8f6a-4ef3-bd95-2bcfc1f34fe3_config-0] Register server push request handler:com.alibaba.nacos.client.config.impl.ClientWorker$ConfigRpcTransportClient$$Lambda$587/0x0000027d0438f868
2025-09-19 15:27:31.397 [main] INFO  com.alibaba.nacos.common.remote.client - [d4bc70c2-8f6a-4ef3-bd95-2bcfc1f34fe3_config-0] Register server push request handler:com.alibaba.nacos.client.config.impl.ClientWorker$ConfigRpcTransportClient$$Lambda$588/0x0000027d0438fc88
2025-09-19 15:27:31.397 [main] INFO  com.alibaba.nacos.common.remote.client - [d4bc70c2-8f6a-4ef3-bd95-2bcfc1f34fe3_config-0] Registry connection listener to current client:com.alibaba.nacos.client.config.impl.ClientWorker$ConfigRpcTransportClient$1
2025-09-19 15:27:31.398 [main] INFO  com.alibaba.nacos.common.remote.client - [d4bc70c2-8f6a-4ef3-bd95-2bcfc1f34fe3_config-0] RpcClient init, ServerListFactory = com.alibaba.nacos.client.config.impl.ClientWorker$ConfigRpcTransportClient$2
2025-09-19 15:27:31.406 [main] INFO  com.alibaba.nacos.common.remote.client - [d4bc70c2-8f6a-4ef3-bd95-2bcfc1f34fe3_config-0] Try to connect to server on start up, server: {serverIp = '47.236.36.111', server main port = 8848}
2025-09-19 15:27:31.445 [main] INFO  c.a.nacos.common.remote.client.grpc.GrpcClient - grpc client connection server:47.236.36.111 ip,serverPort:9848,grpcTslConfig:{"sslProvider":"OPENSSL","enableTls":false,"mutualAuthEnable":false,"trustAll":false}
2025-09-19 15:27:32.769 [main] INFO  com.alibaba.nacos.common.remote.client - [d4bc70c2-8f6a-4ef3-bd95-2bcfc1f34fe3_config-0] Success to connect to server [47.236.36.111:8848] on start up, connectionId = 1758266852526_120.85.130.202_59056
2025-09-19 15:27:32.771 [com.alibaba.nacos.client.remote.worker] INFO  com.alibaba.nacos.common.remote.client - [d4bc70c2-8f6a-4ef3-bd95-2bcfc1f34fe3_config-0] Notify connected event to listeners.
2025-09-19 15:27:32.773 [com.alibaba.nacos.client.remote.worker] INFO  com.alibaba.nacos.client.config.impl.ClientWorker - [d4bc70c2-8f6a-4ef3-bd95-2bcfc1f34fe3_config-0] Connected,notify listen context...
2025-09-19 15:27:32.775 [main] INFO  com.alibaba.nacos.common.remote.client - [d4bc70c2-8f6a-4ef3-bd95-2bcfc1f34fe3_config-0] Register server push request handler:com.alibaba.nacos.common.remote.client.RpcClient$ConnectResetRequestHandler
2025-09-19 15:27:32.775 [main] INFO  com.alibaba.nacos.common.remote.client - [d4bc70c2-8f6a-4ef3-bd95-2bcfc1f34fe3_config-0] Register server push request handler:com.alibaba.nacos.common.remote.client.RpcClient$$Lambda$608/0x0000027d044d7140
2025-09-19 15:27:32.830 [main] INFO  com.alibaba.nacos.client.config.impl.Limiter - limitTime:5.0
2025-09-19 15:27:32.899 [main] WARN  c.a.cloud.nacos.client.NacosPropertySourceBuilder - Ignore the empty nacos configuration and get it based on dataId[xiaohongshu-oss] & group[DEFAULT_GROUP]
2025-09-19 15:27:32.957 [main] WARN  c.a.cloud.nacos.client.NacosPropertySourceBuilder - Ignore the empty nacos configuration and get it based on dataId[xiaohongshu-oss.yaml] & group[DEFAULT_GROUP]
2025-09-19 15:27:33.018 [main] INFO  com.alibaba.nacos.client.config.utils.JvmUtil - isMultiInstance:false
2025-09-19 15:27:33.030 [main] INFO  o.s.c.b.c.PropertySourceBootstrapConfiguration - Located property source: [BootstrapPropertySource {name='bootstrapProperties-xiaohongshu-oss-dev.yaml,DEFAULT_GROUP'}, BootstrapPropertySource {name='bootstrapProperties-xiaohongshu-oss.yaml,DEFAULT_GROUP'}, BootstrapPropertySource {name='bootstrapProperties-xiaohongshu-oss,DEFAULT_GROUP'}]
2025-09-19 15:27:33.038 [main] WARN  com.alibaba.nacos.client.logging.NacosLogging - Load Logback Configuration of Nacos fail, message: Could not initialize Logback Nacos logging from classpath:nacos-logback.xml
2025-09-19 15:27:33.039 [main] INFO  c.z.x.oss.biz.XiaohongshuOssBizApplication - The following 1 profile is active: "dev"
2025-09-19 15:27:33.663 [main] INFO  o.springframework.cloud.context.scope.GenericScope - BeanFactory id=622ba073-7c59-33b0-876f-d95fb493eb1a
2025-09-19 15:27:34.123 [main] INFO  o.s.boot.web.embedded.tomcat.TomcatWebServer - Tomcat initialized with port(s): 8083 (http)
2025-09-19 15:27:34.124 [main] INFO  org.apache.catalina.core.AprLifecycleListener - Loaded Apache Tomcat Native library [2.0.3] using APR version [1.7.2].
2025-09-19 15:27:34.136 [main] INFO  org.apache.catalina.core.AprLifecycleListener - OpenSSL successfully initialized [OpenSSL 3.0.8 7 Feb 2023]
2025-09-19 15:27:34.148 [main] INFO  org.apache.catalina.core.StandardService - Starting service [Tomcat]
2025-09-19 15:27:34.148 [main] INFO  org.apache.catalina.core.StandardEngine - Starting Servlet engine: [Apache Tomcat/10.1.5]
2025-09-19 15:27:34.237 [main] INFO  o.a.c.core.ContainerBase.[Tomcat].[localhost].[/] - Initializing Spring embedded WebApplicationContext
2025-09-19 15:27:34.238 [main] INFO  o.s.b.w.s.c.ServletWebServerApplicationContext - Root WebApplicationContext: initialization completed in 1184 ms
2025-09-19 15:27:36.153 [main] INFO  o.s.boot.web.embedded.tomcat.TomcatWebServer - Tomcat started on port(s): 8083 (http) with context path ''
2025-09-19 15:27:36.157 [main] INFO  com.alibaba.nacos.client.naming - initializer namespace from ans.namespace attribute : null
2025-09-19 15:27:36.158 [main] INFO  com.alibaba.nacos.client.naming - initializer namespace from ALIBABA_ALIWARE_NAMESPACE attribute :null
2025-09-19 15:27:36.158 [main] INFO  com.alibaba.nacos.client.naming - initializer namespace from namespace attribute :null
2025-09-19 15:27:36.166 [main] INFO  c.a.n.p.auth.spi.client.ClientAuthPluginManager - [ClientAuthPluginManager] Load ClientAuthService com.alibaba.nacos.client.auth.impl.NacosClientAuthServiceImpl success.
2025-09-19 15:27:36.167 [main] INFO  c.a.n.p.auth.spi.client.ClientAuthPluginManager - [ClientAuthPluginManager] Load ClientAuthService com.alibaba.nacos.client.auth.ram.RamClientAuthServiceImpl success.
2025-09-19 15:27:36.171 [main] INFO  com.alibaba.nacos.common.remote.client - [RpcClientFactory] create a new rpc client of 3ff4fc26-3751-4411-a297-8a839699463d
2025-09-19 15:27:36.173 [main] INFO  com.alibaba.nacos.common.remote.client - [3ff4fc26-3751-4411-a297-8a839699463d] RpcClient init, ServerListFactory = com.alibaba.nacos.client.naming.core.ServerListManager
2025-09-19 15:27:36.174 [main] INFO  com.alibaba.nacos.common.remote.client - [3ff4fc26-3751-4411-a297-8a839699463d] Registry connection listener to current client:com.alibaba.nacos.client.naming.remote.gprc.redo.NamingGrpcRedoService
2025-09-19 15:27:36.174 [main] INFO  com.alibaba.nacos.common.remote.client - [3ff4fc26-3751-4411-a297-8a839699463d] Register server push request handler:com.alibaba.nacos.client.naming.remote.gprc.NamingPushRequestHandler
2025-09-19 15:27:36.175 [main] INFO  com.alibaba.nacos.common.remote.client - [3ff4fc26-3751-4411-a297-8a839699463d] Try to connect to server on start up, server: {serverIp = '47.236.36.111', server main port = 8848}
2025-09-19 15:27:36.175 [main] INFO  c.a.nacos.common.remote.client.grpc.GrpcClient - grpc client connection server:47.236.36.111 ip,serverPort:9848,grpcTslConfig:{"sslProvider":"OPENSSL","enableTls":false,"mutualAuthEnable":false,"trustAll":false}
2025-09-19 15:27:36.577 [main] INFO  com.alibaba.nacos.common.remote.client - [3ff4fc26-3751-4411-a297-8a839699463d] Success to connect to server [47.236.36.111:8848] on start up, connectionId = 1758266856286_120.85.130.202_59069
2025-09-19 15:27:36.577 [main] INFO  com.alibaba.nacos.common.remote.client - [3ff4fc26-3751-4411-a297-8a839699463d] Register server push request handler:com.alibaba.nacos.common.remote.client.RpcClient$ConnectResetRequestHandler
2025-09-19 15:27:36.577 [com.alibaba.nacos.client.remote.worker] INFO  com.alibaba.nacos.common.remote.client - [3ff4fc26-3751-4411-a297-8a839699463d] Notify connected event to listeners.
2025-09-19 15:27:36.577 [main] INFO  com.alibaba.nacos.common.remote.client - [3ff4fc26-3751-4411-a297-8a839699463d] Register server push request handler:com.alibaba.nacos.common.remote.client.RpcClient$$Lambda$608/0x0000027d044d7140
2025-09-19 15:27:36.577 [com.alibaba.nacos.client.remote.worker] INFO  com.alibaba.nacos.client.naming - Grpc connection connect
2025-09-19 15:27:36.579 [main] INFO  com.alibaba.nacos.client.naming - [REGISTER-SERVICE] xiaohongshu registering service xiaohongshu-oss with instance Instance{instanceId='null', ip='10.91.138.46', port=8083, weight=1.0, healthy=true, enabled=true, ephemeral=true, clusterName='DEFAULT', serviceName='null', metadata={IPv6=null, preserved.register.source=SPRING_CLOUD}}
2025-09-19 15:27:36.984 [main] INFO  c.a.cloud.nacos.registry.NacosServiceRegistry - nacos registry, DEFAULT_GROUP xiaohongshu-oss 10.91.138.46:8083 register finished
2025-09-19 15:27:37.227 [main] INFO  c.z.x.oss.biz.XiaohongshuOssBizApplication - Started XiaohongshuOssBizApplication in 7.46 seconds (process running for 8.381)
2025-09-19 15:27:37.231 [main] INFO  com.alibaba.nacos.client.config.impl.CacheData - nacos.cache.data.init.snapshot = true 
2025-09-19 15:27:37.232 [main] INFO  com.alibaba.nacos.client.config.impl.ClientWorker - [fixed-xiaohongshu-47.236.36.111_8848_] [subscribe] xiaohongshu-oss+DEFAULT_GROUP+xiaohongshu
2025-09-19 15:27:37.239 [main] INFO  com.alibaba.nacos.client.config.impl.CacheData - [fixed-xiaohongshu-47.236.36.111_8848_] [add-listener] ok, tenant=xiaohongshu, dataId=xiaohongshu-oss, group=DEFAULT_GROUP, cnt=1
2025-09-19 15:27:37.239 [main] INFO  c.a.cloud.nacos.refresh.NacosContextRefresher - [Nacos Config] Listening config: dataId=xiaohongshu-oss, group=DEFAULT_GROUP
2025-09-19 15:27:37.239 [main] INFO  com.alibaba.nacos.client.config.impl.ClientWorker - [fixed-xiaohongshu-47.236.36.111_8848_] [subscribe] xiaohongshu-oss.yaml+DEFAULT_GROUP+xiaohongshu
2025-09-19 15:27:37.239 [main] INFO  com.alibaba.nacos.client.config.impl.CacheData - [fixed-xiaohongshu-47.236.36.111_8848_] [add-listener] ok, tenant=xiaohongshu, dataId=xiaohongshu-oss.yaml, group=DEFAULT_GROUP, cnt=1
2025-09-19 15:27:37.239 [main] INFO  c.a.cloud.nacos.refresh.NacosContextRefresher - [Nacos Config] Listening config: dataId=xiaohongshu-oss.yaml, group=DEFAULT_GROUP
2025-09-19 15:27:37.241 [main] INFO  com.alibaba.nacos.client.config.impl.ClientWorker - [fixed-xiaohongshu-47.236.36.111_8848_] [subscribe] xiaohongshu-oss-dev.yaml+DEFAULT_GROUP+xiaohongshu
2025-09-19 15:27:37.241 [main] INFO  com.alibaba.nacos.client.config.impl.CacheData - [fixed-xiaohongshu-47.236.36.111_8848_] [add-listener] ok, tenant=xiaohongshu, dataId=xiaohongshu-oss-dev.yaml, group=DEFAULT_GROUP, cnt=1
2025-09-19 15:27:37.241 [main] INFO  c.a.cloud.nacos.refresh.NacosContextRefresher - [Nacos Config] Listening config: dataId=xiaohongshu-oss-dev.yaml, group=DEFAULT_GROUP
2025-09-19 15:27:48.778 [http-nio-8083-exec-1] INFO  o.a.c.core.ContainerBase.[Tomcat].[localhost].[/] - Initializing Spring DispatcherServlet 'dispatcherServlet'
2025-09-19 15:27:48.778 [http-nio-8083-exec-1] INFO  org.springframework.web.servlet.DispatcherServlet - Initializing Servlet 'dispatcherServlet'
2025-09-19 15:27:48.780 [http-nio-8083-exec-1] INFO  org.springframework.web.servlet.DispatcherServlet - Completed initialization in 2 ms
2025-09-19 15:27:48.797 [http-nio-8083-exec-1] INFO  c.z.f.b.context.filter.HeaderUserId2ContextFilter - ## HeaderUserId2ContextFilter, 用户 ID: 100
2025-09-19 15:27:48.990 [http-nio-8083-exec-1] INFO  c.z.xiaohongshu.oss.biz.controller.FileController - ==> 用户： 100
2025-09-19 15:27:48.990 [http-nio-8083-exec-1] INFO  c.z.x.oss.biz.strategy.impl.AliyunOSSFileStrategy - ## 上传文件至阿里云 OSS ...
2025-09-19 15:27:49.000 [http-nio-8083-exec-1] INFO  c.z.x.oss.biz.strategy.impl.AliyunOSSFileStrategy - ==> 开始上传文件至阿里云 OSS, ObjectName: 73899a4cb06d489b973cc422658009c7.mp4
2025-09-19 15:27:50.266 [http-nio-8083-exec-1] INFO  c.z.x.oss.biz.strategy.impl.AliyunOSSFileStrategy - ==> 上传文件至阿里云 OSS 成功，访问路径: https://my-xiaohongshu-oss.oss-cn-guangzhou.aliyuncs.com/73899a4cb06d489b973cc422658009c7.mp4
2025-09-19 15:27:50.324 [http-nio-8083-exec-1] INFO  c.z.f.b.context.filter.HeaderUserId2ContextFilter - ===== 删除 ThreadLocal， userId: 100
2025-09-19 15:29:08.636 [http-nio-8083-exec-2] INFO  c.z.f.b.context.filter.HeaderUserId2ContextFilter - ## HeaderUserId2ContextFilter, 用户 ID: 100
2025-09-19 15:29:08.779 [http-nio-8083-exec-2] INFO  c.z.xiaohongshu.oss.biz.controller.FileController - ==> 用户： 100
2025-09-19 15:29:08.780 [http-nio-8083-exec-2] INFO  c.z.x.oss.biz.strategy.impl.AliyunOSSFileStrategy - ## 上传文件至阿里云 OSS ...
2025-09-19 15:29:08.781 [http-nio-8083-exec-2] INFO  c.z.x.oss.biz.strategy.impl.AliyunOSSFileStrategy - ==> 开始上传文件至阿里云 OSS, ObjectName: 3ba48115c3f349cc9e2c0674e98a3bc5.mp4
2025-09-19 15:29:09.758 [http-nio-8083-exec-2] INFO  c.z.x.oss.biz.strategy.impl.AliyunOSSFileStrategy - ==> 上传文件至阿里云 OSS 成功，访问路径: https://my-xiaohongshu-oss.oss-cn-guangzhou.aliyuncs.com/3ba48115c3f349cc9e2c0674e98a3bc5.mp4
2025-09-19 15:29:09.759 [http-nio-8083-exec-2] INFO  c.z.f.b.context.filter.HeaderUserId2ContextFilter - ===== 删除 ThreadLocal， userId: 100
2025-09-19 15:32:55.155 [http-nio-8083-exec-4] INFO  c.z.f.b.context.filter.HeaderUserId2ContextFilter - ## HeaderUserId2ContextFilter, 用户 ID: 100
2025-09-19 15:32:55.161 [http-nio-8083-exec-4] INFO  c.z.xiaohongshu.oss.biz.controller.FileController - ==> 用户： 100
2025-09-19 15:32:55.162 [http-nio-8083-exec-4] INFO  c.z.x.oss.biz.strategy.impl.AliyunOSSFileStrategy - ## 上传文件至阿里云 OSS ...
2025-09-19 15:32:55.162 [http-nio-8083-exec-4] INFO  c.z.x.oss.biz.strategy.impl.AliyunOSSFileStrategy - ==> 开始上传文件至阿里云 OSS, ObjectName: c1412997b38e47c782d9a5d909024792.jpg
2025-09-19 15:32:55.364 [http-nio-8083-exec-4] INFO  c.z.x.oss.biz.strategy.impl.AliyunOSSFileStrategy - ==> 上传文件至阿里云 OSS 成功，访问路径: https://my-xiaohongshu-oss.oss-cn-guangzhou.aliyuncs.com/c1412997b38e47c782d9a5d909024792.jpg
2025-09-19 15:32:55.369 [http-nio-8083-exec-4] INFO  c.z.f.b.context.filter.HeaderUserId2ContextFilter - ===== 删除 ThreadLocal， userId: 100
2025-09-19 15:41:39.626 [http-nio-8083-exec-8] INFO  c.z.f.b.context.filter.HeaderUserId2ContextFilter - ## HeaderUserId2ContextFilter, 用户 ID: 100
2025-09-19 15:41:39.645 [http-nio-8083-exec-8] INFO  c.z.xiaohongshu.oss.biz.controller.FileController - ==> 用户： 100
2025-09-19 15:41:39.646 [http-nio-8083-exec-8] INFO  c.z.x.oss.biz.strategy.impl.AliyunOSSFileStrategy - ## 上传文件至阿里云 OSS ...
2025-09-19 15:41:39.647 [http-nio-8083-exec-8] INFO  c.z.x.oss.biz.strategy.impl.AliyunOSSFileStrategy - ==> 开始上传文件至阿里云 OSS, ObjectName: 7c1f0ed02b9c4b9ea13a78ca51b993a5.jpg
2025-09-19 15:41:39.851 [http-nio-8083-exec-8] INFO  c.z.x.oss.biz.strategy.impl.AliyunOSSFileStrategy - ==> 上传文件至阿里云 OSS 成功，访问路径: https://my-xiaohongshu-oss.oss-cn-guangzhou.aliyuncs.com/7c1f0ed02b9c4b9ea13a78ca51b993a5.jpg
2025-09-19 15:41:39.861 [http-nio-8083-exec-8] INFO  c.z.f.b.context.filter.HeaderUserId2ContextFilter - ===== 删除 ThreadLocal， userId: 100
2025-09-19 15:41:42.946 [http-nio-8083-exec-7] INFO  c.z.f.b.context.filter.HeaderUserId2ContextFilter - ## HeaderUserId2ContextFilter, 用户 ID: 100
2025-09-19 15:41:42.978 [http-nio-8083-exec-7] INFO  c.z.xiaohongshu.oss.biz.controller.FileController - ==> 用户： 100
2025-09-19 15:41:42.978 [http-nio-8083-exec-7] INFO  c.z.x.oss.biz.strategy.impl.AliyunOSSFileStrategy - ## 上传文件至阿里云 OSS ...
2025-09-19 15:41:42.978 [http-nio-8083-exec-7] INFO  c.z.x.oss.biz.strategy.impl.AliyunOSSFileStrategy - ==> 开始上传文件至阿里云 OSS, ObjectName: 7646a2ab37d647c9bfb51b273f24e814.jpg
2025-09-19 15:41:43.231 [http-nio-8083-exec-7] INFO  c.z.x.oss.biz.strategy.impl.AliyunOSSFileStrategy - ==> 上传文件至阿里云 OSS 成功，访问路径: https://my-xiaohongshu-oss.oss-cn-guangzhou.aliyuncs.com/7646a2ab37d647c9bfb51b273f24e814.jpg
2025-09-19 15:41:43.235 [http-nio-8083-exec-7] INFO  c.z.f.b.context.filter.HeaderUserId2ContextFilter - ===== 删除 ThreadLocal， userId: 100
2025-09-19 15:41:53.211 [http-nio-8083-exec-10] INFO  c.z.f.b.context.filter.HeaderUserId2ContextFilter - ## HeaderUserId2ContextFilter, 用户 ID: 100
2025-09-19 15:41:53.366 [http-nio-8083-exec-10] ERROR c.z.x.oss.biz.exception.GlobalExceptionHandler - /file/upload request error, 
org.springframework.web.multipart.MaxUploadSizeExceededException: Maximum upload size exceeded
	at org.springframework.web.multipart.support.StandardMultipartHttpServletRequest.handleParseFailure(StandardMultipartHttpServletRequest.java:119)
	at org.springframework.web.multipart.support.StandardMultipartHttpServletRequest.parseRequest(StandardMultipartHttpServletRequest.java:110)
	at org.springframework.web.multipart.support.StandardMultipartHttpServletRequest.<init>(StandardMultipartHttpServletRequest.java:86)
	at org.springframework.web.multipart.support.StandardServletMultipartResolver.resolveMultipart(StandardServletMultipartResolver.java:112)
	at org.springframework.web.servlet.DispatcherServlet.checkMultipart(DispatcherServlet.java:1218)
	at org.springframework.web.servlet.DispatcherServlet.doDispatch(DispatcherServlet.java:1052)
	at org.springframework.web.servlet.DispatcherServlet.doService(DispatcherServlet.java:973)
	at org.springframework.web.servlet.FrameworkServlet.processRequest(FrameworkServlet.java:1011)
	at org.springframework.web.servlet.FrameworkServlet.doPost(FrameworkServlet.java:914)
	at jakarta.servlet.http.HttpServlet.service(HttpServlet.java:547)
	at org.springframework.web.servlet.FrameworkServlet.service(FrameworkServlet.java:885)
	at jakarta.servlet.http.HttpServlet.service(HttpServlet.java:614)
	at org.apache.catalina.core.ApplicationFilterChain.internalDoFilter(ApplicationFilterChain.java:223)
	at org.apache.catalina.core.ApplicationFilterChain.doFilter(ApplicationFilterChain.java:158)
	at org.apache.tomcat.websocket.server.WsFilter.doFilter(WsFilter.java:53)
	at org.apache.catalina.core.ApplicationFilterChain.internalDoFilter(ApplicationFilterChain.java:185)
	at org.apache.catalina.core.ApplicationFilterChain.doFilter(ApplicationFilterChain.java:158)
	at com.zry.framework.biz.context.filter.HeaderUserId2ContextFilter.doFilterInternal(HeaderUserId2ContextFilter.java:33)
	at org.springframework.web.filter.OncePerRequestFilter.doFilter(OncePerRequestFilter.java:116)
	at org.apache.catalina.core.ApplicationFilterChain.internalDoFilter(ApplicationFilterChain.java:185)
	at org.apache.catalina.core.ApplicationFilterChain.doFilter(ApplicationFilterChain.java:158)
	at org.springframework.web.filter.RequestContextFilter.doFilterInternal(RequestContextFilter.java:100)
	at org.springframework.web.filter.OncePerRequestFilter.doFilter(OncePerRequestFilter.java:116)
	at org.apache.catalina.core.ApplicationFilterChain.internalDoFilter(ApplicationFilterChain.java:185)
	at org.apache.catalina.core.ApplicationFilterChain.doFilter(ApplicationFilterChain.java:158)
	at org.springframework.web.filter.FormContentFilter.doFilterInternal(FormContentFilter.java:93)
	at org.springframework.web.filter.OncePerRequestFilter.doFilter(OncePerRequestFilter.java:116)
	at org.apache.catalina.core.ApplicationFilterChain.internalDoFilter(ApplicationFilterChain.java:185)
	at org.apache.catalina.core.ApplicationFilterChain.doFilter(ApplicationFilterChain.java:158)
	at org.springframework.web.filter.CharacterEncodingFilter.doFilterInternal(CharacterEncodingFilter.java:201)
	at org.springframework.web.filter.OncePerRequestFilter.doFilter(OncePerRequestFilter.java:116)
	at org.apache.catalina.core.ApplicationFilterChain.internalDoFilter(ApplicationFilterChain.java:185)
	at org.apache.catalina.core.ApplicationFilterChain.doFilter(ApplicationFilterChain.java:158)
	at org.apache.catalina.core.StandardWrapperValve.invoke(StandardWrapperValve.java:177)
	at org.apache.catalina.core.StandardContextValve.invoke(StandardContextValve.java:97)
	at org.apache.catalina.authenticator.AuthenticatorBase.invoke(AuthenticatorBase.java:542)
	at org.apache.catalina.core.StandardHostValve.invoke(StandardHostValve.java:119)
	at org.apache.catalina.valves.ErrorReportValve.invoke(ErrorReportValve.java:92)
	at org.apache.catalina.core.StandardEngineValve.invoke(StandardEngineValve.java:78)
	at org.apache.catalina.connector.CoyoteAdapter.service(CoyoteAdapter.java:357)
	at org.apache.coyote.http11.Http11Processor.service(Http11Processor.java:400)
	at org.apache.coyote.AbstractProcessorLight.process(AbstractProcessorLight.java:65)
	at org.apache.coyote.AbstractProtocol$ConnectionHandler.process(AbstractProtocol.java:859)
	at org.apache.tomcat.util.net.NioEndpoint$SocketProcessor.doRun(NioEndpoint.java:1734)
	at org.apache.tomcat.util.net.SocketProcessorBase.run(SocketProcessorBase.java:52)
	at org.apache.tomcat.util.threads.ThreadPoolExecutor.runWorker(ThreadPoolExecutor.java:1191)
	at org.apache.tomcat.util.threads.ThreadPoolExecutor$Worker.run(ThreadPoolExecutor.java:659)
	at org.apache.tomcat.util.threads.TaskThread$WrappingRunnable.run(TaskThread.java:61)
	at java.base/java.lang.Thread.run(Thread.java:842)
Caused by: java.lang.IllegalStateException: org.apache.tomcat.util.http.fileupload.impl.FileSizeLimitExceededException: The field file exceeds its maximum permitted size of 10485760 bytes.
	at org.apache.catalina.connector.Request.parseParts(Request.java:2926)
	at org.apache.catalina.connector.Request.getParts(Request.java:2778)
	at org.apache.catalina.connector.RequestFacade.getParts(RequestFacade.java:1074)
	at org.springframework.web.multipart.support.StandardMultipartHttpServletRequest.parseRequest(StandardMultipartHttpServletRequest.java:93)
	... 47 common frames omitted
Caused by: org.apache.tomcat.util.http.fileupload.impl.FileSizeLimitExceededException: The field file exceeds its maximum permitted size of 10485760 bytes.
	at org.apache.tomcat.util.http.fileupload.impl.FileItemStreamImpl$1.raiseError(FileItemStreamImpl.java:117)
	at org.apache.tomcat.util.http.fileupload.util.LimitedInputStream.checkLimit(LimitedInputStream.java:76)
	at org.apache.tomcat.util.http.fileupload.util.LimitedInputStream.read(LimitedInputStream.java:135)
	at java.base/java.io.FilterInputStream.read(FilterInputStream.java:106)
	at org.apache.tomcat.util.http.fileupload.util.Streams.copy(Streams.java:96)
	at org.apache.tomcat.util.http.fileupload.FileUploadBase.parseRequest(FileUploadBase.java:292)
	at org.apache.catalina.connector.Request.parseParts(Request.java:2884)
	... 50 common frames omitted
2025-09-19 15:41:53.397 [http-nio-8083-exec-10] INFO  c.z.f.b.context.filter.HeaderUserId2ContextFilter - ===== 删除 ThreadLocal， userId: 100
2025-09-19 15:42:13.536 [http-nio-8083-exec-9] INFO  c.z.f.b.context.filter.HeaderUserId2ContextFilter - ## HeaderUserId2ContextFilter, 用户 ID: 100
2025-09-19 15:42:13.553 [http-nio-8083-exec-9] INFO  c.z.xiaohongshu.oss.biz.controller.FileController - ==> 用户： 100
2025-09-19 15:42:13.554 [http-nio-8083-exec-9] INFO  c.z.x.oss.biz.strategy.impl.AliyunOSSFileStrategy - ## 上传文件至阿里云 OSS ...
2025-09-19 15:42:13.554 [http-nio-8083-exec-9] INFO  c.z.x.oss.biz.strategy.impl.AliyunOSSFileStrategy - ==> 开始上传文件至阿里云 OSS, ObjectName: 97165a5db3bb49b08b4418504bef8614.jpg
2025-09-19 15:42:13.734 [http-nio-8083-exec-9] INFO  c.z.x.oss.biz.strategy.impl.AliyunOSSFileStrategy - ==> 上传文件至阿里云 OSS 成功，访问路径: https://my-xiaohongshu-oss.oss-cn-guangzhou.aliyuncs.com/97165a5db3bb49b08b4418504bef8614.jpg
2025-09-19 15:42:13.738 [http-nio-8083-exec-9] INFO  c.z.f.b.context.filter.HeaderUserId2ContextFilter - ===== 删除 ThreadLocal， userId: 100
2025-09-19 15:42:48.978 [http-nio-8083-exec-1] INFO  c.z.f.b.context.filter.HeaderUserId2ContextFilter - ## HeaderUserId2ContextFilter, 用户 ID: 100
2025-09-19 15:42:49.064 [http-nio-8083-exec-1] INFO  c.z.xiaohongshu.oss.biz.controller.FileController - ==> 用户： 100
2025-09-19 15:42:49.065 [http-nio-8083-exec-1] INFO  c.z.x.oss.biz.strategy.impl.AliyunOSSFileStrategy - ## 上传文件至阿里云 OSS ...
2025-09-19 15:42:49.065 [http-nio-8083-exec-1] INFO  c.z.x.oss.biz.strategy.impl.AliyunOSSFileStrategy - ==> 开始上传文件至阿里云 OSS, ObjectName: bf50637e131948f1aefa8762d3f72ed1.jpg
2025-09-19 15:42:49.490 [http-nio-8083-exec-1] INFO  c.z.x.oss.biz.strategy.impl.AliyunOSSFileStrategy - ==> 上传文件至阿里云 OSS 成功，访问路径: https://my-xiaohongshu-oss.oss-cn-guangzhou.aliyuncs.com/bf50637e131948f1aefa8762d3f72ed1.jpg
2025-09-19 15:42:49.492 [http-nio-8083-exec-1] INFO  c.z.f.b.context.filter.HeaderUserId2ContextFilter - ===== 删除 ThreadLocal， userId: 100
2025-09-19 15:42:55.338 [http-nio-8083-exec-3] INFO  c.z.f.b.context.filter.HeaderUserId2ContextFilter - ## HeaderUserId2ContextFilter, 用户 ID: 100
2025-09-19 15:42:55.403 [http-nio-8083-exec-3] INFO  c.z.xiaohongshu.oss.biz.controller.FileController - ==> 用户： 100
2025-09-19 15:42:55.404 [http-nio-8083-exec-3] INFO  c.z.x.oss.biz.strategy.impl.AliyunOSSFileStrategy - ## 上传文件至阿里云 OSS ...
2025-09-19 15:42:55.404 [http-nio-8083-exec-3] INFO  c.z.x.oss.biz.strategy.impl.AliyunOSSFileStrategy - ==> 开始上传文件至阿里云 OSS, ObjectName: b78a05d515f24879b9dac6eab625caab.jpg
2025-09-19 15:42:55.828 [http-nio-8083-exec-3] INFO  c.z.x.oss.biz.strategy.impl.AliyunOSSFileStrategy - ==> 上传文件至阿里云 OSS 成功，访问路径: https://my-xiaohongshu-oss.oss-cn-guangzhou.aliyuncs.com/b78a05d515f24879b9dac6eab625caab.jpg
2025-09-19 15:42:55.831 [http-nio-8083-exec-3] INFO  c.z.f.b.context.filter.HeaderUserId2ContextFilter - ===== 删除 ThreadLocal， userId: 100
2025-09-19 16:12:08.122 [http-nio-8083-exec-5] INFO  c.z.f.b.context.filter.HeaderUserId2ContextFilter - ## HeaderUserId2ContextFilter, 用户 ID: 100
2025-09-19 16:12:08.196 [http-nio-8083-exec-5] INFO  c.z.xiaohongshu.oss.biz.controller.FileController - ==> 用户： 100
2025-09-19 16:12:08.201 [http-nio-8083-exec-5] INFO  c.z.x.oss.biz.strategy.impl.AliyunOSSFileStrategy - ## 上传文件至阿里云 OSS ...
2025-09-19 16:12:08.204 [http-nio-8083-exec-5] INFO  c.z.x.oss.biz.strategy.impl.AliyunOSSFileStrategy - ==> 开始上传文件至阿里云 OSS, ObjectName: ca709c5d72304bedbcf9ee14e4a3bcb2.jpg
2025-09-19 16:12:08.521 [http-nio-8083-exec-5] INFO  c.z.x.oss.biz.strategy.impl.AliyunOSSFileStrategy - ==> 上传文件至阿里云 OSS 成功，访问路径: https://my-xiaohongshu-oss.oss-cn-guangzhou.aliyuncs.com/ca709c5d72304bedbcf9ee14e4a3bcb2.jpg
2025-09-19 16:12:08.551 [http-nio-8083-exec-5] INFO  c.z.f.b.context.filter.HeaderUserId2ContextFilter - ===== 删除 ThreadLocal， userId: 100
2025-09-19 16:34:49.461 [http-nio-8083-exec-4] INFO  c.z.f.b.context.filter.HeaderUserId2ContextFilter - ## HeaderUserId2ContextFilter, 用户 ID: 100
2025-09-19 16:34:49.497 [http-nio-8083-exec-4] INFO  c.z.xiaohongshu.oss.biz.controller.FileController - ==> 用户： 100
2025-09-19 16:34:49.499 [http-nio-8083-exec-4] INFO  c.z.x.oss.biz.strategy.impl.AliyunOSSFileStrategy - ## 上传文件至阿里云 OSS ...
2025-09-19 16:34:49.499 [http-nio-8083-exec-4] INFO  c.z.x.oss.biz.strategy.impl.AliyunOSSFileStrategy - ==> 开始上传文件至阿里云 OSS, ObjectName: 9da2f7436f554a72be23760fef72232e.jpg
2025-09-19 16:34:49.736 [http-nio-8083-exec-4] INFO  c.z.x.oss.biz.strategy.impl.AliyunOSSFileStrategy - ==> 上传文件至阿里云 OSS 成功，访问路径: https://my-xiaohongshu-oss.oss-cn-guangzhou.aliyuncs.com/9da2f7436f554a72be23760fef72232e.jpg
2025-09-19 16:34:49.754 [http-nio-8083-exec-4] INFO  c.z.f.b.context.filter.HeaderUserId2ContextFilter - ===== 删除 ThreadLocal， userId: 100
2025-09-19 16:34:52.381 [http-nio-8083-exec-6] INFO  c.z.f.b.context.filter.HeaderUserId2ContextFilter - ## HeaderUserId2ContextFilter, 用户 ID: 100
2025-09-19 16:34:52.398 [http-nio-8083-exec-6] INFO  c.z.xiaohongshu.oss.biz.controller.FileController - ==> 用户： 100
2025-09-19 16:34:52.399 [http-nio-8083-exec-6] INFO  c.z.x.oss.biz.strategy.impl.AliyunOSSFileStrategy - ## 上传文件至阿里云 OSS ...
2025-09-19 16:34:52.399 [http-nio-8083-exec-6] INFO  c.z.x.oss.biz.strategy.impl.AliyunOSSFileStrategy - ==> 开始上传文件至阿里云 OSS, ObjectName: 4027b1a2062f471085aa153fa66eb896.jpg
2025-09-19 16:34:52.457 [http-nio-8083-exec-6] INFO  c.z.x.oss.biz.strategy.impl.AliyunOSSFileStrategy - ==> 上传文件至阿里云 OSS 成功，访问路径: https://my-xiaohongshu-oss.oss-cn-guangzhou.aliyuncs.com/4027b1a2062f471085aa153fa66eb896.jpg
2025-09-19 16:34:52.461 [http-nio-8083-exec-6] INFO  c.z.f.b.context.filter.HeaderUserId2ContextFilter - ===== 删除 ThreadLocal， userId: 100
2025-09-19 16:34:55.027 [http-nio-8083-exec-8] INFO  c.z.f.b.context.filter.HeaderUserId2ContextFilter - ## HeaderUserId2ContextFilter, 用户 ID: 100
2025-09-19 16:34:55.033 [http-nio-8083-exec-8] INFO  c.z.xiaohongshu.oss.biz.controller.FileController - ==> 用户： 100
2025-09-19 16:34:55.034 [http-nio-8083-exec-8] INFO  c.z.x.oss.biz.strategy.impl.AliyunOSSFileStrategy - ## 上传文件至阿里云 OSS ...
2025-09-19 16:34:55.035 [http-nio-8083-exec-8] INFO  c.z.x.oss.biz.strategy.impl.AliyunOSSFileStrategy - ==> 开始上传文件至阿里云 OSS, ObjectName: 0a969ba596e24f3fa1d8634ce66dcaca.jpg
2025-09-19 16:34:55.100 [http-nio-8083-exec-8] INFO  c.z.x.oss.biz.strategy.impl.AliyunOSSFileStrategy - ==> 上传文件至阿里云 OSS 成功，访问路径: https://my-xiaohongshu-oss.oss-cn-guangzhou.aliyuncs.com/0a969ba596e24f3fa1d8634ce66dcaca.jpg
2025-09-19 16:34:55.103 [http-nio-8083-exec-8] INFO  c.z.f.b.context.filter.HeaderUserId2ContextFilter - ===== 删除 ThreadLocal， userId: 100
2025-09-19 17:10:35.449 [Thread-9] WARN  com.alibaba.nacos.common.notify.NotifyCenter - [NotifyCenter] Start destroying Publisher
2025-09-19 17:10:35.449 [Thread-2] WARN  c.alibaba.nacos.common.http.HttpClientBeanHolder - [HttpClientBeanHolder] Start destroying common HttpClient
2025-09-19 17:10:35.459 [Thread-9] WARN  com.alibaba.nacos.common.notify.NotifyCenter - [NotifyCenter] Destruction of the end
2025-09-19 17:10:35.476 [Thread-2] WARN  c.alibaba.nacos.common.http.HttpClientBeanHolder - [HttpClientBeanHolder] Destruction of the end
2025-09-19 17:10:35.784 [SpringApplicationShutdownHook] INFO  c.a.cloud.nacos.registry.NacosServiceRegistry - De-registering from Nacos Server now...
2025-09-19 17:10:35.786 [SpringApplicationShutdownHook] INFO  com.alibaba.nacos.client.naming - [DEREGISTER-SERVICE] xiaohongshu deregistering service xiaohongshu-oss with instance: Instance{instanceId='null', ip='10.91.138.46', port=8083, weight=1.0, healthy=true, enabled=true, ephemeral=true, clusterName='DEFAULT', serviceName='null', metadata={}}
2025-09-19 17:10:36.002 [SpringApplicationShutdownHook] INFO  c.a.cloud.nacos.registry.NacosServiceRegistry - De-registration finished.
2025-09-19 17:10:36.003 [SpringApplicationShutdownHook] INFO  com.alibaba.nacos.client.naming - com.alibaba.nacos.client.naming.cache.ServiceInfoHolder do shutdown begin
2025-09-19 17:10:36.003 [SpringApplicationShutdownHook] INFO  com.alibaba.nacos.client.naming - com.alibaba.nacos.client.naming.backups.FailoverReactor do shutdown begin
2025-09-19 17:10:36.004 [SpringApplicationShutdownHook] INFO  com.alibaba.nacos.client.naming - com.alibaba.nacos.client.naming.backups.FailoverReactor do shutdown stop
2025-09-19 17:10:36.004 [SpringApplicationShutdownHook] INFO  com.alibaba.nacos.client.naming - com.alibaba.nacos.client.naming.cache.ServiceInfoHolder do shutdown stop
2025-09-19 17:10:36.005 [SpringApplicationShutdownHook] INFO  com.alibaba.nacos.client.naming - com.alibaba.nacos.client.naming.remote.NamingClientProxyDelegate do shutdown begin
2025-09-19 17:10:36.005 [SpringApplicationShutdownHook] INFO  com.alibaba.nacos.client.naming - com.alibaba.nacos.client.naming.core.ServiceInfoUpdateService do shutdown begin
2025-09-19 17:10:36.005 [SpringApplicationShutdownHook] INFO  com.alibaba.nacos.client.naming - com.alibaba.nacos.client.naming.core.ServiceInfoUpdateService do shutdown stop
2025-09-19 17:10:36.005 [SpringApplicationShutdownHook] INFO  com.alibaba.nacos.client.naming - com.alibaba.nacos.client.naming.core.ServerListManager do shutdown begin
2025-09-19 17:10:36.005 [SpringApplicationShutdownHook] WARN  com.alibaba.nacos.client.naming - [NamingHttpClientManager] Start destroying NacosRestTemplate
2025-09-19 17:10:36.006 [SpringApplicationShutdownHook] WARN  com.alibaba.nacos.client.naming - [NamingHttpClientManager] Destruction of the end
2025-09-19 17:10:36.006 [SpringApplicationShutdownHook] INFO  com.alibaba.nacos.client.naming - com.alibaba.nacos.client.naming.core.ServerListManager do shutdown stop
2025-09-19 17:10:36.006 [SpringApplicationShutdownHook] INFO  com.alibaba.nacos.client.naming - com.alibaba.nacos.client.naming.remote.http.NamingHttpClientProxy do shutdown begin
2025-09-19 17:10:36.006 [SpringApplicationShutdownHook] WARN  com.alibaba.nacos.client.naming - [NamingHttpClientManager] Start destroying NacosRestTemplate
2025-09-19 17:10:36.006 [SpringApplicationShutdownHook] WARN  com.alibaba.nacos.client.naming - [NamingHttpClientManager] Destruction of the end
2025-09-19 17:10:36.006 [SpringApplicationShutdownHook] INFO  com.alibaba.nacos.client.naming - com.alibaba.nacos.client.naming.remote.http.NamingHttpClientProxy do shutdown stop
2025-09-19 17:10:36.006 [SpringApplicationShutdownHook] INFO  com.alibaba.nacos.common.remote.client - Shutdown rpc client, set status to shutdown
2025-09-19 17:10:36.007 [SpringApplicationShutdownHook] INFO  com.alibaba.nacos.common.remote.client - Shutdown client event executor java.util.concurrent.ScheduledThreadPoolExecutor@41a0773d[Running, pool size = 2, active threads = 2, queued tasks = 0, completed tasks = 0]
2025-09-19 17:10:36.007 [SpringApplicationShutdownHook] INFO  com.alibaba.nacos.common.remote.client - Close current connection 1758266856286_120.85.130.202_59069
2025-09-19 17:10:36.027 [nacos-grpc-client-executor-47.236.36.111-1244] WARN  c.a.nacos.common.remote.client.grpc.GrpcClient - [1758266856286_120.85.130.202_59069]Ignore error event,isRunning:false,isAbandon=false
2025-09-19 17:10:36.035 [SpringApplicationShutdownHook] INFO  c.a.nacos.common.remote.client.grpc.GrpcClient - Shutdown grpc executor java.util.concurrent.ThreadPoolExecutor@3c62c167[Running, pool size = 5, active threads = 0, queued tasks = 0, completed tasks = 1245]
2025-09-19 17:10:36.035 [SpringApplicationShutdownHook] INFO  com.alibaba.nacos.client.naming - Shutdown grpc redo service executor java.util.concurrent.ScheduledThreadPoolExecutor@1fd73c76[Running, pool size = 1, active threads = 0, queued tasks = 1, completed tasks = 2054]
2025-09-19 17:10:36.036 [SpringApplicationShutdownHook] INFO  c.a.n.client.auth.ram.identify.CredentialWatcher - [null] CredentialWatcher is stopped
2025-09-19 17:10:36.036 [SpringApplicationShutdownHook] INFO  c.a.n.client.auth.ram.identify.CredentialService - [null] CredentialService is freed
2025-09-19 17:10:36.037 [SpringApplicationShutdownHook] INFO  com.alibaba.nacos.client.naming - com.alibaba.nacos.client.naming.remote.NamingClientProxyDelegate do shutdown stop
