2025-07-14 18:03:10.504 [main] WARN  com.alibaba.nacos.client.logging.NacosLogging - Load Logback Configuration of Nacos fail, message: Could not initialize Logback Nacos logging from classpath:nacos-logback.xml
2025-07-14 18:03:10.559 [main] WARN  com.alibaba.nacos.client.logging.NacosLogging - Load Logback Configuration of Nacos fail, message: Could not initialize Logback Nacos logging from classpath:nacos-logback.xml
2025-07-14 18:03:10.993 [main] WARN  com.alibaba.nacos.client.logging.NacosLogging - Load Logback Configuration of Nacos fail, message: Could not initialize Logback Nacos logging from classpath:nacos-logback.xml
2025-07-14 18:03:11.003 [main] WARN  com.alibaba.nacos.client.logging.NacosLogging - Load Logback Configuration of Nacos fail, message: Could not initialize Logback Nacos logging from classpath:nacos-logback.xml
2025-07-14 18:03:11.004 [main] INFO  c.z.x.oss.biz.XiaohongshuOssBizApplication - The following 1 profile is active: "dev"
2025-07-14 18:03:11.421 [main] INFO  o.springframework.cloud.context.scope.GenericScope - BeanFactory id=60b7d310-c2ac-3093-a35d-78cae042d75c
2025-07-14 18:03:11.863 [main] INFO  o.s.boot.web.embedded.tomcat.TomcatWebServer - Tomcat initialized with port(s): 8082 (http)
2025-07-14 18:03:11.864 [main] INFO  org.apache.catalina.core.AprLifecycleListener - Loaded Apache Tomcat Native library [2.0.3] using APR version [1.7.2].
2025-07-14 18:03:11.880 [main] INFO  org.apache.catalina.core.AprLifecycleListener - OpenSSL successfully initialized [OpenSSL 3.0.8 7 Feb 2023]
2025-07-14 18:03:11.889 [main] INFO  org.apache.catalina.core.StandardService - Starting service [Tomcat]
2025-07-14 18:03:11.890 [main] INFO  org.apache.catalina.core.StandardEngine - Starting Servlet engine: [Apache Tomcat/10.1.5]
2025-07-14 18:03:11.983 [main] INFO  o.a.c.core.ContainerBase.[Tomcat].[localhost].[/] - Initializing Spring embedded WebApplicationContext
2025-07-14 18:03:11.983 [main] INFO  o.s.b.w.s.c.ServletWebServerApplicationContext - Root WebApplicationContext: initialization completed in 970 ms
2025-07-14 18:03:12.749 [main] INFO  o.s.boot.web.embedded.tomcat.TomcatWebServer - Tomcat started on port(s): 8082 (http) with context path ''
2025-07-14 18:03:12.757 [main] WARN  com.alibaba.nacos.client.logging.NacosLogging - Load Logback Configuration of Nacos fail, message: Could not initialize Logback Nacos logging from classpath:nacos-logback.xml
2025-07-14 18:03:12.757 [main] INFO  com.alibaba.nacos.client.naming - initializer namespace from ans.namespace attribute : null
2025-07-14 18:03:12.757 [main] INFO  com.alibaba.nacos.client.naming - initializer namespace from ALIBABA_ALIWARE_NAMESPACE attribute :null
2025-07-14 18:03:12.757 [main] INFO  com.alibaba.nacos.client.naming - initializer namespace from namespace attribute :null
2025-07-14 18:03:12.781 [main] INFO  com.alibaba.nacos.client.utils.ParamUtil - [settings] [req-serv] nacos-server port:8848
2025-07-14 18:03:12.781 [main] INFO  com.alibaba.nacos.client.utils.ParamUtil - [settings] [http-client] connect timeout:1000
2025-07-14 18:03:12.782 [main] INFO  com.alibaba.nacos.client.utils.ParamUtil - PER_TASK_CONFIG_SIZE: 3000.0
2025-07-14 18:03:12.786 [main] INFO  c.a.n.p.auth.spi.client.ClientAuthPluginManager - [ClientAuthPluginManager] Load ClientAuthService com.alibaba.nacos.client.auth.impl.NacosClientAuthServiceImpl success.
2025-07-14 18:03:12.786 [main] INFO  c.a.n.p.auth.spi.client.ClientAuthPluginManager - [ClientAuthPluginManager] Load ClientAuthService com.alibaba.nacos.client.auth.ram.RamClientAuthServiceImpl success.
2025-07-14 18:03:12.788 [main] INFO  c.a.n.client.auth.ram.identify.CredentialWatcher - null No credential found
2025-07-14 18:03:12.798 [main] INFO  com.alibaba.nacos.common.remote.client - [RpcClientFactory] create a new rpc client of eed43711-c90b-4d54-9288-caf17e9fc85a
2025-07-14 18:03:12.815 [main] INFO  com.alibaba.nacos.common.remote.client - [eed43711-c90b-4d54-9288-caf17e9fc85a] RpcClient init, ServerListFactory = com.alibaba.nacos.client.naming.core.ServerListManager
2025-07-14 18:03:12.816 [main] INFO  com.alibaba.nacos.common.remote.client - [eed43711-c90b-4d54-9288-caf17e9fc85a] Registry connection listener to current client:com.alibaba.nacos.client.naming.remote.gprc.redo.NamingGrpcRedoService
2025-07-14 18:03:12.816 [main] INFO  com.alibaba.nacos.common.remote.client - [eed43711-c90b-4d54-9288-caf17e9fc85a] Register server push request handler:com.alibaba.nacos.client.naming.remote.gprc.NamingPushRequestHandler
2025-07-14 18:03:12.817 [main] INFO  com.alibaba.nacos.common.remote.client - [eed43711-c90b-4d54-9288-caf17e9fc85a] Try to connect to server on start up, server: {serverIp = '47.236.36.111', server main port = 8848}
2025-07-14 18:03:12.844 [main] INFO  c.a.nacos.common.remote.client.grpc.GrpcClient - grpc client connection server:47.236.36.111 ip,serverPort:9848,grpcTslConfig:{"sslProvider":"OPENSSL","enableTls":false,"mutualAuthEnable":false,"trustAll":false}
2025-07-14 18:03:13.864 [main] INFO  com.alibaba.nacos.common.remote.client - [eed43711-c90b-4d54-9288-caf17e9fc85a] Success to connect to server [47.236.36.111:8848] on start up, connectionId = 1752487393578_112.94.129.200_5467
2025-07-14 18:03:13.864 [com.alibaba.nacos.client.remote.worker] INFO  com.alibaba.nacos.common.remote.client - [eed43711-c90b-4d54-9288-caf17e9fc85a] Notify connected event to listeners.
2025-07-14 18:03:13.865 [com.alibaba.nacos.client.remote.worker] INFO  com.alibaba.nacos.client.naming - Grpc connection connect
2025-07-14 18:03:13.865 [main] INFO  com.alibaba.nacos.common.remote.client - [eed43711-c90b-4d54-9288-caf17e9fc85a] Register server push request handler:com.alibaba.nacos.common.remote.client.RpcClient$ConnectResetRequestHandler
2025-07-14 18:03:13.865 [main] INFO  com.alibaba.nacos.common.remote.client - [eed43711-c90b-4d54-9288-caf17e9fc85a] Register server push request handler:com.alibaba.nacos.common.remote.client.RpcClient$$Lambda$911/0x000001b4486470a8
2025-07-14 18:03:13.866 [main] INFO  com.alibaba.nacos.client.naming - [REGISTER-SERVICE] xiaohongshu registering service xiaohongshu-oss with instance Instance{instanceId='null', ip='10.2.66.10', port=8082, weight=1.0, healthy=true, enabled=true, ephemeral=true, clusterName='DEFAULT', serviceName='null', metadata={IPv6=null, preserved.register.source=SPRING_CLOUD}}
2025-07-14 18:03:14.337 [main] INFO  c.a.cloud.nacos.registry.NacosServiceRegistry - nacos registry, DEFAULT_GROUP xiaohongshu-oss 10.2.66.10:8082 register finished
2025-07-14 18:03:14.467 [main] INFO  c.z.x.oss.biz.XiaohongshuOssBizApplication - Started XiaohongshuOssBizApplication in 4.58 seconds (process running for 5.277)
2025-07-14 18:40:16.336 [com.alibaba.nacos.client.remote.worker] INFO  com.alibaba.nacos.common.remote.client - [eed43711-c90b-4d54-9288-caf17e9fc85a] Server healthy check fail, currentConnection = 1752487393578_112.94.129.200_5467
2025-07-14 18:40:16.339 [com.alibaba.nacos.client.remote.worker] INFO  com.alibaba.nacos.common.remote.client - [eed43711-c90b-4d54-9288-caf17e9fc85a] Try to reconnect to a new server, server is  not appointed, will choose a random server.
2025-07-14 18:40:16.339 [com.alibaba.nacos.client.remote.worker] INFO  c.a.nacos.common.remote.client.grpc.GrpcClient - grpc client connection server:47.236.36.111 ip,serverPort:9848,grpcTslConfig:{"sslProvider":"OPENSSL","enableTls":false,"mutualAuthEnable":false,"trustAll":false}
2025-07-14 18:40:19.342 [com.alibaba.nacos.client.remote.worker] ERROR c.a.nacos.common.remote.client.grpc.GrpcClient - Server check fail, please check server 47.236.36.111 ,port 9848 is available , error ={}
java.util.concurrent.TimeoutException: Waited 3000 milliseconds (plus 946100 nanoseconds delay) for com.alibaba.nacos.shaded.io.grpc.stub.ClientCalls$GrpcFuture@70ce0575[status=PENDING, info=[GrpcFuture{clientCall=PendingCall{realCall=ClientCallImpl{method=MethodDescriptor{fullMethodName=Request/request, type=UNARY, idempotent=false, safe=false, sampledToLocalTracing=true, requestMarshaller=com.alibaba.nacos.shaded.io.grpc.protobuf.lite.ProtoLiteUtils$MessageMarshaller@595fc87e, responseMarshaller=com.alibaba.nacos.shaded.io.grpc.protobuf.lite.ProtoLiteUtils$MessageMarshaller@5ab55cb1, schemaDescriptor=com.alibaba.nacos.api.grpc.auto.RequestGrpc$RequestMethodDescriptorSupplier@5ad898a2}}}}]]
	at com.alibaba.nacos.shaded.com.google.common.util.concurrent.AbstractFuture.get(AbstractFuture.java:508)
	at com.alibaba.nacos.common.remote.client.grpc.GrpcClient.serverCheck(GrpcClient.java:218)
	at com.alibaba.nacos.common.remote.client.grpc.GrpcClient.connectToServer(GrpcClient.java:329)
	at com.alibaba.nacos.common.remote.client.RpcClient.reconnect(RpcClient.java:502)
	at com.alibaba.nacos.common.remote.client.RpcClient.lambda$start$2(RpcClient.java:343)
	at java.base/java.util.concurrent.Executors$RunnableAdapter.call(Executors.java:539)
	at java.base/java.util.concurrent.FutureTask.run(FutureTask.java:264)
	at java.base/java.util.concurrent.ScheduledThreadPoolExecutor$ScheduledFutureTask.run(ScheduledThreadPoolExecutor.java:304)
	at java.base/java.util.concurrent.ThreadPoolExecutor.runWorker(ThreadPoolExecutor.java:1136)
	at java.base/java.util.concurrent.ThreadPoolExecutor$Worker.run(ThreadPoolExecutor.java:635)
	at java.base/java.lang.Thread.run(Thread.java:842)
2025-07-14 18:40:19.467 [com.alibaba.nacos.client.remote.worker] INFO  c.a.nacos.common.remote.client.grpc.GrpcClient - grpc client connection server:47.236.36.111 ip,serverPort:9848,grpcTslConfig:{"sslProvider":"OPENSSL","enableTls":false,"mutualAuthEnable":false,"trustAll":false}
2025-07-14 18:40:22.477 [com.alibaba.nacos.client.remote.worker] ERROR c.a.nacos.common.remote.client.grpc.GrpcClient - Server check fail, please check server 47.236.36.111 ,port 9848 is available , error ={}
java.util.concurrent.TimeoutException: Waited 3000 milliseconds (plus 9 milliseconds, 54200 nanoseconds delay) for com.alibaba.nacos.shaded.io.grpc.stub.ClientCalls$GrpcFuture@c1c739[status=PENDING, info=[GrpcFuture{clientCall=PendingCall{realCall=ClientCallImpl{method=MethodDescriptor{fullMethodName=Request/request, type=UNARY, idempotent=false, safe=false, sampledToLocalTracing=true, requestMarshaller=com.alibaba.nacos.shaded.io.grpc.protobuf.lite.ProtoLiteUtils$MessageMarshaller@595fc87e, responseMarshaller=com.alibaba.nacos.shaded.io.grpc.protobuf.lite.ProtoLiteUtils$MessageMarshaller@5ab55cb1, schemaDescriptor=com.alibaba.nacos.api.grpc.auto.RequestGrpc$RequestMethodDescriptorSupplier@5ad898a2}}}}]]
	at com.alibaba.nacos.shaded.com.google.common.util.concurrent.AbstractFuture.get(AbstractFuture.java:508)
	at com.alibaba.nacos.common.remote.client.grpc.GrpcClient.serverCheck(GrpcClient.java:218)
	at com.alibaba.nacos.common.remote.client.grpc.GrpcClient.connectToServer(GrpcClient.java:329)
	at com.alibaba.nacos.common.remote.client.RpcClient.reconnect(RpcClient.java:502)
	at com.alibaba.nacos.common.remote.client.RpcClient.lambda$start$2(RpcClient.java:343)
	at java.base/java.util.concurrent.Executors$RunnableAdapter.call(Executors.java:539)
	at java.base/java.util.concurrent.FutureTask.run(FutureTask.java:264)
	at java.base/java.util.concurrent.ScheduledThreadPoolExecutor$ScheduledFutureTask.run(ScheduledThreadPoolExecutor.java:304)
	at java.base/java.util.concurrent.ThreadPoolExecutor.runWorker(ThreadPoolExecutor.java:1136)
	at java.base/java.util.concurrent.ThreadPoolExecutor$Worker.run(ThreadPoolExecutor.java:635)
	at java.base/java.lang.Thread.run(Thread.java:842)
2025-07-14 18:40:22.477 [com.alibaba.nacos.client.remote.worker] INFO  com.alibaba.nacos.common.remote.client - [eed43711-c90b-4d54-9288-caf17e9fc85a] Fail to connect server, after trying 1 times, last try server is {serverIp = '47.236.36.111', server main port = 8848}, error = unknown
2025-07-14 18:40:22.679 [com.alibaba.nacos.client.remote.worker] INFO  c.a.nacos.common.remote.client.grpc.GrpcClient - grpc client connection server:47.236.36.111 ip,serverPort:9848,grpcTslConfig:{"sslProvider":"OPENSSL","enableTls":false,"mutualAuthEnable":false,"trustAll":false}
2025-07-14 18:40:25.690 [com.alibaba.nacos.client.remote.worker] ERROR c.a.nacos.common.remote.client.grpc.GrpcClient - Server check fail, please check server 47.236.36.111 ,port 9848 is available , error ={}
java.util.concurrent.TimeoutException: Waited 3000 milliseconds (plus 8 milliseconds, 987500 nanoseconds delay) for com.alibaba.nacos.shaded.io.grpc.stub.ClientCalls$GrpcFuture@1e639799[status=PENDING, info=[GrpcFuture{clientCall=PendingCall{realCall=ClientCallImpl{method=MethodDescriptor{fullMethodName=Request/request, type=UNARY, idempotent=false, safe=false, sampledToLocalTracing=true, requestMarshaller=com.alibaba.nacos.shaded.io.grpc.protobuf.lite.ProtoLiteUtils$MessageMarshaller@595fc87e, responseMarshaller=com.alibaba.nacos.shaded.io.grpc.protobuf.lite.ProtoLiteUtils$MessageMarshaller@5ab55cb1, schemaDescriptor=com.alibaba.nacos.api.grpc.auto.RequestGrpc$RequestMethodDescriptorSupplier@5ad898a2}}}}]]
	at com.alibaba.nacos.shaded.com.google.common.util.concurrent.AbstractFuture.get(AbstractFuture.java:508)
	at com.alibaba.nacos.common.remote.client.grpc.GrpcClient.serverCheck(GrpcClient.java:218)
	at com.alibaba.nacos.common.remote.client.grpc.GrpcClient.connectToServer(GrpcClient.java:329)
	at com.alibaba.nacos.common.remote.client.RpcClient.reconnect(RpcClient.java:502)
	at com.alibaba.nacos.common.remote.client.RpcClient.lambda$start$2(RpcClient.java:343)
	at java.base/java.util.concurrent.Executors$RunnableAdapter.call(Executors.java:539)
	at java.base/java.util.concurrent.FutureTask.run(FutureTask.java:264)
	at java.base/java.util.concurrent.ScheduledThreadPoolExecutor$ScheduledFutureTask.run(ScheduledThreadPoolExecutor.java:304)
	at java.base/java.util.concurrent.ThreadPoolExecutor.runWorker(ThreadPoolExecutor.java:1136)
	at java.base/java.util.concurrent.ThreadPoolExecutor$Worker.run(ThreadPoolExecutor.java:635)
	at java.base/java.lang.Thread.run(Thread.java:842)
2025-07-14 18:40:25.690 [com.alibaba.nacos.client.remote.worker] INFO  com.alibaba.nacos.common.remote.client - [eed43711-c90b-4d54-9288-caf17e9fc85a] Fail to connect server, after trying 2 times, last try server is {serverIp = '47.236.36.111', server main port = 8848}, error = unknown
2025-07-14 18:40:26.002 [com.alibaba.nacos.client.remote.worker] INFO  c.a.nacos.common.remote.client.grpc.GrpcClient - grpc client connection server:47.236.36.111 ip,serverPort:9848,grpcTslConfig:{"sslProvider":"OPENSSL","enableTls":false,"mutualAuthEnable":false,"trustAll":false}
2025-07-14 18:40:27.775 [com.alibaba.nacos.client.remote.worker] INFO  com.alibaba.nacos.common.remote.client - [eed43711-c90b-4d54-9288-caf17e9fc85a] Success to connect a server [47.236.36.111:8848], connectionId = 1752489627304_112.94.129.200_5649
2025-07-14 18:40:27.775 [com.alibaba.nacos.client.remote.worker] INFO  com.alibaba.nacos.common.remote.client - [eed43711-c90b-4d54-9288-caf17e9fc85a] Abandon prev connection, server is 47.236.36.111:8848, connectionId is 1752487393578_112.94.129.200_5467
2025-07-14 18:40:27.775 [com.alibaba.nacos.client.remote.worker] INFO  com.alibaba.nacos.common.remote.client - Close current connection 1752487393578_112.94.129.200_5467
2025-07-14 18:40:27.776 [nacos-grpc-client-executor-47.236.36.111-480] WARN  c.a.nacos.common.remote.client.grpc.GrpcClient - [1752487393578_112.94.129.200_5467]Ignore error event,isRunning:true,isAbandon=true
2025-07-14 18:40:27.777 [com.alibaba.nacos.client.remote.worker] INFO  com.alibaba.nacos.common.remote.client - [eed43711-c90b-4d54-9288-caf17e9fc85a] Notify disconnected event to listeners
2025-07-14 18:40:27.777 [com.alibaba.nacos.client.remote.worker] WARN  com.alibaba.nacos.client.naming - Grpc connection disconnect, mark to redo
2025-07-14 18:40:27.778 [com.alibaba.nacos.client.remote.worker] WARN  com.alibaba.nacos.client.naming - mark to redo completed
2025-07-14 18:40:27.778 [com.alibaba.nacos.client.remote.worker] INFO  com.alibaba.nacos.common.remote.client - [eed43711-c90b-4d54-9288-caf17e9fc85a] Notify connected event to listeners.
2025-07-14 18:40:27.779 [com.alibaba.nacos.client.remote.worker] INFO  com.alibaba.nacos.client.naming - Grpc connection connect
2025-07-14 18:40:30.376 [com.alibaba.nacos.client.naming.grpc.redo.0] INFO  com.alibaba.nacos.client.naming - Redo instance operation REGISTER for DEFAULT_GROUP@@xiaohongshu-oss
2025-07-14 19:01:03.935 [Thread-7] WARN  com.alibaba.nacos.common.notify.NotifyCenter - [NotifyCenter] Start destroying Publisher
2025-07-14 19:01:03.935 [Thread-10] WARN  c.alibaba.nacos.common.http.HttpClientBeanHolder - [HttpClientBeanHolder] Start destroying common HttpClient
2025-07-14 19:01:03.935 [Thread-7] WARN  com.alibaba.nacos.common.notify.NotifyCenter - [NotifyCenter] Destruction of the end
2025-07-14 19:01:03.935 [Thread-10] WARN  c.alibaba.nacos.common.http.HttpClientBeanHolder - [HttpClientBeanHolder] Destruction of the end
2025-07-14 19:01:04.058 [SpringApplicationShutdownHook] INFO  c.a.cloud.nacos.registry.NacosServiceRegistry - De-registering from Nacos Server now...
2025-07-14 19:01:04.058 [SpringApplicationShutdownHook] INFO  com.alibaba.nacos.client.naming - [DEREGISTER-SERVICE] xiaohongshu deregistering service xiaohongshu-oss with instance: Instance{instanceId='null', ip='10.2.66.10', port=8082, weight=1.0, healthy=true, enabled=true, ephemeral=true, clusterName='DEFAULT', serviceName='null', metadata={}}
2025-07-14 19:01:05.333 [SpringApplicationShutdownHook] INFO  c.a.cloud.nacos.registry.NacosServiceRegistry - De-registration finished.
2025-07-14 19:01:05.334 [SpringApplicationShutdownHook] INFO  com.alibaba.nacos.client.naming - com.alibaba.nacos.client.naming.cache.ServiceInfoHolder do shutdown begin
2025-07-14 19:01:05.334 [SpringApplicationShutdownHook] INFO  com.alibaba.nacos.client.naming - com.alibaba.nacos.client.naming.backups.FailoverReactor do shutdown begin
2025-07-14 19:01:05.334 [SpringApplicationShutdownHook] INFO  com.alibaba.nacos.client.naming - com.alibaba.nacos.client.naming.backups.FailoverReactor do shutdown stop
2025-07-14 19:01:05.334 [SpringApplicationShutdownHook] INFO  com.alibaba.nacos.client.naming - com.alibaba.nacos.client.naming.cache.ServiceInfoHolder do shutdown stop
2025-07-14 19:01:05.334 [SpringApplicationShutdownHook] INFO  com.alibaba.nacos.client.naming - com.alibaba.nacos.client.naming.remote.NamingClientProxyDelegate do shutdown begin
2025-07-14 19:01:05.334 [SpringApplicationShutdownHook] INFO  com.alibaba.nacos.client.naming - com.alibaba.nacos.client.naming.core.ServiceInfoUpdateService do shutdown begin
2025-07-14 19:01:05.334 [SpringApplicationShutdownHook] INFO  com.alibaba.nacos.client.naming - com.alibaba.nacos.client.naming.core.ServiceInfoUpdateService do shutdown stop
2025-07-14 19:01:05.334 [SpringApplicationShutdownHook] INFO  com.alibaba.nacos.client.naming - com.alibaba.nacos.client.naming.core.ServerListManager do shutdown begin
2025-07-14 19:01:05.334 [SpringApplicationShutdownHook] WARN  com.alibaba.nacos.client.naming - [NamingHttpClientManager] Start destroying NacosRestTemplate
2025-07-14 19:01:05.334 [SpringApplicationShutdownHook] WARN  com.alibaba.nacos.client.naming - [NamingHttpClientManager] Destruction of the end
2025-07-14 19:01:05.334 [SpringApplicationShutdownHook] INFO  com.alibaba.nacos.client.naming - com.alibaba.nacos.client.naming.core.ServerListManager do shutdown stop
2025-07-14 19:01:05.334 [SpringApplicationShutdownHook] INFO  com.alibaba.nacos.client.naming - com.alibaba.nacos.client.naming.remote.http.NamingHttpClientProxy do shutdown begin
2025-07-14 19:01:05.334 [SpringApplicationShutdownHook] WARN  com.alibaba.nacos.client.naming - [NamingHttpClientManager] Start destroying NacosRestTemplate
2025-07-14 19:01:05.334 [SpringApplicationShutdownHook] WARN  com.alibaba.nacos.client.naming - [NamingHttpClientManager] Destruction of the end
2025-07-14 19:01:05.334 [SpringApplicationShutdownHook] INFO  com.alibaba.nacos.client.naming - com.alibaba.nacos.client.naming.remote.http.NamingHttpClientProxy do shutdown stop
2025-07-14 19:01:05.334 [SpringApplicationShutdownHook] INFO  com.alibaba.nacos.common.remote.client - Shutdown rpc client, set status to shutdown
2025-07-14 19:01:05.334 [SpringApplicationShutdownHook] INFO  com.alibaba.nacos.common.remote.client - Shutdown client event executor java.util.concurrent.ScheduledThreadPoolExecutor@36bf2e92[Running, pool size = 2, active threads = 2, queued tasks = 0, completed tasks = 0]
2025-07-14 19:01:05.334 [SpringApplicationShutdownHook] INFO  com.alibaba.nacos.common.remote.client - Close current connection 1752489627304_112.94.129.200_5649
2025-07-14 19:01:05.334 [SpringApplicationShutdownHook] INFO  c.a.nacos.common.remote.client.grpc.GrpcClient - Shutdown grpc executor java.util.concurrent.ThreadPoolExecutor@72c01c84[Running, pool size = 4, active threads = 1, queued tasks = 0, completed tasks = 726]
2025-07-14 19:01:05.334 [SpringApplicationShutdownHook] INFO  com.alibaba.nacos.client.naming - Shutdown grpc redo service executor java.util.concurrent.ScheduledThreadPoolExecutor@52b1814b[Running, pool size = 1, active threads = 0, queued tasks = 1, completed tasks = 1154]
2025-07-14 19:01:05.334 [nacos-grpc-client-executor-47.236.36.111-726] WARN  c.a.nacos.common.remote.client.grpc.GrpcClient - [1752489627304_112.94.129.200_5649]Ignore error event,isRunning:false,isAbandon=false
2025-07-14 19:01:05.334 [SpringApplicationShutdownHook] INFO  c.a.n.client.auth.ram.identify.CredentialWatcher - [null] CredentialWatcher is stopped
2025-07-14 19:01:05.334 [SpringApplicationShutdownHook] INFO  c.a.n.client.auth.ram.identify.CredentialService - [null] CredentialService is freed
2025-07-14 19:01:05.334 [SpringApplicationShutdownHook] INFO  com.alibaba.nacos.client.naming - com.alibaba.nacos.client.naming.remote.NamingClientProxyDelegate do shutdown stop
2025-07-14 19:01:10.815 [main] WARN  com.alibaba.nacos.client.logging.NacosLogging - Load Logback Configuration of Nacos fail, message: Could not initialize Logback Nacos logging from classpath:nacos-logback.xml
2025-07-14 19:01:10.864 [main] WARN  com.alibaba.nacos.client.logging.NacosLogging - Load Logback Configuration of Nacos fail, message: Could not initialize Logback Nacos logging from classpath:nacos-logback.xml
2025-07-14 19:01:11.050 [main] WARN  com.alibaba.nacos.client.logging.NacosLogging - Load Logback Configuration of Nacos fail, message: Could not initialize Logback Nacos logging from classpath:nacos-logback.xml
2025-07-14 19:01:11.051 [main] INFO  com.alibaba.nacos.client.utils.ParamUtil - [settings] [req-serv] nacos-server port:8848
2025-07-14 19:01:11.051 [main] INFO  com.alibaba.nacos.client.utils.ParamUtil - [settings] [http-client] connect timeout:1000
2025-07-14 19:01:11.053 [main] INFO  com.alibaba.nacos.client.utils.ParamUtil - PER_TASK_CONFIG_SIZE: 3000.0
2025-07-14 19:01:11.080 [main] INFO  c.a.n.p.auth.spi.client.ClientAuthPluginManager - [ClientAuthPluginManager] Load ClientAuthService com.alibaba.nacos.client.auth.impl.NacosClientAuthServiceImpl success.
2025-07-14 19:01:11.080 [main] INFO  c.a.n.p.auth.spi.client.ClientAuthPluginManager - [ClientAuthPluginManager] Load ClientAuthService com.alibaba.nacos.client.auth.ram.RamClientAuthServiceImpl success.
2025-07-14 19:01:11.083 [main] INFO  c.a.n.client.auth.ram.identify.CredentialWatcher - null No credential found
2025-07-14 19:01:11.291 [main] WARN  com.alibaba.nacos.client.logging.NacosLogging - Load Logback Configuration of Nacos fail, message: Could not initialize Logback Nacos logging from classpath:nacos-logback.xml
2025-07-14 19:01:11.301 [main] INFO  c.a.n.client.config.impl.LocalConfigInfoProcessor - LOCAL_SNAPSHOT_PATH:C:\Users\Rey\nacos\config
2025-07-14 19:01:11.305 [main] INFO  com.alibaba.nacos.common.remote.client - [RpcClientFactory] create a new rpc client of d2e0bd22-950a-47ea-95e9-ddcda05171b6_config-0
2025-07-14 19:01:11.317 [main] INFO  com.alibaba.nacos.common.remote.client - [d2e0bd22-950a-47ea-95e9-ddcda05171b6_config-0] Register server push request handler:com.alibaba.nacos.client.config.impl.ClientWorker$ConfigRpcTransportClient$$Lambda$583/0x000002250136eda8
2025-07-14 19:01:11.317 [main] INFO  com.alibaba.nacos.common.remote.client - [d2e0bd22-950a-47ea-95e9-ddcda05171b6_config-0] Register server push request handler:com.alibaba.nacos.client.config.impl.ClientWorker$ConfigRpcTransportClient$$Lambda$584/0x000002250136f1c8
2025-07-14 19:01:11.318 [main] INFO  com.alibaba.nacos.common.remote.client - [d2e0bd22-950a-47ea-95e9-ddcda05171b6_config-0] Registry connection listener to current client:com.alibaba.nacos.client.config.impl.ClientWorker$ConfigRpcTransportClient$1
2025-07-14 19:01:11.318 [main] INFO  com.alibaba.nacos.common.remote.client - [d2e0bd22-950a-47ea-95e9-ddcda05171b6_config-0] RpcClient init, ServerListFactory = com.alibaba.nacos.client.config.impl.ClientWorker$ConfigRpcTransportClient$2
2025-07-14 19:01:11.327 [main] INFO  com.alibaba.nacos.common.remote.client - [d2e0bd22-950a-47ea-95e9-ddcda05171b6_config-0] Try to connect to server on start up, server: {serverIp = '47.236.36.111', server main port = 8848}
2025-07-14 19:01:11.360 [main] INFO  c.a.nacos.common.remote.client.grpc.GrpcClient - grpc client connection server:47.236.36.111 ip,serverPort:9848,grpcTslConfig:{"sslProvider":"OPENSSL","enableTls":false,"mutualAuthEnable":false,"trustAll":false}
2025-07-14 19:01:12.423 [main] INFO  com.alibaba.nacos.common.remote.client - [d2e0bd22-950a-47ea-95e9-ddcda05171b6_config-0] Success to connect to server [47.236.36.111:8848] on start up, connectionId = 1752490872136_112.94.129.200_5695
2025-07-14 19:01:12.424 [com.alibaba.nacos.client.remote.worker] INFO  com.alibaba.nacos.common.remote.client - [d2e0bd22-950a-47ea-95e9-ddcda05171b6_config-0] Notify connected event to listeners.
2025-07-14 19:01:12.424 [com.alibaba.nacos.client.remote.worker] INFO  com.alibaba.nacos.client.config.impl.ClientWorker - [d2e0bd22-950a-47ea-95e9-ddcda05171b6_config-0] Connected,notify listen context...
2025-07-14 19:01:12.425 [main] INFO  com.alibaba.nacos.common.remote.client - [d2e0bd22-950a-47ea-95e9-ddcda05171b6_config-0] Register server push request handler:com.alibaba.nacos.common.remote.client.RpcClient$ConnectResetRequestHandler
2025-07-14 19:01:12.427 [main] INFO  com.alibaba.nacos.common.remote.client - [d2e0bd22-950a-47ea-95e9-ddcda05171b6_config-0] Register server push request handler:com.alibaba.nacos.common.remote.client.RpcClient$$Lambda$604/0x00000225014d4890
2025-07-14 19:01:12.477 [main] INFO  com.alibaba.nacos.client.config.impl.Limiter - limitTime:5.0
2025-07-14 19:01:12.548 [main] WARN  c.a.cloud.nacos.client.NacosPropertySourceBuilder - Ignore the empty nacos configuration and get it based on dataId[xiaohongshu-oss] & group[DEFAULT_GROUP]
2025-07-14 19:01:12.600 [main] WARN  c.a.cloud.nacos.client.NacosPropertySourceBuilder - Ignore the empty nacos configuration and get it based on dataId[xiaohongshu-oss.yaml] & group[DEFAULT_GROUP]
2025-07-14 19:01:12.660 [main] INFO  com.alibaba.nacos.client.config.utils.JvmUtil - isMultiInstance:false
2025-07-14 19:01:12.666 [main] INFO  o.s.c.b.c.PropertySourceBootstrapConfiguration - Located property source: [BootstrapPropertySource {name='bootstrapProperties-xiaohongshu-oss-dev.yaml,DEFAULT_GROUP'}, BootstrapPropertySource {name='bootstrapProperties-xiaohongshu-oss.yaml,DEFAULT_GROUP'}, BootstrapPropertySource {name='bootstrapProperties-xiaohongshu-oss,DEFAULT_GROUP'}]
2025-07-14 19:01:12.670 [main] WARN  com.alibaba.nacos.client.logging.NacosLogging - Load Logback Configuration of Nacos fail, message: Could not initialize Logback Nacos logging from classpath:nacos-logback.xml
2025-07-14 19:01:12.671 [main] INFO  c.z.x.oss.biz.XiaohongshuOssBizApplication - The following 1 profile is active: "dev"
2025-07-14 19:01:13.105 [main] INFO  o.springframework.cloud.context.scope.GenericScope - BeanFactory id=560aef92-ba35-3ba9-bb95-77b47290f863
2025-07-14 19:01:13.331 [main] INFO  o.s.boot.web.embedded.tomcat.TomcatWebServer - Tomcat initialized with port(s): 8082 (http)
2025-07-14 19:01:13.332 [main] INFO  org.apache.catalina.core.AprLifecycleListener - Loaded Apache Tomcat Native library [2.0.3] using APR version [1.7.2].
2025-07-14 19:01:13.336 [main] INFO  org.apache.catalina.core.AprLifecycleListener - OpenSSL successfully initialized [OpenSSL 3.0.8 7 Feb 2023]
2025-07-14 19:01:13.345 [main] INFO  org.apache.catalina.core.StandardService - Starting service [Tomcat]
2025-07-14 19:01:13.345 [main] INFO  org.apache.catalina.core.StandardEngine - Starting Servlet engine: [Apache Tomcat/10.1.5]
2025-07-14 19:01:13.407 [main] INFO  o.a.c.core.ContainerBase.[Tomcat].[localhost].[/] - Initializing Spring embedded WebApplicationContext
2025-07-14 19:01:13.408 [main] INFO  o.s.b.w.s.c.ServletWebServerApplicationContext - Root WebApplicationContext: initialization completed in 725 ms
2025-07-14 19:01:14.563 [main] INFO  o.s.boot.web.embedded.tomcat.TomcatWebServer - Tomcat started on port(s): 8082 (http) with context path ''
2025-07-14 19:01:14.568 [main] INFO  com.alibaba.nacos.client.naming - initializer namespace from ans.namespace attribute : null
2025-07-14 19:01:14.568 [main] INFO  com.alibaba.nacos.client.naming - initializer namespace from ALIBABA_ALIWARE_NAMESPACE attribute :null
2025-07-14 19:01:14.569 [main] INFO  com.alibaba.nacos.client.naming - initializer namespace from namespace attribute :null
2025-07-14 19:01:14.575 [main] INFO  c.a.n.p.auth.spi.client.ClientAuthPluginManager - [ClientAuthPluginManager] Load ClientAuthService com.alibaba.nacos.client.auth.impl.NacosClientAuthServiceImpl success.
2025-07-14 19:01:14.575 [main] INFO  c.a.n.p.auth.spi.client.ClientAuthPluginManager - [ClientAuthPluginManager] Load ClientAuthService com.alibaba.nacos.client.auth.ram.RamClientAuthServiceImpl success.
2025-07-14 19:01:14.579 [main] INFO  com.alibaba.nacos.common.remote.client - [RpcClientFactory] create a new rpc client of 27bf976e-0ee9-48dc-8042-dce0ede21a9d
2025-07-14 19:01:14.581 [main] INFO  com.alibaba.nacos.common.remote.client - [27bf976e-0ee9-48dc-8042-dce0ede21a9d] RpcClient init, ServerListFactory = com.alibaba.nacos.client.naming.core.ServerListManager
2025-07-14 19:01:14.581 [main] INFO  com.alibaba.nacos.common.remote.client - [27bf976e-0ee9-48dc-8042-dce0ede21a9d] Registry connection listener to current client:com.alibaba.nacos.client.naming.remote.gprc.redo.NamingGrpcRedoService
2025-07-14 19:01:14.581 [main] INFO  com.alibaba.nacos.common.remote.client - [27bf976e-0ee9-48dc-8042-dce0ede21a9d] Register server push request handler:com.alibaba.nacos.client.naming.remote.gprc.NamingPushRequestHandler
2025-07-14 19:01:14.582 [main] INFO  com.alibaba.nacos.common.remote.client - [27bf976e-0ee9-48dc-8042-dce0ede21a9d] Try to connect to server on start up, server: {serverIp = '47.236.36.111', server main port = 8848}
2025-07-14 19:01:14.582 [main] INFO  c.a.nacos.common.remote.client.grpc.GrpcClient - grpc client connection server:47.236.36.111 ip,serverPort:9848,grpcTslConfig:{"sslProvider":"OPENSSL","enableTls":false,"mutualAuthEnable":false,"trustAll":false}
2025-07-14 19:01:14.820 [main] INFO  com.alibaba.nacos.common.remote.client - [27bf976e-0ee9-48dc-8042-dce0ede21a9d] Success to connect to server [47.236.36.111:8848] on start up, connectionId = 1752490874615_112.94.129.200_5697
2025-07-14 19:01:14.820 [main] INFO  com.alibaba.nacos.common.remote.client - [27bf976e-0ee9-48dc-8042-dce0ede21a9d] Register server push request handler:com.alibaba.nacos.common.remote.client.RpcClient$ConnectResetRequestHandler
2025-07-14 19:01:14.820 [com.alibaba.nacos.client.remote.worker] INFO  com.alibaba.nacos.common.remote.client - [27bf976e-0ee9-48dc-8042-dce0ede21a9d] Notify connected event to listeners.
2025-07-14 19:01:14.820 [main] INFO  com.alibaba.nacos.common.remote.client - [27bf976e-0ee9-48dc-8042-dce0ede21a9d] Register server push request handler:com.alibaba.nacos.common.remote.client.RpcClient$$Lambda$604/0x00000225014d4890
2025-07-14 19:01:14.820 [com.alibaba.nacos.client.remote.worker] INFO  com.alibaba.nacos.client.naming - Grpc connection connect
2025-07-14 19:01:14.822 [main] INFO  com.alibaba.nacos.client.naming - [REGISTER-SERVICE] xiaohongshu registering service xiaohongshu-oss with instance Instance{instanceId='null', ip='10.2.66.10', port=8082, weight=1.0, healthy=true, enabled=true, ephemeral=true, clusterName='DEFAULT', serviceName='null', metadata={IPv6=null, preserved.register.source=SPRING_CLOUD}}
2025-07-14 19:01:14.872 [main] INFO  c.a.cloud.nacos.registry.NacosServiceRegistry - nacos registry, DEFAULT_GROUP xiaohongshu-oss 10.2.66.10:8082 register finished
2025-07-14 19:01:15.017 [main] INFO  c.z.x.oss.biz.XiaohongshuOssBizApplication - Started XiaohongshuOssBizApplication in 4.789 seconds (process running for 5.261)
2025-07-14 19:01:15.020 [main] INFO  com.alibaba.nacos.client.config.impl.CacheData - nacos.cache.data.init.snapshot = true 
2025-07-14 19:01:15.021 [main] INFO  com.alibaba.nacos.client.config.impl.ClientWorker - [fixed-xiaohongshu-47.236.36.111_8848_] [subscribe] xiaohongshu-oss+DEFAULT_GROUP+xiaohongshu
2025-07-14 19:01:15.030 [main] INFO  com.alibaba.nacos.client.config.impl.CacheData - [fixed-xiaohongshu-47.236.36.111_8848_] [add-listener] ok, tenant=xiaohongshu, dataId=xiaohongshu-oss, group=DEFAULT_GROUP, cnt=1
2025-07-14 19:01:15.031 [main] INFO  c.a.cloud.nacos.refresh.NacosContextRefresher - [Nacos Config] Listening config: dataId=xiaohongshu-oss, group=DEFAULT_GROUP
2025-07-14 19:01:15.031 [main] INFO  com.alibaba.nacos.client.config.impl.ClientWorker - [fixed-xiaohongshu-47.236.36.111_8848_] [subscribe] xiaohongshu-oss.yaml+DEFAULT_GROUP+xiaohongshu
2025-07-14 19:01:15.031 [main] INFO  com.alibaba.nacos.client.config.impl.CacheData - [fixed-xiaohongshu-47.236.36.111_8848_] [add-listener] ok, tenant=xiaohongshu, dataId=xiaohongshu-oss.yaml, group=DEFAULT_GROUP, cnt=1
2025-07-14 19:01:15.031 [main] INFO  c.a.cloud.nacos.refresh.NacosContextRefresher - [Nacos Config] Listening config: dataId=xiaohongshu-oss.yaml, group=DEFAULT_GROUP
2025-07-14 19:01:15.032 [main] INFO  com.alibaba.nacos.client.config.impl.ClientWorker - [fixed-xiaohongshu-47.236.36.111_8848_] [subscribe] xiaohongshu-oss-dev.yaml+DEFAULT_GROUP+xiaohongshu
2025-07-14 19:01:15.032 [main] INFO  com.alibaba.nacos.client.config.impl.CacheData - [fixed-xiaohongshu-47.236.36.111_8848_] [add-listener] ok, tenant=xiaohongshu, dataId=xiaohongshu-oss-dev.yaml, group=DEFAULT_GROUP, cnt=1
2025-07-14 19:01:15.033 [main] INFO  c.a.cloud.nacos.refresh.NacosContextRefresher - [Nacos Config] Listening config: dataId=xiaohongshu-oss-dev.yaml, group=DEFAULT_GROUP
2025-07-14 19:01:46.026 [http-nio-8082-exec-2] INFO  o.a.c.core.ContainerBase.[Tomcat].[localhost].[/] - Initializing Spring DispatcherServlet 'dispatcherServlet'
2025-07-14 19:01:46.026 [http-nio-8082-exec-2] INFO  org.springframework.web.servlet.DispatcherServlet - Initializing Servlet 'dispatcherServlet'
2025-07-14 19:01:46.027 [http-nio-8082-exec-2] INFO  org.springframework.web.servlet.DispatcherServlet - Completed initialization in 1 ms
2025-07-14 19:01:46.071 [http-nio-8082-exec-2] INFO  c.z.x.oss.biz.strategy.impl.MinioFileStrategy - ## 上传文件至 Minio ...
2025-07-14 19:01:46.078 [http-nio-8082-exec-2] INFO  c.z.x.oss.biz.strategy.impl.MinioFileStrategy - ==> 开始上传文件至 Minio, ObjectName: 1a64f109eaab4616aa756f401851e1fd.png
2025-07-14 19:01:46.457 [http-nio-8082-exec-2] ERROR o.a.c.c.C.[.[localhost].[/].[dispatcherServlet] - Servlet.service() for servlet [dispatcherServlet] in context with path [] threw exception [Request processing failed: java.lang.reflect.UndeclaredThrowableException] with root cause
io.minio.errors.ErrorResponseException: The request signature we calculated does not match the signature you provided. Check your key and signing method.
	at io.minio.S3Base.execute(S3Base.java:667)
	at io.minio.S3Base.getRegion(S3Base.java:691)
	at io.minio.S3Base.putObject(S3Base.java:2003)
	at io.minio.S3Base.putObject(S3Base.java:1153)
	at io.minio.MinioClient.putObject(MinioClient.java:1666)
	at com.zry.xiaohongshu.oss.biz.strategy.impl.MinioFileStrategy.uploadFile(MinioFileStrategy.java:45)
	at java.base/jdk.internal.reflect.NativeMethodAccessorImpl.invoke0(Native Method)
	at java.base/jdk.internal.reflect.NativeMethodAccessorImpl.invoke(NativeMethodAccessorImpl.java:77)
	at java.base/jdk.internal.reflect.DelegatingMethodAccessorImpl.invoke(DelegatingMethodAccessorImpl.java:43)
	at java.base/java.lang.reflect.Method.invoke(Method.java:568)
	at org.springframework.util.ReflectionUtils.invokeMethod(ReflectionUtils.java:281)
	at org.springframework.cloud.context.scope.GenericScope$LockedScopedProxyFactoryBean.invoke(GenericScope.java:482)
	at org.springframework.aop.framework.ReflectiveMethodInvocation.proceed(ReflectiveMethodInvocation.java:184)
	at org.springframework.aop.framework.JdkDynamicAopProxy.invoke(JdkDynamicAopProxy.java:218)
	at jdk.proxy2/jdk.proxy2.$Proxy69.uploadFile(Unknown Source)
	at com.zry.xiaohongshu.oss.biz.service.impl.FileServiceImpl.uploadFile(FileServiceImpl.java:19)
	at com.zry.xiaohongshu.oss.biz.controller.FileController.uploadFile(FileController.java:20)
	at java.base/jdk.internal.reflect.NativeMethodAccessorImpl.invoke0(Native Method)
	at java.base/jdk.internal.reflect.NativeMethodAccessorImpl.invoke(NativeMethodAccessorImpl.java:77)
	at java.base/jdk.internal.reflect.DelegatingMethodAccessorImpl.invoke(DelegatingMethodAccessorImpl.java:43)
	at java.base/java.lang.reflect.Method.invoke(Method.java:568)
	at org.springframework.web.method.support.InvocableHandlerMethod.doInvoke(InvocableHandlerMethod.java:207)
	at org.springframework.web.method.support.InvocableHandlerMethod.invokeForRequest(InvocableHandlerMethod.java:152)
	at org.springframework.web.servlet.mvc.method.annotation.ServletInvocableHandlerMethod.invokeAndHandle(ServletInvocableHandlerMethod.java:117)
	at org.springframework.web.servlet.mvc.method.annotation.RequestMappingHandlerAdapter.invokeHandlerMethod(RequestMappingHandlerAdapter.java:884)
	at org.springframework.web.servlet.mvc.method.annotation.RequestMappingHandlerAdapter.handleInternal(RequestMappingHandlerAdapter.java:797)
	at org.springframework.web.servlet.mvc.method.AbstractHandlerMethodAdapter.handle(AbstractHandlerMethodAdapter.java:87)
	at org.springframework.web.servlet.DispatcherServlet.doDispatch(DispatcherServlet.java:1080)
	at org.springframework.web.servlet.DispatcherServlet.doService(DispatcherServlet.java:973)
	at org.springframework.web.servlet.FrameworkServlet.processRequest(FrameworkServlet.java:1011)
	at org.springframework.web.servlet.FrameworkServlet.doPost(FrameworkServlet.java:914)
	at jakarta.servlet.http.HttpServlet.service(HttpServlet.java:731)
	at org.springframework.web.servlet.FrameworkServlet.service(FrameworkServlet.java:885)
	at jakarta.servlet.http.HttpServlet.service(HttpServlet.java:814)
	at org.apache.catalina.core.ApplicationFilterChain.internalDoFilter(ApplicationFilterChain.java:223)
	at org.apache.catalina.core.ApplicationFilterChain.doFilter(ApplicationFilterChain.java:158)
	at org.apache.tomcat.websocket.server.WsFilter.doFilter(WsFilter.java:53)
	at org.apache.catalina.core.ApplicationFilterChain.internalDoFilter(ApplicationFilterChain.java:185)
	at org.apache.catalina.core.ApplicationFilterChain.doFilter(ApplicationFilterChain.java:158)
	at org.springframework.web.filter.RequestContextFilter.doFilterInternal(RequestContextFilter.java:100)
	at org.springframework.web.filter.OncePerRequestFilter.doFilter(OncePerRequestFilter.java:116)
	at org.apache.catalina.core.ApplicationFilterChain.internalDoFilter(ApplicationFilterChain.java:185)
	at org.apache.catalina.core.ApplicationFilterChain.doFilter(ApplicationFilterChain.java:158)
	at org.springframework.web.filter.FormContentFilter.doFilterInternal(FormContentFilter.java:93)
	at org.springframework.web.filter.OncePerRequestFilter.doFilter(OncePerRequestFilter.java:116)
	at org.apache.catalina.core.ApplicationFilterChain.internalDoFilter(ApplicationFilterChain.java:185)
	at org.apache.catalina.core.ApplicationFilterChain.doFilter(ApplicationFilterChain.java:158)
	at org.springframework.web.filter.CharacterEncodingFilter.doFilterInternal(CharacterEncodingFilter.java:201)
	at org.springframework.web.filter.OncePerRequestFilter.doFilter(OncePerRequestFilter.java:116)
	at org.apache.catalina.core.ApplicationFilterChain.internalDoFilter(ApplicationFilterChain.java:185)
	at org.apache.catalina.core.ApplicationFilterChain.doFilter(ApplicationFilterChain.java:158)
	at org.apache.catalina.core.StandardWrapperValve.invoke(StandardWrapperValve.java:177)
	at org.apache.catalina.core.StandardContextValve.invoke(StandardContextValve.java:97)
	at org.apache.catalina.authenticator.AuthenticatorBase.invoke(AuthenticatorBase.java:542)
	at org.apache.catalina.core.StandardHostValve.invoke(StandardHostValve.java:119)
	at org.apache.catalina.valves.ErrorReportValve.invoke(ErrorReportValve.java:92)
	at org.apache.catalina.core.StandardEngineValve.invoke(StandardEngineValve.java:78)
	at org.apache.catalina.connector.CoyoteAdapter.service(CoyoteAdapter.java:357)
	at org.apache.coyote.http11.Http11Processor.service(Http11Processor.java:400)
	at org.apache.coyote.AbstractProcessorLight.process(AbstractProcessorLight.java:65)
	at org.apache.coyote.AbstractProtocol$ConnectionHandler.process(AbstractProtocol.java:859)
	at org.apache.tomcat.util.net.NioEndpoint$SocketProcessor.doRun(NioEndpoint.java:1734)
	at org.apache.tomcat.util.net.SocketProcessorBase.run(SocketProcessorBase.java:52)
	at org.apache.tomcat.util.threads.ThreadPoolExecutor.runWorker(ThreadPoolExecutor.java:1191)
	at org.apache.tomcat.util.threads.ThreadPoolExecutor$Worker.run(ThreadPoolExecutor.java:659)
	at org.apache.tomcat.util.threads.TaskThread$WrappingRunnable.run(TaskThread.java:61)
	at java.base/java.lang.Thread.run(Thread.java:842)
2025-07-14 19:03:26.922 [Thread-9] WARN  com.alibaba.nacos.common.notify.NotifyCenter - [NotifyCenter] Start destroying Publisher
2025-07-14 19:03:26.922 [Thread-2] WARN  c.alibaba.nacos.common.http.HttpClientBeanHolder - [HttpClientBeanHolder] Start destroying common HttpClient
2025-07-14 19:03:26.922 [Thread-9] WARN  com.alibaba.nacos.common.notify.NotifyCenter - [NotifyCenter] Destruction of the end
2025-07-14 19:03:26.923 [Thread-2] WARN  c.alibaba.nacos.common.http.HttpClientBeanHolder - [HttpClientBeanHolder] Destruction of the end
2025-07-14 19:03:26.946 [SpringApplicationShutdownHook] INFO  c.a.cloud.nacos.registry.NacosServiceRegistry - De-registering from Nacos Server now...
2025-07-14 19:03:26.946 [SpringApplicationShutdownHook] INFO  com.alibaba.nacos.client.naming - [DEREGISTER-SERVICE] xiaohongshu deregistering service xiaohongshu-oss with instance: Instance{instanceId='null', ip='10.2.66.10', port=8082, weight=1.0, healthy=true, enabled=true, ephemeral=true, clusterName='DEFAULT', serviceName='null', metadata={}}
2025-07-14 19:03:27.002 [SpringApplicationShutdownHook] INFO  c.a.cloud.nacos.registry.NacosServiceRegistry - De-registration finished.
2025-07-14 19:03:27.003 [SpringApplicationShutdownHook] INFO  com.alibaba.nacos.client.naming - com.alibaba.nacos.client.naming.cache.ServiceInfoHolder do shutdown begin
2025-07-14 19:03:27.003 [SpringApplicationShutdownHook] INFO  com.alibaba.nacos.client.naming - com.alibaba.nacos.client.naming.backups.FailoverReactor do shutdown begin
2025-07-14 19:03:27.003 [SpringApplicationShutdownHook] INFO  com.alibaba.nacos.client.naming - com.alibaba.nacos.client.naming.backups.FailoverReactor do shutdown stop
2025-07-14 19:03:27.003 [SpringApplicationShutdownHook] INFO  com.alibaba.nacos.client.naming - com.alibaba.nacos.client.naming.cache.ServiceInfoHolder do shutdown stop
2025-07-14 19:03:27.003 [SpringApplicationShutdownHook] INFO  com.alibaba.nacos.client.naming - com.alibaba.nacos.client.naming.remote.NamingClientProxyDelegate do shutdown begin
2025-07-14 19:03:27.003 [SpringApplicationShutdownHook] INFO  com.alibaba.nacos.client.naming - com.alibaba.nacos.client.naming.core.ServiceInfoUpdateService do shutdown begin
2025-07-14 19:03:27.003 [SpringApplicationShutdownHook] INFO  com.alibaba.nacos.client.naming - com.alibaba.nacos.client.naming.core.ServiceInfoUpdateService do shutdown stop
2025-07-14 19:03:27.003 [SpringApplicationShutdownHook] INFO  com.alibaba.nacos.client.naming - com.alibaba.nacos.client.naming.core.ServerListManager do shutdown begin
2025-07-14 19:03:27.003 [SpringApplicationShutdownHook] WARN  com.alibaba.nacos.client.naming - [NamingHttpClientManager] Start destroying NacosRestTemplate
2025-07-14 19:03:27.003 [SpringApplicationShutdownHook] WARN  com.alibaba.nacos.client.naming - [NamingHttpClientManager] Destruction of the end
2025-07-14 19:03:27.003 [SpringApplicationShutdownHook] INFO  com.alibaba.nacos.client.naming - com.alibaba.nacos.client.naming.core.ServerListManager do shutdown stop
2025-07-14 19:03:27.003 [SpringApplicationShutdownHook] INFO  com.alibaba.nacos.client.naming - com.alibaba.nacos.client.naming.remote.http.NamingHttpClientProxy do shutdown begin
2025-07-14 19:03:27.003 [SpringApplicationShutdownHook] WARN  com.alibaba.nacos.client.naming - [NamingHttpClientManager] Start destroying NacosRestTemplate
2025-07-14 19:03:27.003 [SpringApplicationShutdownHook] WARN  com.alibaba.nacos.client.naming - [NamingHttpClientManager] Destruction of the end
2025-07-14 19:03:27.003 [SpringApplicationShutdownHook] INFO  com.alibaba.nacos.client.naming - com.alibaba.nacos.client.naming.remote.http.NamingHttpClientProxy do shutdown stop
2025-07-14 19:03:27.003 [SpringApplicationShutdownHook] INFO  com.alibaba.nacos.common.remote.client - Shutdown rpc client, set status to shutdown
2025-07-14 19:03:27.004 [SpringApplicationShutdownHook] INFO  com.alibaba.nacos.common.remote.client - Shutdown client event executor java.util.concurrent.ScheduledThreadPoolExecutor@47466817[Running, pool size = 2, active threads = 2, queued tasks = 0, completed tasks = 0]
2025-07-14 19:03:27.004 [SpringApplicationShutdownHook] INFO  com.alibaba.nacos.common.remote.client - Close current connection 1752490874615_112.94.129.200_5697
2025-07-14 19:03:27.007 [nacos-grpc-client-executor-47.236.36.111-33] WARN  c.a.nacos.common.remote.client.grpc.GrpcClient - [1752490874615_112.94.129.200_5697]Ignore error event,isRunning:false,isAbandon=false
2025-07-14 19:03:27.008 [SpringApplicationShutdownHook] INFO  c.a.nacos.common.remote.client.grpc.GrpcClient - Shutdown grpc executor java.util.concurrent.ThreadPoolExecutor@7615b82c[Running, pool size = 4, active threads = 0, queued tasks = 0, completed tasks = 34]
2025-07-14 19:03:27.009 [SpringApplicationShutdownHook] INFO  com.alibaba.nacos.client.naming - Shutdown grpc redo service executor java.util.concurrent.ScheduledThreadPoolExecutor@23546991[Running, pool size = 1, active threads = 0, queued tasks = 1, completed tasks = 44]
2025-07-14 19:03:27.009 [SpringApplicationShutdownHook] INFO  c.a.n.client.auth.ram.identify.CredentialWatcher - [null] CredentialWatcher is stopped
2025-07-14 19:03:27.010 [SpringApplicationShutdownHook] INFO  c.a.n.client.auth.ram.identify.CredentialService - [null] CredentialService is freed
2025-07-14 19:03:27.011 [SpringApplicationShutdownHook] INFO  com.alibaba.nacos.client.naming - com.alibaba.nacos.client.naming.remote.NamingClientProxyDelegate do shutdown stop
2025-07-14 19:03:30.497 [main] WARN  com.alibaba.nacos.client.logging.NacosLogging - Load Logback Configuration of Nacos fail, message: Could not initialize Logback Nacos logging from classpath:nacos-logback.xml
2025-07-14 19:03:30.537 [main] WARN  com.alibaba.nacos.client.logging.NacosLogging - Load Logback Configuration of Nacos fail, message: Could not initialize Logback Nacos logging from classpath:nacos-logback.xml
2025-07-14 19:03:30.717 [main] WARN  com.alibaba.nacos.client.logging.NacosLogging - Load Logback Configuration of Nacos fail, message: Could not initialize Logback Nacos logging from classpath:nacos-logback.xml
2025-07-14 19:03:30.718 [main] INFO  com.alibaba.nacos.client.utils.ParamUtil - [settings] [req-serv] nacos-server port:8848
2025-07-14 19:03:30.718 [main] INFO  com.alibaba.nacos.client.utils.ParamUtil - [settings] [http-client] connect timeout:1000
2025-07-14 19:03:30.720 [main] INFO  com.alibaba.nacos.client.utils.ParamUtil - PER_TASK_CONFIG_SIZE: 3000.0
2025-07-14 19:03:30.743 [main] INFO  c.a.n.p.auth.spi.client.ClientAuthPluginManager - [ClientAuthPluginManager] Load ClientAuthService com.alibaba.nacos.client.auth.impl.NacosClientAuthServiceImpl success.
2025-07-14 19:03:30.743 [main] INFO  c.a.n.p.auth.spi.client.ClientAuthPluginManager - [ClientAuthPluginManager] Load ClientAuthService com.alibaba.nacos.client.auth.ram.RamClientAuthServiceImpl success.
2025-07-14 19:03:30.746 [main] INFO  c.a.n.client.auth.ram.identify.CredentialWatcher - null No credential found
2025-07-14 19:03:30.962 [main] WARN  com.alibaba.nacos.client.logging.NacosLogging - Load Logback Configuration of Nacos fail, message: Could not initialize Logback Nacos logging from classpath:nacos-logback.xml
2025-07-14 19:03:30.974 [main] INFO  c.a.n.client.config.impl.LocalConfigInfoProcessor - LOCAL_SNAPSHOT_PATH:C:\Users\Rey\nacos\config
2025-07-14 19:03:30.978 [main] INFO  com.alibaba.nacos.common.remote.client - [RpcClientFactory] create a new rpc client of 82e16bec-45f3-43f5-a57d-c6075689a7f6_config-0
2025-07-14 19:03:30.994 [main] INFO  com.alibaba.nacos.common.remote.client - [82e16bec-45f3-43f5-a57d-c6075689a7f6_config-0] Register server push request handler:com.alibaba.nacos.client.config.impl.ClientWorker$ConfigRpcTransportClient$$Lambda$583/0x000002171736f600
2025-07-14 19:03:30.994 [main] INFO  com.alibaba.nacos.common.remote.client - [82e16bec-45f3-43f5-a57d-c6075689a7f6_config-0] Register server push request handler:com.alibaba.nacos.client.config.impl.ClientWorker$ConfigRpcTransportClient$$Lambda$584/0x000002171736fa20
2025-07-14 19:03:30.994 [main] INFO  com.alibaba.nacos.common.remote.client - [82e16bec-45f3-43f5-a57d-c6075689a7f6_config-0] Registry connection listener to current client:com.alibaba.nacos.client.config.impl.ClientWorker$ConfigRpcTransportClient$1
2025-07-14 19:03:30.996 [main] INFO  com.alibaba.nacos.common.remote.client - [82e16bec-45f3-43f5-a57d-c6075689a7f6_config-0] RpcClient init, ServerListFactory = com.alibaba.nacos.client.config.impl.ClientWorker$ConfigRpcTransportClient$2
2025-07-14 19:03:31.003 [main] INFO  com.alibaba.nacos.common.remote.client - [82e16bec-45f3-43f5-a57d-c6075689a7f6_config-0] Try to connect to server on start up, server: {serverIp = '47.236.36.111', server main port = 8848}
2025-07-14 19:03:31.041 [main] INFO  c.a.nacos.common.remote.client.grpc.GrpcClient - grpc client connection server:47.236.36.111 ip,serverPort:9848,grpcTslConfig:{"sslProvider":"OPENSSL","enableTls":false,"mutualAuthEnable":false,"trustAll":false}
2025-07-14 19:03:32.150 [main] INFO  com.alibaba.nacos.common.remote.client - [82e16bec-45f3-43f5-a57d-c6075689a7f6_config-0] Success to connect to server [47.236.36.111:8848] on start up, connectionId = 1752491011874_112.94.129.200_5846
2025-07-14 19:03:32.151 [com.alibaba.nacos.client.remote.worker] INFO  com.alibaba.nacos.common.remote.client - [82e16bec-45f3-43f5-a57d-c6075689a7f6_config-0] Notify connected event to listeners.
2025-07-14 19:03:32.151 [com.alibaba.nacos.client.remote.worker] INFO  com.alibaba.nacos.client.config.impl.ClientWorker - [82e16bec-45f3-43f5-a57d-c6075689a7f6_config-0] Connected,notify listen context...
2025-07-14 19:03:32.152 [main] INFO  com.alibaba.nacos.common.remote.client - [82e16bec-45f3-43f5-a57d-c6075689a7f6_config-0] Register server push request handler:com.alibaba.nacos.common.remote.client.RpcClient$ConnectResetRequestHandler
2025-07-14 19:03:32.152 [main] INFO  com.alibaba.nacos.common.remote.client - [82e16bec-45f3-43f5-a57d-c6075689a7f6_config-0] Register server push request handler:com.alibaba.nacos.common.remote.client.RpcClient$$Lambda$604/0x00000217174d51f0
2025-07-14 19:03:32.193 [main] INFO  com.alibaba.nacos.client.config.impl.Limiter - limitTime:5.0
2025-07-14 19:03:32.261 [main] WARN  c.a.cloud.nacos.client.NacosPropertySourceBuilder - Ignore the empty nacos configuration and get it based on dataId[xiaohongshu-oss] & group[DEFAULT_GROUP]
2025-07-14 19:03:32.319 [main] WARN  c.a.cloud.nacos.client.NacosPropertySourceBuilder - Ignore the empty nacos configuration and get it based on dataId[xiaohongshu-oss.yaml] & group[DEFAULT_GROUP]
2025-07-14 19:03:32.381 [main] INFO  com.alibaba.nacos.client.config.utils.JvmUtil - isMultiInstance:false
2025-07-14 19:03:32.385 [main] INFO  o.s.c.b.c.PropertySourceBootstrapConfiguration - Located property source: [BootstrapPropertySource {name='bootstrapProperties-xiaohongshu-oss-dev.yaml,DEFAULT_GROUP'}, BootstrapPropertySource {name='bootstrapProperties-xiaohongshu-oss.yaml,DEFAULT_GROUP'}, BootstrapPropertySource {name='bootstrapProperties-xiaohongshu-oss,DEFAULT_GROUP'}]
2025-07-14 19:03:32.389 [main] WARN  com.alibaba.nacos.client.logging.NacosLogging - Load Logback Configuration of Nacos fail, message: Could not initialize Logback Nacos logging from classpath:nacos-logback.xml
2025-07-14 19:03:32.390 [main] INFO  c.z.x.oss.biz.XiaohongshuOssBizApplication - The following 1 profile is active: "dev"
2025-07-14 19:03:32.847 [main] INFO  o.springframework.cloud.context.scope.GenericScope - BeanFactory id=560aef92-ba35-3ba9-bb95-77b47290f863
2025-07-14 19:03:33.012 [main] INFO  o.s.boot.web.embedded.tomcat.TomcatWebServer - Tomcat initialized with port(s): 8082 (http)
2025-07-14 19:03:33.013 [main] INFO  org.apache.catalina.core.AprLifecycleListener - Loaded Apache Tomcat Native library [2.0.3] using APR version [1.7.2].
2025-07-14 19:03:33.017 [main] INFO  org.apache.catalina.core.AprLifecycleListener - OpenSSL successfully initialized [OpenSSL 3.0.8 7 Feb 2023]
2025-07-14 19:03:33.024 [main] INFO  org.apache.catalina.core.StandardService - Starting service [Tomcat]
2025-07-14 19:03:33.025 [main] INFO  org.apache.catalina.core.StandardEngine - Starting Servlet engine: [Apache Tomcat/10.1.5]
2025-07-14 19:03:33.081 [main] INFO  o.a.c.core.ContainerBase.[Tomcat].[localhost].[/] - Initializing Spring embedded WebApplicationContext
2025-07-14 19:03:33.081 [main] INFO  o.s.b.w.s.c.ServletWebServerApplicationContext - Root WebApplicationContext: initialization completed in 679 ms
2025-07-14 19:03:34.109 [main] INFO  o.s.boot.web.embedded.tomcat.TomcatWebServer - Tomcat started on port(s): 8082 (http) with context path ''
2025-07-14 19:03:34.114 [main] INFO  com.alibaba.nacos.client.naming - initializer namespace from ans.namespace attribute : null
2025-07-14 19:03:34.114 [main] INFO  com.alibaba.nacos.client.naming - initializer namespace from ALIBABA_ALIWARE_NAMESPACE attribute :null
2025-07-14 19:03:34.115 [main] INFO  com.alibaba.nacos.client.naming - initializer namespace from namespace attribute :null
2025-07-14 19:03:34.119 [main] INFO  c.a.n.p.auth.spi.client.ClientAuthPluginManager - [ClientAuthPluginManager] Load ClientAuthService com.alibaba.nacos.client.auth.impl.NacosClientAuthServiceImpl success.
2025-07-14 19:03:34.119 [main] INFO  c.a.n.p.auth.spi.client.ClientAuthPluginManager - [ClientAuthPluginManager] Load ClientAuthService com.alibaba.nacos.client.auth.ram.RamClientAuthServiceImpl success.
2025-07-14 19:03:34.122 [main] INFO  com.alibaba.nacos.common.remote.client - [RpcClientFactory] create a new rpc client of 429ca082-2287-4263-9f2e-9af10d546ac5
2025-07-14 19:03:34.124 [main] INFO  com.alibaba.nacos.common.remote.client - [429ca082-2287-4263-9f2e-9af10d546ac5] RpcClient init, ServerListFactory = com.alibaba.nacos.client.naming.core.ServerListManager
2025-07-14 19:03:34.124 [main] INFO  com.alibaba.nacos.common.remote.client - [429ca082-2287-4263-9f2e-9af10d546ac5] Registry connection listener to current client:com.alibaba.nacos.client.naming.remote.gprc.redo.NamingGrpcRedoService
2025-07-14 19:03:34.124 [main] INFO  com.alibaba.nacos.common.remote.client - [429ca082-2287-4263-9f2e-9af10d546ac5] Register server push request handler:com.alibaba.nacos.client.naming.remote.gprc.NamingPushRequestHandler
2025-07-14 19:03:34.124 [main] INFO  com.alibaba.nacos.common.remote.client - [429ca082-2287-4263-9f2e-9af10d546ac5] Try to connect to server on start up, server: {serverIp = '47.236.36.111', server main port = 8848}
2025-07-14 19:03:34.125 [main] INFO  c.a.nacos.common.remote.client.grpc.GrpcClient - grpc client connection server:47.236.36.111 ip,serverPort:9848,grpcTslConfig:{"sslProvider":"OPENSSL","enableTls":false,"mutualAuthEnable":false,"trustAll":false}
2025-07-14 19:03:34.544 [main] INFO  com.alibaba.nacos.common.remote.client - [429ca082-2287-4263-9f2e-9af10d546ac5] Success to connect to server [47.236.36.111:8848] on start up, connectionId = 1752491014339_112.94.129.200_5851
2025-07-14 19:03:34.544 [main] INFO  com.alibaba.nacos.common.remote.client - [429ca082-2287-4263-9f2e-9af10d546ac5] Register server push request handler:com.alibaba.nacos.common.remote.client.RpcClient$ConnectResetRequestHandler
2025-07-14 19:03:34.545 [com.alibaba.nacos.client.remote.worker] INFO  com.alibaba.nacos.common.remote.client - [429ca082-2287-4263-9f2e-9af10d546ac5] Notify connected event to listeners.
2025-07-14 19:03:34.545 [main] INFO  com.alibaba.nacos.common.remote.client - [429ca082-2287-4263-9f2e-9af10d546ac5] Register server push request handler:com.alibaba.nacos.common.remote.client.RpcClient$$Lambda$604/0x00000217174d51f0
2025-07-14 19:03:34.545 [com.alibaba.nacos.client.remote.worker] INFO  com.alibaba.nacos.client.naming - Grpc connection connect
2025-07-14 19:03:34.548 [main] INFO  com.alibaba.nacos.client.naming - [REGISTER-SERVICE] xiaohongshu registering service xiaohongshu-oss with instance Instance{instanceId='null', ip='10.2.66.10', port=8082, weight=1.0, healthy=true, enabled=true, ephemeral=true, clusterName='DEFAULT', serviceName='null', metadata={IPv6=null, preserved.register.source=SPRING_CLOUD}}
2025-07-14 19:03:34.609 [main] INFO  c.a.cloud.nacos.registry.NacosServiceRegistry - nacos registry, DEFAULT_GROUP xiaohongshu-oss 10.2.66.10:8082 register finished
2025-07-14 19:03:34.749 [main] INFO  c.z.x.oss.biz.XiaohongshuOssBizApplication - Started XiaohongshuOssBizApplication in 4.818 seconds (process running for 5.322)
2025-07-14 19:03:34.752 [main] INFO  com.alibaba.nacos.client.config.impl.CacheData - nacos.cache.data.init.snapshot = true 
2025-07-14 19:03:34.753 [main] INFO  com.alibaba.nacos.client.config.impl.ClientWorker - [fixed-xiaohongshu-47.236.36.111_8848_] [subscribe] xiaohongshu-oss+DEFAULT_GROUP+xiaohongshu
2025-07-14 19:03:34.759 [main] INFO  com.alibaba.nacos.client.config.impl.CacheData - [fixed-xiaohongshu-47.236.36.111_8848_] [add-listener] ok, tenant=xiaohongshu, dataId=xiaohongshu-oss, group=DEFAULT_GROUP, cnt=1
2025-07-14 19:03:34.759 [main] INFO  c.a.cloud.nacos.refresh.NacosContextRefresher - [Nacos Config] Listening config: dataId=xiaohongshu-oss, group=DEFAULT_GROUP
2025-07-14 19:03:34.759 [main] INFO  com.alibaba.nacos.client.config.impl.ClientWorker - [fixed-xiaohongshu-47.236.36.111_8848_] [subscribe] xiaohongshu-oss.yaml+DEFAULT_GROUP+xiaohongshu
2025-07-14 19:03:34.759 [main] INFO  com.alibaba.nacos.client.config.impl.CacheData - [fixed-xiaohongshu-47.236.36.111_8848_] [add-listener] ok, tenant=xiaohongshu, dataId=xiaohongshu-oss.yaml, group=DEFAULT_GROUP, cnt=1
2025-07-14 19:03:34.759 [main] INFO  c.a.cloud.nacos.refresh.NacosContextRefresher - [Nacos Config] Listening config: dataId=xiaohongshu-oss.yaml, group=DEFAULT_GROUP
2025-07-14 19:03:34.761 [main] INFO  com.alibaba.nacos.client.config.impl.ClientWorker - [fixed-xiaohongshu-47.236.36.111_8848_] [subscribe] xiaohongshu-oss-dev.yaml+DEFAULT_GROUP+xiaohongshu
2025-07-14 19:03:34.761 [main] INFO  com.alibaba.nacos.client.config.impl.CacheData - [fixed-xiaohongshu-47.236.36.111_8848_] [add-listener] ok, tenant=xiaohongshu, dataId=xiaohongshu-oss-dev.yaml, group=DEFAULT_GROUP, cnt=1
2025-07-14 19:03:34.761 [main] INFO  c.a.cloud.nacos.refresh.NacosContextRefresher - [Nacos Config] Listening config: dataId=xiaohongshu-oss-dev.yaml, group=DEFAULT_GROUP
2025-07-14 19:05:08.827 [http-nio-8082-exec-1] INFO  o.a.c.core.ContainerBase.[Tomcat].[localhost].[/] - Initializing Spring DispatcherServlet 'dispatcherServlet'
2025-07-14 19:05:08.828 [http-nio-8082-exec-1] INFO  org.springframework.web.servlet.DispatcherServlet - Initializing Servlet 'dispatcherServlet'
2025-07-14 19:05:08.829 [http-nio-8082-exec-1] INFO  org.springframework.web.servlet.DispatcherServlet - Completed initialization in 0 ms
2025-07-14 19:05:08.861 [http-nio-8082-exec-1] INFO  c.z.x.oss.biz.strategy.impl.MinioFileStrategy - ## 上传文件至 Minio ...
2025-07-14 19:05:08.865 [http-nio-8082-exec-1] INFO  c.z.x.oss.biz.strategy.impl.MinioFileStrategy - ==> 开始上传文件至 Minio, ObjectName: 5c0e5c957cf74461b5d36f97864b1cf8.png
2025-07-14 19:05:09.469 [http-nio-8082-exec-1] INFO  c.z.x.oss.biz.strategy.impl.MinioFileStrategy - ==> 上传文件至 Minio 成功，访问路径: http://47.236.36.111:9000/xiaohongshu/5c0e5c957cf74461b5d36f97864b1cf8.png
2025-07-14 19:20:25.621 [com.alibaba.nacos.client.remote.worker] INFO  com.alibaba.nacos.common.remote.client - [429ca082-2287-4263-9f2e-9af10d546ac5] Server healthy check fail, currentConnection = 1752491014339_112.94.129.200_5851
2025-07-14 19:20:25.621 [com.alibaba.nacos.client.remote.worker] INFO  com.alibaba.nacos.common.remote.client - [429ca082-2287-4263-9f2e-9af10d546ac5] Try to reconnect to a new server, server is  not appointed, will choose a random server.
2025-07-14 19:20:25.621 [com.alibaba.nacos.client.remote.worker] INFO  c.a.nacos.common.remote.client.grpc.GrpcClient - grpc client connection server:47.236.36.111 ip,serverPort:9848,grpcTslConfig:{"sslProvider":"OPENSSL","enableTls":false,"mutualAuthEnable":false,"trustAll":false}
2025-07-14 19:20:25.667 [com.alibaba.nacos.client.remote.worker] INFO  com.alibaba.nacos.common.remote.client - [82e16bec-45f3-43f5-a57d-c6075689a7f6_config-0] Server healthy check fail, currentConnection = 1752491011874_112.94.129.200_5846
2025-07-14 19:20:25.667 [com.alibaba.nacos.client.remote.worker] INFO  com.alibaba.nacos.common.remote.client - [82e16bec-45f3-43f5-a57d-c6075689a7f6_config-0] Try to reconnect to a new server, server is  not appointed, will choose a random server.
2025-07-14 19:20:25.667 [com.alibaba.nacos.client.remote.worker] INFO  c.a.nacos.common.remote.client.grpc.GrpcClient - grpc client connection server:47.236.36.111 ip,serverPort:9848,grpcTslConfig:{"sslProvider":"OPENSSL","enableTls":false,"mutualAuthEnable":false,"trustAll":false}
2025-07-14 19:20:28.624 [com.alibaba.nacos.client.remote.worker] ERROR c.a.nacos.common.remote.client.grpc.GrpcClient - Server check fail, please check server 47.236.36.111 ,port 9848 is available , error ={}
java.util.concurrent.TimeoutException: Waited 3000 milliseconds (plus 1 milliseconds, 423400 nanoseconds delay) for com.alibaba.nacos.shaded.io.grpc.stub.ClientCalls$GrpcFuture@5f6f7219[status=PENDING, info=[GrpcFuture{clientCall=PendingCall{realCall=ClientCallImpl{method=MethodDescriptor{fullMethodName=Request/request, type=UNARY, idempotent=false, safe=false, sampledToLocalTracing=true, requestMarshaller=com.alibaba.nacos.shaded.io.grpc.protobuf.lite.ProtoLiteUtils$MessageMarshaller@57581d40, responseMarshaller=com.alibaba.nacos.shaded.io.grpc.protobuf.lite.ProtoLiteUtils$MessageMarshaller@8bfe72, schemaDescriptor=com.alibaba.nacos.api.grpc.auto.RequestGrpc$RequestMethodDescriptorSupplier@670cbe50}}}}]]
	at com.alibaba.nacos.shaded.com.google.common.util.concurrent.AbstractFuture.get(AbstractFuture.java:508)
	at com.alibaba.nacos.common.remote.client.grpc.GrpcClient.serverCheck(GrpcClient.java:218)
	at com.alibaba.nacos.common.remote.client.grpc.GrpcClient.connectToServer(GrpcClient.java:329)
	at com.alibaba.nacos.common.remote.client.RpcClient.reconnect(RpcClient.java:502)
	at com.alibaba.nacos.common.remote.client.RpcClient.lambda$start$2(RpcClient.java:343)
	at java.base/java.util.concurrent.Executors$RunnableAdapter.call(Executors.java:539)
	at java.base/java.util.concurrent.FutureTask.run(FutureTask.java:264)
	at java.base/java.util.concurrent.ScheduledThreadPoolExecutor$ScheduledFutureTask.run(ScheduledThreadPoolExecutor.java:304)
	at java.base/java.util.concurrent.ThreadPoolExecutor.runWorker(ThreadPoolExecutor.java:1136)
	at java.base/java.util.concurrent.ThreadPoolExecutor$Worker.run(ThreadPoolExecutor.java:635)
	at java.base/java.lang.Thread.run(Thread.java:842)
2025-07-14 19:20:28.670 [com.alibaba.nacos.client.remote.worker] ERROR c.a.nacos.common.remote.client.grpc.GrpcClient - Server check fail, please check server 47.236.36.111 ,port 9848 is available , error ={}
java.util.concurrent.TimeoutException: Waited 3000 milliseconds (plus 2 milliseconds, 23300 nanoseconds delay) for com.alibaba.nacos.shaded.io.grpc.stub.ClientCalls$GrpcFuture@1c5af66e[status=PENDING, info=[GrpcFuture{clientCall=PendingCall{realCall=ClientCallImpl{method=MethodDescriptor{fullMethodName=Request/request, type=UNARY, idempotent=false, safe=false, sampledToLocalTracing=true, requestMarshaller=com.alibaba.nacos.shaded.io.grpc.protobuf.lite.ProtoLiteUtils$MessageMarshaller@57581d40, responseMarshaller=com.alibaba.nacos.shaded.io.grpc.protobuf.lite.ProtoLiteUtils$MessageMarshaller@8bfe72, schemaDescriptor=com.alibaba.nacos.api.grpc.auto.RequestGrpc$RequestMethodDescriptorSupplier@670cbe50}}}}]]
	at com.alibaba.nacos.shaded.com.google.common.util.concurrent.AbstractFuture.get(AbstractFuture.java:508)
	at com.alibaba.nacos.common.remote.client.grpc.GrpcClient.serverCheck(GrpcClient.java:218)
	at com.alibaba.nacos.common.remote.client.grpc.GrpcClient.connectToServer(GrpcClient.java:329)
	at com.alibaba.nacos.common.remote.client.RpcClient.reconnect(RpcClient.java:502)
	at com.alibaba.nacos.common.remote.client.RpcClient.lambda$start$2(RpcClient.java:343)
	at java.base/java.util.concurrent.Executors$RunnableAdapter.call(Executors.java:539)
	at java.base/java.util.concurrent.FutureTask.run(FutureTask.java:264)
	at java.base/java.util.concurrent.ScheduledThreadPoolExecutor$ScheduledFutureTask.run(ScheduledThreadPoolExecutor.java:304)
	at java.base/java.util.concurrent.ThreadPoolExecutor.runWorker(ThreadPoolExecutor.java:1136)
	at java.base/java.util.concurrent.ThreadPoolExecutor$Worker.run(ThreadPoolExecutor.java:635)
	at java.base/java.lang.Thread.run(Thread.java:842)
2025-07-14 19:20:28.746 [com.alibaba.nacos.client.remote.worker] INFO  c.a.nacos.common.remote.client.grpc.GrpcClient - grpc client connection server:47.236.36.111 ip,serverPort:9848,grpcTslConfig:{"sslProvider":"OPENSSL","enableTls":false,"mutualAuthEnable":false,"trustAll":false}
2025-07-14 19:20:28.777 [com.alibaba.nacos.client.remote.worker] INFO  c.a.nacos.common.remote.client.grpc.GrpcClient - grpc client connection server:47.236.36.111 ip,serverPort:9848,grpcTslConfig:{"sslProvider":"OPENSSL","enableTls":false,"mutualAuthEnable":false,"trustAll":false}
2025-07-14 19:20:31.748 [com.alibaba.nacos.client.remote.worker] ERROR c.a.nacos.common.remote.client.grpc.GrpcClient - Server check fail, please check server 47.236.36.111 ,port 9848 is available , error ={}
java.util.concurrent.TimeoutException: Waited 3000 milliseconds (plus 1 milliseconds, 57300 nanoseconds delay) for com.alibaba.nacos.shaded.io.grpc.stub.ClientCalls$GrpcFuture@5c335384[status=PENDING, info=[GrpcFuture{clientCall=PendingCall{realCall=ClientCallImpl{method=MethodDescriptor{fullMethodName=Request/request, type=UNARY, idempotent=false, safe=false, sampledToLocalTracing=true, requestMarshaller=com.alibaba.nacos.shaded.io.grpc.protobuf.lite.ProtoLiteUtils$MessageMarshaller@57581d40, responseMarshaller=com.alibaba.nacos.shaded.io.grpc.protobuf.lite.ProtoLiteUtils$MessageMarshaller@8bfe72, schemaDescriptor=com.alibaba.nacos.api.grpc.auto.RequestGrpc$RequestMethodDescriptorSupplier@670cbe50}}}}]]
	at com.alibaba.nacos.shaded.com.google.common.util.concurrent.AbstractFuture.get(AbstractFuture.java:508)
	at com.alibaba.nacos.common.remote.client.grpc.GrpcClient.serverCheck(GrpcClient.java:218)
	at com.alibaba.nacos.common.remote.client.grpc.GrpcClient.connectToServer(GrpcClient.java:329)
	at com.alibaba.nacos.common.remote.client.RpcClient.reconnect(RpcClient.java:502)
	at com.alibaba.nacos.common.remote.client.RpcClient.lambda$start$2(RpcClient.java:343)
	at java.base/java.util.concurrent.Executors$RunnableAdapter.call(Executors.java:539)
	at java.base/java.util.concurrent.FutureTask.run(FutureTask.java:264)
	at java.base/java.util.concurrent.ScheduledThreadPoolExecutor$ScheduledFutureTask.run(ScheduledThreadPoolExecutor.java:304)
	at java.base/java.util.concurrent.ThreadPoolExecutor.runWorker(ThreadPoolExecutor.java:1136)
	at java.base/java.util.concurrent.ThreadPoolExecutor$Worker.run(ThreadPoolExecutor.java:635)
	at java.base/java.lang.Thread.run(Thread.java:842)
2025-07-14 19:20:31.749 [com.alibaba.nacos.client.remote.worker] INFO  com.alibaba.nacos.common.remote.client - [429ca082-2287-4263-9f2e-9af10d546ac5] Fail to connect server, after trying 1 times, last try server is {serverIp = '47.236.36.111', server main port = 8848}, error = unknown
2025-07-14 19:20:31.779 [com.alibaba.nacos.client.remote.worker] ERROR c.a.nacos.common.remote.client.grpc.GrpcClient - Server check fail, please check server 47.236.36.111 ,port 9848 is available , error ={}
java.util.concurrent.TimeoutException: Waited 3000 milliseconds (plus 1 milliseconds, 432600 nanoseconds delay) for com.alibaba.nacos.shaded.io.grpc.stub.ClientCalls$GrpcFuture@4880e516[status=PENDING, info=[GrpcFuture{clientCall=PendingCall{realCall=ClientCallImpl{method=MethodDescriptor{fullMethodName=Request/request, type=UNARY, idempotent=false, safe=false, sampledToLocalTracing=true, requestMarshaller=com.alibaba.nacos.shaded.io.grpc.protobuf.lite.ProtoLiteUtils$MessageMarshaller@57581d40, responseMarshaller=com.alibaba.nacos.shaded.io.grpc.protobuf.lite.ProtoLiteUtils$MessageMarshaller@8bfe72, schemaDescriptor=com.alibaba.nacos.api.grpc.auto.RequestGrpc$RequestMethodDescriptorSupplier@670cbe50}}}}]]
	at com.alibaba.nacos.shaded.com.google.common.util.concurrent.AbstractFuture.get(AbstractFuture.java:508)
	at com.alibaba.nacos.common.remote.client.grpc.GrpcClient.serverCheck(GrpcClient.java:218)
	at com.alibaba.nacos.common.remote.client.grpc.GrpcClient.connectToServer(GrpcClient.java:329)
	at com.alibaba.nacos.common.remote.client.RpcClient.reconnect(RpcClient.java:502)
	at com.alibaba.nacos.common.remote.client.RpcClient.lambda$start$2(RpcClient.java:343)
	at java.base/java.util.concurrent.Executors$RunnableAdapter.call(Executors.java:539)
	at java.base/java.util.concurrent.FutureTask.run(FutureTask.java:264)
	at java.base/java.util.concurrent.ScheduledThreadPoolExecutor$ScheduledFutureTask.run(ScheduledThreadPoolExecutor.java:304)
	at java.base/java.util.concurrent.ThreadPoolExecutor.runWorker(ThreadPoolExecutor.java:1136)
	at java.base/java.util.concurrent.ThreadPoolExecutor$Worker.run(ThreadPoolExecutor.java:635)
	at java.base/java.lang.Thread.run(Thread.java:842)
2025-07-14 19:20:31.779 [com.alibaba.nacos.client.remote.worker] INFO  com.alibaba.nacos.common.remote.client - [82e16bec-45f3-43f5-a57d-c6075689a7f6_config-0] Fail to connect server, after trying 1 times, last try server is {serverIp = '47.236.36.111', server main port = 8848}, error = unknown
2025-07-14 19:20:31.965 [com.alibaba.nacos.client.remote.worker] INFO  c.a.nacos.common.remote.client.grpc.GrpcClient - grpc client connection server:47.236.36.111 ip,serverPort:9848,grpcTslConfig:{"sslProvider":"OPENSSL","enableTls":false,"mutualAuthEnable":false,"trustAll":false}
2025-07-14 19:20:31.981 [com.alibaba.nacos.client.remote.worker] INFO  c.a.nacos.common.remote.client.grpc.GrpcClient - grpc client connection server:47.236.36.111 ip,serverPort:9848,grpcTslConfig:{"sslProvider":"OPENSSL","enableTls":false,"mutualAuthEnable":false,"trustAll":false}
2025-07-14 19:20:32.444 [com.alibaba.nacos.client.remote.worker] INFO  com.alibaba.nacos.common.remote.client - [82e16bec-45f3-43f5-a57d-c6075689a7f6_config-0] Success to connect a server [47.236.36.111:8848], connectionId = 1752492032228_112.94.129.200_6132
2025-07-14 19:20:32.444 [com.alibaba.nacos.client.remote.worker] INFO  com.alibaba.nacos.common.remote.client - [82e16bec-45f3-43f5-a57d-c6075689a7f6_config-0] Abandon prev connection, server is 47.236.36.111:8848, connectionId is 1752491011874_112.94.129.200_5846
2025-07-14 19:20:32.444 [com.alibaba.nacos.client.remote.worker] INFO  com.alibaba.nacos.common.remote.client - Close current connection 1752491011874_112.94.129.200_5846
2025-07-14 19:20:32.444 [com.alibaba.nacos.client.remote.worker] INFO  com.alibaba.nacos.common.remote.client - [82e16bec-45f3-43f5-a57d-c6075689a7f6_config-0] Notify disconnected event to listeners
2025-07-14 19:20:32.444 [com.alibaba.nacos.client.remote.worker] INFO  com.alibaba.nacos.client.config.impl.ClientWorker - [82e16bec-45f3-43f5-a57d-c6075689a7f6_config-0] DisConnected,clear listen context...
2025-07-14 19:20:32.444 [com.alibaba.nacos.client.remote.worker] INFO  com.alibaba.nacos.common.remote.client - [82e16bec-45f3-43f5-a57d-c6075689a7f6_config-0] Notify connected event to listeners.
2025-07-14 19:20:32.445 [com.alibaba.nacos.client.remote.worker] INFO  com.alibaba.nacos.client.config.impl.ClientWorker - [82e16bec-45f3-43f5-a57d-c6075689a7f6_config-0] Connected,notify listen context...
2025-07-14 19:20:32.445 [nacos-grpc-client-executor-47.236.36.111-232] WARN  c.a.nacos.common.remote.client.grpc.GrpcClient - [1752491011874_112.94.129.200_5846]Ignore error event,isRunning:true,isAbandon=true
2025-07-14 19:20:32.459 [com.alibaba.nacos.client.remote.worker] INFO  com.alibaba.nacos.common.remote.client - [429ca082-2287-4263-9f2e-9af10d546ac5] Success to connect a server [47.236.36.111:8848], connectionId = 1752492032227_112.94.129.200_6131
2025-07-14 19:20:32.459 [com.alibaba.nacos.client.remote.worker] INFO  com.alibaba.nacos.common.remote.client - [429ca082-2287-4263-9f2e-9af10d546ac5] Abandon prev connection, server is 47.236.36.111:8848, connectionId is 1752491014339_112.94.129.200_5851
2025-07-14 19:20:32.459 [com.alibaba.nacos.client.remote.worker] INFO  com.alibaba.nacos.common.remote.client - Close current connection 1752491014339_112.94.129.200_5851
2025-07-14 19:20:32.460 [com.alibaba.nacos.client.remote.worker] INFO  com.alibaba.nacos.common.remote.client - [429ca082-2287-4263-9f2e-9af10d546ac5] Notify disconnected event to listeners
2025-07-14 19:20:32.461 [com.alibaba.nacos.client.remote.worker] WARN  com.alibaba.nacos.client.naming - Grpc connection disconnect, mark to redo
2025-07-14 19:20:32.461 [nacos-grpc-client-executor-47.236.36.111-224] WARN  c.a.nacos.common.remote.client.grpc.GrpcClient - [1752491014339_112.94.129.200_5851]Ignore error event,isRunning:true,isAbandon=true
2025-07-14 19:20:32.463 [com.alibaba.nacos.client.remote.worker] WARN  com.alibaba.nacos.client.naming - mark to redo completed
2025-07-14 19:20:32.463 [com.alibaba.nacos.client.remote.worker] INFO  com.alibaba.nacos.common.remote.client - [429ca082-2287-4263-9f2e-9af10d546ac5] Notify connected event to listeners.
2025-07-14 19:20:32.463 [com.alibaba.nacos.client.remote.worker] INFO  com.alibaba.nacos.client.naming - Grpc connection connect
2025-07-14 19:20:33.799 [com.alibaba.nacos.client.naming.grpc.redo.0] INFO  com.alibaba.nacos.client.naming - Redo instance operation REGISTER for DEFAULT_GROUP@@xiaohongshu-oss
2025-07-14 21:10:43.273 [Thread-2] WARN  c.alibaba.nacos.common.http.HttpClientBeanHolder - [HttpClientBeanHolder] Start destroying common HttpClient
2025-07-14 21:10:43.273 [Thread-9] WARN  com.alibaba.nacos.common.notify.NotifyCenter - [NotifyCenter] Start destroying Publisher
2025-07-14 21:10:43.290 [Thread-9] WARN  com.alibaba.nacos.common.notify.NotifyCenter - [NotifyCenter] Destruction of the end
2025-07-14 21:10:43.290 [Thread-2] WARN  c.alibaba.nacos.common.http.HttpClientBeanHolder - [HttpClientBeanHolder] Destruction of the end
2025-07-14 21:10:43.448 [SpringApplicationShutdownHook] INFO  c.a.cloud.nacos.registry.NacosServiceRegistry - De-registering from Nacos Server now...
2025-07-14 21:10:43.448 [SpringApplicationShutdownHook] INFO  com.alibaba.nacos.client.naming - [DEREGISTER-SERVICE] xiaohongshu deregistering service xiaohongshu-oss with instance: Instance{instanceId='null', ip='10.2.66.10', port=8082, weight=1.0, healthy=true, enabled=true, ephemeral=true, clusterName='DEFAULT', serviceName='null', metadata={}}
2025-07-14 21:10:43.495 [SpringApplicationShutdownHook] INFO  c.a.cloud.nacos.registry.NacosServiceRegistry - De-registration finished.
2025-07-14 21:10:43.495 [SpringApplicationShutdownHook] INFO  com.alibaba.nacos.client.naming - com.alibaba.nacos.client.naming.cache.ServiceInfoHolder do shutdown begin
2025-07-14 21:10:43.495 [SpringApplicationShutdownHook] INFO  com.alibaba.nacos.client.naming - com.alibaba.nacos.client.naming.backups.FailoverReactor do shutdown begin
2025-07-14 21:10:43.495 [SpringApplicationShutdownHook] INFO  com.alibaba.nacos.client.naming - com.alibaba.nacos.client.naming.backups.FailoverReactor do shutdown stop
2025-07-14 21:10:43.495 [SpringApplicationShutdownHook] INFO  com.alibaba.nacos.client.naming - com.alibaba.nacos.client.naming.cache.ServiceInfoHolder do shutdown stop
2025-07-14 21:10:43.495 [SpringApplicationShutdownHook] INFO  com.alibaba.nacos.client.naming - com.alibaba.nacos.client.naming.remote.NamingClientProxyDelegate do shutdown begin
2025-07-14 21:10:43.495 [SpringApplicationShutdownHook] INFO  com.alibaba.nacos.client.naming - com.alibaba.nacos.client.naming.core.ServiceInfoUpdateService do shutdown begin
2025-07-14 21:10:43.495 [SpringApplicationShutdownHook] INFO  com.alibaba.nacos.client.naming - com.alibaba.nacos.client.naming.core.ServiceInfoUpdateService do shutdown stop
2025-07-14 21:10:43.495 [SpringApplicationShutdownHook] INFO  com.alibaba.nacos.client.naming - com.alibaba.nacos.client.naming.core.ServerListManager do shutdown begin
2025-07-14 21:10:43.495 [SpringApplicationShutdownHook] WARN  com.alibaba.nacos.client.naming - [NamingHttpClientManager] Start destroying NacosRestTemplate
2025-07-14 21:10:43.495 [SpringApplicationShutdownHook] WARN  com.alibaba.nacos.client.naming - [NamingHttpClientManager] Destruction of the end
2025-07-14 21:10:43.495 [SpringApplicationShutdownHook] INFO  com.alibaba.nacos.client.naming - com.alibaba.nacos.client.naming.core.ServerListManager do shutdown stop
2025-07-14 21:10:43.495 [SpringApplicationShutdownHook] INFO  com.alibaba.nacos.client.naming - com.alibaba.nacos.client.naming.remote.http.NamingHttpClientProxy do shutdown begin
2025-07-14 21:10:43.495 [SpringApplicationShutdownHook] WARN  com.alibaba.nacos.client.naming - [NamingHttpClientManager] Start destroying NacosRestTemplate
2025-07-14 21:10:43.495 [SpringApplicationShutdownHook] WARN  com.alibaba.nacos.client.naming - [NamingHttpClientManager] Destruction of the end
2025-07-14 21:10:43.495 [SpringApplicationShutdownHook] INFO  com.alibaba.nacos.client.naming - com.alibaba.nacos.client.naming.remote.http.NamingHttpClientProxy do shutdown stop
2025-07-14 21:10:43.495 [SpringApplicationShutdownHook] INFO  com.alibaba.nacos.common.remote.client - Shutdown rpc client, set status to shutdown
2025-07-14 21:10:43.495 [SpringApplicationShutdownHook] INFO  com.alibaba.nacos.common.remote.client - Shutdown client event executor java.util.concurrent.ScheduledThreadPoolExecutor@245123be[Running, pool size = 2, active threads = 2, queued tasks = 0, completed tasks = 0]
2025-07-14 21:10:43.495 [SpringApplicationShutdownHook] INFO  com.alibaba.nacos.common.remote.client - Close current connection 1752492032227_112.94.129.200_6131
2025-07-14 21:10:43.495 [nacos-grpc-client-executor-47.236.36.111-1531] WARN  c.a.nacos.common.remote.client.grpc.GrpcClient - [1752492032227_112.94.129.200_6131]Ignore error event,isRunning:false,isAbandon=false
2025-07-14 21:10:43.495 [SpringApplicationShutdownHook] INFO  c.a.nacos.common.remote.client.grpc.GrpcClient - Shutdown grpc executor java.util.concurrent.ThreadPoolExecutor@75d59262[Running, pool size = 4, active threads = 0, queued tasks = 0, completed tasks = 1532]
2025-07-14 21:10:43.495 [SpringApplicationShutdownHook] INFO  com.alibaba.nacos.client.naming - Shutdown grpc redo service executor java.util.concurrent.ScheduledThreadPoolExecutor@1e505315[Running, pool size = 1, active threads = 0, queued tasks = 1, completed tasks = 2536]
2025-07-14 21:10:43.495 [SpringApplicationShutdownHook] INFO  c.a.n.client.auth.ram.identify.CredentialWatcher - [null] CredentialWatcher is stopped
2025-07-14 21:10:43.495 [SpringApplicationShutdownHook] INFO  c.a.n.client.auth.ram.identify.CredentialService - [null] CredentialService is freed
2025-07-14 21:10:43.495 [SpringApplicationShutdownHook] INFO  com.alibaba.nacos.client.naming - com.alibaba.nacos.client.naming.remote.NamingClientProxyDelegate do shutdown stop
