2025-09-18 16:18:29.409 [main] WARN  com.alibaba.nacos.client.logging.NacosLogging - Load Logback Configuration of Nacos fail, message: Could not initialize Logback Nacos logging from classpath:nacos-logback.xml
2025-09-18 16:18:29.483 [main] WARN  com.alibaba.nacos.client.logging.NacosLogging - Load Logback Configuration of Nacos fail, message: Could not initialize Logback Nacos logging from classpath:nacos-logback.xml
2025-09-18 16:18:30.126 [main] WARN  com.alibaba.nacos.client.logging.NacosLogging - Load Logback Configuration of Nacos fail, message: Could not initialize Logback Nacos logging from classpath:nacos-logback.xml
2025-09-18 16:18:30.143 [main] WARN  com.alibaba.nacos.client.logging.NacosLogging - Load Logback Configuration of Nacos fail, message: Could not initialize Logback Nacos logging from classpath:nacos-logback.xml
2025-09-18 16:18:30.144 [main] INFO  c.z.x.search.biz.XiaohongshuSearchApplication - The following 1 profile is active: "dev"
2025-09-18 16:18:30.992 [main] INFO  o.springframework.cloud.context.scope.GenericScope - BeanFactory id=08e0f751-fb5a-30ea-99ae-848b62ee9f46
2025-09-18 16:18:31.608 [main] INFO  o.s.boot.web.embedded.tomcat.TomcatWebServer - Tomcat initialized with port(s): 8092 (http)
2025-09-18 16:18:31.610 [main] INFO  org.apache.catalina.core.AprLifecycleListener - Loaded Apache Tomcat Native library [2.0.3] using APR version [1.7.2].
2025-09-18 16:18:31.620 [main] INFO  org.apache.catalina.core.AprLifecycleListener - OpenSSL successfully initialized [OpenSSL 3.0.8 7 Feb 2023]
2025-09-18 16:18:31.633 [main] INFO  org.apache.catalina.core.StandardService - Starting service [Tomcat]
2025-09-18 16:18:31.633 [main] INFO  org.apache.catalina.core.StandardEngine - Starting Servlet engine: [Apache Tomcat/10.1.5]
2025-09-18 16:18:31.755 [main] INFO  o.a.c.core.ContainerBase.[Tomcat].[localhost].[/] - Initializing Spring embedded WebApplicationContext
2025-09-18 16:18:31.755 [main] INFO  o.s.b.w.s.c.ServletWebServerApplicationContext - Root WebApplicationContext: initialization completed in 1590 ms
2025-09-18 16:18:31.873 [main] WARN  o.s.b.w.s.c.AnnotationConfigServletWebServerApplicationContext - Exception encountered during context initialization - cancelling refresh attempt: org.springframework.beans.factory.BeanCreationException: Error creating bean with name 'canalSchedule': Injection of resource dependencies failed
2025-09-18 16:18:31.874 [main] INFO  org.apache.catalina.core.StandardService - Stopping service [Tomcat]
2025-09-18 16:18:31.920 [main] INFO  o.s.b.a.logging.ConditionEvaluationReportLogger - 

Error starting ApplicationContext. To display the condition evaluation report re-run your application with 'debug' enabled.
2025-09-18 16:18:31.941 [main] ERROR org.springframework.boot.SpringApplication - Application run failed
org.springframework.beans.factory.BeanCreationException: Error creating bean with name 'canalSchedule': Injection of resource dependencies failed
	at org.springframework.context.annotation.CommonAnnotationBeanPostProcessor.postProcessProperties(CommonAnnotationBeanPostProcessor.java:303)
	at org.springframework.beans.factory.support.AbstractAutowireCapableBeanFactory.populateBean(AbstractAutowireCapableBeanFactory.java:1397)
	at org.springframework.beans.factory.support.AbstractAutowireCapableBeanFactory.doCreateBean(AbstractAutowireCapableBeanFactory.java:598)
	at org.springframework.beans.factory.support.AbstractAutowireCapableBeanFactory.createBean(AbstractAutowireCapableBeanFactory.java:521)
	at org.springframework.beans.factory.support.AbstractBeanFactory.lambda$doGetBean$0(AbstractBeanFactory.java:326)
	at org.springframework.beans.factory.support.DefaultSingletonBeanRegistry.getSingleton(DefaultSingletonBeanRegistry.java:234)
	at org.springframework.beans.factory.support.AbstractBeanFactory.doGetBean(AbstractBeanFactory.java:324)
	at org.springframework.beans.factory.support.AbstractBeanFactory.getBean(AbstractBeanFactory.java:200)
	at org.springframework.beans.factory.support.DefaultListableBeanFactory.preInstantiateSingletons(DefaultListableBeanFactory.java:961)
	at org.springframework.context.support.AbstractApplicationContext.finishBeanFactoryInitialization(AbstractApplicationContext.java:915)
	at org.springframework.context.support.AbstractApplicationContext.refresh(AbstractApplicationContext.java:584)
	at org.springframework.boot.web.servlet.context.ServletWebServerApplicationContext.refresh(ServletWebServerApplicationContext.java:146)
	at org.springframework.boot.SpringApplication.refresh(SpringApplication.java:730)
	at org.springframework.boot.SpringApplication.refreshContext(SpringApplication.java:432)
	at org.springframework.boot.SpringApplication.run(SpringApplication.java:308)
	at org.springframework.boot.SpringApplication.run(SpringApplication.java:1302)
	at org.springframework.boot.SpringApplication.run(SpringApplication.java:1291)
	at com.zry.xiaohongshu.search.biz.XiaohongshuSearchApplication.main(XiaohongshuSearchApplication.java:13)
Caused by: org.springframework.beans.factory.BeanCreationException: Error creating bean with name 'getCanalConnector' defined in class path resource [com/zry/xiaohongshu/search/biz/canal/CanalClient.class]: Failed to instantiate [com.alibaba.otter.canal.client.CanalConnector]: Factory method 'getCanalConnector' threw exception with message: java.net.ConnectException: Connection refused: connect
	at org.springframework.beans.factory.support.ConstructorResolver.instantiate(ConstructorResolver.java:657)
	at org.springframework.beans.factory.support.ConstructorResolver.instantiateUsingFactoryMethod(ConstructorResolver.java:491)
	at org.springframework.beans.factory.support.AbstractAutowireCapableBeanFactory.instantiateUsingFactoryMethod(AbstractAutowireCapableBeanFactory.java:1324)
	at org.springframework.beans.factory.support.AbstractAutowireCapableBeanFactory.createBeanInstance(AbstractAutowireCapableBeanFactory.java:1161)
	at org.springframework.beans.factory.support.AbstractAutowireCapableBeanFactory.doCreateBean(AbstractAutowireCapableBeanFactory.java:561)
	at org.springframework.beans.factory.support.AbstractAutowireCapableBeanFactory.createBean(AbstractAutowireCapableBeanFactory.java:521)
	at org.springframework.beans.factory.support.AbstractBeanFactory.lambda$doGetBean$0(AbstractBeanFactory.java:326)
	at org.springframework.beans.factory.support.DefaultSingletonBeanRegistry.getSingleton(DefaultSingletonBeanRegistry.java:234)
	at org.springframework.beans.factory.support.AbstractBeanFactory.doGetBean(AbstractBeanFactory.java:324)
	at org.springframework.beans.factory.support.AbstractBeanFactory.getBean(AbstractBeanFactory.java:200)
	at org.springframework.beans.factory.config.DependencyDescriptor.resolveCandidate(DependencyDescriptor.java:254)
	at org.springframework.beans.factory.support.DefaultListableBeanFactory.doResolveDependency(DefaultListableBeanFactory.java:1405)
	at org.springframework.beans.factory.support.DefaultListableBeanFactory.resolveDependency(DefaultListableBeanFactory.java:1325)
	at org.springframework.context.annotation.CommonAnnotationBeanPostProcessor.autowireResource(CommonAnnotationBeanPostProcessor.java:490)
	at org.springframework.context.annotation.CommonAnnotationBeanPostProcessor.getResource(CommonAnnotationBeanPostProcessor.java:467)
	at org.springframework.context.annotation.CommonAnnotationBeanPostProcessor$ResourceElement.getResourceToInject(CommonAnnotationBeanPostProcessor.java:618)
	at org.springframework.beans.factory.annotation.InjectionMetadata$InjectedElement.inject(InjectionMetadata.java:242)
	at org.springframework.beans.factory.annotation.InjectionMetadata.inject(InjectionMetadata.java:133)
	at org.springframework.context.annotation.CommonAnnotationBeanPostProcessor.postProcessProperties(CommonAnnotationBeanPostProcessor.java:300)
	... 17 common frames omitted
Caused by: org.springframework.beans.BeanInstantiationException: Failed to instantiate [com.alibaba.otter.canal.client.CanalConnector]: Factory method 'getCanalConnector' threw exception with message: java.net.ConnectException: Connection refused: connect
	at org.springframework.beans.factory.support.SimpleInstantiationStrategy.instantiate(SimpleInstantiationStrategy.java:171)
	at org.springframework.beans.factory.support.ConstructorResolver.instantiate(ConstructorResolver.java:653)
	... 35 common frames omitted
Caused by: com.alibaba.otter.canal.protocol.exception.CanalClientException: java.net.ConnectException: Connection refused: connect
	at com.alibaba.otter.canal.client.impl.SimpleCanalConnector.doConnect(SimpleCanalConnector.java:200)
	at com.alibaba.otter.canal.client.impl.SimpleCanalConnector.connect(SimpleCanalConnector.java:116)
	at com.zry.xiaohongshu.search.biz.canal.CanalClient.getCanalConnector(CanalClient.java:45)
	at java.base/jdk.internal.reflect.NativeMethodAccessorImpl.invoke0(Native Method)
	at java.base/jdk.internal.reflect.NativeMethodAccessorImpl.invoke(NativeMethodAccessorImpl.java:77)
	at java.base/jdk.internal.reflect.DelegatingMethodAccessorImpl.invoke(DelegatingMethodAccessorImpl.java:43)
	at java.base/java.lang.reflect.Method.invoke(Method.java:568)
	at org.springframework.beans.factory.support.SimpleInstantiationStrategy.instantiate(SimpleInstantiationStrategy.java:139)
	... 36 common frames omitted
Caused by: java.net.ConnectException: Connection refused: connect
	at java.base/sun.nio.ch.Net.connect0(Native Method)
	at java.base/sun.nio.ch.Net.connect(Net.java:579)
	at java.base/sun.nio.ch.Net.connect(Net.java:586)
	at java.base/sun.nio.ch.SocketChannelImpl.connect(SocketChannelImpl.java:853)
	at com.alibaba.otter.canal.client.impl.SimpleCanalConnector.doConnect(SimpleCanalConnector.java:152)
	... 43 common frames omitted
2025-09-18 16:19:31.003 [main] WARN  com.alibaba.nacos.client.logging.NacosLogging - Load Logback Configuration of Nacos fail, message: Could not initialize Logback Nacos logging from classpath:nacos-logback.xml
2025-09-18 16:19:31.068 [main] WARN  com.alibaba.nacos.client.logging.NacosLogging - Load Logback Configuration of Nacos fail, message: Could not initialize Logback Nacos logging from classpath:nacos-logback.xml
2025-09-18 16:19:31.583 [main] WARN  com.alibaba.nacos.client.logging.NacosLogging - Load Logback Configuration of Nacos fail, message: Could not initialize Logback Nacos logging from classpath:nacos-logback.xml
2025-09-18 16:19:31.598 [main] WARN  com.alibaba.nacos.client.logging.NacosLogging - Load Logback Configuration of Nacos fail, message: Could not initialize Logback Nacos logging from classpath:nacos-logback.xml
2025-09-18 16:19:31.599 [main] INFO  c.z.x.search.biz.XiaohongshuSearchApplication - The following 1 profile is active: "dev"
2025-09-18 16:19:32.357 [main] INFO  o.springframework.cloud.context.scope.GenericScope - BeanFactory id=08e0f751-fb5a-30ea-99ae-848b62ee9f46
2025-09-18 16:19:32.946 [main] INFO  o.s.boot.web.embedded.tomcat.TomcatWebServer - Tomcat initialized with port(s): 8092 (http)
2025-09-18 16:19:32.947 [main] INFO  org.apache.catalina.core.AprLifecycleListener - Loaded Apache Tomcat Native library [2.0.3] using APR version [1.7.2].
2025-09-18 16:19:32.953 [main] INFO  org.apache.catalina.core.AprLifecycleListener - OpenSSL successfully initialized [OpenSSL 3.0.8 7 Feb 2023]
2025-09-18 16:19:32.965 [main] INFO  org.apache.catalina.core.StandardService - Starting service [Tomcat]
2025-09-18 16:19:32.965 [main] INFO  org.apache.catalina.core.StandardEngine - Starting Servlet engine: [Apache Tomcat/10.1.5]
2025-09-18 16:19:33.076 [main] INFO  o.a.c.core.ContainerBase.[Tomcat].[localhost].[/] - Initializing Spring embedded WebApplicationContext
2025-09-18 16:19:33.076 [main] INFO  o.s.b.w.s.c.ServletWebServerApplicationContext - Root WebApplicationContext: initialization completed in 1462 ms
2025-09-18 16:19:33.182 [main] WARN  o.s.b.w.s.c.AnnotationConfigServletWebServerApplicationContext - Exception encountered during context initialization - cancelling refresh attempt: org.springframework.beans.factory.BeanCreationException: Error creating bean with name 'canalSchedule': Injection of resource dependencies failed
2025-09-18 16:19:33.183 [main] INFO  org.apache.catalina.core.StandardService - Stopping service [Tomcat]
2025-09-18 16:19:33.221 [main] INFO  o.s.b.a.logging.ConditionEvaluationReportLogger - 

Error starting ApplicationContext. To display the condition evaluation report re-run your application with 'debug' enabled.
2025-09-18 16:19:33.243 [main] ERROR org.springframework.boot.SpringApplication - Application run failed
org.springframework.beans.factory.BeanCreationException: Error creating bean with name 'canalSchedule': Injection of resource dependencies failed
	at org.springframework.context.annotation.CommonAnnotationBeanPostProcessor.postProcessProperties(CommonAnnotationBeanPostProcessor.java:303)
	at org.springframework.beans.factory.support.AbstractAutowireCapableBeanFactory.populateBean(AbstractAutowireCapableBeanFactory.java:1397)
	at org.springframework.beans.factory.support.AbstractAutowireCapableBeanFactory.doCreateBean(AbstractAutowireCapableBeanFactory.java:598)
	at org.springframework.beans.factory.support.AbstractAutowireCapableBeanFactory.createBean(AbstractAutowireCapableBeanFactory.java:521)
	at org.springframework.beans.factory.support.AbstractBeanFactory.lambda$doGetBean$0(AbstractBeanFactory.java:326)
	at org.springframework.beans.factory.support.DefaultSingletonBeanRegistry.getSingleton(DefaultSingletonBeanRegistry.java:234)
	at org.springframework.beans.factory.support.AbstractBeanFactory.doGetBean(AbstractBeanFactory.java:324)
	at org.springframework.beans.factory.support.AbstractBeanFactory.getBean(AbstractBeanFactory.java:200)
	at org.springframework.beans.factory.support.DefaultListableBeanFactory.preInstantiateSingletons(DefaultListableBeanFactory.java:961)
	at org.springframework.context.support.AbstractApplicationContext.finishBeanFactoryInitialization(AbstractApplicationContext.java:915)
	at org.springframework.context.support.AbstractApplicationContext.refresh(AbstractApplicationContext.java:584)
	at org.springframework.boot.web.servlet.context.ServletWebServerApplicationContext.refresh(ServletWebServerApplicationContext.java:146)
	at org.springframework.boot.SpringApplication.refresh(SpringApplication.java:730)
	at org.springframework.boot.SpringApplication.refreshContext(SpringApplication.java:432)
	at org.springframework.boot.SpringApplication.run(SpringApplication.java:308)
	at org.springframework.boot.SpringApplication.run(SpringApplication.java:1302)
	at org.springframework.boot.SpringApplication.run(SpringApplication.java:1291)
	at com.zry.xiaohongshu.search.biz.XiaohongshuSearchApplication.main(XiaohongshuSearchApplication.java:13)
Caused by: org.springframework.beans.factory.BeanCreationException: Error creating bean with name 'getCanalConnector' defined in class path resource [com/zry/xiaohongshu/search/biz/canal/CanalClient.class]: Failed to instantiate [com.alibaba.otter.canal.client.CanalConnector]: Factory method 'getCanalConnector' threw exception with message: java.net.ConnectException: Connection refused: connect
	at org.springframework.beans.factory.support.ConstructorResolver.instantiate(ConstructorResolver.java:657)
	at org.springframework.beans.factory.support.ConstructorResolver.instantiateUsingFactoryMethod(ConstructorResolver.java:491)
	at org.springframework.beans.factory.support.AbstractAutowireCapableBeanFactory.instantiateUsingFactoryMethod(AbstractAutowireCapableBeanFactory.java:1324)
	at org.springframework.beans.factory.support.AbstractAutowireCapableBeanFactory.createBeanInstance(AbstractAutowireCapableBeanFactory.java:1161)
	at org.springframework.beans.factory.support.AbstractAutowireCapableBeanFactory.doCreateBean(AbstractAutowireCapableBeanFactory.java:561)
	at org.springframework.beans.factory.support.AbstractAutowireCapableBeanFactory.createBean(AbstractAutowireCapableBeanFactory.java:521)
	at org.springframework.beans.factory.support.AbstractBeanFactory.lambda$doGetBean$0(AbstractBeanFactory.java:326)
	at org.springframework.beans.factory.support.DefaultSingletonBeanRegistry.getSingleton(DefaultSingletonBeanRegistry.java:234)
	at org.springframework.beans.factory.support.AbstractBeanFactory.doGetBean(AbstractBeanFactory.java:324)
	at org.springframework.beans.factory.support.AbstractBeanFactory.getBean(AbstractBeanFactory.java:200)
	at org.springframework.beans.factory.config.DependencyDescriptor.resolveCandidate(DependencyDescriptor.java:254)
	at org.springframework.beans.factory.support.DefaultListableBeanFactory.doResolveDependency(DefaultListableBeanFactory.java:1405)
	at org.springframework.beans.factory.support.DefaultListableBeanFactory.resolveDependency(DefaultListableBeanFactory.java:1325)
	at org.springframework.context.annotation.CommonAnnotationBeanPostProcessor.autowireResource(CommonAnnotationBeanPostProcessor.java:490)
	at org.springframework.context.annotation.CommonAnnotationBeanPostProcessor.getResource(CommonAnnotationBeanPostProcessor.java:467)
	at org.springframework.context.annotation.CommonAnnotationBeanPostProcessor$ResourceElement.getResourceToInject(CommonAnnotationBeanPostProcessor.java:618)
	at org.springframework.beans.factory.annotation.InjectionMetadata$InjectedElement.inject(InjectionMetadata.java:242)
	at org.springframework.beans.factory.annotation.InjectionMetadata.inject(InjectionMetadata.java:133)
	at org.springframework.context.annotation.CommonAnnotationBeanPostProcessor.postProcessProperties(CommonAnnotationBeanPostProcessor.java:300)
	... 17 common frames omitted
Caused by: org.springframework.beans.BeanInstantiationException: Failed to instantiate [com.alibaba.otter.canal.client.CanalConnector]: Factory method 'getCanalConnector' threw exception with message: java.net.ConnectException: Connection refused: connect
	at org.springframework.beans.factory.support.SimpleInstantiationStrategy.instantiate(SimpleInstantiationStrategy.java:171)
	at org.springframework.beans.factory.support.ConstructorResolver.instantiate(ConstructorResolver.java:653)
	... 35 common frames omitted
Caused by: com.alibaba.otter.canal.protocol.exception.CanalClientException: java.net.ConnectException: Connection refused: connect
	at com.alibaba.otter.canal.client.impl.SimpleCanalConnector.doConnect(SimpleCanalConnector.java:200)
	at com.alibaba.otter.canal.client.impl.SimpleCanalConnector.connect(SimpleCanalConnector.java:116)
	at com.zry.xiaohongshu.search.biz.canal.CanalClient.getCanalConnector(CanalClient.java:45)
	at java.base/jdk.internal.reflect.NativeMethodAccessorImpl.invoke0(Native Method)
	at java.base/jdk.internal.reflect.NativeMethodAccessorImpl.invoke(NativeMethodAccessorImpl.java:77)
	at java.base/jdk.internal.reflect.DelegatingMethodAccessorImpl.invoke(DelegatingMethodAccessorImpl.java:43)
	at java.base/java.lang.reflect.Method.invoke(Method.java:568)
	at org.springframework.beans.factory.support.SimpleInstantiationStrategy.instantiate(SimpleInstantiationStrategy.java:139)
	... 36 common frames omitted
Caused by: java.net.ConnectException: Connection refused: connect
	at java.base/sun.nio.ch.Net.connect0(Native Method)
	at java.base/sun.nio.ch.Net.connect(Net.java:579)
	at java.base/sun.nio.ch.Net.connect(Net.java:586)
	at java.base/sun.nio.ch.SocketChannelImpl.connect(SocketChannelImpl.java:853)
	at com.alibaba.otter.canal.client.impl.SimpleCanalConnector.doConnect(SimpleCanalConnector.java:152)
	... 43 common frames omitted
2025-09-18 16:21:22.865 [main] WARN  com.alibaba.nacos.client.logging.NacosLogging - Load Logback Configuration of Nacos fail, message: Could not initialize Logback Nacos logging from classpath:nacos-logback.xml
2025-09-18 16:21:22.944 [main] WARN  com.alibaba.nacos.client.logging.NacosLogging - Load Logback Configuration of Nacos fail, message: Could not initialize Logback Nacos logging from classpath:nacos-logback.xml
2025-09-18 16:21:23.645 [main] WARN  com.alibaba.nacos.client.logging.NacosLogging - Load Logback Configuration of Nacos fail, message: Could not initialize Logback Nacos logging from classpath:nacos-logback.xml
2025-09-18 16:21:23.665 [main] WARN  com.alibaba.nacos.client.logging.NacosLogging - Load Logback Configuration of Nacos fail, message: Could not initialize Logback Nacos logging from classpath:nacos-logback.xml
2025-09-18 16:21:23.666 [main] INFO  c.z.x.search.biz.XiaohongshuSearchApplication - The following 1 profile is active: "dev"
2025-09-18 16:21:24.604 [main] INFO  o.springframework.cloud.context.scope.GenericScope - BeanFactory id=08e0f751-fb5a-30ea-99ae-848b62ee9f46
2025-09-18 16:21:25.325 [main] INFO  o.s.boot.web.embedded.tomcat.TomcatWebServer - Tomcat initialized with port(s): 8092 (http)
2025-09-18 16:21:25.326 [main] INFO  org.apache.catalina.core.AprLifecycleListener - Loaded Apache Tomcat Native library [2.0.3] using APR version [1.7.2].
2025-09-18 16:21:25.342 [main] INFO  org.apache.catalina.core.AprLifecycleListener - OpenSSL successfully initialized [OpenSSL 3.0.8 7 Feb 2023]
2025-09-18 16:21:25.355 [main] INFO  org.apache.catalina.core.StandardService - Starting service [Tomcat]
2025-09-18 16:21:25.355 [main] INFO  org.apache.catalina.core.StandardEngine - Starting Servlet engine: [Apache Tomcat/10.1.5]
2025-09-18 16:21:25.486 [main] INFO  o.a.c.core.ContainerBase.[Tomcat].[localhost].[/] - Initializing Spring embedded WebApplicationContext
2025-09-18 16:21:25.486 [main] INFO  o.s.b.w.s.c.ServletWebServerApplicationContext - Root WebApplicationContext: initialization completed in 1798 ms
2025-09-18 16:21:25.753 [main] INFO  c.a.d.s.b.a.DruidDataSourceAutoConfigure - Init DruidDataSource
2025-09-18 16:21:26.222 [main] INFO  com.alibaba.druid.pool.DruidDataSource - {dataSource-1} inited
2025-09-18 16:21:28.416 [main] WARN  o.s.c.l.c.LoadBalancerCacheAutoConfiguration$LoadBalancerCaffeineWarnLogger - Spring Cloud LoadBalancer is currently working with the default cache. While this cache implementation is useful for development and tests, it's recommended to use Caffeine cache in production.You can switch to using Caffeine cache, by adding it and org.springframework.cache.caffeine.CaffeineCacheManager to the classpath.
2025-09-18 16:21:28.546 [main] INFO  o.s.boot.web.embedded.tomcat.TomcatWebServer - Tomcat started on port(s): 8092 (http) with context path ''
2025-09-18 16:21:28.557 [main] WARN  com.alibaba.nacos.client.logging.NacosLogging - Load Logback Configuration of Nacos fail, message: Could not initialize Logback Nacos logging from classpath:nacos-logback.xml
2025-09-18 16:21:28.558 [main] INFO  com.alibaba.nacos.client.naming - initializer namespace from ans.namespace attribute : null
2025-09-18 16:21:28.559 [main] INFO  com.alibaba.nacos.client.naming - initializer namespace from ALIBABA_ALIWARE_NAMESPACE attribute :null
2025-09-18 16:21:28.560 [main] INFO  com.alibaba.nacos.client.naming - initializer namespace from namespace attribute :null
2025-09-18 16:21:28.592 [main] INFO  com.alibaba.nacos.client.utils.ParamUtil - [settings] [req-serv] nacos-server port:8848
2025-09-18 16:21:28.592 [main] INFO  com.alibaba.nacos.client.utils.ParamUtil - [settings] [http-client] connect timeout:1000
2025-09-18 16:21:28.593 [main] INFO  com.alibaba.nacos.client.utils.ParamUtil - PER_TASK_CONFIG_SIZE: 3000.0
2025-09-18 16:21:28.600 [main] INFO  c.a.n.p.auth.spi.client.ClientAuthPluginManager - [ClientAuthPluginManager] Load ClientAuthService com.alibaba.nacos.client.auth.impl.NacosClientAuthServiceImpl success.
2025-09-18 16:21:28.601 [main] INFO  c.a.n.p.auth.spi.client.ClientAuthPluginManager - [ClientAuthPluginManager] Load ClientAuthService com.alibaba.nacos.client.auth.ram.RamClientAuthServiceImpl success.
2025-09-18 16:21:28.606 [main] INFO  c.a.n.client.auth.ram.identify.CredentialWatcher - null No credential found
2025-09-18 16:21:28.621 [main] INFO  com.alibaba.nacos.common.remote.client - [RpcClientFactory] create a new rpc client of b4e87f42-ccfa-49eb-ba50-00705c9ef40a
2025-09-18 16:21:28.654 [main] INFO  com.alibaba.nacos.common.remote.client - [b4e87f42-ccfa-49eb-ba50-00705c9ef40a] RpcClient init, ServerListFactory = com.alibaba.nacos.client.naming.core.ServerListManager
2025-09-18 16:21:28.655 [main] INFO  com.alibaba.nacos.common.remote.client - [b4e87f42-ccfa-49eb-ba50-00705c9ef40a] Registry connection listener to current client:com.alibaba.nacos.client.naming.remote.gprc.redo.NamingGrpcRedoService
2025-09-18 16:21:28.655 [main] INFO  com.alibaba.nacos.common.remote.client - [b4e87f42-ccfa-49eb-ba50-00705c9ef40a] Register server push request handler:com.alibaba.nacos.client.naming.remote.gprc.NamingPushRequestHandler
2025-09-18 16:21:28.659 [main] INFO  com.alibaba.nacos.common.remote.client - [b4e87f42-ccfa-49eb-ba50-00705c9ef40a] Try to connect to server on start up, server: {serverIp = '47.236.36.111', server main port = 8848}
2025-09-18 16:21:28.712 [main] INFO  c.a.nacos.common.remote.client.grpc.GrpcClient - grpc client connection server:47.236.36.111 ip,serverPort:9848,grpcTslConfig:{"sslProvider":"OPENSSL","enableTls":false,"mutualAuthEnable":false,"trustAll":false}
2025-09-18 16:21:30.361 [main] INFO  com.alibaba.nacos.common.remote.client - [b4e87f42-ccfa-49eb-ba50-00705c9ef40a] Success to connect to server [47.236.36.111:8848] on start up, connectionId = 1758183690102_112.94.129.56_8630
2025-09-18 16:21:30.363 [com.alibaba.nacos.client.remote.worker] INFO  com.alibaba.nacos.common.remote.client - [b4e87f42-ccfa-49eb-ba50-00705c9ef40a] Notify connected event to listeners.
2025-09-18 16:21:30.363 [com.alibaba.nacos.client.remote.worker] INFO  com.alibaba.nacos.client.naming - Grpc connection connect
2025-09-18 16:21:30.363 [main] INFO  com.alibaba.nacos.common.remote.client - [b4e87f42-ccfa-49eb-ba50-00705c9ef40a] Register server push request handler:com.alibaba.nacos.common.remote.client.RpcClient$ConnectResetRequestHandler
2025-09-18 16:21:30.364 [main] INFO  com.alibaba.nacos.common.remote.client - [b4e87f42-ccfa-49eb-ba50-00705c9ef40a] Register server push request handler:com.alibaba.nacos.common.remote.client.RpcClient$$Lambda$1206/0x00000261018a9228
2025-09-18 16:21:30.366 [main] INFO  com.alibaba.nacos.client.naming - [REGISTER-SERVICE] xiaohongshu registering service xiaohongshu-search with instance Instance{instanceId='null', ip='10.95.158.9', port=8092, weight=1.0, healthy=true, enabled=true, ephemeral=true, clusterName='DEFAULT', serviceName='null', metadata={IPv6=null, preserved.register.source=SPRING_CLOUD}}
2025-09-18 16:21:30.433 [main] INFO  c.a.cloud.nacos.registry.NacosServiceRegistry - nacos registry, DEFAULT_GROUP xiaohongshu-search 10.95.158.9:8092 register finished
2025-09-18 16:21:30.787 [main] INFO  c.z.x.search.biz.XiaohongshuSearchApplication - Started XiaohongshuSearchApplication in 9.047 seconds (process running for 10.28)
2025-09-18 16:21:30.832 [scheduling-1] INFO  c.zry.xiaohongshu.search.biz.canal.CanalSchedule - EventType: UPDATE, Database: xiaohongshu, Table: t_user, Columns: {birthday=2000-09-17, create_time=2025-08-26 22:45:13, sex=, background_img=, avatar=https://my-xiaohongshu-oss.https://oss-cn-guangzhou.aliyuncs.com/e1fcba4b3ba4441db5886a915c1c9b9c.webp, password=$2a$10$iF9icYmcTydaqR9HbnQV9uf1lGxwYoGWvBXoEVrIa9kFiQGZ0X/bS, update_time=2025-09-17 16:30:45, is_deleted=0, phone=13068920712, nickname=稚生, xiaohongshu_id=100, id=100, introduction=, status=0}
2025-09-18 16:22:01.769 [scheduling-1] ERROR c.zry.xiaohongshu.search.biz.canal.CanalSchedule - 消费 Canal 批次数据异常
java.net.SocketTimeoutException: 30,000 milliseconds timeout on connection http-outgoing-0 [ACTIVE]
	at org.elasticsearch.client.RestClient.extractAndWrapCause(RestClient.java:773)
	at org.elasticsearch.client.RestClient.performRequest(RestClient.java:218)
	at org.elasticsearch.client.RestClient.performRequest(RestClient.java:205)
	at org.elasticsearch.client.RestHighLevelClient.internalPerformRequest(RestHighLevelClient.java:1454)
	at org.elasticsearch.client.RestHighLevelClient.performRequest(RestHighLevelClient.java:1424)
	at org.elasticsearch.client.RestHighLevelClient.performRequestAndParseEntity(RestHighLevelClient.java:1394)
	at org.elasticsearch.client.RestHighLevelClient.bulk(RestHighLevelClient.java:492)
	at com.zry.xiaohongshu.search.biz.canal.CanalSchedule.syncNotesIndexAndUserIndex(CanalSchedule.java:261)
	at com.zry.xiaohongshu.search.biz.canal.CanalSchedule.handleUserEvent(CanalSchedule.java:174)
	at com.zry.xiaohongshu.search.biz.canal.CanalSchedule.processEvent(CanalSchedule.java:118)
	at com.zry.xiaohongshu.search.biz.canal.CanalSchedule.processEntry(CanalSchedule.java:97)
	at com.zry.xiaohongshu.search.biz.canal.CanalSchedule.run(CanalSchedule.java:65)
	at java.base/jdk.internal.reflect.NativeMethodAccessorImpl.invoke0(Native Method)
	at java.base/jdk.internal.reflect.NativeMethodAccessorImpl.invoke(NativeMethodAccessorImpl.java:77)
	at java.base/jdk.internal.reflect.DelegatingMethodAccessorImpl.invoke(DelegatingMethodAccessorImpl.java:43)
	at java.base/java.lang.reflect.Method.invoke(Method.java:568)
	at org.springframework.scheduling.support.ScheduledMethodRunnable.run(ScheduledMethodRunnable.java:84)
	at org.springframework.scheduling.support.DelegatingErrorHandlingRunnable.run(DelegatingErrorHandlingRunnable.java:54)
	at java.base/java.util.concurrent.Executors$RunnableAdapter.call(Executors.java:539)
	at java.base/java.util.concurrent.FutureTask.runAndReset(FutureTask.java:305)
	at java.base/java.util.concurrent.ScheduledThreadPoolExecutor$ScheduledFutureTask.run(ScheduledThreadPoolExecutor.java:305)
	at java.base/java.util.concurrent.ThreadPoolExecutor.runWorker(ThreadPoolExecutor.java:1136)
	at java.base/java.util.concurrent.ThreadPoolExecutor$Worker.run(ThreadPoolExecutor.java:635)
	at java.base/java.lang.Thread.run(Thread.java:842)
Caused by: java.net.SocketTimeoutException: 30,000 milliseconds timeout on connection http-outgoing-0 [ACTIVE]
	at org.apache.http.nio.protocol.HttpAsyncRequestExecutor.timeout(HttpAsyncRequestExecutor.java:387)
	at org.apache.http.impl.nio.client.InternalIODispatch.onTimeout(InternalIODispatch.java:98)
	at org.apache.http.impl.nio.client.InternalIODispatch.onTimeout(InternalIODispatch.java:40)
	at org.apache.http.impl.nio.reactor.AbstractIODispatch.timeout(AbstractIODispatch.java:175)
	at org.apache.http.impl.nio.reactor.BaseIOReactor.sessionTimedOut(BaseIOReactor.java:261)
	at org.apache.http.impl.nio.reactor.AbstractIOReactor.timeoutCheck(AbstractIOReactor.java:506)
	at org.apache.http.impl.nio.reactor.BaseIOReactor.validate(BaseIOReactor.java:211)
	at org.apache.http.impl.nio.reactor.AbstractIOReactor.execute(AbstractIOReactor.java:280)
	at org.apache.http.impl.nio.reactor.BaseIOReactor.execute(BaseIOReactor.java:104)
	at org.apache.http.impl.nio.reactor.AbstractMultiworkerIOReactor$Worker.run(AbstractMultiworkerIOReactor.java:591)
	... 1 common frames omitted
2025-09-18 16:22:01.877 [scheduling-1] INFO  c.zry.xiaohongshu.search.biz.canal.CanalSchedule - EventType: UPDATE, Database: xiaohongshu, Table: t_user, Columns: {birthday=2000-09-17, create_time=2025-08-26 22:45:13, sex=, background_img=, avatar=https://my-xiaohongshu-oss.https://oss-cn-guangzhou.aliyuncs.com/e1fcba4b3ba4441db5886a915c1c9b9c.webp, password=$2a$10$iF9icYmcTydaqR9HbnQV9uf1lGxwYoGWvBXoEVrIa9kFiQGZ0X/bS, update_time=2025-09-17 16:30:45, is_deleted=0, phone=13068920712, nickname=稚生, xiaohongshu_id=100, id=100, introduction=, status=0}
2025-09-18 16:22:32.216 [scheduling-1] ERROR c.zry.xiaohongshu.search.biz.canal.CanalSchedule - 消费 Canal 批次数据异常
java.net.SocketTimeoutException: 30,000 milliseconds timeout on connection http-outgoing-1 [ACTIVE]
	at org.elasticsearch.client.RestClient.extractAndWrapCause(RestClient.java:773)
	at org.elasticsearch.client.RestClient.performRequest(RestClient.java:218)
	at org.elasticsearch.client.RestClient.performRequest(RestClient.java:205)
	at org.elasticsearch.client.RestHighLevelClient.internalPerformRequest(RestHighLevelClient.java:1454)
	at org.elasticsearch.client.RestHighLevelClient.performRequest(RestHighLevelClient.java:1424)
	at org.elasticsearch.client.RestHighLevelClient.performRequestAndParseEntity(RestHighLevelClient.java:1394)
	at org.elasticsearch.client.RestHighLevelClient.bulk(RestHighLevelClient.java:492)
	at com.zry.xiaohongshu.search.biz.canal.CanalSchedule.syncNotesIndexAndUserIndex(CanalSchedule.java:261)
	at com.zry.xiaohongshu.search.biz.canal.CanalSchedule.handleUserEvent(CanalSchedule.java:174)
	at com.zry.xiaohongshu.search.biz.canal.CanalSchedule.processEvent(CanalSchedule.java:118)
	at com.zry.xiaohongshu.search.biz.canal.CanalSchedule.processEntry(CanalSchedule.java:97)
	at com.zry.xiaohongshu.search.biz.canal.CanalSchedule.run(CanalSchedule.java:65)
	at java.base/jdk.internal.reflect.NativeMethodAccessorImpl.invoke0(Native Method)
	at java.base/jdk.internal.reflect.NativeMethodAccessorImpl.invoke(NativeMethodAccessorImpl.java:77)
	at java.base/jdk.internal.reflect.DelegatingMethodAccessorImpl.invoke(DelegatingMethodAccessorImpl.java:43)
	at java.base/java.lang.reflect.Method.invoke(Method.java:568)
	at org.springframework.scheduling.support.ScheduledMethodRunnable.run(ScheduledMethodRunnable.java:84)
	at org.springframework.scheduling.support.DelegatingErrorHandlingRunnable.run(DelegatingErrorHandlingRunnable.java:54)
	at java.base/java.util.concurrent.Executors$RunnableAdapter.call(Executors.java:539)
	at java.base/java.util.concurrent.FutureTask.runAndReset(FutureTask.java:305)
	at java.base/java.util.concurrent.ScheduledThreadPoolExecutor$ScheduledFutureTask.run(ScheduledThreadPoolExecutor.java:305)
	at java.base/java.util.concurrent.ThreadPoolExecutor.runWorker(ThreadPoolExecutor.java:1136)
	at java.base/java.util.concurrent.ThreadPoolExecutor$Worker.run(ThreadPoolExecutor.java:635)
	at java.base/java.lang.Thread.run(Thread.java:842)
Caused by: java.net.SocketTimeoutException: 30,000 milliseconds timeout on connection http-outgoing-1 [ACTIVE]
	at org.apache.http.nio.protocol.HttpAsyncRequestExecutor.timeout(HttpAsyncRequestExecutor.java:387)
	at org.apache.http.impl.nio.client.InternalIODispatch.onTimeout(InternalIODispatch.java:98)
	at org.apache.http.impl.nio.client.InternalIODispatch.onTimeout(InternalIODispatch.java:40)
	at org.apache.http.impl.nio.reactor.AbstractIODispatch.timeout(AbstractIODispatch.java:175)
	at org.apache.http.impl.nio.reactor.BaseIOReactor.sessionTimedOut(BaseIOReactor.java:261)
	at org.apache.http.impl.nio.reactor.AbstractIOReactor.timeoutCheck(AbstractIOReactor.java:506)
	at org.apache.http.impl.nio.reactor.BaseIOReactor.validate(BaseIOReactor.java:211)
	at org.apache.http.impl.nio.reactor.AbstractIOReactor.execute(AbstractIOReactor.java:280)
	at org.apache.http.impl.nio.reactor.BaseIOReactor.execute(BaseIOReactor.java:104)
	at org.apache.http.impl.nio.reactor.AbstractMultiworkerIOReactor$Worker.run(AbstractMultiworkerIOReactor.java:591)
	... 1 common frames omitted
2025-09-18 16:22:32.326 [scheduling-1] INFO  c.zry.xiaohongshu.search.biz.canal.CanalSchedule - EventType: UPDATE, Database: xiaohongshu, Table: t_user, Columns: {birthday=2000-09-17, create_time=2025-08-26 22:45:13, sex=, background_img=, avatar=https://my-xiaohongshu-oss.https://oss-cn-guangzhou.aliyuncs.com/e1fcba4b3ba4441db5886a915c1c9b9c.webp, password=$2a$10$iF9icYmcTydaqR9HbnQV9uf1lGxwYoGWvBXoEVrIa9kFiQGZ0X/bS, update_time=2025-09-17 16:30:45, is_deleted=0, phone=13068920712, nickname=稚生, xiaohongshu_id=100, id=100, introduction=, status=0}
2025-09-18 16:23:02.626 [scheduling-1] ERROR c.zry.xiaohongshu.search.biz.canal.CanalSchedule - 消费 Canal 批次数据异常
java.net.SocketTimeoutException: 30,000 milliseconds timeout on connection http-outgoing-2 [ACTIVE]
	at org.elasticsearch.client.RestClient.extractAndWrapCause(RestClient.java:773)
	at org.elasticsearch.client.RestClient.performRequest(RestClient.java:218)
	at org.elasticsearch.client.RestClient.performRequest(RestClient.java:205)
	at org.elasticsearch.client.RestHighLevelClient.internalPerformRequest(RestHighLevelClient.java:1454)
	at org.elasticsearch.client.RestHighLevelClient.performRequest(RestHighLevelClient.java:1424)
	at org.elasticsearch.client.RestHighLevelClient.performRequestAndParseEntity(RestHighLevelClient.java:1394)
	at org.elasticsearch.client.RestHighLevelClient.bulk(RestHighLevelClient.java:492)
	at com.zry.xiaohongshu.search.biz.canal.CanalSchedule.syncNotesIndexAndUserIndex(CanalSchedule.java:261)
	at com.zry.xiaohongshu.search.biz.canal.CanalSchedule.handleUserEvent(CanalSchedule.java:174)
	at com.zry.xiaohongshu.search.biz.canal.CanalSchedule.processEvent(CanalSchedule.java:118)
	at com.zry.xiaohongshu.search.biz.canal.CanalSchedule.processEntry(CanalSchedule.java:97)
	at com.zry.xiaohongshu.search.biz.canal.CanalSchedule.run(CanalSchedule.java:65)
	at java.base/jdk.internal.reflect.NativeMethodAccessorImpl.invoke0(Native Method)
	at java.base/jdk.internal.reflect.NativeMethodAccessorImpl.invoke(NativeMethodAccessorImpl.java:77)
	at java.base/jdk.internal.reflect.DelegatingMethodAccessorImpl.invoke(DelegatingMethodAccessorImpl.java:43)
	at java.base/java.lang.reflect.Method.invoke(Method.java:568)
	at org.springframework.scheduling.support.ScheduledMethodRunnable.run(ScheduledMethodRunnable.java:84)
	at org.springframework.scheduling.support.DelegatingErrorHandlingRunnable.run(DelegatingErrorHandlingRunnable.java:54)
	at java.base/java.util.concurrent.Executors$RunnableAdapter.call(Executors.java:539)
	at java.base/java.util.concurrent.FutureTask.runAndReset(FutureTask.java:305)
	at java.base/java.util.concurrent.ScheduledThreadPoolExecutor$ScheduledFutureTask.run(ScheduledThreadPoolExecutor.java:305)
	at java.base/java.util.concurrent.ThreadPoolExecutor.runWorker(ThreadPoolExecutor.java:1136)
	at java.base/java.util.concurrent.ThreadPoolExecutor$Worker.run(ThreadPoolExecutor.java:635)
	at java.base/java.lang.Thread.run(Thread.java:842)
Caused by: java.net.SocketTimeoutException: 30,000 milliseconds timeout on connection http-outgoing-2 [ACTIVE]
	at org.apache.http.nio.protocol.HttpAsyncRequestExecutor.timeout(HttpAsyncRequestExecutor.java:387)
	at org.apache.http.impl.nio.client.InternalIODispatch.onTimeout(InternalIODispatch.java:98)
	at org.apache.http.impl.nio.client.InternalIODispatch.onTimeout(InternalIODispatch.java:40)
	at org.apache.http.impl.nio.reactor.AbstractIODispatch.timeout(AbstractIODispatch.java:175)
	at org.apache.http.impl.nio.reactor.BaseIOReactor.sessionTimedOut(BaseIOReactor.java:261)
	at org.apache.http.impl.nio.reactor.AbstractIOReactor.timeoutCheck(AbstractIOReactor.java:506)
	at org.apache.http.impl.nio.reactor.BaseIOReactor.validate(BaseIOReactor.java:211)
	at org.apache.http.impl.nio.reactor.AbstractIOReactor.execute(AbstractIOReactor.java:280)
	at org.apache.http.impl.nio.reactor.BaseIOReactor.execute(BaseIOReactor.java:104)
	at org.apache.http.impl.nio.reactor.AbstractMultiworkerIOReactor$Worker.run(AbstractMultiworkerIOReactor.java:591)
	... 1 common frames omitted
2025-09-18 16:23:02.737 [scheduling-1] INFO  c.zry.xiaohongshu.search.biz.canal.CanalSchedule - EventType: UPDATE, Database: xiaohongshu, Table: t_user, Columns: {birthday=2000-09-17, create_time=2025-08-26 22:45:13, sex=, background_img=, avatar=https://my-xiaohongshu-oss.https://oss-cn-guangzhou.aliyuncs.com/e1fcba4b3ba4441db5886a915c1c9b9c.webp, password=$2a$10$iF9icYmcTydaqR9HbnQV9uf1lGxwYoGWvBXoEVrIa9kFiQGZ0X/bS, update_time=2025-09-17 16:30:45, is_deleted=0, phone=13068920712, nickname=稚生, xiaohongshu_id=100, id=100, introduction=, status=0}
2025-09-18 16:23:30.144 [Thread-10] WARN  c.alibaba.nacos.common.http.HttpClientBeanHolder - [HttpClientBeanHolder] Start destroying common HttpClient
2025-09-18 16:23:30.144 [Thread-7] WARN  com.alibaba.nacos.common.notify.NotifyCenter - [NotifyCenter] Start destroying Publisher
2025-09-18 16:23:30.144 [Thread-7] WARN  com.alibaba.nacos.common.notify.NotifyCenter - [NotifyCenter] Destruction of the end
2025-09-18 16:23:30.146 [Thread-10] WARN  c.alibaba.nacos.common.http.HttpClientBeanHolder - [HttpClientBeanHolder] Destruction of the end
2025-09-18 16:23:30.188 [scheduling-1] ERROR c.zry.xiaohongshu.search.biz.canal.CanalSchedule - 消费 Canal 批次数据异常
java.lang.RuntimeException: thread waiting for the response was interrupted
	at org.elasticsearch.client.RestClient.extractAndWrapCause(RestClient.java:757)
	at org.elasticsearch.client.RestClient.performRequest(RestClient.java:218)
	at org.elasticsearch.client.RestClient.performRequest(RestClient.java:205)
	at org.elasticsearch.client.RestHighLevelClient.internalPerformRequest(RestHighLevelClient.java:1454)
	at org.elasticsearch.client.RestHighLevelClient.performRequest(RestHighLevelClient.java:1424)
	at org.elasticsearch.client.RestHighLevelClient.performRequestAndParseEntity(RestHighLevelClient.java:1394)
	at org.elasticsearch.client.RestHighLevelClient.bulk(RestHighLevelClient.java:492)
	at com.zry.xiaohongshu.search.biz.canal.CanalSchedule.syncNotesIndexAndUserIndex(CanalSchedule.java:261)
	at com.zry.xiaohongshu.search.biz.canal.CanalSchedule.handleUserEvent(CanalSchedule.java:174)
	at com.zry.xiaohongshu.search.biz.canal.CanalSchedule.processEvent(CanalSchedule.java:118)
	at com.zry.xiaohongshu.search.biz.canal.CanalSchedule.processEntry(CanalSchedule.java:97)
	at com.zry.xiaohongshu.search.biz.canal.CanalSchedule.run(CanalSchedule.java:65)
	at java.base/jdk.internal.reflect.NativeMethodAccessorImpl.invoke0(Native Method)
	at java.base/jdk.internal.reflect.NativeMethodAccessorImpl.invoke(NativeMethodAccessorImpl.java:77)
	at java.base/jdk.internal.reflect.DelegatingMethodAccessorImpl.invoke(DelegatingMethodAccessorImpl.java:43)
	at java.base/java.lang.reflect.Method.invoke(Method.java:568)
	at org.springframework.scheduling.support.ScheduledMethodRunnable.run(ScheduledMethodRunnable.java:84)
	at org.springframework.scheduling.support.DelegatingErrorHandlingRunnable.run(DelegatingErrorHandlingRunnable.java:54)
	at java.base/java.util.concurrent.Executors$RunnableAdapter.call(Executors.java:539)
	at java.base/java.util.concurrent.FutureTask.runAndReset(FutureTask.java:305)
	at java.base/java.util.concurrent.ScheduledThreadPoolExecutor$ScheduledFutureTask.run(ScheduledThreadPoolExecutor.java:305)
	at java.base/java.util.concurrent.ThreadPoolExecutor.runWorker(ThreadPoolExecutor.java:1136)
	at java.base/java.util.concurrent.ThreadPoolExecutor$Worker.run(ThreadPoolExecutor.java:635)
	at java.base/java.lang.Thread.run(Thread.java:842)
Caused by: java.lang.InterruptedException: null
	at java.base/java.lang.Object.wait(Native Method)
	at java.base/java.lang.Object.wait(Object.java:338)
	at org.apache.http.concurrent.BasicFuture.get(BasicFuture.java:82)
	at org.apache.http.impl.nio.client.FutureWrapper.get(FutureWrapper.java:70)
	at org.elasticsearch.client.RestClient.performRequest(RestClient.java:214)
	... 22 common frames omitted
2025-09-18 16:23:30.190 [SpringApplicationShutdownHook] INFO  c.a.cloud.nacos.registry.NacosServiceRegistry - De-registering from Nacos Server now...
2025-09-18 16:23:30.191 [SpringApplicationShutdownHook] INFO  com.alibaba.nacos.client.naming - [DEREGISTER-SERVICE] xiaohongshu deregistering service xiaohongshu-search with instance: Instance{instanceId='null', ip='10.95.158.9', port=8092, weight=1.0, healthy=true, enabled=true, ephemeral=true, clusterName='DEFAULT', serviceName='null', metadata={}}
2025-09-18 16:23:30.191 [scheduling-1] ERROR o.s.s.support.TaskUtils$LoggingErrorHandler - Unexpected error occurred in scheduled task
com.alibaba.otter.canal.protocol.exception.CanalClientException: java.nio.channels.ClosedByInterruptException
	at com.alibaba.otter.canal.client.impl.SimpleCanalConnector.rollback(SimpleCanalConnector.java:380)
	at com.zry.xiaohongshu.search.biz.canal.CanalSchedule.run(CanalSchedule.java:73)
	at java.base/jdk.internal.reflect.NativeMethodAccessorImpl.invoke0(Native Method)
	at java.base/jdk.internal.reflect.NativeMethodAccessorImpl.invoke(NativeMethodAccessorImpl.java:77)
	at java.base/jdk.internal.reflect.DelegatingMethodAccessorImpl.invoke(DelegatingMethodAccessorImpl.java:43)
	at java.base/java.lang.reflect.Method.invoke(Method.java:568)
	at org.springframework.scheduling.support.ScheduledMethodRunnable.run(ScheduledMethodRunnable.java:84)
	at org.springframework.scheduling.support.DelegatingErrorHandlingRunnable.run(DelegatingErrorHandlingRunnable.java:54)
	at java.base/java.util.concurrent.Executors$RunnableAdapter.call(Executors.java:539)
	at java.base/java.util.concurrent.FutureTask.runAndReset(FutureTask.java:305)
	at java.base/java.util.concurrent.ScheduledThreadPoolExecutor$ScheduledFutureTask.run(ScheduledThreadPoolExecutor.java:305)
	at java.base/java.util.concurrent.ThreadPoolExecutor.runWorker(ThreadPoolExecutor.java:1136)
	at java.base/java.util.concurrent.ThreadPoolExecutor$Worker.run(ThreadPoolExecutor.java:635)
	at java.base/java.lang.Thread.run(Thread.java:842)
Caused by: java.nio.channels.ClosedByInterruptException: null
	at java.base/java.nio.channels.spi.AbstractInterruptibleChannel.end(AbstractInterruptibleChannel.java:199)
	at java.base/java.nio.channels.Channels$WritableByteChannelImpl.write(Channels.java:465)
	at com.alibaba.otter.canal.client.impl.SimpleCanalConnector.writeWithHeader(SimpleCanalConnector.java:405)
	at com.alibaba.otter.canal.client.impl.SimpleCanalConnector.writeWithHeader(SimpleCanalConnector.java:393)
	at com.alibaba.otter.canal.client.impl.SimpleCanalConnector.rollback(SimpleCanalConnector.java:374)
	... 13 common frames omitted
2025-09-18 16:23:30.240 [SpringApplicationShutdownHook] INFO  c.a.cloud.nacos.registry.NacosServiceRegistry - De-registration finished.
2025-09-18 16:23:30.241 [SpringApplicationShutdownHook] INFO  com.alibaba.nacos.client.naming - com.alibaba.nacos.client.naming.cache.ServiceInfoHolder do shutdown begin
2025-09-18 16:23:30.241 [SpringApplicationShutdownHook] INFO  com.alibaba.nacos.client.naming - com.alibaba.nacos.client.naming.backups.FailoverReactor do shutdown begin
2025-09-18 16:23:30.242 [SpringApplicationShutdownHook] INFO  com.alibaba.nacos.client.naming - com.alibaba.nacos.client.naming.backups.FailoverReactor do shutdown stop
2025-09-18 16:23:30.242 [SpringApplicationShutdownHook] INFO  com.alibaba.nacos.client.naming - com.alibaba.nacos.client.naming.cache.ServiceInfoHolder do shutdown stop
2025-09-18 16:23:30.242 [SpringApplicationShutdownHook] INFO  com.alibaba.nacos.client.naming - com.alibaba.nacos.client.naming.remote.NamingClientProxyDelegate do shutdown begin
2025-09-18 16:23:30.243 [SpringApplicationShutdownHook] INFO  com.alibaba.nacos.client.naming - com.alibaba.nacos.client.naming.core.ServiceInfoUpdateService do shutdown begin
2025-09-18 16:23:30.243 [SpringApplicationShutdownHook] INFO  com.alibaba.nacos.client.naming - com.alibaba.nacos.client.naming.core.ServiceInfoUpdateService do shutdown stop
2025-09-18 16:23:30.243 [SpringApplicationShutdownHook] INFO  com.alibaba.nacos.client.naming - com.alibaba.nacos.client.naming.core.ServerListManager do shutdown begin
2025-09-18 16:23:30.243 [SpringApplicationShutdownHook] WARN  com.alibaba.nacos.client.naming - [NamingHttpClientManager] Start destroying NacosRestTemplate
2025-09-18 16:23:30.243 [SpringApplicationShutdownHook] WARN  com.alibaba.nacos.client.naming - [NamingHttpClientManager] Destruction of the end
2025-09-18 16:23:30.243 [SpringApplicationShutdownHook] INFO  com.alibaba.nacos.client.naming - com.alibaba.nacos.client.naming.core.ServerListManager do shutdown stop
2025-09-18 16:23:30.243 [SpringApplicationShutdownHook] INFO  com.alibaba.nacos.client.naming - com.alibaba.nacos.client.naming.remote.http.NamingHttpClientProxy do shutdown begin
2025-09-18 16:23:30.243 [SpringApplicationShutdownHook] WARN  com.alibaba.nacos.client.naming - [NamingHttpClientManager] Start destroying NacosRestTemplate
2025-09-18 16:23:30.243 [SpringApplicationShutdownHook] WARN  com.alibaba.nacos.client.naming - [NamingHttpClientManager] Destruction of the end
2025-09-18 16:23:30.243 [SpringApplicationShutdownHook] INFO  com.alibaba.nacos.client.naming - com.alibaba.nacos.client.naming.remote.http.NamingHttpClientProxy do shutdown stop
2025-09-18 16:23:30.243 [SpringApplicationShutdownHook] INFO  com.alibaba.nacos.common.remote.client - Shutdown rpc client, set status to shutdown
2025-09-18 16:23:30.243 [SpringApplicationShutdownHook] INFO  com.alibaba.nacos.common.remote.client - Shutdown client event executor java.util.concurrent.ScheduledThreadPoolExecutor@74788aed[Running, pool size = 2, active threads = 2, queued tasks = 0, completed tasks = 0]
2025-09-18 16:23:30.243 [SpringApplicationShutdownHook] INFO  com.alibaba.nacos.common.remote.client - Close current connection 1758183690102_112.94.129.56_8630
2025-09-18 16:23:30.247 [nacos-grpc-client-executor-47.236.36.111-43] WARN  c.a.nacos.common.remote.client.grpc.GrpcClient - [1758183690102_112.94.129.56_8630]Ignore error event,isRunning:false,isAbandon=false
2025-09-18 16:23:30.249 [SpringApplicationShutdownHook] INFO  c.a.nacos.common.remote.client.grpc.GrpcClient - Shutdown grpc executor java.util.concurrent.ThreadPoolExecutor@4a86cf9f[Running, pool size = 5, active threads = 0, queued tasks = 0, completed tasks = 44]
2025-09-18 16:23:30.249 [SpringApplicationShutdownHook] INFO  com.alibaba.nacos.client.naming - Shutdown grpc redo service executor java.util.concurrent.ScheduledThreadPoolExecutor@79f80ed6[Running, pool size = 1, active threads = 0, queued tasks = 1, completed tasks = 40]
2025-09-18 16:23:30.250 [SpringApplicationShutdownHook] INFO  c.a.n.client.auth.ram.identify.CredentialWatcher - [null] CredentialWatcher is stopped
2025-09-18 16:23:30.250 [SpringApplicationShutdownHook] INFO  c.a.n.client.auth.ram.identify.CredentialService - [null] CredentialService is freed
2025-09-18 16:23:30.250 [SpringApplicationShutdownHook] INFO  com.alibaba.nacos.client.naming - com.alibaba.nacos.client.naming.remote.NamingClientProxyDelegate do shutdown stop
2025-09-18 16:23:30.253 [SpringApplicationShutdownHook] INFO  com.alibaba.druid.pool.DruidDataSource - {dataSource-1} closing ...
2025-09-18 16:23:30.264 [SpringApplicationShutdownHook] INFO  com.alibaba.druid.pool.DruidDataSource - {dataSource-1} closed
