2025-09-09 10:36:58.893 [main] WARN  com.alibaba.nacos.client.logging.NacosLogging - Load Logback Configuration of Nacos fail, message: Could not initialize Logback Nacos logging from classpath:nacos-logback.xml
2025-09-09 10:36:58.986 [main] WARN  com.alibaba.nacos.client.logging.NacosLogging - Load Logback Configuration of Nacos fail, message: Could not initialize Logback Nacos logging from classpath:nacos-logback.xml
2025-09-09 10:36:59.648 [main] WARN  com.alibaba.nacos.client.logging.NacosLogging - Load Logback Configuration of Nacos fail, message: Could not initialize Logback Nacos logging from classpath:nacos-logback.xml
2025-09-09 10:36:59.663 [main] WARN  com.alibaba.nacos.client.logging.NacosLogging - Load Logback Configuration of Nacos fail, message: Could not initialize Logback Nacos logging from classpath:nacos-logback.xml
2025-09-09 10:36:59.665 [main] INFO  c.z.x.search.XiaohongshuSearchApplication - The following 1 profile is active: "dev"
2025-09-09 10:37:00.358 [main] INFO  o.springframework.cloud.context.scope.GenericScope - BeanFactory id=8c32ef6d-5272-3966-ac20-b9ffd7596039
2025-09-09 10:37:01.092 [main] INFO  o.s.boot.web.embedded.tomcat.TomcatWebServer - Tomcat initialized with port(s): 8092 (http)
2025-09-09 10:37:01.093 [main] INFO  org.apache.catalina.core.AprLifecycleListener - Loaded Apache Tomcat Native library [2.0.3] using APR version [1.7.2].
2025-09-09 10:37:01.109 [main] INFO  org.apache.catalina.core.AprLifecycleListener - OpenSSL successfully initialized [OpenSSL 3.0.8 7 Feb 2023]
2025-09-09 10:37:01.126 [main] INFO  org.apache.catalina.core.StandardService - Starting service [Tomcat]
2025-09-09 10:37:01.126 [main] INFO  org.apache.catalina.core.StandardEngine - Starting Servlet engine: [Apache Tomcat/10.1.5]
2025-09-09 10:37:01.249 [main] INFO  o.a.c.core.ContainerBase.[Tomcat].[localhost].[/] - Initializing Spring embedded WebApplicationContext
2025-09-09 10:37:01.250 [main] INFO  o.s.b.w.s.c.ServletWebServerApplicationContext - Root WebApplicationContext: initialization completed in 1570 ms
2025-09-09 10:37:02.954 [main] INFO  o.s.boot.web.embedded.tomcat.TomcatWebServer - Tomcat started on port(s): 8092 (http) with context path ''
2025-09-09 10:37:02.961 [main] WARN  com.alibaba.nacos.client.logging.NacosLogging - Load Logback Configuration of Nacos fail, message: Could not initialize Logback Nacos logging from classpath:nacos-logback.xml
2025-09-09 10:37:02.962 [main] INFO  com.alibaba.nacos.client.naming - initializer namespace from ans.namespace attribute : null
2025-09-09 10:37:02.962 [main] INFO  com.alibaba.nacos.client.naming - initializer namespace from ALIBABA_ALIWARE_NAMESPACE attribute :null
2025-09-09 10:37:02.963 [main] INFO  com.alibaba.nacos.client.naming - initializer namespace from namespace attribute :null
2025-09-09 10:37:02.990 [main] INFO  com.alibaba.nacos.client.utils.ParamUtil - [settings] [req-serv] nacos-server port:8848
2025-09-09 10:37:02.991 [main] INFO  com.alibaba.nacos.client.utils.ParamUtil - [settings] [http-client] connect timeout:1000
2025-09-09 10:37:02.993 [main] INFO  com.alibaba.nacos.client.utils.ParamUtil - PER_TASK_CONFIG_SIZE: 3000.0
2025-09-09 10:37:02.997 [main] INFO  c.a.n.p.auth.spi.client.ClientAuthPluginManager - [ClientAuthPluginManager] Load ClientAuthService com.alibaba.nacos.client.auth.impl.NacosClientAuthServiceImpl success.
2025-09-09 10:37:02.997 [main] INFO  c.a.n.p.auth.spi.client.ClientAuthPluginManager - [ClientAuthPluginManager] Load ClientAuthService com.alibaba.nacos.client.auth.ram.RamClientAuthServiceImpl success.
2025-09-09 10:37:03.000 [main] INFO  c.a.n.client.auth.ram.identify.CredentialWatcher - null No credential found
2025-09-09 10:37:03.012 [main] INFO  com.alibaba.nacos.common.remote.client - [RpcClientFactory] create a new rpc client of 8c757ee1-ddc9-4f5a-ae1b-8d66798f0e43
2025-09-09 10:37:03.029 [main] INFO  com.alibaba.nacos.common.remote.client - [8c757ee1-ddc9-4f5a-ae1b-8d66798f0e43] RpcClient init, ServerListFactory = com.alibaba.nacos.client.naming.core.ServerListManager
2025-09-09 10:37:03.029 [main] INFO  com.alibaba.nacos.common.remote.client - [8c757ee1-ddc9-4f5a-ae1b-8d66798f0e43] Registry connection listener to current client:com.alibaba.nacos.client.naming.remote.gprc.redo.NamingGrpcRedoService
2025-09-09 10:37:03.029 [main] INFO  com.alibaba.nacos.common.remote.client - [8c757ee1-ddc9-4f5a-ae1b-8d66798f0e43] Register server push request handler:com.alibaba.nacos.client.naming.remote.gprc.NamingPushRequestHandler
2025-09-09 10:37:03.031 [main] INFO  com.alibaba.nacos.common.remote.client - [8c757ee1-ddc9-4f5a-ae1b-8d66798f0e43] Try to connect to server on start up, server: {serverIp = '47.236.36.111', server main port = 8848}
2025-09-09 10:37:03.061 [main] INFO  c.a.nacos.common.remote.client.grpc.GrpcClient - grpc client connection server:47.236.36.111 ip,serverPort:9848,grpcTslConfig:{"sslProvider":"OPENSSL","enableTls":false,"mutualAuthEnable":false,"trustAll":false}
2025-09-09 10:37:04.322 [main] INFO  com.alibaba.nacos.common.remote.client - [8c757ee1-ddc9-4f5a-ae1b-8d66798f0e43] Success to connect to server [47.236.36.111:8848] on start up, connectionId = 1757385423936_120.85.130.202_7568
2025-09-09 10:37:04.323 [com.alibaba.nacos.client.remote.worker] INFO  com.alibaba.nacos.common.remote.client - [8c757ee1-ddc9-4f5a-ae1b-8d66798f0e43] Notify connected event to listeners.
2025-09-09 10:37:04.323 [com.alibaba.nacos.client.remote.worker] INFO  com.alibaba.nacos.client.naming - Grpc connection connect
2025-09-09 10:37:04.323 [main] INFO  com.alibaba.nacos.common.remote.client - [8c757ee1-ddc9-4f5a-ae1b-8d66798f0e43] Register server push request handler:com.alibaba.nacos.common.remote.client.RpcClient$ConnectResetRequestHandler
2025-09-09 10:37:04.323 [main] INFO  com.alibaba.nacos.common.remote.client - [8c757ee1-ddc9-4f5a-ae1b-8d66798f0e43] Register server push request handler:com.alibaba.nacos.common.remote.client.RpcClient$$Lambda$1050/0x000001deaa74f6e8
2025-09-09 10:37:04.325 [main] INFO  com.alibaba.nacos.client.naming - [REGISTER-SERVICE] xiaohongshu registering service xiaohongshu-search with instance Instance{instanceId='null', ip='10.91.138.46', port=8092, weight=1.0, healthy=true, enabled=true, ephemeral=true, clusterName='DEFAULT', serviceName='null', metadata={IPv6=null, preserved.register.source=SPRING_CLOUD}}
2025-09-09 10:37:04.396 [main] INFO  c.a.cloud.nacos.registry.NacosServiceRegistry - nacos registry, DEFAULT_GROUP xiaohongshu-search 10.91.138.46:8092 register finished
2025-09-09 10:37:04.668 [main] INFO  c.z.x.search.XiaohongshuSearchApplication - Started XiaohongshuSearchApplication in 6.629 seconds (process running for 7.731)
2025-09-09 10:39:33.776 [http-nio-8092-exec-2] INFO  o.a.c.core.ContainerBase.[Tomcat].[localhost].[/] - Initializing Spring DispatcherServlet 'dispatcherServlet'
2025-09-09 10:39:33.777 [http-nio-8092-exec-2] INFO  org.springframework.web.servlet.DispatcherServlet - Initializing Servlet 'dispatcherServlet'
2025-09-09 10:39:33.778 [http-nio-8092-exec-2] INFO  org.springframework.web.servlet.DispatcherServlet - Completed initialization in 1 ms
2025-09-09 10:39:33.830 [http-nio-8092-exec-2] ERROR c.z.x.search.exception.GlobalExceptionHandler - /search/user request error, 
org.springframework.http.converter.HttpMessageNotReadableException: JSON parse error: Unexpected character ('ï' (code 239)): was expecting comma to separate Object entries
	at org.springframework.http.converter.json.AbstractJackson2HttpMessageConverter.readJavaType(AbstractJackson2HttpMessageConverter.java:406)
	at org.springframework.http.converter.json.AbstractJackson2HttpMessageConverter.read(AbstractJackson2HttpMessageConverter.java:354)
	at org.springframework.web.servlet.mvc.method.annotation.AbstractMessageConverterMethodArgumentResolver.readWithMessageConverters(AbstractMessageConverterMethodArgumentResolver.java:182)
	at org.springframework.web.servlet.mvc.method.annotation.RequestResponseBodyMethodProcessor.readWithMessageConverters(RequestResponseBodyMethodProcessor.java:163)
	at org.springframework.web.servlet.mvc.method.annotation.RequestResponseBodyMethodProcessor.resolveArgument(RequestResponseBodyMethodProcessor.java:136)
	at org.springframework.web.method.support.HandlerMethodArgumentResolverComposite.resolveArgument(HandlerMethodArgumentResolverComposite.java:122)
	at org.springframework.web.method.support.InvocableHandlerMethod.getMethodArgumentValues(InvocableHandlerMethod.java:181)
	at org.springframework.web.method.support.InvocableHandlerMethod.invokeForRequest(InvocableHandlerMethod.java:148)
	at org.springframework.web.servlet.mvc.method.annotation.ServletInvocableHandlerMethod.invokeAndHandle(ServletInvocableHandlerMethod.java:117)
	at org.springframework.web.servlet.mvc.method.annotation.RequestMappingHandlerAdapter.invokeHandlerMethod(RequestMappingHandlerAdapter.java:884)
	at org.springframework.web.servlet.mvc.method.annotation.RequestMappingHandlerAdapter.handleInternal(RequestMappingHandlerAdapter.java:797)
	at org.springframework.web.servlet.mvc.method.AbstractHandlerMethodAdapter.handle(AbstractHandlerMethodAdapter.java:87)
	at org.springframework.web.servlet.DispatcherServlet.doDispatch(DispatcherServlet.java:1080)
	at org.springframework.web.servlet.DispatcherServlet.doService(DispatcherServlet.java:973)
	at org.springframework.web.servlet.FrameworkServlet.processRequest(FrameworkServlet.java:1011)
	at org.springframework.web.servlet.FrameworkServlet.doPost(FrameworkServlet.java:914)
	at jakarta.servlet.http.HttpServlet.service(HttpServlet.java:731)
	at org.springframework.web.servlet.FrameworkServlet.service(FrameworkServlet.java:885)
	at jakarta.servlet.http.HttpServlet.service(HttpServlet.java:814)
	at org.apache.catalina.core.ApplicationFilterChain.internalDoFilter(ApplicationFilterChain.java:223)
	at org.apache.catalina.core.ApplicationFilterChain.doFilter(ApplicationFilterChain.java:158)
	at org.apache.tomcat.websocket.server.WsFilter.doFilter(WsFilter.java:53)
	at org.apache.catalina.core.ApplicationFilterChain.internalDoFilter(ApplicationFilterChain.java:185)
	at org.apache.catalina.core.ApplicationFilterChain.doFilter(ApplicationFilterChain.java:158)
	at org.springframework.web.filter.RequestContextFilter.doFilterInternal(RequestContextFilter.java:100)
	at org.springframework.web.filter.OncePerRequestFilter.doFilter(OncePerRequestFilter.java:116)
	at org.apache.catalina.core.ApplicationFilterChain.internalDoFilter(ApplicationFilterChain.java:185)
	at org.apache.catalina.core.ApplicationFilterChain.doFilter(ApplicationFilterChain.java:158)
	at org.springframework.web.filter.FormContentFilter.doFilterInternal(FormContentFilter.java:93)
	at org.springframework.web.filter.OncePerRequestFilter.doFilter(OncePerRequestFilter.java:116)
	at org.apache.catalina.core.ApplicationFilterChain.internalDoFilter(ApplicationFilterChain.java:185)
	at org.apache.catalina.core.ApplicationFilterChain.doFilter(ApplicationFilterChain.java:158)
	at org.springframework.web.filter.CharacterEncodingFilter.doFilterInternal(CharacterEncodingFilter.java:201)
	at org.springframework.web.filter.OncePerRequestFilter.doFilter(OncePerRequestFilter.java:116)
	at org.apache.catalina.core.ApplicationFilterChain.internalDoFilter(ApplicationFilterChain.java:185)
	at org.apache.catalina.core.ApplicationFilterChain.doFilter(ApplicationFilterChain.java:158)
	at org.apache.catalina.core.StandardWrapperValve.invoke(StandardWrapperValve.java:177)
	at org.apache.catalina.core.StandardContextValve.invoke(StandardContextValve.java:97)
	at org.apache.catalina.authenticator.AuthenticatorBase.invoke(AuthenticatorBase.java:542)
	at org.apache.catalina.core.StandardHostValve.invoke(StandardHostValve.java:119)
	at org.apache.catalina.valves.ErrorReportValve.invoke(ErrorReportValve.java:92)
	at org.apache.catalina.core.StandardEngineValve.invoke(StandardEngineValve.java:78)
	at org.apache.catalina.connector.CoyoteAdapter.service(CoyoteAdapter.java:357)
	at org.apache.coyote.http11.Http11Processor.service(Http11Processor.java:400)
	at org.apache.coyote.AbstractProcessorLight.process(AbstractProcessorLight.java:65)
	at org.apache.coyote.AbstractProtocol$ConnectionHandler.process(AbstractProtocol.java:859)
	at org.apache.tomcat.util.net.NioEndpoint$SocketProcessor.doRun(NioEndpoint.java:1734)
	at org.apache.tomcat.util.net.SocketProcessorBase.run(SocketProcessorBase.java:52)
	at org.apache.tomcat.util.threads.ThreadPoolExecutor.runWorker(ThreadPoolExecutor.java:1191)
	at org.apache.tomcat.util.threads.ThreadPoolExecutor$Worker.run(ThreadPoolExecutor.java:659)
	at org.apache.tomcat.util.threads.TaskThread$WrappingRunnable.run(TaskThread.java:61)
	at java.base/java.lang.Thread.run(Thread.java:842)
Caused by: com.fasterxml.jackson.core.JsonParseException: Unexpected character ('ï' (code 239)): was expecting comma to separate Object entries
 at [Source: REDACTED (`StreamReadFeature.INCLUDE_SOURCE_IN_LOCATION` disabled); line: 2, column: 20]
	at com.fasterxml.jackson.core.JsonParser._constructError(JsonParser.java:2481)
	at com.fasterxml.jackson.core.base.ParserMinimalBase._reportError(ParserMinimalBase.java:752)
	at com.fasterxml.jackson.core.base.ParserMinimalBase._reportUnexpectedChar(ParserMinimalBase.java:676)
	at com.fasterxml.jackson.core.json.UTF8StreamJsonParser.nextFieldName(UTF8StreamJsonParser.java:1065)
	at com.fasterxml.jackson.databind.deser.BeanDeserializer.vanillaDeserialize(BeanDeserializer.java:317)
	at com.fasterxml.jackson.databind.deser.BeanDeserializer.deserialize(BeanDeserializer.java:177)
	at com.fasterxml.jackson.databind.deser.DefaultDeserializationContext.readRootValue(DefaultDeserializationContext.java:342)
	at com.fasterxml.jackson.databind.ObjectReader._bindAndClose(ObjectReader.java:2125)
	at com.fasterxml.jackson.databind.ObjectReader.readValue(ObjectReader.java:1501)
	at org.springframework.http.converter.json.AbstractJackson2HttpMessageConverter.readJavaType(AbstractJackson2HttpMessageConverter.java:395)
	... 51 common frames omitted
2025-09-09 10:40:10.743 [http-nio-8092-exec-3] ERROR c.z.x.search.exception.GlobalExceptionHandler - /search/user request error, 
org.springframework.http.converter.HttpMessageNotReadableException: JSON parse error: Unexpected character ('ï' (code 239)): was expecting comma to separate Object entries
	at org.springframework.http.converter.json.AbstractJackson2HttpMessageConverter.readJavaType(AbstractJackson2HttpMessageConverter.java:406)
	at org.springframework.http.converter.json.AbstractJackson2HttpMessageConverter.read(AbstractJackson2HttpMessageConverter.java:354)
	at org.springframework.web.servlet.mvc.method.annotation.AbstractMessageConverterMethodArgumentResolver.readWithMessageConverters(AbstractMessageConverterMethodArgumentResolver.java:182)
	at org.springframework.web.servlet.mvc.method.annotation.RequestResponseBodyMethodProcessor.readWithMessageConverters(RequestResponseBodyMethodProcessor.java:163)
	at org.springframework.web.servlet.mvc.method.annotation.RequestResponseBodyMethodProcessor.resolveArgument(RequestResponseBodyMethodProcessor.java:136)
	at org.springframework.web.method.support.HandlerMethodArgumentResolverComposite.resolveArgument(HandlerMethodArgumentResolverComposite.java:122)
	at org.springframework.web.method.support.InvocableHandlerMethod.getMethodArgumentValues(InvocableHandlerMethod.java:181)
	at org.springframework.web.method.support.InvocableHandlerMethod.invokeForRequest(InvocableHandlerMethod.java:148)
	at org.springframework.web.servlet.mvc.method.annotation.ServletInvocableHandlerMethod.invokeAndHandle(ServletInvocableHandlerMethod.java:117)
	at org.springframework.web.servlet.mvc.method.annotation.RequestMappingHandlerAdapter.invokeHandlerMethod(RequestMappingHandlerAdapter.java:884)
	at org.springframework.web.servlet.mvc.method.annotation.RequestMappingHandlerAdapter.handleInternal(RequestMappingHandlerAdapter.java:797)
	at org.springframework.web.servlet.mvc.method.AbstractHandlerMethodAdapter.handle(AbstractHandlerMethodAdapter.java:87)
	at org.springframework.web.servlet.DispatcherServlet.doDispatch(DispatcherServlet.java:1080)
	at org.springframework.web.servlet.DispatcherServlet.doService(DispatcherServlet.java:973)
	at org.springframework.web.servlet.FrameworkServlet.processRequest(FrameworkServlet.java:1011)
	at org.springframework.web.servlet.FrameworkServlet.doPost(FrameworkServlet.java:914)
	at jakarta.servlet.http.HttpServlet.service(HttpServlet.java:731)
	at org.springframework.web.servlet.FrameworkServlet.service(FrameworkServlet.java:885)
	at jakarta.servlet.http.HttpServlet.service(HttpServlet.java:814)
	at org.apache.catalina.core.ApplicationFilterChain.internalDoFilter(ApplicationFilterChain.java:223)
	at org.apache.catalina.core.ApplicationFilterChain.doFilter(ApplicationFilterChain.java:158)
	at org.apache.tomcat.websocket.server.WsFilter.doFilter(WsFilter.java:53)
	at org.apache.catalina.core.ApplicationFilterChain.internalDoFilter(ApplicationFilterChain.java:185)
	at org.apache.catalina.core.ApplicationFilterChain.doFilter(ApplicationFilterChain.java:158)
	at org.springframework.web.filter.RequestContextFilter.doFilterInternal(RequestContextFilter.java:100)
	at org.springframework.web.filter.OncePerRequestFilter.doFilter(OncePerRequestFilter.java:116)
	at org.apache.catalina.core.ApplicationFilterChain.internalDoFilter(ApplicationFilterChain.java:185)
	at org.apache.catalina.core.ApplicationFilterChain.doFilter(ApplicationFilterChain.java:158)
	at org.springframework.web.filter.FormContentFilter.doFilterInternal(FormContentFilter.java:93)
	at org.springframework.web.filter.OncePerRequestFilter.doFilter(OncePerRequestFilter.java:116)
	at org.apache.catalina.core.ApplicationFilterChain.internalDoFilter(ApplicationFilterChain.java:185)
	at org.apache.catalina.core.ApplicationFilterChain.doFilter(ApplicationFilterChain.java:158)
	at org.springframework.web.filter.CharacterEncodingFilter.doFilterInternal(CharacterEncodingFilter.java:201)
	at org.springframework.web.filter.OncePerRequestFilter.doFilter(OncePerRequestFilter.java:116)
	at org.apache.catalina.core.ApplicationFilterChain.internalDoFilter(ApplicationFilterChain.java:185)
	at org.apache.catalina.core.ApplicationFilterChain.doFilter(ApplicationFilterChain.java:158)
	at org.apache.catalina.core.StandardWrapperValve.invoke(StandardWrapperValve.java:177)
	at org.apache.catalina.core.StandardContextValve.invoke(StandardContextValve.java:97)
	at org.apache.catalina.authenticator.AuthenticatorBase.invoke(AuthenticatorBase.java:542)
	at org.apache.catalina.core.StandardHostValve.invoke(StandardHostValve.java:119)
	at org.apache.catalina.valves.ErrorReportValve.invoke(ErrorReportValve.java:92)
	at org.apache.catalina.core.StandardEngineValve.invoke(StandardEngineValve.java:78)
	at org.apache.catalina.connector.CoyoteAdapter.service(CoyoteAdapter.java:357)
	at org.apache.coyote.http11.Http11Processor.service(Http11Processor.java:400)
	at org.apache.coyote.AbstractProcessorLight.process(AbstractProcessorLight.java:65)
	at org.apache.coyote.AbstractProtocol$ConnectionHandler.process(AbstractProtocol.java:859)
	at org.apache.tomcat.util.net.NioEndpoint$SocketProcessor.doRun(NioEndpoint.java:1734)
	at org.apache.tomcat.util.net.SocketProcessorBase.run(SocketProcessorBase.java:52)
	at org.apache.tomcat.util.threads.ThreadPoolExecutor.runWorker(ThreadPoolExecutor.java:1191)
	at org.apache.tomcat.util.threads.ThreadPoolExecutor$Worker.run(ThreadPoolExecutor.java:659)
	at org.apache.tomcat.util.threads.TaskThread$WrappingRunnable.run(TaskThread.java:61)
	at java.base/java.lang.Thread.run(Thread.java:842)
Caused by: com.fasterxml.jackson.core.JsonParseException: Unexpected character ('ï' (code 239)): was expecting comma to separate Object entries
 at [Source: REDACTED (`StreamReadFeature.INCLUDE_SOURCE_IN_LOCATION` disabled); line: 2, column: 20]
	at com.fasterxml.jackson.core.JsonParser._constructError(JsonParser.java:2481)
	at com.fasterxml.jackson.core.base.ParserMinimalBase._reportError(ParserMinimalBase.java:752)
	at com.fasterxml.jackson.core.base.ParserMinimalBase._reportUnexpectedChar(ParserMinimalBase.java:676)
	at com.fasterxml.jackson.core.json.UTF8StreamJsonParser.nextFieldName(UTF8StreamJsonParser.java:1065)
	at com.fasterxml.jackson.databind.deser.BeanDeserializer.vanillaDeserialize(BeanDeserializer.java:317)
	at com.fasterxml.jackson.databind.deser.BeanDeserializer.deserialize(BeanDeserializer.java:177)
	at com.fasterxml.jackson.databind.deser.DefaultDeserializationContext.readRootValue(DefaultDeserializationContext.java:342)
	at com.fasterxml.jackson.databind.ObjectReader._bindAndClose(ObjectReader.java:2125)
	at com.fasterxml.jackson.databind.ObjectReader.readValue(ObjectReader.java:1501)
	at org.springframework.http.converter.json.AbstractJackson2HttpMessageConverter.readJavaType(AbstractJackson2HttpMessageConverter.java:395)
	... 51 common frames omitted
2025-09-09 10:40:12.705 [http-nio-8092-exec-4] ERROR c.z.x.search.exception.GlobalExceptionHandler - /search/user request error, 
org.springframework.http.converter.HttpMessageNotReadableException: JSON parse error: Unexpected character ('ï' (code 239)): was expecting comma to separate Object entries
	at org.springframework.http.converter.json.AbstractJackson2HttpMessageConverter.readJavaType(AbstractJackson2HttpMessageConverter.java:406)
	at org.springframework.http.converter.json.AbstractJackson2HttpMessageConverter.read(AbstractJackson2HttpMessageConverter.java:354)
	at org.springframework.web.servlet.mvc.method.annotation.AbstractMessageConverterMethodArgumentResolver.readWithMessageConverters(AbstractMessageConverterMethodArgumentResolver.java:182)
	at org.springframework.web.servlet.mvc.method.annotation.RequestResponseBodyMethodProcessor.readWithMessageConverters(RequestResponseBodyMethodProcessor.java:163)
	at org.springframework.web.servlet.mvc.method.annotation.RequestResponseBodyMethodProcessor.resolveArgument(RequestResponseBodyMethodProcessor.java:136)
	at org.springframework.web.method.support.HandlerMethodArgumentResolverComposite.resolveArgument(HandlerMethodArgumentResolverComposite.java:122)
	at org.springframework.web.method.support.InvocableHandlerMethod.getMethodArgumentValues(InvocableHandlerMethod.java:181)
	at org.springframework.web.method.support.InvocableHandlerMethod.invokeForRequest(InvocableHandlerMethod.java:148)
	at org.springframework.web.servlet.mvc.method.annotation.ServletInvocableHandlerMethod.invokeAndHandle(ServletInvocableHandlerMethod.java:117)
	at org.springframework.web.servlet.mvc.method.annotation.RequestMappingHandlerAdapter.invokeHandlerMethod(RequestMappingHandlerAdapter.java:884)
	at org.springframework.web.servlet.mvc.method.annotation.RequestMappingHandlerAdapter.handleInternal(RequestMappingHandlerAdapter.java:797)
	at org.springframework.web.servlet.mvc.method.AbstractHandlerMethodAdapter.handle(AbstractHandlerMethodAdapter.java:87)
	at org.springframework.web.servlet.DispatcherServlet.doDispatch(DispatcherServlet.java:1080)
	at org.springframework.web.servlet.DispatcherServlet.doService(DispatcherServlet.java:973)
	at org.springframework.web.servlet.FrameworkServlet.processRequest(FrameworkServlet.java:1011)
	at org.springframework.web.servlet.FrameworkServlet.doPost(FrameworkServlet.java:914)
	at jakarta.servlet.http.HttpServlet.service(HttpServlet.java:731)
	at org.springframework.web.servlet.FrameworkServlet.service(FrameworkServlet.java:885)
	at jakarta.servlet.http.HttpServlet.service(HttpServlet.java:814)
	at org.apache.catalina.core.ApplicationFilterChain.internalDoFilter(ApplicationFilterChain.java:223)
	at org.apache.catalina.core.ApplicationFilterChain.doFilter(ApplicationFilterChain.java:158)
	at org.apache.tomcat.websocket.server.WsFilter.doFilter(WsFilter.java:53)
	at org.apache.catalina.core.ApplicationFilterChain.internalDoFilter(ApplicationFilterChain.java:185)
	at org.apache.catalina.core.ApplicationFilterChain.doFilter(ApplicationFilterChain.java:158)
	at org.springframework.web.filter.RequestContextFilter.doFilterInternal(RequestContextFilter.java:100)
	at org.springframework.web.filter.OncePerRequestFilter.doFilter(OncePerRequestFilter.java:116)
	at org.apache.catalina.core.ApplicationFilterChain.internalDoFilter(ApplicationFilterChain.java:185)
	at org.apache.catalina.core.ApplicationFilterChain.doFilter(ApplicationFilterChain.java:158)
	at org.springframework.web.filter.FormContentFilter.doFilterInternal(FormContentFilter.java:93)
	at org.springframework.web.filter.OncePerRequestFilter.doFilter(OncePerRequestFilter.java:116)
	at org.apache.catalina.core.ApplicationFilterChain.internalDoFilter(ApplicationFilterChain.java:185)
	at org.apache.catalina.core.ApplicationFilterChain.doFilter(ApplicationFilterChain.java:158)
	at org.springframework.web.filter.CharacterEncodingFilter.doFilterInternal(CharacterEncodingFilter.java:201)
	at org.springframework.web.filter.OncePerRequestFilter.doFilter(OncePerRequestFilter.java:116)
	at org.apache.catalina.core.ApplicationFilterChain.internalDoFilter(ApplicationFilterChain.java:185)
	at org.apache.catalina.core.ApplicationFilterChain.doFilter(ApplicationFilterChain.java:158)
	at org.apache.catalina.core.StandardWrapperValve.invoke(StandardWrapperValve.java:177)
	at org.apache.catalina.core.StandardContextValve.invoke(StandardContextValve.java:97)
	at org.apache.catalina.authenticator.AuthenticatorBase.invoke(AuthenticatorBase.java:542)
	at org.apache.catalina.core.StandardHostValve.invoke(StandardHostValve.java:119)
	at org.apache.catalina.valves.ErrorReportValve.invoke(ErrorReportValve.java:92)
	at org.apache.catalina.core.StandardEngineValve.invoke(StandardEngineValve.java:78)
	at org.apache.catalina.connector.CoyoteAdapter.service(CoyoteAdapter.java:357)
	at org.apache.coyote.http11.Http11Processor.service(Http11Processor.java:400)
	at org.apache.coyote.AbstractProcessorLight.process(AbstractProcessorLight.java:65)
	at org.apache.coyote.AbstractProtocol$ConnectionHandler.process(AbstractProtocol.java:859)
	at org.apache.tomcat.util.net.NioEndpoint$SocketProcessor.doRun(NioEndpoint.java:1734)
	at org.apache.tomcat.util.net.SocketProcessorBase.run(SocketProcessorBase.java:52)
	at org.apache.tomcat.util.threads.ThreadPoolExecutor.runWorker(ThreadPoolExecutor.java:1191)
	at org.apache.tomcat.util.threads.ThreadPoolExecutor$Worker.run(ThreadPoolExecutor.java:659)
	at org.apache.tomcat.util.threads.TaskThread$WrappingRunnable.run(TaskThread.java:61)
	at java.base/java.lang.Thread.run(Thread.java:842)
Caused by: com.fasterxml.jackson.core.JsonParseException: Unexpected character ('ï' (code 239)): was expecting comma to separate Object entries
 at [Source: REDACTED (`StreamReadFeature.INCLUDE_SOURCE_IN_LOCATION` disabled); line: 2, column: 20]
	at com.fasterxml.jackson.core.JsonParser._constructError(JsonParser.java:2481)
	at com.fasterxml.jackson.core.base.ParserMinimalBase._reportError(ParserMinimalBase.java:752)
	at com.fasterxml.jackson.core.base.ParserMinimalBase._reportUnexpectedChar(ParserMinimalBase.java:676)
	at com.fasterxml.jackson.core.json.UTF8StreamJsonParser.nextFieldName(UTF8StreamJsonParser.java:1065)
	at com.fasterxml.jackson.databind.deser.BeanDeserializer.vanillaDeserialize(BeanDeserializer.java:317)
	at com.fasterxml.jackson.databind.deser.BeanDeserializer.deserialize(BeanDeserializer.java:177)
	at com.fasterxml.jackson.databind.deser.DefaultDeserializationContext.readRootValue(DefaultDeserializationContext.java:342)
	at com.fasterxml.jackson.databind.ObjectReader._bindAndClose(ObjectReader.java:2125)
	at com.fasterxml.jackson.databind.ObjectReader.readValue(ObjectReader.java:1501)
	at org.springframework.http.converter.json.AbstractJackson2HttpMessageConverter.readJavaType(AbstractJackson2HttpMessageConverter.java:395)
	... 51 common frames omitted
2025-09-09 10:40:32.364 [http-nio-8092-exec-5] ERROR c.z.x.search.exception.GlobalExceptionHandler - /search/user request error, 
org.springframework.http.converter.HttpMessageNotReadableException: JSON parse error: Unexpected character ('ï' (code 239)): was expecting comma to separate Object entries
	at org.springframework.http.converter.json.AbstractJackson2HttpMessageConverter.readJavaType(AbstractJackson2HttpMessageConverter.java:406)
	at org.springframework.http.converter.json.AbstractJackson2HttpMessageConverter.read(AbstractJackson2HttpMessageConverter.java:354)
	at org.springframework.web.servlet.mvc.method.annotation.AbstractMessageConverterMethodArgumentResolver.readWithMessageConverters(AbstractMessageConverterMethodArgumentResolver.java:182)
	at org.springframework.web.servlet.mvc.method.annotation.RequestResponseBodyMethodProcessor.readWithMessageConverters(RequestResponseBodyMethodProcessor.java:163)
	at org.springframework.web.servlet.mvc.method.annotation.RequestResponseBodyMethodProcessor.resolveArgument(RequestResponseBodyMethodProcessor.java:136)
	at org.springframework.web.method.support.HandlerMethodArgumentResolverComposite.resolveArgument(HandlerMethodArgumentResolverComposite.java:122)
	at org.springframework.web.method.support.InvocableHandlerMethod.getMethodArgumentValues(InvocableHandlerMethod.java:181)
	at org.springframework.web.method.support.InvocableHandlerMethod.invokeForRequest(InvocableHandlerMethod.java:148)
	at org.springframework.web.servlet.mvc.method.annotation.ServletInvocableHandlerMethod.invokeAndHandle(ServletInvocableHandlerMethod.java:117)
	at org.springframework.web.servlet.mvc.method.annotation.RequestMappingHandlerAdapter.invokeHandlerMethod(RequestMappingHandlerAdapter.java:884)
	at org.springframework.web.servlet.mvc.method.annotation.RequestMappingHandlerAdapter.handleInternal(RequestMappingHandlerAdapter.java:797)
	at org.springframework.web.servlet.mvc.method.AbstractHandlerMethodAdapter.handle(AbstractHandlerMethodAdapter.java:87)
	at org.springframework.web.servlet.DispatcherServlet.doDispatch(DispatcherServlet.java:1080)
	at org.springframework.web.servlet.DispatcherServlet.doService(DispatcherServlet.java:973)
	at org.springframework.web.servlet.FrameworkServlet.processRequest(FrameworkServlet.java:1011)
	at org.springframework.web.servlet.FrameworkServlet.doPost(FrameworkServlet.java:914)
	at jakarta.servlet.http.HttpServlet.service(HttpServlet.java:731)
	at org.springframework.web.servlet.FrameworkServlet.service(FrameworkServlet.java:885)
	at jakarta.servlet.http.HttpServlet.service(HttpServlet.java:814)
	at org.apache.catalina.core.ApplicationFilterChain.internalDoFilter(ApplicationFilterChain.java:223)
	at org.apache.catalina.core.ApplicationFilterChain.doFilter(ApplicationFilterChain.java:158)
	at org.apache.tomcat.websocket.server.WsFilter.doFilter(WsFilter.java:53)
	at org.apache.catalina.core.ApplicationFilterChain.internalDoFilter(ApplicationFilterChain.java:185)
	at org.apache.catalina.core.ApplicationFilterChain.doFilter(ApplicationFilterChain.java:158)
	at org.springframework.web.filter.RequestContextFilter.doFilterInternal(RequestContextFilter.java:100)
	at org.springframework.web.filter.OncePerRequestFilter.doFilter(OncePerRequestFilter.java:116)
	at org.apache.catalina.core.ApplicationFilterChain.internalDoFilter(ApplicationFilterChain.java:185)
	at org.apache.catalina.core.ApplicationFilterChain.doFilter(ApplicationFilterChain.java:158)
	at org.springframework.web.filter.FormContentFilter.doFilterInternal(FormContentFilter.java:93)
	at org.springframework.web.filter.OncePerRequestFilter.doFilter(OncePerRequestFilter.java:116)
	at org.apache.catalina.core.ApplicationFilterChain.internalDoFilter(ApplicationFilterChain.java:185)
	at org.apache.catalina.core.ApplicationFilterChain.doFilter(ApplicationFilterChain.java:158)
	at org.springframework.web.filter.CharacterEncodingFilter.doFilterInternal(CharacterEncodingFilter.java:201)
	at org.springframework.web.filter.OncePerRequestFilter.doFilter(OncePerRequestFilter.java:116)
	at org.apache.catalina.core.ApplicationFilterChain.internalDoFilter(ApplicationFilterChain.java:185)
	at org.apache.catalina.core.ApplicationFilterChain.doFilter(ApplicationFilterChain.java:158)
	at org.apache.catalina.core.StandardWrapperValve.invoke(StandardWrapperValve.java:177)
	at org.apache.catalina.core.StandardContextValve.invoke(StandardContextValve.java:97)
	at org.apache.catalina.authenticator.AuthenticatorBase.invoke(AuthenticatorBase.java:542)
	at org.apache.catalina.core.StandardHostValve.invoke(StandardHostValve.java:119)
	at org.apache.catalina.valves.ErrorReportValve.invoke(ErrorReportValve.java:92)
	at org.apache.catalina.core.StandardEngineValve.invoke(StandardEngineValve.java:78)
	at org.apache.catalina.connector.CoyoteAdapter.service(CoyoteAdapter.java:357)
	at org.apache.coyote.http11.Http11Processor.service(Http11Processor.java:400)
	at org.apache.coyote.AbstractProcessorLight.process(AbstractProcessorLight.java:65)
	at org.apache.coyote.AbstractProtocol$ConnectionHandler.process(AbstractProtocol.java:859)
	at org.apache.tomcat.util.net.NioEndpoint$SocketProcessor.doRun(NioEndpoint.java:1734)
	at org.apache.tomcat.util.net.SocketProcessorBase.run(SocketProcessorBase.java:52)
	at org.apache.tomcat.util.threads.ThreadPoolExecutor.runWorker(ThreadPoolExecutor.java:1191)
	at org.apache.tomcat.util.threads.ThreadPoolExecutor$Worker.run(ThreadPoolExecutor.java:659)
	at org.apache.tomcat.util.threads.TaskThread$WrappingRunnable.run(TaskThread.java:61)
	at java.base/java.lang.Thread.run(Thread.java:842)
Caused by: com.fasterxml.jackson.core.JsonParseException: Unexpected character ('ï' (code 239)): was expecting comma to separate Object entries
 at [Source: REDACTED (`StreamReadFeature.INCLUDE_SOURCE_IN_LOCATION` disabled); line: 2, column: 20]
	at com.fasterxml.jackson.core.JsonParser._constructError(JsonParser.java:2481)
	at com.fasterxml.jackson.core.base.ParserMinimalBase._reportError(ParserMinimalBase.java:752)
	at com.fasterxml.jackson.core.base.ParserMinimalBase._reportUnexpectedChar(ParserMinimalBase.java:676)
	at com.fasterxml.jackson.core.json.UTF8StreamJsonParser.nextFieldName(UTF8StreamJsonParser.java:1065)
	at com.fasterxml.jackson.databind.deser.BeanDeserializer.vanillaDeserialize(BeanDeserializer.java:317)
	at com.fasterxml.jackson.databind.deser.BeanDeserializer.deserialize(BeanDeserializer.java:177)
	at com.fasterxml.jackson.databind.deser.DefaultDeserializationContext.readRootValue(DefaultDeserializationContext.java:342)
	at com.fasterxml.jackson.databind.ObjectReader._bindAndClose(ObjectReader.java:2125)
	at com.fasterxml.jackson.databind.ObjectReader.readValue(ObjectReader.java:1501)
	at org.springframework.http.converter.json.AbstractJackson2HttpMessageConverter.readJavaType(AbstractJackson2HttpMessageConverter.java:395)
	... 51 common frames omitted
2025-09-09 10:40:50.030 [http-nio-8092-exec-6] INFO  c.z.f.b.operationlog.aspect.ApiOperationLogAspect - ====== 请求开始: [搜索用户], 入参: {"keyword":"小哈","pageNo":1}, 请求类: UserController, 请求方法: searchUser =================================== 
2025-09-09 10:40:50.171 [http-nio-8092-exec-6] INFO  c.z.x.search.service.impl.UserServiceImpl - ==> SearchRequest: SearchRequest{searchType=QUERY_THEN_FETCH, indices=[user], indicesOptions=IndicesOptions[ignore_unavailable=false, allow_no_indices=true, expand_wildcards_open=true, expand_wildcards_closed=false, allow_aliases_to_multiple_indices=true, forbid_closed_indices=true, ignore_aliases=false, ignore_throttled=true], types=[], routing='null', preference='null', requestCache=null, scroll=null, maxConcurrentShardRequests=0, batchedReduceSize=512, preFilterShardSize=128, allowPartialSearchResults=null, localClusterAlias=null, getOrCreateAbsoluteStartMillis=-1, ccsMinimizeRoundtrips=true, source={"from":0,"size":10,"query":{"multi_match":{"query":"小哈","fields":["nickname^1.0","xiaohongshu_id^1.0"],"type":"best_fields","operator":"OR","slop":0,"prefix_length":0,"max_expansions":50,"zero_terms_query":"NONE","auto_generate_synonyms_phrase_query":true,"fuzzy_transpositions":true,"boost":1.0}},"sort":[{"fans_total":{"order":"desc"}}]}}
2025-09-09 10:40:50.588 [http-nio-8092-exec-6] INFO  c.z.x.search.service.impl.UserServiceImpl - ==> 命中文档总数, hits: 0
2025-09-09 10:40:50.595 [http-nio-8092-exec-6] INFO  c.z.f.b.operationlog.aspect.ApiOperationLogAspect - ====== 请求结束: [搜索用户], 耗时: 566ms, 出参: {"success":true,"message":null,"errorCode":null,"data":[],"pageNo":1,"totalCount":0,"pageSize":10,"totalPage":0} =================================== 
2025-09-09 10:41:14.465 [http-nio-8092-exec-7] INFO  c.z.f.b.operationlog.aspect.ApiOperationLogAspect - ====== 请求开始: [搜索用户], 入参: {"keyword":"红","pageNo":1}, 请求类: UserController, 请求方法: searchUser =================================== 
2025-09-09 10:41:14.466 [http-nio-8092-exec-7] INFO  c.z.x.search.service.impl.UserServiceImpl - ==> SearchRequest: SearchRequest{searchType=QUERY_THEN_FETCH, indices=[user], indicesOptions=IndicesOptions[ignore_unavailable=false, allow_no_indices=true, expand_wildcards_open=true, expand_wildcards_closed=false, allow_aliases_to_multiple_indices=true, forbid_closed_indices=true, ignore_aliases=false, ignore_throttled=true], types=[], routing='null', preference='null', requestCache=null, scroll=null, maxConcurrentShardRequests=0, batchedReduceSize=512, preFilterShardSize=128, allowPartialSearchResults=null, localClusterAlias=null, getOrCreateAbsoluteStartMillis=-1, ccsMinimizeRoundtrips=true, source={"from":0,"size":10,"query":{"multi_match":{"query":"红","fields":["nickname^1.0","xiaohongshu_id^1.0"],"type":"best_fields","operator":"OR","slop":0,"prefix_length":0,"max_expansions":50,"zero_terms_query":"NONE","auto_generate_synonyms_phrase_query":true,"fuzzy_transpositions":true,"boost":1.0}},"sort":[{"fans_total":{"order":"desc"}}]}}
2025-09-09 10:41:14.492 [http-nio-8092-exec-7] INFO  c.z.x.search.service.impl.UserServiceImpl - ==> 命中文档总数, hits: 0
2025-09-09 10:41:14.492 [http-nio-8092-exec-7] INFO  c.z.f.b.operationlog.aspect.ApiOperationLogAspect - ====== 请求结束: [搜索用户], 耗时: 27ms, 出参: {"success":true,"message":null,"errorCode":null,"data":[],"pageNo":1,"totalCount":0,"pageSize":10,"totalPage":0} =================================== 
2025-09-09 10:41:21.354 [http-nio-8092-exec-8] INFO  c.z.f.b.operationlog.aspect.ApiOperationLogAspect - ====== 请求开始: [搜索用户], 入参: {"keyword":"小红","pageNo":1}, 请求类: UserController, 请求方法: searchUser =================================== 
2025-09-09 10:41:21.354 [http-nio-8092-exec-8] INFO  c.z.x.search.service.impl.UserServiceImpl - ==> SearchRequest: SearchRequest{searchType=QUERY_THEN_FETCH, indices=[user], indicesOptions=IndicesOptions[ignore_unavailable=false, allow_no_indices=true, expand_wildcards_open=true, expand_wildcards_closed=false, allow_aliases_to_multiple_indices=true, forbid_closed_indices=true, ignore_aliases=false, ignore_throttled=true], types=[], routing='null', preference='null', requestCache=null, scroll=null, maxConcurrentShardRequests=0, batchedReduceSize=512, preFilterShardSize=128, allowPartialSearchResults=null, localClusterAlias=null, getOrCreateAbsoluteStartMillis=-1, ccsMinimizeRoundtrips=true, source={"from":0,"size":10,"query":{"multi_match":{"query":"小红","fields":["nickname^1.0","xiaohongshu_id^1.0"],"type":"best_fields","operator":"OR","slop":0,"prefix_length":0,"max_expansions":50,"zero_terms_query":"NONE","auto_generate_synonyms_phrase_query":true,"fuzzy_transpositions":true,"boost":1.0}},"sort":[{"fans_total":{"order":"desc"}}]}}
2025-09-09 10:41:21.432 [http-nio-8092-exec-8] INFO  c.z.x.search.service.impl.UserServiceImpl - ==> 命中文档总数, hits: 1
2025-09-09 10:41:21.439 [http-nio-8092-exec-8] INFO  c.z.x.search.service.impl.UserServiceImpl - ==> 文档数据: {"id":100,"note_total":null,"xiaohongshu_id":"10100","nickname":"小红薯10100","fans_total":null,"avatar":null}
2025-09-09 10:41:21.452 [http-nio-8092-exec-8] INFO  c.z.f.b.operationlog.aspect.ApiOperationLogAspect - ====== 请求结束: [搜索用户], 耗时: 96ms, 出参: {"success":true,"message":null,"errorCode":null,"data":[{"userId":100,"nickname":"小红薯10100","avatar":null,"xiaohongshuId":"10100","noteTotal":null,"fansTotal":null}],"pageNo":1,"totalCount":1,"pageSize":10,"totalPage":1} =================================== 
2025-09-09 10:41:32.487 [http-nio-8092-exec-9] INFO  c.z.f.b.operationlog.aspect.ApiOperationLogAspect - ====== 请求开始: [搜索用户], 入参: {"keyword":"红","pageNo":1}, 请求类: UserController, 请求方法: searchUser =================================== 
2025-09-09 10:41:32.487 [http-nio-8092-exec-9] INFO  c.z.x.search.service.impl.UserServiceImpl - ==> SearchRequest: SearchRequest{searchType=QUERY_THEN_FETCH, indices=[user], indicesOptions=IndicesOptions[ignore_unavailable=false, allow_no_indices=true, expand_wildcards_open=true, expand_wildcards_closed=false, allow_aliases_to_multiple_indices=true, forbid_closed_indices=true, ignore_aliases=false, ignore_throttled=true], types=[], routing='null', preference='null', requestCache=null, scroll=null, maxConcurrentShardRequests=0, batchedReduceSize=512, preFilterShardSize=128, allowPartialSearchResults=null, localClusterAlias=null, getOrCreateAbsoluteStartMillis=-1, ccsMinimizeRoundtrips=true, source={"from":0,"size":10,"query":{"multi_match":{"query":"红","fields":["nickname^1.0","xiaohongshu_id^1.0"],"type":"best_fields","operator":"OR","slop":0,"prefix_length":0,"max_expansions":50,"zero_terms_query":"NONE","auto_generate_synonyms_phrase_query":true,"fuzzy_transpositions":true,"boost":1.0}},"sort":[{"fans_total":{"order":"desc"}}]}}
2025-09-09 10:41:32.501 [http-nio-8092-exec-9] INFO  c.z.x.search.service.impl.UserServiceImpl - ==> 命中文档总数, hits: 0
2025-09-09 10:41:32.501 [http-nio-8092-exec-9] INFO  c.z.f.b.operationlog.aspect.ApiOperationLogAspect - ====== 请求结束: [搜索用户], 耗时: 14ms, 出参: {"success":true,"message":null,"errorCode":null,"data":[],"pageNo":1,"totalCount":0,"pageSize":10,"totalPage":0} =================================== 
2025-09-09 10:41:39.880 [http-nio-8092-exec-10] INFO  c.z.f.b.operationlog.aspect.ApiOperationLogAspect - ====== 请求开始: [搜索用户], 入参: {"keyword":"番薯","pageNo":1}, 请求类: UserController, 请求方法: searchUser =================================== 
2025-09-09 10:41:39.880 [http-nio-8092-exec-10] INFO  c.z.x.search.service.impl.UserServiceImpl - ==> SearchRequest: SearchRequest{searchType=QUERY_THEN_FETCH, indices=[user], indicesOptions=IndicesOptions[ignore_unavailable=false, allow_no_indices=true, expand_wildcards_open=true, expand_wildcards_closed=false, allow_aliases_to_multiple_indices=true, forbid_closed_indices=true, ignore_aliases=false, ignore_throttled=true], types=[], routing='null', preference='null', requestCache=null, scroll=null, maxConcurrentShardRequests=0, batchedReduceSize=512, preFilterShardSize=128, allowPartialSearchResults=null, localClusterAlias=null, getOrCreateAbsoluteStartMillis=-1, ccsMinimizeRoundtrips=true, source={"from":0,"size":10,"query":{"multi_match":{"query":"番薯","fields":["nickname^1.0","xiaohongshu_id^1.0"],"type":"best_fields","operator":"OR","slop":0,"prefix_length":0,"max_expansions":50,"zero_terms_query":"NONE","auto_generate_synonyms_phrase_query":true,"fuzzy_transpositions":true,"boost":1.0}},"sort":[{"fans_total":{"order":"desc"}}]}}
2025-09-09 10:41:39.897 [http-nio-8092-exec-10] INFO  c.z.x.search.service.impl.UserServiceImpl - ==> 命中文档总数, hits: 0
2025-09-09 10:41:39.897 [http-nio-8092-exec-10] INFO  c.z.f.b.operationlog.aspect.ApiOperationLogAspect - ====== 请求结束: [搜索用户], 耗时: 17ms, 出参: {"success":true,"message":null,"errorCode":null,"data":[],"pageNo":1,"totalCount":0,"pageSize":10,"totalPage":0} =================================== 
2025-09-09 10:41:43.676 [http-nio-8092-exec-1] INFO  c.z.f.b.operationlog.aspect.ApiOperationLogAspect - ====== 请求开始: [搜索用户], 入参: {"keyword":"薯","pageNo":1}, 请求类: UserController, 请求方法: searchUser =================================== 
2025-09-09 10:41:43.676 [http-nio-8092-exec-1] INFO  c.z.x.search.service.impl.UserServiceImpl - ==> SearchRequest: SearchRequest{searchType=QUERY_THEN_FETCH, indices=[user], indicesOptions=IndicesOptions[ignore_unavailable=false, allow_no_indices=true, expand_wildcards_open=true, expand_wildcards_closed=false, allow_aliases_to_multiple_indices=true, forbid_closed_indices=true, ignore_aliases=false, ignore_throttled=true], types=[], routing='null', preference='null', requestCache=null, scroll=null, maxConcurrentShardRequests=0, batchedReduceSize=512, preFilterShardSize=128, allowPartialSearchResults=null, localClusterAlias=null, getOrCreateAbsoluteStartMillis=-1, ccsMinimizeRoundtrips=true, source={"from":0,"size":10,"query":{"multi_match":{"query":"薯","fields":["nickname^1.0","xiaohongshu_id^1.0"],"type":"best_fields","operator":"OR","slop":0,"prefix_length":0,"max_expansions":50,"zero_terms_query":"NONE","auto_generate_synonyms_phrase_query":true,"fuzzy_transpositions":true,"boost":1.0}},"sort":[{"fans_total":{"order":"desc"}}]}}
2025-09-09 10:41:43.690 [http-nio-8092-exec-1] INFO  c.z.x.search.service.impl.UserServiceImpl - ==> 命中文档总数, hits: 0
2025-09-09 10:41:43.691 [http-nio-8092-exec-1] INFO  c.z.f.b.operationlog.aspect.ApiOperationLogAspect - ====== 请求结束: [搜索用户], 耗时: 15ms, 出参: {"success":true,"message":null,"errorCode":null,"data":[],"pageNo":1,"totalCount":0,"pageSize":10,"totalPage":0} =================================== 
2025-09-09 10:41:49.715 [http-nio-8092-exec-2] INFO  c.z.f.b.operationlog.aspect.ApiOperationLogAspect - ====== 请求开始: [搜索用户], 入参: {"keyword":"小红","pageNo":1}, 请求类: UserController, 请求方法: searchUser =================================== 
2025-09-09 10:41:49.715 [http-nio-8092-exec-2] INFO  c.z.x.search.service.impl.UserServiceImpl - ==> SearchRequest: SearchRequest{searchType=QUERY_THEN_FETCH, indices=[user], indicesOptions=IndicesOptions[ignore_unavailable=false, allow_no_indices=true, expand_wildcards_open=true, expand_wildcards_closed=false, allow_aliases_to_multiple_indices=true, forbid_closed_indices=true, ignore_aliases=false, ignore_throttled=true], types=[], routing='null', preference='null', requestCache=null, scroll=null, maxConcurrentShardRequests=0, batchedReduceSize=512, preFilterShardSize=128, allowPartialSearchResults=null, localClusterAlias=null, getOrCreateAbsoluteStartMillis=-1, ccsMinimizeRoundtrips=true, source={"from":0,"size":10,"query":{"multi_match":{"query":"小红","fields":["nickname^1.0","xiaohongshu_id^1.0"],"type":"best_fields","operator":"OR","slop":0,"prefix_length":0,"max_expansions":50,"zero_terms_query":"NONE","auto_generate_synonyms_phrase_query":true,"fuzzy_transpositions":true,"boost":1.0}},"sort":[{"fans_total":{"order":"desc"}}]}}
2025-09-09 10:41:49.736 [http-nio-8092-exec-2] INFO  c.z.x.search.service.impl.UserServiceImpl - ==> 命中文档总数, hits: 1
2025-09-09 10:41:49.736 [http-nio-8092-exec-2] INFO  c.z.x.search.service.impl.UserServiceImpl - ==> 文档数据: {"id":100,"note_total":null,"xiaohongshu_id":"10100","nickname":"小红薯10100","fans_total":null,"avatar":null}
2025-09-09 10:41:49.737 [http-nio-8092-exec-2] INFO  c.z.f.b.operationlog.aspect.ApiOperationLogAspect - ====== 请求结束: [搜索用户], 耗时: 21ms, 出参: {"success":true,"message":null,"errorCode":null,"data":[{"userId":100,"nickname":"小红薯10100","avatar":null,"xiaohongshuId":"10100","noteTotal":null,"fansTotal":null}],"pageNo":1,"totalCount":1,"pageSize":10,"totalPage":1} =================================== 
2025-09-09 10:42:00.993 [http-nio-8092-exec-3] INFO  c.z.f.b.operationlog.aspect.ApiOperationLogAspect - ====== 请求开始: [搜索用户], 入参: {"keyword":"10100","pageNo":1}, 请求类: UserController, 请求方法: searchUser =================================== 
2025-09-09 10:42:00.993 [http-nio-8092-exec-3] INFO  c.z.x.search.service.impl.UserServiceImpl - ==> SearchRequest: SearchRequest{searchType=QUERY_THEN_FETCH, indices=[user], indicesOptions=IndicesOptions[ignore_unavailable=false, allow_no_indices=true, expand_wildcards_open=true, expand_wildcards_closed=false, allow_aliases_to_multiple_indices=true, forbid_closed_indices=true, ignore_aliases=false, ignore_throttled=true], types=[], routing='null', preference='null', requestCache=null, scroll=null, maxConcurrentShardRequests=0, batchedReduceSize=512, preFilterShardSize=128, allowPartialSearchResults=null, localClusterAlias=null, getOrCreateAbsoluteStartMillis=-1, ccsMinimizeRoundtrips=true, source={"from":0,"size":10,"query":{"multi_match":{"query":"10100","fields":["nickname^1.0","xiaohongshu_id^1.0"],"type":"best_fields","operator":"OR","slop":0,"prefix_length":0,"max_expansions":50,"zero_terms_query":"NONE","auto_generate_synonyms_phrase_query":true,"fuzzy_transpositions":true,"boost":1.0}},"sort":[{"fans_total":{"order":"desc"}}]}}
2025-09-09 10:42:01.017 [http-nio-8092-exec-3] INFO  c.z.x.search.service.impl.UserServiceImpl - ==> 命中文档总数, hits: 1
2025-09-09 10:42:01.017 [http-nio-8092-exec-3] INFO  c.z.x.search.service.impl.UserServiceImpl - ==> 文档数据: {"id":100,"note_total":null,"xiaohongshu_id":"10100","nickname":"小红薯10100","fans_total":null,"avatar":null}
2025-09-09 10:42:01.018 [http-nio-8092-exec-3] INFO  c.z.f.b.operationlog.aspect.ApiOperationLogAspect - ====== 请求结束: [搜索用户], 耗时: 26ms, 出参: {"success":true,"message":null,"errorCode":null,"data":[{"userId":100,"nickname":"小红薯10100","avatar":null,"xiaohongshuId":"10100","noteTotal":null,"fansTotal":null}],"pageNo":1,"totalCount":1,"pageSize":10,"totalPage":1} =================================== 
2025-09-09 11:34:47.030 [Thread-7] WARN  com.alibaba.nacos.common.notify.NotifyCenter - [NotifyCenter] Start destroying Publisher
2025-09-09 11:34:47.030 [Thread-10] WARN  c.alibaba.nacos.common.http.HttpClientBeanHolder - [HttpClientBeanHolder] Start destroying common HttpClient
2025-09-09 11:34:47.034 [Thread-7] WARN  com.alibaba.nacos.common.notify.NotifyCenter - [NotifyCenter] Destruction of the end
2025-09-09 11:34:47.036 [Thread-10] WARN  c.alibaba.nacos.common.http.HttpClientBeanHolder - [HttpClientBeanHolder] Destruction of the end
2025-09-09 11:34:47.119 [SpringApplicationShutdownHook] INFO  c.a.cloud.nacos.registry.NacosServiceRegistry - De-registering from Nacos Server now...
2025-09-09 11:34:47.120 [SpringApplicationShutdownHook] INFO  com.alibaba.nacos.client.naming - [DEREGISTER-SERVICE] xiaohongshu deregistering service xiaohongshu-search with instance: Instance{instanceId='null', ip='10.91.138.46', port=8092, weight=1.0, healthy=true, enabled=true, ephemeral=true, clusterName='DEFAULT', serviceName='null', metadata={}}
2025-09-09 11:34:47.378 [SpringApplicationShutdownHook] INFO  c.a.cloud.nacos.registry.NacosServiceRegistry - De-registration finished.
2025-09-09 11:34:47.380 [SpringApplicationShutdownHook] INFO  com.alibaba.nacos.client.naming - com.alibaba.nacos.client.naming.cache.ServiceInfoHolder do shutdown begin
2025-09-09 11:34:47.380 [SpringApplicationShutdownHook] INFO  com.alibaba.nacos.client.naming - com.alibaba.nacos.client.naming.backups.FailoverReactor do shutdown begin
2025-09-09 11:34:47.380 [SpringApplicationShutdownHook] INFO  com.alibaba.nacos.client.naming - com.alibaba.nacos.client.naming.backups.FailoverReactor do shutdown stop
2025-09-09 11:34:47.380 [SpringApplicationShutdownHook] INFO  com.alibaba.nacos.client.naming - com.alibaba.nacos.client.naming.cache.ServiceInfoHolder do shutdown stop
2025-09-09 11:34:47.380 [SpringApplicationShutdownHook] INFO  com.alibaba.nacos.client.naming - com.alibaba.nacos.client.naming.remote.NamingClientProxyDelegate do shutdown begin
2025-09-09 11:34:47.380 [SpringApplicationShutdownHook] INFO  com.alibaba.nacos.client.naming - com.alibaba.nacos.client.naming.core.ServiceInfoUpdateService do shutdown begin
2025-09-09 11:34:47.380 [SpringApplicationShutdownHook] INFO  com.alibaba.nacos.client.naming - com.alibaba.nacos.client.naming.core.ServiceInfoUpdateService do shutdown stop
2025-09-09 11:34:47.380 [SpringApplicationShutdownHook] INFO  com.alibaba.nacos.client.naming - com.alibaba.nacos.client.naming.core.ServerListManager do shutdown begin
2025-09-09 11:34:47.380 [SpringApplicationShutdownHook] WARN  com.alibaba.nacos.client.naming - [NamingHttpClientManager] Start destroying NacosRestTemplate
2025-09-09 11:34:47.381 [SpringApplicationShutdownHook] WARN  com.alibaba.nacos.client.naming - [NamingHttpClientManager] Destruction of the end
2025-09-09 11:34:47.381 [SpringApplicationShutdownHook] INFO  com.alibaba.nacos.client.naming - com.alibaba.nacos.client.naming.core.ServerListManager do shutdown stop
2025-09-09 11:34:47.381 [SpringApplicationShutdownHook] INFO  com.alibaba.nacos.client.naming - com.alibaba.nacos.client.naming.remote.http.NamingHttpClientProxy do shutdown begin
2025-09-09 11:34:47.381 [SpringApplicationShutdownHook] WARN  com.alibaba.nacos.client.naming - [NamingHttpClientManager] Start destroying NacosRestTemplate
2025-09-09 11:34:47.381 [SpringApplicationShutdownHook] WARN  com.alibaba.nacos.client.naming - [NamingHttpClientManager] Destruction of the end
2025-09-09 11:34:47.381 [SpringApplicationShutdownHook] INFO  com.alibaba.nacos.client.naming - com.alibaba.nacos.client.naming.remote.http.NamingHttpClientProxy do shutdown stop
2025-09-09 11:34:47.381 [SpringApplicationShutdownHook] INFO  com.alibaba.nacos.common.remote.client - Shutdown rpc client, set status to shutdown
2025-09-09 11:34:47.381 [SpringApplicationShutdownHook] INFO  com.alibaba.nacos.common.remote.client - Shutdown client event executor java.util.concurrent.ScheduledThreadPoolExecutor@3c70a4ac[Running, pool size = 2, active threads = 2, queued tasks = 0, completed tasks = 0]
2025-09-09 11:34:47.381 [SpringApplicationShutdownHook] INFO  com.alibaba.nacos.common.remote.client - Close current connection 1757385423936_120.85.130.202_7568
2025-09-09 11:34:47.390 [nacos-grpc-client-executor-47.236.36.111-694] WARN  c.a.nacos.common.remote.client.grpc.GrpcClient - [1757385423936_120.85.130.202_7568]Ignore error event,isRunning:false,isAbandon=false
2025-09-09 11:34:47.394 [SpringApplicationShutdownHook] INFO  c.a.nacos.common.remote.client.grpc.GrpcClient - Shutdown grpc executor java.util.concurrent.ThreadPoolExecutor@56e41950[Running, pool size = 4, active threads = 0, queued tasks = 0, completed tasks = 695]
2025-09-09 11:34:47.394 [SpringApplicationShutdownHook] INFO  com.alibaba.nacos.client.naming - Shutdown grpc redo service executor java.util.concurrent.ScheduledThreadPoolExecutor@5315699e[Running, pool size = 1, active threads = 0, queued tasks = 1, completed tasks = 1151]
2025-09-09 11:34:47.394 [SpringApplicationShutdownHook] INFO  c.a.n.client.auth.ram.identify.CredentialWatcher - [null] CredentialWatcher is stopped
2025-09-09 11:34:47.395 [SpringApplicationShutdownHook] INFO  c.a.n.client.auth.ram.identify.CredentialService - [null] CredentialService is freed
2025-09-09 11:34:47.395 [SpringApplicationShutdownHook] INFO  com.alibaba.nacos.client.naming - com.alibaba.nacos.client.naming.remote.NamingClientProxyDelegate do shutdown stop
