2025-10-23 15:02:31.576 [main] WARN  com.alibaba.nacos.client.logging.NacosLogging - Load Logback Configuration of Nacos fail, message: Could not initialize Logback Nacos logging from classpath:nacos-logback.xml
2025-10-23 15:02:31.707 [main] WARN  com.alibaba.nacos.client.logging.NacosLogging - Load Logback Configuration of Nacos fail, message: Could not initialize Logback Nacos logging from classpath:nacos-logback.xml
2025-10-23 15:02:32.646 [main] WARN  com.alibaba.nacos.client.logging.NacosLogging - Load Logback Configuration of Nacos fail, message: Could not initialize Logback Nacos logging from classpath:nacos-logback.xml
2025-10-23 15:02:32.678 [main] WARN  com.alibaba.nacos.client.logging.NacosLogging - Load Logback Configuration of Nacos fail, message: Could not initialize Logback Nacos logging from classpath:nacos-logback.xml
2025-10-23 15:02:32.679 [main] INFO  c.z.x.search.biz.XiaohongshuSearchApplication - The following 1 profile is active: "dev"
2025-10-23 15:02:34.311 [main] INFO  o.springframework.cloud.context.scope.GenericScope - BeanFactory id=08e0f751-fb5a-30ea-99ae-848b62ee9f46
2025-10-23 15:02:35.523 [main] INFO  o.s.boot.web.embedded.tomcat.TomcatWebServer - Tomcat initialized with port(s): 8092 (http)
2025-10-23 15:02:35.525 [main] INFO  org.apache.catalina.core.AprLifecycleListener - Loaded Apache Tomcat Native library [2.0.3] using APR version [1.7.2].
2025-10-23 15:02:35.532 [main] INFO  org.apache.catalina.core.AprLifecycleListener - OpenSSL successfully initialized [OpenSSL 3.0.8 7 Feb 2023]
2025-10-23 15:02:35.549 [main] INFO  org.apache.catalina.core.StandardService - Starting service [Tomcat]
2025-10-23 15:02:35.551 [main] INFO  org.apache.catalina.core.StandardEngine - Starting Servlet engine: [Apache Tomcat/10.1.5]
2025-10-23 15:02:35.751 [main] INFO  o.a.c.core.ContainerBase.[Tomcat].[localhost].[/] - Initializing Spring embedded WebApplicationContext
2025-10-23 15:02:35.757 [main] INFO  o.s.b.w.s.c.ServletWebServerApplicationContext - Root WebApplicationContext: initialization completed in 3038 ms
2025-10-23 15:02:36.628 [main] INFO  c.a.d.s.b.a.DruidDataSourceAutoConfigure - Init DruidDataSource
2025-10-23 15:02:37.501 [main] INFO  com.alibaba.druid.pool.DruidDataSource - {dataSource-1} inited
2025-10-23 15:02:40.970 [main] WARN  o.s.c.l.c.LoadBalancerCacheAutoConfiguration$LoadBalancerCaffeineWarnLogger - Spring Cloud LoadBalancer is currently working with the default cache. While this cache implementation is useful for development and tests, it's recommended to use Caffeine cache in production.You can switch to using Caffeine cache, by adding it and org.springframework.cache.caffeine.CaffeineCacheManager to the classpath.
2025-10-23 15:02:41.113 [main] INFO  o.s.boot.web.embedded.tomcat.TomcatWebServer - Tomcat started on port(s): 8092 (http) with context path ''
2025-10-23 15:02:41.124 [main] WARN  com.alibaba.nacos.client.logging.NacosLogging - Load Logback Configuration of Nacos fail, message: Could not initialize Logback Nacos logging from classpath:nacos-logback.xml
2025-10-23 15:02:41.124 [main] INFO  com.alibaba.nacos.client.naming - initializer namespace from ans.namespace attribute : null
2025-10-23 15:02:41.125 [main] INFO  com.alibaba.nacos.client.naming - initializer namespace from ALIBABA_ALIWARE_NAMESPACE attribute :null
2025-10-23 15:02:41.126 [main] INFO  com.alibaba.nacos.client.naming - initializer namespace from namespace attribute :null
2025-10-23 15:02:41.171 [main] INFO  com.alibaba.nacos.client.utils.ParamUtil - [settings] [req-serv] nacos-server port:8848
2025-10-23 15:02:41.171 [main] INFO  com.alibaba.nacos.client.utils.ParamUtil - [settings] [http-client] connect timeout:1000
2025-10-23 15:02:41.173 [main] INFO  com.alibaba.nacos.client.utils.ParamUtil - PER_TASK_CONFIG_SIZE: 3000.0
2025-10-23 15:02:41.181 [main] INFO  c.a.n.p.auth.spi.client.ClientAuthPluginManager - [ClientAuthPluginManager] Load ClientAuthService com.alibaba.nacos.client.auth.impl.NacosClientAuthServiceImpl success.
2025-10-23 15:02:41.181 [main] INFO  c.a.n.p.auth.spi.client.ClientAuthPluginManager - [ClientAuthPluginManager] Load ClientAuthService com.alibaba.nacos.client.auth.ram.RamClientAuthServiceImpl success.
2025-10-23 15:02:41.185 [main] INFO  c.a.n.client.auth.ram.identify.CredentialWatcher - null No credential found
2025-10-23 15:02:41.198 [main] INFO  com.alibaba.nacos.common.remote.client - [RpcClientFactory] create a new rpc client of 281ac554-03a0-48f6-aced-8a8f1d0204d3
2025-10-23 15:02:41.229 [main] INFO  com.alibaba.nacos.common.remote.client - [281ac554-03a0-48f6-aced-8a8f1d0204d3] RpcClient init, ServerListFactory = com.alibaba.nacos.client.naming.core.ServerListManager
2025-10-23 15:02:41.229 [main] INFO  com.alibaba.nacos.common.remote.client - [281ac554-03a0-48f6-aced-8a8f1d0204d3] Registry connection listener to current client:com.alibaba.nacos.client.naming.remote.gprc.redo.NamingGrpcRedoService
2025-10-23 15:02:41.230 [main] INFO  com.alibaba.nacos.common.remote.client - [281ac554-03a0-48f6-aced-8a8f1d0204d3] Register server push request handler:com.alibaba.nacos.client.naming.remote.gprc.NamingPushRequestHandler
2025-10-23 15:02:41.233 [main] INFO  com.alibaba.nacos.common.remote.client - [281ac554-03a0-48f6-aced-8a8f1d0204d3] Try to connect to server on start up, server: {serverIp = '8.134.88.169', server main port = 8848}
2025-10-23 15:02:41.281 [main] INFO  c.a.nacos.common.remote.client.grpc.GrpcClient - grpc client connection server:8.134.88.169 ip,serverPort:9848,grpcTslConfig:{"sslProvider":"OPENSSL","enableTls":false,"mutualAuthEnable":false,"trustAll":false}
2025-10-23 15:02:43.046 [main] INFO  com.alibaba.nacos.common.remote.client - [281ac554-03a0-48f6-aced-8a8f1d0204d3] Success to connect to server [8.134.88.169:8848] on start up, connectionId = 1761202963565_112.94.129.21_7294
2025-10-23 15:02:43.047 [com.alibaba.nacos.client.remote.worker] INFO  com.alibaba.nacos.common.remote.client - [281ac554-03a0-48f6-aced-8a8f1d0204d3] Notify connected event to listeners.
2025-10-23 15:02:43.047 [com.alibaba.nacos.client.remote.worker] INFO  com.alibaba.nacos.client.naming - Grpc connection connect
2025-10-23 15:02:43.047 [main] INFO  com.alibaba.nacos.common.remote.client - [281ac554-03a0-48f6-aced-8a8f1d0204d3] Register server push request handler:com.alibaba.nacos.common.remote.client.RpcClient$ConnectResetRequestHandler
2025-10-23 15:02:43.049 [main] INFO  com.alibaba.nacos.common.remote.client - [281ac554-03a0-48f6-aced-8a8f1d0204d3] Register server push request handler:com.alibaba.nacos.common.remote.client.RpcClient$$Lambda$1206/0x00000248868aae70
2025-10-23 15:02:43.052 [main] INFO  com.alibaba.nacos.client.naming - [REGISTER-SERVICE] xiaohongshu registering service xiaohongshu-search with instance Instance{instanceId='null', ip='10.2.66.25', port=8092, weight=1.0, healthy=true, enabled=true, ephemeral=true, clusterName='DEFAULT', serviceName='null', metadata={IPv6=null, preserved.register.source=SPRING_CLOUD}}
2025-10-23 15:02:43.085 [main] INFO  c.a.cloud.nacos.registry.NacosServiceRegistry - nacos registry, DEFAULT_GROUP xiaohongshu-search 10.2.66.25:8092 register finished
2025-10-23 15:02:43.486 [main] INFO  c.z.x.search.biz.XiaohongshuSearchApplication - Started XiaohongshuSearchApplication in 13.391 seconds (process running for 14.968)
2025-10-23 15:03:28.471 [http-nio-8092-exec-1] INFO  o.a.c.core.ContainerBase.[Tomcat].[localhost].[/] - Initializing Spring DispatcherServlet 'dispatcherServlet'
2025-10-23 15:03:28.471 [http-nio-8092-exec-1] INFO  org.springframework.web.servlet.DispatcherServlet - Initializing Servlet 'dispatcherServlet'
2025-10-23 15:03:28.475 [http-nio-8092-exec-1] INFO  org.springframework.web.servlet.DispatcherServlet - Completed initialization in 2 ms
2025-10-23 15:03:28.549 [http-nio-8092-exec-1] INFO  c.z.f.b.operationlog.aspect.ApiOperationLogAspect - ====== 请求开始: [热更新词典], 入参: , 请求类: ExtDictController, 请求方法: extDict =================================== 
2025-10-23 15:03:28.601 [http-nio-8092-exec-1] INFO  c.z.f.b.operationlog.aspect.ApiOperationLogAspect - ====== 请求结束: [热更新词典], 耗时: 48ms, 出参: {"headers":{"ETag":["1243008237"],"Content-Type":["text/plain;charset=UTF-8"],"Last-Modified":["Thu, 11 Sep 2025 06:25:35 GMT"]},"body":"打工人\n打工魂\n社畜\n社死","statusCode":"OK","statusCodeValue":200} =================================== 
2025-10-23 15:03:29.961 [http-nio-8092-exec-2] INFO  c.z.f.b.operationlog.aspect.ApiOperationLogAspect - ====== 请求开始: [热更新词典], 入参: , 请求类: ExtDictController, 请求方法: extDict =================================== 
2025-10-23 15:03:29.963 [http-nio-8092-exec-2] INFO  c.z.f.b.operationlog.aspect.ApiOperationLogAspect - ====== 请求结束: [热更新词典], 耗时: 1ms, 出参: {"headers":{"ETag":["1243008237"],"Content-Type":["text/plain;charset=UTF-8"],"Last-Modified":["Thu, 11 Sep 2025 06:25:35 GMT"]},"body":"打工人\n打工魂\n社畜\n社死","statusCode":"OK","statusCodeValue":200} =================================== 
2025-10-23 15:04:27.927 [http-nio-8092-exec-3] INFO  c.z.f.b.operationlog.aspect.ApiOperationLogAspect - ====== 请求开始: [热更新词典], 入参: , 请求类: ExtDictController, 请求方法: extDict =================================== 
2025-10-23 15:04:27.927 [http-nio-8092-exec-3] INFO  c.z.f.b.operationlog.aspect.ApiOperationLogAspect - ====== 请求结束: [热更新词典], 耗时: 1ms, 出参: {"headers":{"ETag":["1243008237"],"Content-Type":["text/plain;charset=UTF-8"],"Last-Modified":["Thu, 11 Sep 2025 06:25:35 GMT"]},"body":"打工人\n打工魂\n社畜\n社死","statusCode":"OK","statusCodeValue":200} =================================== 
2025-10-23 15:05:27.919 [http-nio-8092-exec-5] INFO  c.z.f.b.operationlog.aspect.ApiOperationLogAspect - ====== 请求开始: [热更新词典], 入参: , 请求类: ExtDictController, 请求方法: extDict =================================== 
2025-10-23 15:05:27.920 [http-nio-8092-exec-5] INFO  c.z.f.b.operationlog.aspect.ApiOperationLogAspect - ====== 请求结束: [热更新词典], 耗时: 0ms, 出参: {"headers":{"ETag":["1243008237"],"Content-Type":["text/plain;charset=UTF-8"],"Last-Modified":["Thu, 11 Sep 2025 06:25:35 GMT"]},"body":"打工人\n打工魂\n社畜\n社死","statusCode":"OK","statusCodeValue":200} =================================== 
2025-10-23 15:06:27.911 [http-nio-8092-exec-6] INFO  c.z.f.b.operationlog.aspect.ApiOperationLogAspect - ====== 请求开始: [热更新词典], 入参: , 请求类: ExtDictController, 请求方法: extDict =================================== 
2025-10-23 15:06:27.913 [http-nio-8092-exec-6] INFO  c.z.f.b.operationlog.aspect.ApiOperationLogAspect - ====== 请求结束: [热更新词典], 耗时: 2ms, 出参: {"headers":{"ETag":["1243008237"],"Content-Type":["text/plain;charset=UTF-8"],"Last-Modified":["Thu, 11 Sep 2025 06:25:35 GMT"]},"body":"打工人\n打工魂\n社畜\n社死","statusCode":"OK","statusCodeValue":200} =================================== 
2025-10-23 15:07:27.908 [http-nio-8092-exec-7] INFO  c.z.f.b.operationlog.aspect.ApiOperationLogAspect - ====== 请求开始: [热更新词典], 入参: , 请求类: ExtDictController, 请求方法: extDict =================================== 
2025-10-23 15:07:27.910 [http-nio-8092-exec-7] INFO  c.z.f.b.operationlog.aspect.ApiOperationLogAspect - ====== 请求结束: [热更新词典], 耗时: 2ms, 出参: {"headers":{"ETag":["1243008237"],"Content-Type":["text/plain;charset=UTF-8"],"Last-Modified":["Thu, 11 Sep 2025 06:25:35 GMT"]},"body":"打工人\n打工魂\n社畜\n社死","statusCode":"OK","statusCodeValue":200} =================================== 
2025-10-23 15:08:27.904 [http-nio-8092-exec-8] INFO  c.z.f.b.operationlog.aspect.ApiOperationLogAspect - ====== 请求开始: [热更新词典], 入参: , 请求类: ExtDictController, 请求方法: extDict =================================== 
2025-10-23 15:08:27.906 [http-nio-8092-exec-8] INFO  c.z.f.b.operationlog.aspect.ApiOperationLogAspect - ====== 请求结束: [热更新词典], 耗时: 2ms, 出参: {"headers":{"ETag":["1243008237"],"Content-Type":["text/plain;charset=UTF-8"],"Last-Modified":["Thu, 11 Sep 2025 06:25:35 GMT"]},"body":"打工人\n打工魂\n社畜\n社死","statusCode":"OK","statusCodeValue":200} =================================== 
2025-10-23 15:09:27.901 [http-nio-8092-exec-9] INFO  c.z.f.b.operationlog.aspect.ApiOperationLogAspect - ====== 请求开始: [热更新词典], 入参: , 请求类: ExtDictController, 请求方法: extDict =================================== 
2025-10-23 15:09:27.904 [http-nio-8092-exec-9] INFO  c.z.f.b.operationlog.aspect.ApiOperationLogAspect - ====== 请求结束: [热更新词典], 耗时: 3ms, 出参: {"headers":{"ETag":["1243008237"],"Content-Type":["text/plain;charset=UTF-8"],"Last-Modified":["Thu, 11 Sep 2025 06:25:35 GMT"]},"body":"打工人\n打工魂\n社畜\n社死","statusCode":"OK","statusCodeValue":200} =================================== 
2025-10-23 15:10:27.897 [http-nio-8092-exec-10] INFO  c.z.f.b.operationlog.aspect.ApiOperationLogAspect - ====== 请求开始: [热更新词典], 入参: , 请求类: ExtDictController, 请求方法: extDict =================================== 
2025-10-23 15:10:27.898 [http-nio-8092-exec-10] INFO  c.z.f.b.operationlog.aspect.ApiOperationLogAspect - ====== 请求结束: [热更新词典], 耗时: 1ms, 出参: {"headers":{"ETag":["1243008237"],"Content-Type":["text/plain;charset=UTF-8"],"Last-Modified":["Thu, 11 Sep 2025 06:25:35 GMT"]},"body":"打工人\n打工魂\n社畜\n社死","statusCode":"OK","statusCodeValue":200} =================================== 
2025-10-23 15:11:27.894 [http-nio-8092-exec-1] INFO  c.z.f.b.operationlog.aspect.ApiOperationLogAspect - ====== 请求开始: [热更新词典], 入参: , 请求类: ExtDictController, 请求方法: extDict =================================== 
2025-10-23 15:11:27.895 [http-nio-8092-exec-1] INFO  c.z.f.b.operationlog.aspect.ApiOperationLogAspect - ====== 请求结束: [热更新词典], 耗时: 1ms, 出参: {"headers":{"ETag":["1243008237"],"Content-Type":["text/plain;charset=UTF-8"],"Last-Modified":["Thu, 11 Sep 2025 06:25:35 GMT"]},"body":"打工人\n打工魂\n社畜\n社死","statusCode":"OK","statusCodeValue":200} =================================== 
2025-10-23 15:12:27.891 [http-nio-8092-exec-2] INFO  c.z.f.b.operationlog.aspect.ApiOperationLogAspect - ====== 请求开始: [热更新词典], 入参: , 请求类: ExtDictController, 请求方法: extDict =================================== 
2025-10-23 15:12:27.892 [http-nio-8092-exec-2] INFO  c.z.f.b.operationlog.aspect.ApiOperationLogAspect - ====== 请求结束: [热更新词典], 耗时: 1ms, 出参: {"headers":{"ETag":["1243008237"],"Content-Type":["text/plain;charset=UTF-8"],"Last-Modified":["Thu, 11 Sep 2025 06:25:35 GMT"]},"body":"打工人\n打工魂\n社畜\n社死","statusCode":"OK","statusCodeValue":200} =================================== 
2025-10-23 15:13:27.886 [http-nio-8092-exec-3] INFO  c.z.f.b.operationlog.aspect.ApiOperationLogAspect - ====== 请求开始: [热更新词典], 入参: , 请求类: ExtDictController, 请求方法: extDict =================================== 
2025-10-23 15:13:27.887 [http-nio-8092-exec-3] INFO  c.z.f.b.operationlog.aspect.ApiOperationLogAspect - ====== 请求结束: [热更新词典], 耗时: 1ms, 出参: {"headers":{"ETag":["1243008237"],"Content-Type":["text/plain;charset=UTF-8"],"Last-Modified":["Thu, 11 Sep 2025 06:25:35 GMT"]},"body":"打工人\n打工魂\n社畜\n社死","statusCode":"OK","statusCodeValue":200} =================================== 
2025-10-23 15:14:18.648 [Thread-7] WARN  com.alibaba.nacos.common.notify.NotifyCenter - [NotifyCenter] Start destroying Publisher
2025-10-23 15:14:18.648 [Thread-10] WARN  c.alibaba.nacos.common.http.HttpClientBeanHolder - [HttpClientBeanHolder] Start destroying common HttpClient
2025-10-23 15:14:18.649 [Thread-7] WARN  com.alibaba.nacos.common.notify.NotifyCenter - [NotifyCenter] Destruction of the end
2025-10-23 15:14:18.656 [Thread-10] WARN  c.alibaba.nacos.common.http.HttpClientBeanHolder - [HttpClientBeanHolder] Destruction of the end
2025-10-23 15:14:18.986 [SpringApplicationShutdownHook] INFO  c.a.cloud.nacos.registry.NacosServiceRegistry - De-registering from Nacos Server now...
2025-10-23 15:14:18.986 [SpringApplicationShutdownHook] INFO  com.alibaba.nacos.client.naming - [DEREGISTER-SERVICE] xiaohongshu deregistering service xiaohongshu-search with instance: Instance{instanceId='null', ip='10.2.66.25', port=8092, weight=1.0, healthy=true, enabled=true, ephemeral=true, clusterName='DEFAULT', serviceName='null', metadata={}}
2025-10-23 15:14:19.005 [SpringApplicationShutdownHook] INFO  c.a.cloud.nacos.registry.NacosServiceRegistry - De-registration finished.
2025-10-23 15:14:19.006 [SpringApplicationShutdownHook] INFO  com.alibaba.nacos.client.naming - com.alibaba.nacos.client.naming.cache.ServiceInfoHolder do shutdown begin
2025-10-23 15:14:19.006 [SpringApplicationShutdownHook] INFO  com.alibaba.nacos.client.naming - com.alibaba.nacos.client.naming.backups.FailoverReactor do shutdown begin
2025-10-23 15:14:19.007 [SpringApplicationShutdownHook] INFO  com.alibaba.nacos.client.naming - com.alibaba.nacos.client.naming.backups.FailoverReactor do shutdown stop
2025-10-23 15:14:19.007 [SpringApplicationShutdownHook] INFO  com.alibaba.nacos.client.naming - com.alibaba.nacos.client.naming.cache.ServiceInfoHolder do shutdown stop
2025-10-23 15:14:19.007 [SpringApplicationShutdownHook] INFO  com.alibaba.nacos.client.naming - com.alibaba.nacos.client.naming.remote.NamingClientProxyDelegate do shutdown begin
2025-10-23 15:14:19.007 [SpringApplicationShutdownHook] INFO  com.alibaba.nacos.client.naming - com.alibaba.nacos.client.naming.core.ServiceInfoUpdateService do shutdown begin
2025-10-23 15:14:19.008 [SpringApplicationShutdownHook] INFO  com.alibaba.nacos.client.naming - com.alibaba.nacos.client.naming.core.ServiceInfoUpdateService do shutdown stop
2025-10-23 15:14:19.008 [SpringApplicationShutdownHook] INFO  com.alibaba.nacos.client.naming - com.alibaba.nacos.client.naming.core.ServerListManager do shutdown begin
2025-10-23 15:14:19.008 [SpringApplicationShutdownHook] WARN  com.alibaba.nacos.client.naming - [NamingHttpClientManager] Start destroying NacosRestTemplate
2025-10-23 15:14:19.008 [SpringApplicationShutdownHook] WARN  com.alibaba.nacos.client.naming - [NamingHttpClientManager] Destruction of the end
2025-10-23 15:14:19.008 [SpringApplicationShutdownHook] INFO  com.alibaba.nacos.client.naming - com.alibaba.nacos.client.naming.core.ServerListManager do shutdown stop
2025-10-23 15:14:19.008 [SpringApplicationShutdownHook] INFO  com.alibaba.nacos.client.naming - com.alibaba.nacos.client.naming.remote.http.NamingHttpClientProxy do shutdown begin
2025-10-23 15:14:19.009 [SpringApplicationShutdownHook] WARN  com.alibaba.nacos.client.naming - [NamingHttpClientManager] Start destroying NacosRestTemplate
2025-10-23 15:14:19.009 [SpringApplicationShutdownHook] WARN  com.alibaba.nacos.client.naming - [NamingHttpClientManager] Destruction of the end
2025-10-23 15:14:19.009 [SpringApplicationShutdownHook] INFO  com.alibaba.nacos.client.naming - com.alibaba.nacos.client.naming.remote.http.NamingHttpClientProxy do shutdown stop
2025-10-23 15:14:19.010 [SpringApplicationShutdownHook] INFO  com.alibaba.nacos.common.remote.client - Shutdown rpc client, set status to shutdown
2025-10-23 15:14:19.010 [SpringApplicationShutdownHook] INFO  com.alibaba.nacos.common.remote.client - Shutdown client event executor java.util.concurrent.ScheduledThreadPoolExecutor@1483dba1[Running, pool size = 2, active threads = 2, queued tasks = 0, completed tasks = 0]
2025-10-23 15:14:19.010 [SpringApplicationShutdownHook] INFO  com.alibaba.nacos.common.remote.client - Close current connection 1761202963565_112.94.129.21_7294
2025-10-23 15:14:19.021 [nacos-grpc-client-executor-8.134.88.169-166] WARN  c.a.nacos.common.remote.client.grpc.GrpcClient - [1761202963565_112.94.129.21_7294]Ignore error event,isRunning:false,isAbandon=false
2025-10-23 15:14:19.024 [SpringApplicationShutdownHook] INFO  c.a.nacos.common.remote.client.grpc.GrpcClient - Shutdown grpc executor java.util.concurrent.ThreadPoolExecutor@123ade6a[Running, pool size = 4, active threads = 0, queued tasks = 0, completed tasks = 167]
2025-10-23 15:14:19.025 [SpringApplicationShutdownHook] INFO  com.alibaba.nacos.client.naming - Shutdown grpc redo service executor java.util.concurrent.ScheduledThreadPoolExecutor@1cc097a5[Running, pool size = 1, active threads = 0, queued tasks = 1, completed tasks = 231]
2025-10-23 15:14:19.025 [SpringApplicationShutdownHook] INFO  c.a.n.client.auth.ram.identify.CredentialWatcher - [null] CredentialWatcher is stopped
2025-10-23 15:14:19.025 [SpringApplicationShutdownHook] INFO  c.a.n.client.auth.ram.identify.CredentialService - [null] CredentialService is freed
2025-10-23 15:14:19.025 [SpringApplicationShutdownHook] INFO  com.alibaba.nacos.client.naming - com.alibaba.nacos.client.naming.remote.NamingClientProxyDelegate do shutdown stop
2025-10-23 15:14:19.035 [SpringApplicationShutdownHook] INFO  com.alibaba.druid.pool.DruidDataSource - {dataSource-1} closing ...
2025-10-23 15:14:19.081 [SpringApplicationShutdownHook] INFO  com.alibaba.druid.pool.DruidDataSource - {dataSource-1} closed
