2025-10-18 13:30:53.561 [main] WARN  com.alibaba.nacos.client.logging.NacosLogging - Load Logback Configuration of Nacos fail, message: Could not initialize Logback Nacos logging from classpath:nacos-logback.xml
2025-10-18 13:30:53.642 [main] WARN  com.alibaba.nacos.client.logging.NacosLogging - Load Logback Configuration of Nacos fail, message: Could not initialize Logback Nacos logging from classpath:nacos-logback.xml
2025-10-18 13:30:54.271 [main] WARN  com.alibaba.nacos.client.logging.NacosLogging - Load Logback Configuration of Nacos fail, message: Could not initialize Logback Nacos logging from classpath:nacos-logback.xml
2025-10-18 13:30:54.287 [main] WARN  com.alibaba.nacos.client.logging.NacosLogging - Load Logback Configuration of Nacos fail, message: Could not initialize Logback Nacos logging from classpath:nacos-logback.xml
2025-10-18 13:30:54.288 [main] INFO  c.z.x.search.biz.XiaohongshuSearchApplication - The following 1 profile is active: "dev"
2025-10-18 13:30:55.170 [main] INFO  o.springframework.cloud.context.scope.GenericScope - BeanFactory id=08e0f751-fb5a-30ea-99ae-848b62ee9f46
2025-10-18 13:30:55.864 [main] INFO  o.s.boot.web.embedded.tomcat.TomcatWebServer - Tomcat initialized with port(s): 8092 (http)
2025-10-18 13:30:55.864 [main] INFO  org.apache.catalina.core.AprLifecycleListener - Loaded Apache Tomcat Native library [2.0.3] using APR version [1.7.2].
2025-10-18 13:30:55.881 [main] INFO  org.apache.catalina.core.AprLifecycleListener - OpenSSL successfully initialized [OpenSSL 3.0.8 7 Feb 2023]
2025-10-18 13:30:55.895 [main] INFO  org.apache.catalina.core.StandardService - Starting service [Tomcat]
2025-10-18 13:30:55.895 [main] INFO  org.apache.catalina.core.StandardEngine - Starting Servlet engine: [Apache Tomcat/10.1.5]
2025-10-18 13:30:56.017 [main] INFO  o.a.c.core.ContainerBase.[Tomcat].[localhost].[/] - Initializing Spring embedded WebApplicationContext
2025-10-18 13:30:56.018 [main] INFO  o.s.b.w.s.c.ServletWebServerApplicationContext - Root WebApplicationContext: initialization completed in 1711 ms
2025-10-18 13:30:56.135 [main] WARN  o.s.b.w.s.c.AnnotationConfigServletWebServerApplicationContext - Exception encountered during context initialization - cancelling refresh attempt: org.springframework.beans.factory.BeanCreationException: Error creating bean with name 'canalSchedule': Injection of resource dependencies failed
2025-10-18 13:30:56.137 [main] INFO  org.apache.catalina.core.StandardService - Stopping service [Tomcat]
2025-10-18 13:30:56.181 [main] INFO  o.s.b.a.logging.ConditionEvaluationReportLogger - 

Error starting ApplicationContext. To display the condition evaluation report re-run your application with 'debug' enabled.
2025-10-18 13:30:56.203 [main] ERROR org.springframework.boot.SpringApplication - Application run failed
org.springframework.beans.factory.BeanCreationException: Error creating bean with name 'canalSchedule': Injection of resource dependencies failed
	at org.springframework.context.annotation.CommonAnnotationBeanPostProcessor.postProcessProperties(CommonAnnotationBeanPostProcessor.java:303)
	at org.springframework.beans.factory.support.AbstractAutowireCapableBeanFactory.populateBean(AbstractAutowireCapableBeanFactory.java:1397)
	at org.springframework.beans.factory.support.AbstractAutowireCapableBeanFactory.doCreateBean(AbstractAutowireCapableBeanFactory.java:598)
	at org.springframework.beans.factory.support.AbstractAutowireCapableBeanFactory.createBean(AbstractAutowireCapableBeanFactory.java:521)
	at org.springframework.beans.factory.support.AbstractBeanFactory.lambda$doGetBean$0(AbstractBeanFactory.java:326)
	at org.springframework.beans.factory.support.DefaultSingletonBeanRegistry.getSingleton(DefaultSingletonBeanRegistry.java:234)
	at org.springframework.beans.factory.support.AbstractBeanFactory.doGetBean(AbstractBeanFactory.java:324)
	at org.springframework.beans.factory.support.AbstractBeanFactory.getBean(AbstractBeanFactory.java:200)
	at org.springframework.beans.factory.support.DefaultListableBeanFactory.preInstantiateSingletons(DefaultListableBeanFactory.java:961)
	at org.springframework.context.support.AbstractApplicationContext.finishBeanFactoryInitialization(AbstractApplicationContext.java:915)
	at org.springframework.context.support.AbstractApplicationContext.refresh(AbstractApplicationContext.java:584)
	at org.springframework.boot.web.servlet.context.ServletWebServerApplicationContext.refresh(ServletWebServerApplicationContext.java:146)
	at org.springframework.boot.SpringApplication.refresh(SpringApplication.java:730)
	at org.springframework.boot.SpringApplication.refreshContext(SpringApplication.java:432)
	at org.springframework.boot.SpringApplication.run(SpringApplication.java:308)
	at org.springframework.boot.SpringApplication.run(SpringApplication.java:1302)
	at org.springframework.boot.SpringApplication.run(SpringApplication.java:1291)
	at com.zry.xiaohongshu.search.biz.XiaohongshuSearchApplication.main(XiaohongshuSearchApplication.java:13)
Caused by: org.springframework.beans.factory.BeanCreationException: Error creating bean with name 'getCanalConnector' defined in class path resource [com/zry/xiaohongshu/search/biz/canal/CanalClient.class]: Failed to instantiate [com.alibaba.otter.canal.client.CanalConnector]: Factory method 'getCanalConnector' threw exception with message: java.net.ConnectException: Connection refused: connect
	at org.springframework.beans.factory.support.ConstructorResolver.instantiate(ConstructorResolver.java:657)
	at org.springframework.beans.factory.support.ConstructorResolver.instantiateUsingFactoryMethod(ConstructorResolver.java:491)
	at org.springframework.beans.factory.support.AbstractAutowireCapableBeanFactory.instantiateUsingFactoryMethod(AbstractAutowireCapableBeanFactory.java:1324)
	at org.springframework.beans.factory.support.AbstractAutowireCapableBeanFactory.createBeanInstance(AbstractAutowireCapableBeanFactory.java:1161)
	at org.springframework.beans.factory.support.AbstractAutowireCapableBeanFactory.doCreateBean(AbstractAutowireCapableBeanFactory.java:561)
	at org.springframework.beans.factory.support.AbstractAutowireCapableBeanFactory.createBean(AbstractAutowireCapableBeanFactory.java:521)
	at org.springframework.beans.factory.support.AbstractBeanFactory.lambda$doGetBean$0(AbstractBeanFactory.java:326)
	at org.springframework.beans.factory.support.DefaultSingletonBeanRegistry.getSingleton(DefaultSingletonBeanRegistry.java:234)
	at org.springframework.beans.factory.support.AbstractBeanFactory.doGetBean(AbstractBeanFactory.java:324)
	at org.springframework.beans.factory.support.AbstractBeanFactory.getBean(AbstractBeanFactory.java:200)
	at org.springframework.beans.factory.config.DependencyDescriptor.resolveCandidate(DependencyDescriptor.java:254)
	at org.springframework.beans.factory.support.DefaultListableBeanFactory.doResolveDependency(DefaultListableBeanFactory.java:1405)
	at org.springframework.beans.factory.support.DefaultListableBeanFactory.resolveDependency(DefaultListableBeanFactory.java:1325)
	at org.springframework.context.annotation.CommonAnnotationBeanPostProcessor.autowireResource(CommonAnnotationBeanPostProcessor.java:490)
	at org.springframework.context.annotation.CommonAnnotationBeanPostProcessor.getResource(CommonAnnotationBeanPostProcessor.java:467)
	at org.springframework.context.annotation.CommonAnnotationBeanPostProcessor$ResourceElement.getResourceToInject(CommonAnnotationBeanPostProcessor.java:618)
	at org.springframework.beans.factory.annotation.InjectionMetadata$InjectedElement.inject(InjectionMetadata.java:242)
	at org.springframework.beans.factory.annotation.InjectionMetadata.inject(InjectionMetadata.java:133)
	at org.springframework.context.annotation.CommonAnnotationBeanPostProcessor.postProcessProperties(CommonAnnotationBeanPostProcessor.java:300)
	... 17 common frames omitted
Caused by: org.springframework.beans.BeanInstantiationException: Failed to instantiate [com.alibaba.otter.canal.client.CanalConnector]: Factory method 'getCanalConnector' threw exception with message: java.net.ConnectException: Connection refused: connect
	at org.springframework.beans.factory.support.SimpleInstantiationStrategy.instantiate(SimpleInstantiationStrategy.java:171)
	at org.springframework.beans.factory.support.ConstructorResolver.instantiate(ConstructorResolver.java:653)
	... 35 common frames omitted
Caused by: com.alibaba.otter.canal.protocol.exception.CanalClientException: java.net.ConnectException: Connection refused: connect
	at com.alibaba.otter.canal.client.impl.SimpleCanalConnector.doConnect(SimpleCanalConnector.java:200)
	at com.alibaba.otter.canal.client.impl.SimpleCanalConnector.connect(SimpleCanalConnector.java:116)
	at com.zry.xiaohongshu.search.biz.canal.CanalClient.getCanalConnector(CanalClient.java:45)
	at java.base/jdk.internal.reflect.NativeMethodAccessorImpl.invoke0(Native Method)
	at java.base/jdk.internal.reflect.NativeMethodAccessorImpl.invoke(NativeMethodAccessorImpl.java:77)
	at java.base/jdk.internal.reflect.DelegatingMethodAccessorImpl.invoke(DelegatingMethodAccessorImpl.java:43)
	at java.base/java.lang.reflect.Method.invoke(Method.java:568)
	at org.springframework.beans.factory.support.SimpleInstantiationStrategy.instantiate(SimpleInstantiationStrategy.java:139)
	... 36 common frames omitted
Caused by: java.net.ConnectException: Connection refused: connect
	at java.base/sun.nio.ch.Net.connect0(Native Method)
	at java.base/sun.nio.ch.Net.connect(Net.java:579)
	at java.base/sun.nio.ch.Net.connect(Net.java:586)
	at java.base/sun.nio.ch.SocketChannelImpl.connect(SocketChannelImpl.java:853)
	at com.alibaba.otter.canal.client.impl.SimpleCanalConnector.doConnect(SimpleCanalConnector.java:152)
	... 43 common frames omitted
2025-10-18 13:31:35.353 [main] WARN  com.alibaba.nacos.client.logging.NacosLogging - Load Logback Configuration of Nacos fail, message: Could not initialize Logback Nacos logging from classpath:nacos-logback.xml
2025-10-18 13:31:35.418 [main] WARN  com.alibaba.nacos.client.logging.NacosLogging - Load Logback Configuration of Nacos fail, message: Could not initialize Logback Nacos logging from classpath:nacos-logback.xml
2025-10-18 13:31:35.937 [main] WARN  com.alibaba.nacos.client.logging.NacosLogging - Load Logback Configuration of Nacos fail, message: Could not initialize Logback Nacos logging from classpath:nacos-logback.xml
2025-10-18 13:31:35.954 [main] WARN  com.alibaba.nacos.client.logging.NacosLogging - Load Logback Configuration of Nacos fail, message: Could not initialize Logback Nacos logging from classpath:nacos-logback.xml
2025-10-18 13:31:35.954 [main] INFO  c.z.x.search.biz.XiaohongshuSearchApplication - The following 1 profile is active: "dev"
2025-10-18 13:31:36.754 [main] INFO  o.springframework.cloud.context.scope.GenericScope - BeanFactory id=08e0f751-fb5a-30ea-99ae-848b62ee9f46
2025-10-18 13:31:37.359 [main] INFO  o.s.boot.web.embedded.tomcat.TomcatWebServer - Tomcat initialized with port(s): 8092 (http)
2025-10-18 13:31:37.360 [main] INFO  org.apache.catalina.core.AprLifecycleListener - Loaded Apache Tomcat Native library [2.0.3] using APR version [1.7.2].
2025-10-18 13:31:37.365 [main] INFO  org.apache.catalina.core.AprLifecycleListener - OpenSSL successfully initialized [OpenSSL 3.0.8 7 Feb 2023]
2025-10-18 13:31:37.375 [main] INFO  org.apache.catalina.core.StandardService - Starting service [Tomcat]
2025-10-18 13:31:37.375 [main] INFO  org.apache.catalina.core.StandardEngine - Starting Servlet engine: [Apache Tomcat/10.1.5]
2025-10-18 13:31:37.496 [main] INFO  o.a.c.core.ContainerBase.[Tomcat].[localhost].[/] - Initializing Spring embedded WebApplicationContext
2025-10-18 13:31:37.497 [main] INFO  o.s.b.w.s.c.ServletWebServerApplicationContext - Root WebApplicationContext: initialization completed in 1523 ms
2025-10-18 13:31:37.613 [main] WARN  o.s.b.w.s.c.AnnotationConfigServletWebServerApplicationContext - Exception encountered during context initialization - cancelling refresh attempt: org.springframework.beans.factory.BeanCreationException: Error creating bean with name 'canalSchedule': Injection of resource dependencies failed
2025-10-18 13:31:37.615 [main] INFO  org.apache.catalina.core.StandardService - Stopping service [Tomcat]
2025-10-18 13:31:37.654 [main] INFO  o.s.b.a.logging.ConditionEvaluationReportLogger - 

Error starting ApplicationContext. To display the condition evaluation report re-run your application with 'debug' enabled.
2025-10-18 13:31:37.675 [main] ERROR org.springframework.boot.SpringApplication - Application run failed
org.springframework.beans.factory.BeanCreationException: Error creating bean with name 'canalSchedule': Injection of resource dependencies failed
	at org.springframework.context.annotation.CommonAnnotationBeanPostProcessor.postProcessProperties(CommonAnnotationBeanPostProcessor.java:303)
	at org.springframework.beans.factory.support.AbstractAutowireCapableBeanFactory.populateBean(AbstractAutowireCapableBeanFactory.java:1397)
	at org.springframework.beans.factory.support.AbstractAutowireCapableBeanFactory.doCreateBean(AbstractAutowireCapableBeanFactory.java:598)
	at org.springframework.beans.factory.support.AbstractAutowireCapableBeanFactory.createBean(AbstractAutowireCapableBeanFactory.java:521)
	at org.springframework.beans.factory.support.AbstractBeanFactory.lambda$doGetBean$0(AbstractBeanFactory.java:326)
	at org.springframework.beans.factory.support.DefaultSingletonBeanRegistry.getSingleton(DefaultSingletonBeanRegistry.java:234)
	at org.springframework.beans.factory.support.AbstractBeanFactory.doGetBean(AbstractBeanFactory.java:324)
	at org.springframework.beans.factory.support.AbstractBeanFactory.getBean(AbstractBeanFactory.java:200)
	at org.springframework.beans.factory.support.DefaultListableBeanFactory.preInstantiateSingletons(DefaultListableBeanFactory.java:961)
	at org.springframework.context.support.AbstractApplicationContext.finishBeanFactoryInitialization(AbstractApplicationContext.java:915)
	at org.springframework.context.support.AbstractApplicationContext.refresh(AbstractApplicationContext.java:584)
	at org.springframework.boot.web.servlet.context.ServletWebServerApplicationContext.refresh(ServletWebServerApplicationContext.java:146)
	at org.springframework.boot.SpringApplication.refresh(SpringApplication.java:730)
	at org.springframework.boot.SpringApplication.refreshContext(SpringApplication.java:432)
	at org.springframework.boot.SpringApplication.run(SpringApplication.java:308)
	at org.springframework.boot.SpringApplication.run(SpringApplication.java:1302)
	at org.springframework.boot.SpringApplication.run(SpringApplication.java:1291)
	at com.zry.xiaohongshu.search.biz.XiaohongshuSearchApplication.main(XiaohongshuSearchApplication.java:13)
Caused by: org.springframework.beans.factory.BeanCreationException: Error creating bean with name 'getCanalConnector' defined in class path resource [com/zry/xiaohongshu/search/biz/canal/CanalClient.class]: Failed to instantiate [com.alibaba.otter.canal.client.CanalConnector]: Factory method 'getCanalConnector' threw exception with message: java.net.ConnectException: Connection refused: connect
	at org.springframework.beans.factory.support.ConstructorResolver.instantiate(ConstructorResolver.java:657)
	at org.springframework.beans.factory.support.ConstructorResolver.instantiateUsingFactoryMethod(ConstructorResolver.java:491)
	at org.springframework.beans.factory.support.AbstractAutowireCapableBeanFactory.instantiateUsingFactoryMethod(AbstractAutowireCapableBeanFactory.java:1324)
	at org.springframework.beans.factory.support.AbstractAutowireCapableBeanFactory.createBeanInstance(AbstractAutowireCapableBeanFactory.java:1161)
	at org.springframework.beans.factory.support.AbstractAutowireCapableBeanFactory.doCreateBean(AbstractAutowireCapableBeanFactory.java:561)
	at org.springframework.beans.factory.support.AbstractAutowireCapableBeanFactory.createBean(AbstractAutowireCapableBeanFactory.java:521)
	at org.springframework.beans.factory.support.AbstractBeanFactory.lambda$doGetBean$0(AbstractBeanFactory.java:326)
	at org.springframework.beans.factory.support.DefaultSingletonBeanRegistry.getSingleton(DefaultSingletonBeanRegistry.java:234)
	at org.springframework.beans.factory.support.AbstractBeanFactory.doGetBean(AbstractBeanFactory.java:324)
	at org.springframework.beans.factory.support.AbstractBeanFactory.getBean(AbstractBeanFactory.java:200)
	at org.springframework.beans.factory.config.DependencyDescriptor.resolveCandidate(DependencyDescriptor.java:254)
	at org.springframework.beans.factory.support.DefaultListableBeanFactory.doResolveDependency(DefaultListableBeanFactory.java:1405)
	at org.springframework.beans.factory.support.DefaultListableBeanFactory.resolveDependency(DefaultListableBeanFactory.java:1325)
	at org.springframework.context.annotation.CommonAnnotationBeanPostProcessor.autowireResource(CommonAnnotationBeanPostProcessor.java:490)
	at org.springframework.context.annotation.CommonAnnotationBeanPostProcessor.getResource(CommonAnnotationBeanPostProcessor.java:467)
	at org.springframework.context.annotation.CommonAnnotationBeanPostProcessor$ResourceElement.getResourceToInject(CommonAnnotationBeanPostProcessor.java:618)
	at org.springframework.beans.factory.annotation.InjectionMetadata$InjectedElement.inject(InjectionMetadata.java:242)
	at org.springframework.beans.factory.annotation.InjectionMetadata.inject(InjectionMetadata.java:133)
	at org.springframework.context.annotation.CommonAnnotationBeanPostProcessor.postProcessProperties(CommonAnnotationBeanPostProcessor.java:300)
	... 17 common frames omitted
Caused by: org.springframework.beans.BeanInstantiationException: Failed to instantiate [com.alibaba.otter.canal.client.CanalConnector]: Factory method 'getCanalConnector' threw exception with message: java.net.ConnectException: Connection refused: connect
	at org.springframework.beans.factory.support.SimpleInstantiationStrategy.instantiate(SimpleInstantiationStrategy.java:171)
	at org.springframework.beans.factory.support.ConstructorResolver.instantiate(ConstructorResolver.java:653)
	... 35 common frames omitted
Caused by: com.alibaba.otter.canal.protocol.exception.CanalClientException: java.net.ConnectException: Connection refused: connect
	at com.alibaba.otter.canal.client.impl.SimpleCanalConnector.doConnect(SimpleCanalConnector.java:200)
	at com.alibaba.otter.canal.client.impl.SimpleCanalConnector.connect(SimpleCanalConnector.java:116)
	at com.zry.xiaohongshu.search.biz.canal.CanalClient.getCanalConnector(CanalClient.java:45)
	at java.base/jdk.internal.reflect.NativeMethodAccessorImpl.invoke0(Native Method)
	at java.base/jdk.internal.reflect.NativeMethodAccessorImpl.invoke(NativeMethodAccessorImpl.java:77)
	at java.base/jdk.internal.reflect.DelegatingMethodAccessorImpl.invoke(DelegatingMethodAccessorImpl.java:43)
	at java.base/java.lang.reflect.Method.invoke(Method.java:568)
	at org.springframework.beans.factory.support.SimpleInstantiationStrategy.instantiate(SimpleInstantiationStrategy.java:139)
	... 36 common frames omitted
Caused by: java.net.ConnectException: Connection refused: connect
	at java.base/sun.nio.ch.Net.connect0(Native Method)
	at java.base/sun.nio.ch.Net.connect(Net.java:579)
	at java.base/sun.nio.ch.Net.connect(Net.java:586)
	at java.base/sun.nio.ch.SocketChannelImpl.connect(SocketChannelImpl.java:853)
	at com.alibaba.otter.canal.client.impl.SimpleCanalConnector.doConnect(SimpleCanalConnector.java:152)
	... 43 common frames omitted
2025-10-18 13:31:50.156 [main] WARN  com.alibaba.nacos.client.logging.NacosLogging - Load Logback Configuration of Nacos fail, message: Could not initialize Logback Nacos logging from classpath:nacos-logback.xml
2025-10-18 13:31:50.235 [main] WARN  com.alibaba.nacos.client.logging.NacosLogging - Load Logback Configuration of Nacos fail, message: Could not initialize Logback Nacos logging from classpath:nacos-logback.xml
2025-10-18 13:31:50.770 [main] WARN  com.alibaba.nacos.client.logging.NacosLogging - Load Logback Configuration of Nacos fail, message: Could not initialize Logback Nacos logging from classpath:nacos-logback.xml
2025-10-18 13:31:50.785 [main] WARN  com.alibaba.nacos.client.logging.NacosLogging - Load Logback Configuration of Nacos fail, message: Could not initialize Logback Nacos logging from classpath:nacos-logback.xml
2025-10-18 13:31:50.786 [main] INFO  c.z.x.search.biz.XiaohongshuSearchApplication - The following 1 profile is active: "dev"
2025-10-18 13:31:51.574 [main] INFO  o.springframework.cloud.context.scope.GenericScope - BeanFactory id=08e0f751-fb5a-30ea-99ae-848b62ee9f46
2025-10-18 13:31:52.162 [main] INFO  o.s.boot.web.embedded.tomcat.TomcatWebServer - Tomcat initialized with port(s): 8092 (http)
2025-10-18 13:31:52.163 [main] INFO  org.apache.catalina.core.AprLifecycleListener - Loaded Apache Tomcat Native library [2.0.3] using APR version [1.7.2].
2025-10-18 13:31:52.169 [main] INFO  org.apache.catalina.core.AprLifecycleListener - OpenSSL successfully initialized [OpenSSL 3.0.8 7 Feb 2023]
2025-10-18 13:31:52.180 [main] INFO  org.apache.catalina.core.StandardService - Starting service [Tomcat]
2025-10-18 13:31:52.181 [main] INFO  org.apache.catalina.core.StandardEngine - Starting Servlet engine: [Apache Tomcat/10.1.5]
2025-10-18 13:31:52.295 [main] INFO  o.a.c.core.ContainerBase.[Tomcat].[localhost].[/] - Initializing Spring embedded WebApplicationContext
2025-10-18 13:31:52.296 [main] INFO  o.s.b.w.s.c.ServletWebServerApplicationContext - Root WebApplicationContext: initialization completed in 1491 ms
2025-10-18 13:31:52.578 [main] INFO  c.a.d.s.b.a.DruidDataSourceAutoConfigure - Init DruidDataSource
2025-10-18 13:31:53.025 [main] INFO  com.alibaba.druid.pool.DruidDataSource - {dataSource-1} inited
2025-10-18 13:31:54.772 [main] WARN  o.s.c.l.c.LoadBalancerCacheAutoConfiguration$LoadBalancerCaffeineWarnLogger - Spring Cloud LoadBalancer is currently working with the default cache. While this cache implementation is useful for development and tests, it's recommended to use Caffeine cache in production.You can switch to using Caffeine cache, by adding it and org.springframework.cache.caffeine.CaffeineCacheManager to the classpath.
2025-10-18 13:31:54.878 [main] INFO  o.s.boot.web.embedded.tomcat.TomcatWebServer - Tomcat started on port(s): 8092 (http) with context path ''
2025-10-18 13:31:54.887 [main] WARN  com.alibaba.nacos.client.logging.NacosLogging - Load Logback Configuration of Nacos fail, message: Could not initialize Logback Nacos logging from classpath:nacos-logback.xml
2025-10-18 13:31:54.887 [main] INFO  com.alibaba.nacos.client.naming - initializer namespace from ans.namespace attribute : null
2025-10-18 13:31:54.888 [main] INFO  com.alibaba.nacos.client.naming - initializer namespace from ALIBABA_ALIWARE_NAMESPACE attribute :null
2025-10-18 13:31:54.888 [main] INFO  com.alibaba.nacos.client.naming - initializer namespace from namespace attribute :null
2025-10-18 13:31:54.912 [main] INFO  com.alibaba.nacos.client.utils.ParamUtil - [settings] [req-serv] nacos-server port:8848
2025-10-18 13:31:54.912 [main] INFO  com.alibaba.nacos.client.utils.ParamUtil - [settings] [http-client] connect timeout:1000
2025-10-18 13:31:54.913 [main] INFO  com.alibaba.nacos.client.utils.ParamUtil - PER_TASK_CONFIG_SIZE: 3000.0
2025-10-18 13:31:54.920 [main] INFO  c.a.n.p.auth.spi.client.ClientAuthPluginManager - [ClientAuthPluginManager] Load ClientAuthService com.alibaba.nacos.client.auth.impl.NacosClientAuthServiceImpl success.
2025-10-18 13:31:54.920 [main] INFO  c.a.n.p.auth.spi.client.ClientAuthPluginManager - [ClientAuthPluginManager] Load ClientAuthService com.alibaba.nacos.client.auth.ram.RamClientAuthServiceImpl success.
2025-10-18 13:31:54.926 [main] INFO  c.a.n.client.auth.ram.identify.CredentialWatcher - null No credential found
2025-10-18 13:31:54.937 [main] INFO  com.alibaba.nacos.common.remote.client - [RpcClientFactory] create a new rpc client of c1f9455a-f175-46e1-aa14-f795f76b8d8f
2025-10-18 13:31:54.959 [main] INFO  com.alibaba.nacos.common.remote.client - [c1f9455a-f175-46e1-aa14-f795f76b8d8f] RpcClient init, ServerListFactory = com.alibaba.nacos.client.naming.core.ServerListManager
2025-10-18 13:31:54.959 [main] INFO  com.alibaba.nacos.common.remote.client - [c1f9455a-f175-46e1-aa14-f795f76b8d8f] Registry connection listener to current client:com.alibaba.nacos.client.naming.remote.gprc.redo.NamingGrpcRedoService
2025-10-18 13:31:54.959 [main] INFO  com.alibaba.nacos.common.remote.client - [c1f9455a-f175-46e1-aa14-f795f76b8d8f] Register server push request handler:com.alibaba.nacos.client.naming.remote.gprc.NamingPushRequestHandler
2025-10-18 13:31:54.961 [main] INFO  com.alibaba.nacos.common.remote.client - [c1f9455a-f175-46e1-aa14-f795f76b8d8f] Try to connect to server on start up, server: {serverIp = '8.134.88.169', server main port = 8848}
2025-10-18 13:31:54.999 [main] INFO  c.a.nacos.common.remote.client.grpc.GrpcClient - grpc client connection server:8.134.88.169 ip,serverPort:9848,grpcTslConfig:{"sslProvider":"OPENSSL","enableTls":false,"mutualAuthEnable":false,"trustAll":false}
2025-10-18 13:31:56.160 [main] INFO  com.alibaba.nacos.common.remote.client - [c1f9455a-f175-46e1-aa14-f795f76b8d8f] Success to connect to server [8.134.88.169:8848] on start up, connectionId = 1760765515975_112.94.129.49_1578
2025-10-18 13:31:56.161 [com.alibaba.nacos.client.remote.worker] INFO  com.alibaba.nacos.common.remote.client - [c1f9455a-f175-46e1-aa14-f795f76b8d8f] Notify connected event to listeners.
2025-10-18 13:31:56.161 [main] INFO  com.alibaba.nacos.common.remote.client - [c1f9455a-f175-46e1-aa14-f795f76b8d8f] Register server push request handler:com.alibaba.nacos.common.remote.client.RpcClient$ConnectResetRequestHandler
2025-10-18 13:31:56.161 [com.alibaba.nacos.client.remote.worker] INFO  com.alibaba.nacos.client.naming - Grpc connection connect
2025-10-18 13:31:56.162 [main] INFO  com.alibaba.nacos.common.remote.client - [c1f9455a-f175-46e1-aa14-f795f76b8d8f] Register server push request handler:com.alibaba.nacos.common.remote.client.RpcClient$$Lambda$1206/0x0000016da78a7700
2025-10-18 13:31:56.163 [main] INFO  com.alibaba.nacos.client.naming - [REGISTER-SERVICE] xiaohongshu registering service xiaohongshu-search with instance Instance{instanceId='null', ip='10.2.66.25', port=8092, weight=1.0, healthy=true, enabled=true, ephemeral=true, clusterName='DEFAULT', serviceName='null', metadata={IPv6=null, preserved.register.source=SPRING_CLOUD}}
2025-10-18 13:31:56.183 [main] INFO  c.a.cloud.nacos.registry.NacosServiceRegistry - nacos registry, DEFAULT_GROUP xiaohongshu-search 10.2.66.25:8092 register finished
2025-10-18 13:31:56.405 [main] INFO  c.z.x.search.biz.XiaohongshuSearchApplication - Started XiaohongshuSearchApplication in 7.051 seconds (process running for 7.912)
2025-10-18 13:32:40.966 [http-nio-8092-exec-2] INFO  o.a.c.core.ContainerBase.[Tomcat].[localhost].[/] - Initializing Spring DispatcherServlet 'dispatcherServlet'
2025-10-18 13:32:40.967 [http-nio-8092-exec-2] INFO  org.springframework.web.servlet.DispatcherServlet - Initializing Servlet 'dispatcherServlet'
2025-10-18 13:32:40.968 [http-nio-8092-exec-2] INFO  org.springframework.web.servlet.DispatcherServlet - Completed initialization in 1 ms
2025-10-18 13:32:41.002 [http-nio-8092-exec-2] INFO  c.z.f.b.operationlog.aspect.ApiOperationLogAspect - ====== 请求开始: [热更新词典], 入参: , 请求类: ExtDictController, 请求方法: extDict =================================== 
2025-10-18 13:32:41.036 [http-nio-8092-exec-2] INFO  c.z.f.b.operationlog.aspect.ApiOperationLogAspect - ====== 请求结束: [热更新词典], 耗时: 25ms, 出参: {"headers":{"ETag":["1243008237"],"Content-Type":["text/plain;charset=UTF-8"],"Last-Modified":["Thu, 11 Sep 2025 06:25:35 GMT"]},"body":"打工人\n打工魂\n社畜\n社死","statusCode":"OK","statusCodeValue":200} =================================== 
2025-10-18 13:32:41.957 [http-nio-8092-exec-6] INFO  c.z.f.b.operationlog.aspect.ApiOperationLogAspect - ====== 请求开始: [热更新词典], 入参: , 请求类: ExtDictController, 请求方法: extDict =================================== 
2025-10-18 13:32:41.958 [http-nio-8092-exec-6] INFO  c.z.f.b.operationlog.aspect.ApiOperationLogAspect - ====== 请求结束: [热更新词典], 耗时: 1ms, 出参: {"headers":{"ETag":["1243008237"],"Content-Type":["text/plain;charset=UTF-8"],"Last-Modified":["Thu, 11 Sep 2025 06:25:35 GMT"]},"body":"打工人\n打工魂\n社畜\n社死","statusCode":"OK","statusCodeValue":200} =================================== 
2025-10-18 13:33:40.873 [http-nio-8092-exec-4] INFO  c.z.f.b.operationlog.aspect.ApiOperationLogAspect - ====== 请求开始: [热更新词典], 入参: , 请求类: ExtDictController, 请求方法: extDict =================================== 
2025-10-18 13:33:40.874 [http-nio-8092-exec-4] INFO  c.z.f.b.operationlog.aspect.ApiOperationLogAspect - ====== 请求结束: [热更新词典], 耗时: 1ms, 出参: {"headers":{"ETag":["1243008237"],"Content-Type":["text/plain;charset=UTF-8"],"Last-Modified":["Thu, 11 Sep 2025 06:25:35 GMT"]},"body":"打工人\n打工魂\n社畜\n社死","statusCode":"OK","statusCodeValue":200} =================================== 
2025-10-18 13:34:40.861 [http-nio-8092-exec-5] INFO  c.z.f.b.operationlog.aspect.ApiOperationLogAspect - ====== 请求开始: [热更新词典], 入参: , 请求类: ExtDictController, 请求方法: extDict =================================== 
2025-10-18 13:34:40.863 [http-nio-8092-exec-5] INFO  c.z.f.b.operationlog.aspect.ApiOperationLogAspect - ====== 请求结束: [热更新词典], 耗时: 2ms, 出参: {"headers":{"ETag":["1243008237"],"Content-Type":["text/plain;charset=UTF-8"],"Last-Modified":["Thu, 11 Sep 2025 06:25:35 GMT"]},"body":"打工人\n打工魂\n社畜\n社死","statusCode":"OK","statusCodeValue":200} =================================== 
2025-10-18 13:35:40.861 [http-nio-8092-exec-1] INFO  c.z.f.b.operationlog.aspect.ApiOperationLogAspect - ====== 请求开始: [热更新词典], 入参: , 请求类: ExtDictController, 请求方法: extDict =================================== 
2025-10-18 13:35:40.863 [http-nio-8092-exec-1] INFO  c.z.f.b.operationlog.aspect.ApiOperationLogAspect - ====== 请求结束: [热更新词典], 耗时: 2ms, 出参: {"headers":{"ETag":["1243008237"],"Content-Type":["text/plain;charset=UTF-8"],"Last-Modified":["Thu, 11 Sep 2025 06:25:35 GMT"]},"body":"打工人\n打工魂\n社畜\n社死","statusCode":"OK","statusCodeValue":200} =================================== 
2025-10-18 13:36:40.851 [http-nio-8092-exec-7] INFO  c.z.f.b.operationlog.aspect.ApiOperationLogAspect - ====== 请求开始: [热更新词典], 入参: , 请求类: ExtDictController, 请求方法: extDict =================================== 
2025-10-18 13:36:40.854 [http-nio-8092-exec-7] INFO  c.z.f.b.operationlog.aspect.ApiOperationLogAspect - ====== 请求结束: [热更新词典], 耗时: 2ms, 出参: {"headers":{"ETag":["1243008237"],"Content-Type":["text/plain;charset=UTF-8"],"Last-Modified":["Thu, 11 Sep 2025 06:25:35 GMT"]},"body":"打工人\n打工魂\n社畜\n社死","statusCode":"OK","statusCodeValue":200} =================================== 
2025-10-18 13:37:40.848 [http-nio-8092-exec-8] INFO  c.z.f.b.operationlog.aspect.ApiOperationLogAspect - ====== 请求开始: [热更新词典], 入参: , 请求类: ExtDictController, 请求方法: extDict =================================== 
2025-10-18 13:37:40.850 [http-nio-8092-exec-8] INFO  c.z.f.b.operationlog.aspect.ApiOperationLogAspect - ====== 请求结束: [热更新词典], 耗时: 1ms, 出参: {"headers":{"ETag":["1243008237"],"Content-Type":["text/plain;charset=UTF-8"],"Last-Modified":["Thu, 11 Sep 2025 06:25:35 GMT"]},"body":"打工人\n打工魂\n社畜\n社死","statusCode":"OK","statusCodeValue":200} =================================== 
2025-10-18 13:38:40.839 [http-nio-8092-exec-9] INFO  c.z.f.b.operationlog.aspect.ApiOperationLogAspect - ====== 请求开始: [热更新词典], 入参: , 请求类: ExtDictController, 请求方法: extDict =================================== 
2025-10-18 13:38:40.840 [http-nio-8092-exec-9] INFO  c.z.f.b.operationlog.aspect.ApiOperationLogAspect - ====== 请求结束: [热更新词典], 耗时: 1ms, 出参: {"headers":{"ETag":["1243008237"],"Content-Type":["text/plain;charset=UTF-8"],"Last-Modified":["Thu, 11 Sep 2025 06:25:35 GMT"]},"body":"打工人\n打工魂\n社畜\n社死","statusCode":"OK","statusCodeValue":200} =================================== 
2025-10-18 13:39:40.833 [http-nio-8092-exec-10] INFO  c.z.f.b.operationlog.aspect.ApiOperationLogAspect - ====== 请求开始: [热更新词典], 入参: , 请求类: ExtDictController, 请求方法: extDict =================================== 
2025-10-18 13:39:40.835 [http-nio-8092-exec-10] INFO  c.z.f.b.operationlog.aspect.ApiOperationLogAspect - ====== 请求结束: [热更新词典], 耗时: 2ms, 出参: {"headers":{"ETag":["1243008237"],"Content-Type":["text/plain;charset=UTF-8"],"Last-Modified":["Thu, 11 Sep 2025 06:25:35 GMT"]},"body":"打工人\n打工魂\n社畜\n社死","statusCode":"OK","statusCodeValue":200} =================================== 
2025-10-18 13:40:40.831 [http-nio-8092-exec-2] INFO  c.z.f.b.operationlog.aspect.ApiOperationLogAspect - ====== 请求开始: [热更新词典], 入参: , 请求类: ExtDictController, 请求方法: extDict =================================== 
2025-10-18 13:40:40.832 [http-nio-8092-exec-2] INFO  c.z.f.b.operationlog.aspect.ApiOperationLogAspect - ====== 请求结束: [热更新词典], 耗时: 1ms, 出参: {"headers":{"ETag":["1243008237"],"Content-Type":["text/plain;charset=UTF-8"],"Last-Modified":["Thu, 11 Sep 2025 06:25:35 GMT"]},"body":"打工人\n打工魂\n社畜\n社死","statusCode":"OK","statusCodeValue":200} =================================== 
2025-10-18 13:41:40.824 [http-nio-8092-exec-6] INFO  c.z.f.b.operationlog.aspect.ApiOperationLogAspect - ====== 请求开始: [热更新词典], 入参: , 请求类: ExtDictController, 请求方法: extDict =================================== 
2025-10-18 13:41:40.826 [http-nio-8092-exec-6] INFO  c.z.f.b.operationlog.aspect.ApiOperationLogAspect - ====== 请求结束: [热更新词典], 耗时: 2ms, 出参: {"headers":{"ETag":["1243008237"],"Content-Type":["text/plain;charset=UTF-8"],"Last-Modified":["Thu, 11 Sep 2025 06:25:35 GMT"]},"body":"打工人\n打工魂\n社畜\n社死","statusCode":"OK","statusCodeValue":200} =================================== 
2025-10-18 13:42:40.820 [http-nio-8092-exec-4] INFO  c.z.f.b.operationlog.aspect.ApiOperationLogAspect - ====== 请求开始: [热更新词典], 入参: , 请求类: ExtDictController, 请求方法: extDict =================================== 
2025-10-18 13:42:40.822 [http-nio-8092-exec-4] INFO  c.z.f.b.operationlog.aspect.ApiOperationLogAspect - ====== 请求结束: [热更新词典], 耗时: 2ms, 出参: {"headers":{"ETag":["1243008237"],"Content-Type":["text/plain;charset=UTF-8"],"Last-Modified":["Thu, 11 Sep 2025 06:25:35 GMT"]},"body":"打工人\n打工魂\n社畜\n社死","statusCode":"OK","statusCodeValue":200} =================================== 
2025-10-18 13:43:40.813 [http-nio-8092-exec-3] INFO  c.z.f.b.operationlog.aspect.ApiOperationLogAspect - ====== 请求开始: [热更新词典], 入参: , 请求类: ExtDictController, 请求方法: extDict =================================== 
2025-10-18 13:43:40.814 [http-nio-8092-exec-3] INFO  c.z.f.b.operationlog.aspect.ApiOperationLogAspect - ====== 请求结束: [热更新词典], 耗时: 1ms, 出参: {"headers":{"ETag":["1243008237"],"Content-Type":["text/plain;charset=UTF-8"],"Last-Modified":["Thu, 11 Sep 2025 06:25:35 GMT"]},"body":"打工人\n打工魂\n社畜\n社死","statusCode":"OK","statusCodeValue":200} =================================== 
2025-10-18 13:44:40.809 [http-nio-8092-exec-5] INFO  c.z.f.b.operationlog.aspect.ApiOperationLogAspect - ====== 请求开始: [热更新词典], 入参: , 请求类: ExtDictController, 请求方法: extDict =================================== 
2025-10-18 13:44:40.811 [http-nio-8092-exec-5] INFO  c.z.f.b.operationlog.aspect.ApiOperationLogAspect - ====== 请求结束: [热更新词典], 耗时: 1ms, 出参: {"headers":{"ETag":["1243008237"],"Content-Type":["text/plain;charset=UTF-8"],"Last-Modified":["Thu, 11 Sep 2025 06:25:35 GMT"]},"body":"打工人\n打工魂\n社畜\n社死","statusCode":"OK","statusCodeValue":200} =================================== 
2025-10-18 13:45:40.805 [http-nio-8092-exec-1] INFO  c.z.f.b.operationlog.aspect.ApiOperationLogAspect - ====== 请求开始: [热更新词典], 入参: , 请求类: ExtDictController, 请求方法: extDict =================================== 
2025-10-18 13:45:40.807 [http-nio-8092-exec-1] INFO  c.z.f.b.operationlog.aspect.ApiOperationLogAspect - ====== 请求结束: [热更新词典], 耗时: 2ms, 出参: {"headers":{"ETag":["1243008237"],"Content-Type":["text/plain;charset=UTF-8"],"Last-Modified":["Thu, 11 Sep 2025 06:25:35 GMT"]},"body":"打工人\n打工魂\n社畜\n社死","statusCode":"OK","statusCodeValue":200} =================================== 
2025-10-18 13:46:40.798 [http-nio-8092-exec-7] INFO  c.z.f.b.operationlog.aspect.ApiOperationLogAspect - ====== 请求开始: [热更新词典], 入参: , 请求类: ExtDictController, 请求方法: extDict =================================== 
2025-10-18 13:46:40.800 [http-nio-8092-exec-7] INFO  c.z.f.b.operationlog.aspect.ApiOperationLogAspect - ====== 请求结束: [热更新词典], 耗时: 1ms, 出参: {"headers":{"ETag":["1243008237"],"Content-Type":["text/plain;charset=UTF-8"],"Last-Modified":["Thu, 11 Sep 2025 06:25:35 GMT"]},"body":"打工人\n打工魂\n社畜\n社死","statusCode":"OK","statusCodeValue":200} =================================== 
2025-10-18 13:47:40.794 [http-nio-8092-exec-8] INFO  c.z.f.b.operationlog.aspect.ApiOperationLogAspect - ====== 请求开始: [热更新词典], 入参: , 请求类: ExtDictController, 请求方法: extDict =================================== 
2025-10-18 13:47:40.796 [http-nio-8092-exec-8] INFO  c.z.f.b.operationlog.aspect.ApiOperationLogAspect - ====== 请求结束: [热更新词典], 耗时: 2ms, 出参: {"headers":{"ETag":["1243008237"],"Content-Type":["text/plain;charset=UTF-8"],"Last-Modified":["Thu, 11 Sep 2025 06:25:35 GMT"]},"body":"打工人\n打工魂\n社畜\n社死","statusCode":"OK","statusCodeValue":200} =================================== 
2025-10-18 13:48:40.788 [http-nio-8092-exec-9] INFO  c.z.f.b.operationlog.aspect.ApiOperationLogAspect - ====== 请求开始: [热更新词典], 入参: , 请求类: ExtDictController, 请求方法: extDict =================================== 
2025-10-18 13:48:40.789 [http-nio-8092-exec-9] INFO  c.z.f.b.operationlog.aspect.ApiOperationLogAspect - ====== 请求结束: [热更新词典], 耗时: 1ms, 出参: {"headers":{"ETag":["1243008237"],"Content-Type":["text/plain;charset=UTF-8"],"Last-Modified":["Thu, 11 Sep 2025 06:25:35 GMT"]},"body":"打工人\n打工魂\n社畜\n社死","statusCode":"OK","statusCodeValue":200} =================================== 
2025-10-18 13:49:40.780 [http-nio-8092-exec-10] INFO  c.z.f.b.operationlog.aspect.ApiOperationLogAspect - ====== 请求开始: [热更新词典], 入参: , 请求类: ExtDictController, 请求方法: extDict =================================== 
2025-10-18 13:49:40.781 [http-nio-8092-exec-10] INFO  c.z.f.b.operationlog.aspect.ApiOperationLogAspect - ====== 请求结束: [热更新词典], 耗时: 1ms, 出参: {"headers":{"ETag":["1243008237"],"Content-Type":["text/plain;charset=UTF-8"],"Last-Modified":["Thu, 11 Sep 2025 06:25:35 GMT"]},"body":"打工人\n打工魂\n社畜\n社死","statusCode":"OK","statusCodeValue":200} =================================== 
2025-10-18 13:50:40.776 [http-nio-8092-exec-2] INFO  c.z.f.b.operationlog.aspect.ApiOperationLogAspect - ====== 请求开始: [热更新词典], 入参: , 请求类: ExtDictController, 请求方法: extDict =================================== 
2025-10-18 13:50:40.777 [http-nio-8092-exec-2] INFO  c.z.f.b.operationlog.aspect.ApiOperationLogAspect - ====== 请求结束: [热更新词典], 耗时: 1ms, 出参: {"headers":{"ETag":["1243008237"],"Content-Type":["text/plain;charset=UTF-8"],"Last-Modified":["Thu, 11 Sep 2025 06:25:35 GMT"]},"body":"打工人\n打工魂\n社畜\n社死","statusCode":"OK","statusCodeValue":200} =================================== 
2025-10-18 13:51:40.772 [http-nio-8092-exec-6] INFO  c.z.f.b.operationlog.aspect.ApiOperationLogAspect - ====== 请求开始: [热更新词典], 入参: , 请求类: ExtDictController, 请求方法: extDict =================================== 
2025-10-18 13:51:40.772 [http-nio-8092-exec-6] INFO  c.z.f.b.operationlog.aspect.ApiOperationLogAspect - ====== 请求结束: [热更新词典], 耗时: 1ms, 出参: {"headers":{"ETag":["1243008237"],"Content-Type":["text/plain;charset=UTF-8"],"Last-Modified":["Thu, 11 Sep 2025 06:25:35 GMT"]},"body":"打工人\n打工魂\n社畜\n社死","statusCode":"OK","statusCodeValue":200} =================================== 
2025-10-18 13:52:40.766 [http-nio-8092-exec-4] INFO  c.z.f.b.operationlog.aspect.ApiOperationLogAspect - ====== 请求开始: [热更新词典], 入参: , 请求类: ExtDictController, 请求方法: extDict =================================== 
2025-10-18 13:52:40.767 [http-nio-8092-exec-4] INFO  c.z.f.b.operationlog.aspect.ApiOperationLogAspect - ====== 请求结束: [热更新词典], 耗时: 1ms, 出参: {"headers":{"ETag":["1243008237"],"Content-Type":["text/plain;charset=UTF-8"],"Last-Modified":["Thu, 11 Sep 2025 06:25:35 GMT"]},"body":"打工人\n打工魂\n社畜\n社死","statusCode":"OK","statusCodeValue":200} =================================== 
2025-10-18 13:53:40.761 [http-nio-8092-exec-3] INFO  c.z.f.b.operationlog.aspect.ApiOperationLogAspect - ====== 请求开始: [热更新词典], 入参: , 请求类: ExtDictController, 请求方法: extDict =================================== 
2025-10-18 13:53:40.762 [http-nio-8092-exec-3] INFO  c.z.f.b.operationlog.aspect.ApiOperationLogAspect - ====== 请求结束: [热更新词典], 耗时: 1ms, 出参: {"headers":{"ETag":["1243008237"],"Content-Type":["text/plain;charset=UTF-8"],"Last-Modified":["Thu, 11 Sep 2025 06:25:35 GMT"]},"body":"打工人\n打工魂\n社畜\n社死","statusCode":"OK","statusCodeValue":200} =================================== 
2025-10-18 13:54:40.759 [http-nio-8092-exec-5] INFO  c.z.f.b.operationlog.aspect.ApiOperationLogAspect - ====== 请求开始: [热更新词典], 入参: , 请求类: ExtDictController, 请求方法: extDict =================================== 
2025-10-18 13:54:40.761 [http-nio-8092-exec-5] INFO  c.z.f.b.operationlog.aspect.ApiOperationLogAspect - ====== 请求结束: [热更新词典], 耗时: 2ms, 出参: {"headers":{"ETag":["1243008237"],"Content-Type":["text/plain;charset=UTF-8"],"Last-Modified":["Thu, 11 Sep 2025 06:25:35 GMT"]},"body":"打工人\n打工魂\n社畜\n社死","statusCode":"OK","statusCodeValue":200} =================================== 
2025-10-18 13:55:40.754 [http-nio-8092-exec-1] INFO  c.z.f.b.operationlog.aspect.ApiOperationLogAspect - ====== 请求开始: [热更新词典], 入参: , 请求类: ExtDictController, 请求方法: extDict =================================== 
2025-10-18 13:55:40.755 [http-nio-8092-exec-1] INFO  c.z.f.b.operationlog.aspect.ApiOperationLogAspect - ====== 请求结束: [热更新词典], 耗时: 2ms, 出参: {"headers":{"ETag":["1243008237"],"Content-Type":["text/plain;charset=UTF-8"],"Last-Modified":["Thu, 11 Sep 2025 06:25:35 GMT"]},"body":"打工人\n打工魂\n社畜\n社死","statusCode":"OK","statusCodeValue":200} =================================== 
2025-10-18 13:56:40.750 [http-nio-8092-exec-7] INFO  c.z.f.b.operationlog.aspect.ApiOperationLogAspect - ====== 请求开始: [热更新词典], 入参: , 请求类: ExtDictController, 请求方法: extDict =================================== 
2025-10-18 13:56:40.752 [http-nio-8092-exec-7] INFO  c.z.f.b.operationlog.aspect.ApiOperationLogAspect - ====== 请求结束: [热更新词典], 耗时: 1ms, 出参: {"headers":{"ETag":["1243008237"],"Content-Type":["text/plain;charset=UTF-8"],"Last-Modified":["Thu, 11 Sep 2025 06:25:35 GMT"]},"body":"打工人\n打工魂\n社畜\n社死","statusCode":"OK","statusCodeValue":200} =================================== 
2025-10-18 13:57:40.746 [http-nio-8092-exec-8] INFO  c.z.f.b.operationlog.aspect.ApiOperationLogAspect - ====== 请求开始: [热更新词典], 入参: , 请求类: ExtDictController, 请求方法: extDict =================================== 
2025-10-18 13:57:40.748 [http-nio-8092-exec-8] INFO  c.z.f.b.operationlog.aspect.ApiOperationLogAspect - ====== 请求结束: [热更新词典], 耗时: 2ms, 出参: {"headers":{"ETag":["1243008237"],"Content-Type":["text/plain;charset=UTF-8"],"Last-Modified":["Thu, 11 Sep 2025 06:25:35 GMT"]},"body":"打工人\n打工魂\n社畜\n社死","statusCode":"OK","statusCodeValue":200} =================================== 
2025-10-18 13:58:40.736 [http-nio-8092-exec-9] INFO  c.z.f.b.operationlog.aspect.ApiOperationLogAspect - ====== 请求开始: [热更新词典], 入参: , 请求类: ExtDictController, 请求方法: extDict =================================== 
2025-10-18 13:58:40.737 [http-nio-8092-exec-9] INFO  c.z.f.b.operationlog.aspect.ApiOperationLogAspect - ====== 请求结束: [热更新词典], 耗时: 1ms, 出参: {"headers":{"ETag":["1243008237"],"Content-Type":["text/plain;charset=UTF-8"],"Last-Modified":["Thu, 11 Sep 2025 06:25:35 GMT"]},"body":"打工人\n打工魂\n社畜\n社死","statusCode":"OK","statusCodeValue":200} =================================== 
2025-10-18 13:59:40.734 [http-nio-8092-exec-10] INFO  c.z.f.b.operationlog.aspect.ApiOperationLogAspect - ====== 请求开始: [热更新词典], 入参: , 请求类: ExtDictController, 请求方法: extDict =================================== 
2025-10-18 13:59:40.736 [http-nio-8092-exec-10] INFO  c.z.f.b.operationlog.aspect.ApiOperationLogAspect - ====== 请求结束: [热更新词典], 耗时: 2ms, 出参: {"headers":{"ETag":["1243008237"],"Content-Type":["text/plain;charset=UTF-8"],"Last-Modified":["Thu, 11 Sep 2025 06:25:35 GMT"]},"body":"打工人\n打工魂\n社畜\n社死","statusCode":"OK","statusCodeValue":200} =================================== 
2025-10-18 14:00:40.729 [http-nio-8092-exec-2] INFO  c.z.f.b.operationlog.aspect.ApiOperationLogAspect - ====== 请求开始: [热更新词典], 入参: , 请求类: ExtDictController, 请求方法: extDict =================================== 
2025-10-18 14:00:40.730 [http-nio-8092-exec-2] INFO  c.z.f.b.operationlog.aspect.ApiOperationLogAspect - ====== 请求结束: [热更新词典], 耗时: 1ms, 出参: {"headers":{"ETag":["1243008237"],"Content-Type":["text/plain;charset=UTF-8"],"Last-Modified":["Thu, 11 Sep 2025 06:25:35 GMT"]},"body":"打工人\n打工魂\n社畜\n社死","statusCode":"OK","statusCodeValue":200} =================================== 
2025-10-18 14:01:40.723 [http-nio-8092-exec-6] INFO  c.z.f.b.operationlog.aspect.ApiOperationLogAspect - ====== 请求开始: [热更新词典], 入参: , 请求类: ExtDictController, 请求方法: extDict =================================== 
2025-10-18 14:01:40.725 [http-nio-8092-exec-6] INFO  c.z.f.b.operationlog.aspect.ApiOperationLogAspect - ====== 请求结束: [热更新词典], 耗时: 2ms, 出参: {"headers":{"ETag":["1243008237"],"Content-Type":["text/plain;charset=UTF-8"],"Last-Modified":["Thu, 11 Sep 2025 06:25:35 GMT"]},"body":"打工人\n打工魂\n社畜\n社死","statusCode":"OK","statusCodeValue":200} =================================== 
2025-10-18 14:01:46.596 [Thread-7] WARN  com.alibaba.nacos.common.notify.NotifyCenter - [NotifyCenter] Start destroying Publisher
2025-10-18 14:01:46.596 [Thread-10] WARN  c.alibaba.nacos.common.http.HttpClientBeanHolder - [HttpClientBeanHolder] Start destroying common HttpClient
2025-10-18 14:01:46.596 [Thread-7] WARN  com.alibaba.nacos.common.notify.NotifyCenter - [NotifyCenter] Destruction of the end
2025-10-18 14:01:46.596 [Thread-10] WARN  c.alibaba.nacos.common.http.HttpClientBeanHolder - [HttpClientBeanHolder] Destruction of the end
2025-10-18 14:01:46.640 [SpringApplicationShutdownHook] INFO  c.a.cloud.nacos.registry.NacosServiceRegistry - De-registering from Nacos Server now...
2025-10-18 14:01:46.640 [SpringApplicationShutdownHook] INFO  com.alibaba.nacos.client.naming - [DEREGISTER-SERVICE] xiaohongshu deregistering service xiaohongshu-search with instance: Instance{instanceId='null', ip='10.2.66.25', port=8092, weight=1.0, healthy=true, enabled=true, ephemeral=true, clusterName='DEFAULT', serviceName='null', metadata={}}
2025-10-18 14:01:46.640 [scheduling-1] ERROR c.zry.xiaohongshu.search.biz.canal.CanalSchedule - 消费 Canal 批次数据异常
com.alibaba.otter.canal.protocol.exception.CanalClientException: java.nio.channels.ClosedByInterruptException
	at com.alibaba.otter.canal.client.impl.SimpleCanalConnector.ack(SimpleCanalConnector.java:361)
	at com.zry.xiaohongshu.search.biz.canal.CanalSchedule.run(CanalSchedule.java:69)
	at jdk.internal.reflect.GeneratedMethodAccessor13.invoke(Unknown Source)
	at java.base/jdk.internal.reflect.DelegatingMethodAccessorImpl.invoke(DelegatingMethodAccessorImpl.java:43)
	at java.base/java.lang.reflect.Method.invoke(Method.java:568)
	at org.springframework.scheduling.support.ScheduledMethodRunnable.run(ScheduledMethodRunnable.java:84)
	at org.springframework.scheduling.support.DelegatingErrorHandlingRunnable.run(DelegatingErrorHandlingRunnable.java:54)
	at java.base/java.util.concurrent.Executors$RunnableAdapter.call(Executors.java:539)
	at java.base/java.util.concurrent.FutureTask.runAndReset(FutureTask.java:305)
	at java.base/java.util.concurrent.ScheduledThreadPoolExecutor$ScheduledFutureTask.run(ScheduledThreadPoolExecutor.java:305)
	at java.base/java.util.concurrent.ThreadPoolExecutor.runWorker(ThreadPoolExecutor.java:1136)
	at java.base/java.util.concurrent.ThreadPoolExecutor$Worker.run(ThreadPoolExecutor.java:635)
	at java.base/java.lang.Thread.run(Thread.java:842)
Caused by: java.nio.channels.ClosedByInterruptException: null
	at java.base/java.nio.channels.spi.AbstractInterruptibleChannel.end(AbstractInterruptibleChannel.java:199)
	at java.base/sun.nio.ch.SocketChannelImpl.endWrite(SocketChannelImpl.java:518)
	at java.base/sun.nio.ch.SocketChannelImpl.blockingWriteFully(SocketChannelImpl.java:1358)
	at java.base/sun.nio.ch.SocketAdaptor$2.write(SocketAdaptor.java:224)
	at java.base/java.nio.channels.Channels$WritableByteChannelImpl.write(Channels.java:463)
	at com.alibaba.otter.canal.client.impl.SimpleCanalConnector.writeWithHeader(SimpleCanalConnector.java:405)
	at com.alibaba.otter.canal.client.impl.SimpleCanalConnector.writeWithHeader(SimpleCanalConnector.java:393)
	at com.alibaba.otter.canal.client.impl.SimpleCanalConnector.ack(SimpleCanalConnector.java:355)
	... 12 common frames omitted
2025-10-18 14:01:46.643 [scheduling-1] ERROR o.s.s.support.TaskUtils$LoggingErrorHandler - Unexpected error occurred in scheduled task
com.alibaba.otter.canal.protocol.exception.CanalClientException: java.nio.channels.ClosedByInterruptException
	at com.alibaba.otter.canal.client.impl.SimpleCanalConnector.rollback(SimpleCanalConnector.java:380)
	at com.zry.xiaohongshu.search.biz.canal.CanalSchedule.run(CanalSchedule.java:73)
	at jdk.internal.reflect.GeneratedMethodAccessor13.invoke(Unknown Source)
	at java.base/jdk.internal.reflect.DelegatingMethodAccessorImpl.invoke(DelegatingMethodAccessorImpl.java:43)
	at java.base/java.lang.reflect.Method.invoke(Method.java:568)
	at org.springframework.scheduling.support.ScheduledMethodRunnable.run(ScheduledMethodRunnable.java:84)
	at org.springframework.scheduling.support.DelegatingErrorHandlingRunnable.run(DelegatingErrorHandlingRunnable.java:54)
	at java.base/java.util.concurrent.Executors$RunnableAdapter.call(Executors.java:539)
	at java.base/java.util.concurrent.FutureTask.runAndReset(FutureTask.java:305)
	at java.base/java.util.concurrent.ScheduledThreadPoolExecutor$ScheduledFutureTask.run(ScheduledThreadPoolExecutor.java:305)
	at java.base/java.util.concurrent.ThreadPoolExecutor.runWorker(ThreadPoolExecutor.java:1136)
	at java.base/java.util.concurrent.ThreadPoolExecutor$Worker.run(ThreadPoolExecutor.java:635)
	at java.base/java.lang.Thread.run(Thread.java:842)
Caused by: java.nio.channels.ClosedByInterruptException: null
	at java.base/java.nio.channels.spi.AbstractInterruptibleChannel.end(AbstractInterruptibleChannel.java:199)
	at java.base/java.nio.channels.Channels$WritableByteChannelImpl.write(Channels.java:465)
	at com.alibaba.otter.canal.client.impl.SimpleCanalConnector.writeWithHeader(SimpleCanalConnector.java:405)
	at com.alibaba.otter.canal.client.impl.SimpleCanalConnector.writeWithHeader(SimpleCanalConnector.java:393)
	at com.alibaba.otter.canal.client.impl.SimpleCanalConnector.rollback(SimpleCanalConnector.java:374)
	... 12 common frames omitted
2025-10-18 14:01:46.648 [SpringApplicationShutdownHook] INFO  c.a.cloud.nacos.registry.NacosServiceRegistry - De-registration finished.
2025-10-18 14:01:46.648 [SpringApplicationShutdownHook] INFO  com.alibaba.nacos.client.naming - com.alibaba.nacos.client.naming.cache.ServiceInfoHolder do shutdown begin
2025-10-18 14:01:46.648 [SpringApplicationShutdownHook] INFO  com.alibaba.nacos.client.naming - com.alibaba.nacos.client.naming.backups.FailoverReactor do shutdown begin
2025-10-18 14:01:46.649 [SpringApplicationShutdownHook] INFO  com.alibaba.nacos.client.naming - com.alibaba.nacos.client.naming.backups.FailoverReactor do shutdown stop
2025-10-18 14:01:46.649 [SpringApplicationShutdownHook] INFO  com.alibaba.nacos.client.naming - com.alibaba.nacos.client.naming.cache.ServiceInfoHolder do shutdown stop
2025-10-18 14:01:46.649 [SpringApplicationShutdownHook] INFO  com.alibaba.nacos.client.naming - com.alibaba.nacos.client.naming.remote.NamingClientProxyDelegate do shutdown begin
2025-10-18 14:01:46.649 [SpringApplicationShutdownHook] INFO  com.alibaba.nacos.client.naming - com.alibaba.nacos.client.naming.core.ServiceInfoUpdateService do shutdown begin
2025-10-18 14:01:46.649 [SpringApplicationShutdownHook] INFO  com.alibaba.nacos.client.naming - com.alibaba.nacos.client.naming.core.ServiceInfoUpdateService do shutdown stop
2025-10-18 14:01:46.649 [SpringApplicationShutdownHook] INFO  com.alibaba.nacos.client.naming - com.alibaba.nacos.client.naming.core.ServerListManager do shutdown begin
2025-10-18 14:01:46.649 [SpringApplicationShutdownHook] WARN  com.alibaba.nacos.client.naming - [NamingHttpClientManager] Start destroying NacosRestTemplate
2025-10-18 14:01:46.649 [SpringApplicationShutdownHook] WARN  com.alibaba.nacos.client.naming - [NamingHttpClientManager] Destruction of the end
2025-10-18 14:01:46.649 [SpringApplicationShutdownHook] INFO  com.alibaba.nacos.client.naming - com.alibaba.nacos.client.naming.core.ServerListManager do shutdown stop
2025-10-18 14:01:46.649 [SpringApplicationShutdownHook] INFO  com.alibaba.nacos.client.naming - com.alibaba.nacos.client.naming.remote.http.NamingHttpClientProxy do shutdown begin
2025-10-18 14:01:46.649 [SpringApplicationShutdownHook] WARN  com.alibaba.nacos.client.naming - [NamingHttpClientManager] Start destroying NacosRestTemplate
2025-10-18 14:01:46.649 [SpringApplicationShutdownHook] WARN  com.alibaba.nacos.client.naming - [NamingHttpClientManager] Destruction of the end
2025-10-18 14:01:46.649 [SpringApplicationShutdownHook] INFO  com.alibaba.nacos.client.naming - com.alibaba.nacos.client.naming.remote.http.NamingHttpClientProxy do shutdown stop
2025-10-18 14:01:46.649 [SpringApplicationShutdownHook] INFO  com.alibaba.nacos.common.remote.client - Shutdown rpc client, set status to shutdown
2025-10-18 14:01:46.649 [SpringApplicationShutdownHook] INFO  com.alibaba.nacos.common.remote.client - Shutdown client event executor java.util.concurrent.ScheduledThreadPoolExecutor@7909384[Running, pool size = 2, active threads = 2, queued tasks = 0, completed tasks = 0]
2025-10-18 14:01:46.649 [SpringApplicationShutdownHook] INFO  com.alibaba.nacos.common.remote.client - Close current connection 1760765515975_112.94.129.49_1578
2025-10-18 14:01:46.655 [nacos-grpc-client-executor-8.134.88.169-373] WARN  c.a.nacos.common.remote.client.grpc.GrpcClient - [1760765515975_112.94.129.49_1578]Ignore error event,isRunning:false,isAbandon=false
2025-10-18 14:01:46.656 [SpringApplicationShutdownHook] INFO  c.a.nacos.common.remote.client.grpc.GrpcClient - Shutdown grpc executor java.util.concurrent.ThreadPoolExecutor@6e6f0c8e[Running, pool size = 5, active threads = 0, queued tasks = 0, completed tasks = 374]
2025-10-18 14:01:46.656 [SpringApplicationShutdownHook] INFO  com.alibaba.nacos.client.naming - Shutdown grpc redo service executor java.util.concurrent.ScheduledThreadPoolExecutor@53f132b2[Running, pool size = 1, active threads = 0, queued tasks = 1, completed tasks = 595]
2025-10-18 14:01:46.656 [SpringApplicationShutdownHook] INFO  c.a.n.client.auth.ram.identify.CredentialWatcher - [null] CredentialWatcher is stopped
2025-10-18 14:01:46.656 [SpringApplicationShutdownHook] INFO  c.a.n.client.auth.ram.identify.CredentialService - [null] CredentialService is freed
2025-10-18 14:01:46.656 [SpringApplicationShutdownHook] INFO  com.alibaba.nacos.client.naming - com.alibaba.nacos.client.naming.remote.NamingClientProxyDelegate do shutdown stop
2025-10-18 14:01:46.659 [SpringApplicationShutdownHook] INFO  com.alibaba.druid.pool.DruidDataSource - {dataSource-1} closing ...
2025-10-18 14:01:46.659 [SpringApplicationShutdownHook] INFO  com.alibaba.druid.pool.DruidDataSource - {dataSource-1} closed
