2025-09-16 09:25:39.698 [main] WARN  com.alibaba.nacos.client.logging.NacosLogging - Load Logback Configuration of Nacos fail, message: Could not initialize Logback Nacos logging from classpath:nacos-logback.xml
2025-09-16 09:25:39.762 [main] WARN  com.alibaba.nacos.client.logging.NacosLogging - Load Logback Configuration of Nacos fail, message: Could not initialize Logback Nacos logging from classpath:nacos-logback.xml
2025-09-16 09:25:40.309 [main] WARN  com.alibaba.nacos.client.logging.NacosLogging - Load Logback Configuration of Nacos fail, message: Could not initialize Logback Nacos logging from classpath:nacos-logback.xml
2025-09-16 09:25:40.324 [main] WARN  com.alibaba.nacos.client.logging.NacosLogging - Load Logback Configuration of Nacos fail, message: Could not initialize Logback Nacos logging from classpath:nacos-logback.xml
2025-09-16 09:25:40.325 [main] INFO  c.z.x.user.biz.XiaohongshuUserBizApplication - The following 1 profile is active: "dev"
2025-09-16 09:25:41.009 [main] INFO  o.s.d.r.config.RepositoryConfigurationDelegate - Multiple Spring Data modules found, entering strict repository configuration mode
2025-09-16 09:25:41.012 [main] INFO  o.s.d.r.config.RepositoryConfigurationDelegate - Bootstrapping Spring Data Redis repositories in DEFAULT mode.
2025-09-16 09:25:41.041 [main] INFO  o.s.d.r.config.RepositoryConfigurationDelegate - Finished Spring Data repository scanning in 14 ms. Found 0 Redis repository interfaces.
2025-09-16 09:25:41.286 [main] INFO  o.springframework.cloud.context.scope.GenericScope - BeanFactory id=45939310-5067-3723-b677-4fbec1638233
2025-09-16 09:25:41.326 [main] INFO  o.s.c.s.PostProcessorRegistrationDelegate$BeanPostProcessorChecker - Bean 'com.zry.xiaohongshu.oss.api.FileFeignApi' of type [org.springframework.cloud.openfeign.FeignClientFactoryBean] is not eligible for getting processed by all BeanPostProcessors (for example: not eligible for auto-proxying)
2025-09-16 09:25:41.329 [main] INFO  o.s.c.s.PostProcessorRegistrationDelegate$BeanPostProcessorChecker - Bean 'com.zry.xiaohongshu.user.api.UserFeignApi' of type [org.springframework.cloud.openfeign.FeignClientFactoryBean] is not eligible for getting processed by all BeanPostProcessors (for example: not eligible for auto-proxying)
2025-09-16 09:25:41.331 [main] INFO  o.s.c.s.PostProcessorRegistrationDelegate$BeanPostProcessorChecker - Bean 'com.zry.xiaohongshu.distributed.id.generator.api.DistributedIdGeneratorFeignApi' of type [org.springframework.cloud.openfeign.FeignClientFactoryBean] is not eligible for getting processed by all BeanPostProcessors (for example: not eligible for auto-proxying)
2025-09-16 09:25:41.955 [main] INFO  o.s.boot.web.embedded.tomcat.TomcatWebServer - Tomcat initialized with port(s): 8082 (http)
2025-09-16 09:25:41.956 [main] INFO  org.apache.catalina.core.AprLifecycleListener - Loaded Apache Tomcat Native library [2.0.3] using APR version [1.7.2].
2025-09-16 09:25:41.961 [main] INFO  org.apache.catalina.core.AprLifecycleListener - OpenSSL successfully initialized [OpenSSL 3.0.8 7 Feb 2023]
2025-09-16 09:25:41.973 [main] INFO  org.apache.catalina.core.StandardService - Starting service [Tomcat]
2025-09-16 09:25:41.974 [main] INFO  org.apache.catalina.core.StandardEngine - Starting Servlet engine: [Apache Tomcat/10.1.5]
2025-09-16 09:25:42.093 [main] INFO  o.a.c.core.ContainerBase.[Tomcat].[localhost].[/] - Initializing Spring embedded WebApplicationContext
2025-09-16 09:25:42.093 [main] INFO  o.s.b.w.s.c.ServletWebServerApplicationContext - Root WebApplicationContext: initialization completed in 1746 ms
2025-09-16 09:25:42.231 [main] INFO  c.a.d.s.b.a.DruidDataSourceAutoConfigure - Init DruidDataSource
2025-09-16 09:25:42.639 [main] INFO  com.alibaba.druid.pool.DruidDataSource - {dataSource-1} inited
2025-09-16 09:25:43.011 [main] INFO  o.s.cloud.openfeign.FeignClientFactoryBean - For 'xiaohongshu-oss' URL not provided. Will try picking an instance via load-balancing.
2025-09-16 09:25:43.374 [main] INFO  o.s.cloud.openfeign.FeignClientFactoryBean - For 'xiaohongshu-distributed-id-generator' URL not provided. Will try picking an instance via load-balancing.
2025-09-16 09:25:44.699 [main] INFO  o.s.boot.web.embedded.tomcat.TomcatWebServer - Tomcat started on port(s): 8082 (http) with context path ''
2025-09-16 09:25:44.706 [main] WARN  com.alibaba.nacos.client.logging.NacosLogging - Load Logback Configuration of Nacos fail, message: Could not initialize Logback Nacos logging from classpath:nacos-logback.xml
2025-09-16 09:25:44.706 [main] INFO  com.alibaba.nacos.client.naming - initializer namespace from ans.namespace attribute : null
2025-09-16 09:25:44.706 [main] INFO  com.alibaba.nacos.client.naming - initializer namespace from ALIBABA_ALIWARE_NAMESPACE attribute :null
2025-09-16 09:25:44.707 [main] INFO  com.alibaba.nacos.client.naming - initializer namespace from namespace attribute :null
2025-09-16 09:25:44.729 [main] INFO  com.alibaba.nacos.client.utils.ParamUtil - [settings] [req-serv] nacos-server port:8848
2025-09-16 09:25:44.730 [main] INFO  com.alibaba.nacos.client.utils.ParamUtil - [settings] [http-client] connect timeout:1000
2025-09-16 09:25:44.731 [main] INFO  com.alibaba.nacos.client.utils.ParamUtil - PER_TASK_CONFIG_SIZE: 3000.0
2025-09-16 09:25:44.735 [main] INFO  c.a.n.p.auth.spi.client.ClientAuthPluginManager - [ClientAuthPluginManager] Load ClientAuthService com.alibaba.nacos.client.auth.impl.NacosClientAuthServiceImpl success.
2025-09-16 09:25:44.735 [main] INFO  c.a.n.p.auth.spi.client.ClientAuthPluginManager - [ClientAuthPluginManager] Load ClientAuthService com.alibaba.nacos.client.auth.ram.RamClientAuthServiceImpl success.
2025-09-16 09:25:44.738 [main] INFO  c.a.n.client.auth.ram.identify.CredentialWatcher - null No credential found
2025-09-16 09:25:44.747 [main] INFO  com.alibaba.nacos.common.remote.client - [RpcClientFactory] create a new rpc client of a86f0938-f615-4463-bc15-2979a0396eef
2025-09-16 09:25:44.765 [main] INFO  com.alibaba.nacos.common.remote.client - [a86f0938-f615-4463-bc15-2979a0396eef] RpcClient init, ServerListFactory = com.alibaba.nacos.client.naming.core.ServerListManager
2025-09-16 09:25:44.765 [main] INFO  com.alibaba.nacos.common.remote.client - [a86f0938-f615-4463-bc15-2979a0396eef] Registry connection listener to current client:com.alibaba.nacos.client.naming.remote.gprc.redo.NamingGrpcRedoService
2025-09-16 09:25:44.766 [main] INFO  com.alibaba.nacos.common.remote.client - [a86f0938-f615-4463-bc15-2979a0396eef] Register server push request handler:com.alibaba.nacos.client.naming.remote.gprc.NamingPushRequestHandler
2025-09-16 09:25:44.769 [main] INFO  com.alibaba.nacos.common.remote.client - [a86f0938-f615-4463-bc15-2979a0396eef] Try to connect to server on start up, server: {serverIp = '47.236.36.111', server main port = 8848}
2025-09-16 09:25:44.801 [main] INFO  c.a.nacos.common.remote.client.grpc.GrpcClient - grpc client connection server:47.236.36.111 ip,serverPort:9848,grpcTslConfig:{"sslProvider":"OPENSSL","enableTls":false,"mutualAuthEnable":false,"trustAll":false}
2025-09-16 09:25:45.920 [main] INFO  com.alibaba.nacos.common.remote.client - [a86f0938-f615-4463-bc15-2979a0396eef] Success to connect to server [47.236.36.111:8848] on start up, connectionId = 1757985945679_120.85.130.202_59538
2025-09-16 09:25:45.921 [com.alibaba.nacos.client.remote.worker] INFO  com.alibaba.nacos.common.remote.client - [a86f0938-f615-4463-bc15-2979a0396eef] Notify connected event to listeners.
2025-09-16 09:25:45.922 [com.alibaba.nacos.client.remote.worker] INFO  com.alibaba.nacos.client.naming - Grpc connection connect
2025-09-16 09:25:45.922 [main] INFO  com.alibaba.nacos.common.remote.client - [a86f0938-f615-4463-bc15-2979a0396eef] Register server push request handler:com.alibaba.nacos.common.remote.client.RpcClient$ConnectResetRequestHandler
2025-09-16 09:25:45.922 [main] INFO  com.alibaba.nacos.common.remote.client - [a86f0938-f615-4463-bc15-2979a0396eef] Register server push request handler:com.alibaba.nacos.common.remote.client.RpcClient$$Lambda$1262/0x000001a0b9904810
2025-09-16 09:25:45.924 [main] INFO  com.alibaba.nacos.client.naming - [REGISTER-SERVICE] xiaohongshu registering service xiaohongshu-user with instance Instance{instanceId='null', ip='10.91.138.46', port=8082, weight=1.0, healthy=true, enabled=true, ephemeral=true, clusterName='DEFAULT', serviceName='null', metadata={IPv6=null, preserved.register.source=SPRING_CLOUD}}
2025-09-16 09:25:45.987 [main] INFO  c.a.cloud.nacos.registry.NacosServiceRegistry - nacos registry, DEFAULT_GROUP xiaohongshu-user 10.91.138.46:8082 register finished
2025-09-16 09:25:46.246 [main] INFO  c.z.x.user.biz.XiaohongshuUserBizApplication - Started XiaohongshuUserBizApplication in 7.422 seconds (process running for 8.309)
2025-09-16 09:25:46.248 [main] INFO  c.z.x.u.biz.runner.PushRolePermissions2RedisRunner - ==> 服务启动，开始同步角色权限数据到 Redis 中...
2025-09-16 09:25:46.935 [main] DEBUG c.z.x.u.b.d.mapper.RoleDOMapper.selectEnabledList - ==>  Preparing: select id,role_key,role_name from t_role where `status` = 0 and `is_deleted` = 0;
2025-09-16 09:25:47.142 [main] DEBUG c.z.x.u.b.d.mapper.RoleDOMapper.selectEnabledList - ==> Parameters: 
2025-09-16 09:25:47.199 [main] DEBUG c.z.x.u.b.d.mapper.RoleDOMapper.selectEnabledList - <==      Total: 1
2025-09-16 09:25:47.224 [main] DEBUG c.z.x.u.b.d.m.R.selectByRoleIds - ==>  Preparing: select role_id,permission_id from t_role_permission_rel where role_id in ( ? )
2025-09-16 09:25:47.226 [main] DEBUG c.z.x.u.b.d.m.R.selectByRoleIds - ==> Parameters: 1(Long)
2025-09-16 09:25:47.233 [main] DEBUG c.z.x.u.b.d.m.R.selectByRoleIds - <==      Total: 2
2025-09-16 09:25:47.234 [main] DEBUG c.z.x.u.b.d.m.P.selectAppEnabledList - ==>  Preparing: select id, name, permission_key from t_permission where status = 0 and type = 3 and is_deleted = 0
2025-09-16 09:25:47.235 [main] DEBUG c.z.x.u.b.d.m.P.selectAppEnabledList - ==> Parameters: 
2025-09-16 09:25:47.238 [main] DEBUG c.z.x.u.b.d.m.P.selectAppEnabledList - <==      Total: 2
2025-09-16 09:25:47.304 [main] INFO  c.z.x.u.biz.runner.PushRolePermissions2RedisRunner - ==> 服务启动，成功同步角色权限数据到 Redis 中...
2025-09-16 09:31:10.464 [http-nio-8082-exec-1] INFO  o.a.c.core.ContainerBase.[Tomcat].[localhost].[/] - Initializing Spring DispatcherServlet 'dispatcherServlet'
2025-09-16 09:31:10.464 [http-nio-8082-exec-1] INFO  org.springframework.web.servlet.DispatcherServlet - Initializing Servlet 'dispatcherServlet'
2025-09-16 09:31:10.465 [http-nio-8082-exec-1] INFO  org.springframework.web.servlet.DispatcherServlet - Completed initialization in 1 ms
2025-09-16 09:31:10.474 [http-nio-8082-exec-1] INFO  c.z.f.b.context.filter.HeaderUserId2ContextFilter - ## HeaderUserId2ContextFilter, 用户 ID: null
2025-09-16 09:31:10.594 [http-nio-8082-exec-1] INFO  c.z.f.b.operationlog.aspect.ApiOperationLogAspect - ====== 请求开始: [批量查询用户信息], 入参: {"ids":[100]}, 请求类: UserController, 请求方法: findByIds =================================== 
2025-09-16 09:31:10.650 [http-nio-8082-exec-1] DEBUG c.z.x.u.biz.domain.mapper.UserDOMapper.selectByIds - ==>  Preparing: select id,nickname,avatar,introduction from t_user where status = 0 and is_deleted = 0 and id in ( ? )
2025-09-16 09:31:10.651 [http-nio-8082-exec-1] DEBUG c.z.x.u.biz.domain.mapper.UserDOMapper.selectByIds - ==> Parameters: 100(Long)
2025-09-16 09:31:10.655 [http-nio-8082-exec-1] DEBUG c.z.x.u.biz.domain.mapper.UserDOMapper.selectByIds - <==      Total: 1
2025-09-16 09:31:10.661 [http-nio-8082-exec-1] INFO  c.z.f.b.operationlog.aspect.ApiOperationLogAspect - ====== 请求结束: [批量查询用户信息], 耗时: 67ms, 出参: {"success":true,"message":null,"errorCode":null,"data":[{"id":100,"nickName":"小红薯10","avatar":null,"introduction":null}]} =================================== 
2025-09-16 09:32:31.860 [http-nio-8082-exec-3] INFO  c.z.f.b.context.filter.HeaderUserId2ContextFilter - ## HeaderUserId2ContextFilter, 用户 ID: null
2025-09-16 09:32:31.862 [http-nio-8082-exec-3] INFO  c.z.f.b.operationlog.aspect.ApiOperationLogAspect - ====== 请求开始: [批量查询用户信息], 入参: {"ids":[100]}, 请求类: UserController, 请求方法: findByIds =================================== 
2025-09-16 09:32:31.928 [http-nio-8082-exec-3] INFO  c.z.f.b.operationlog.aspect.ApiOperationLogAspect - ====== 请求结束: [批量查询用户信息], 耗时: 66ms, 出参: {"success":true,"message":null,"errorCode":null,"data":[{"id":100,"nickName":"小红薯10","avatar":null,"introduction":null}]} =================================== 
2025-09-16 09:33:03.362 [http-nio-8082-exec-4] INFO  c.z.f.b.context.filter.HeaderUserId2ContextFilter - ## HeaderUserId2ContextFilter, 用户 ID: null
2025-09-16 09:33:03.364 [http-nio-8082-exec-4] INFO  c.z.f.b.operationlog.aspect.ApiOperationLogAspect - ====== 请求开始: [批量查询用户信息], 入参: {"ids":[100]}, 请求类: UserController, 请求方法: findByIds =================================== 
2025-09-16 09:33:03.412 [http-nio-8082-exec-4] INFO  c.z.f.b.operationlog.aspect.ApiOperationLogAspect - ====== 请求结束: [批量查询用户信息], 耗时: 48ms, 出参: {"success":true,"message":null,"errorCode":null,"data":[{"id":100,"nickName":"小红薯10","avatar":null,"introduction":null}]} =================================== 
2025-09-16 09:34:06.926 [http-nio-8082-exec-6] INFO  c.z.f.b.context.filter.HeaderUserId2ContextFilter - ## HeaderUserId2ContextFilter, 用户 ID: null
2025-09-16 09:34:06.927 [http-nio-8082-exec-6] INFO  c.z.f.b.operationlog.aspect.ApiOperationLogAspect - ====== 请求开始: [批量查询用户信息], 入参: {"ids":[100]}, 请求类: UserController, 请求方法: findByIds =================================== 
2025-09-16 09:34:06.982 [http-nio-8082-exec-6] INFO  c.z.f.b.operationlog.aspect.ApiOperationLogAspect - ====== 请求结束: [批量查询用户信息], 耗时: 53ms, 出参: {"success":true,"message":null,"errorCode":null,"data":[{"id":100,"nickName":"小红薯10","avatar":null,"introduction":null}]} =================================== 
2025-09-16 09:35:56.545 [http-nio-8082-exec-10] INFO  c.z.f.b.context.filter.HeaderUserId2ContextFilter - ## HeaderUserId2ContextFilter, 用户 ID: null
2025-09-16 09:35:56.547 [http-nio-8082-exec-10] INFO  c.z.f.b.operationlog.aspect.ApiOperationLogAspect - ====== 请求开始: [批量查询用户信息], 入参: {"ids":[100]}, 请求类: UserController, 请求方法: findByIds =================================== 
2025-09-16 09:35:56.601 [http-nio-8082-exec-10] INFO  c.z.f.b.operationlog.aspect.ApiOperationLogAspect - ====== 请求结束: [批量查询用户信息], 耗时: 53ms, 出参: {"success":true,"message":null,"errorCode":null,"data":[{"id":100,"nickName":"小红薯10","avatar":null,"introduction":null}]} =================================== 
2025-09-16 09:36:34.442 [http-nio-8082-exec-9] INFO  c.z.f.b.context.filter.HeaderUserId2ContextFilter - ## HeaderUserId2ContextFilter, 用户 ID: null
2025-09-16 09:36:34.443 [http-nio-8082-exec-9] INFO  c.z.f.b.operationlog.aspect.ApiOperationLogAspect - ====== 请求开始: [批量查询用户信息], 入参: {"ids":[100]}, 请求类: UserController, 请求方法: findByIds =================================== 
2025-09-16 09:36:34.494 [http-nio-8082-exec-9] INFO  c.z.f.b.operationlog.aspect.ApiOperationLogAspect - ====== 请求结束: [批量查询用户信息], 耗时: 51ms, 出参: {"success":true,"message":null,"errorCode":null,"data":[{"id":100,"nickName":"小红薯10","avatar":null,"introduction":null}]} =================================== 
2025-09-16 09:37:43.318 [http-nio-8082-exec-1] INFO  c.z.f.b.context.filter.HeaderUserId2ContextFilter - ## HeaderUserId2ContextFilter, 用户 ID: null
2025-09-16 09:37:43.320 [http-nio-8082-exec-1] INFO  c.z.f.b.operationlog.aspect.ApiOperationLogAspect - ====== 请求开始: [批量查询用户信息], 入参: {"ids":[100]}, 请求类: UserController, 请求方法: findByIds =================================== 
2025-09-16 09:37:43.369 [http-nio-8082-exec-1] INFO  c.z.f.b.operationlog.aspect.ApiOperationLogAspect - ====== 请求结束: [批量查询用户信息], 耗时: 49ms, 出参: {"success":true,"message":null,"errorCode":null,"data":[{"id":100,"nickName":"小红薯10","avatar":null,"introduction":null}]} =================================== 
2025-09-16 09:39:48.263 [http-nio-8082-exec-3] INFO  c.z.f.b.context.filter.HeaderUserId2ContextFilter - ## HeaderUserId2ContextFilter, 用户 ID: null
2025-09-16 09:39:48.265 [http-nio-8082-exec-3] INFO  c.z.f.b.operationlog.aspect.ApiOperationLogAspect - ====== 请求开始: [批量查询用户信息], 入参: {"ids":[100]}, 请求类: UserController, 请求方法: findByIds =================================== 
2025-09-16 09:39:48.321 [http-nio-8082-exec-3] INFO  c.z.f.b.operationlog.aspect.ApiOperationLogAspect - ====== 请求结束: [批量查询用户信息], 耗时: 54ms, 出参: {"success":true,"message":null,"errorCode":null,"data":[{"id":100,"nickName":"小红薯10","avatar":null,"introduction":null}]} =================================== 
2025-09-16 09:39:52.203 [http-nio-8082-exec-4] INFO  c.z.f.b.context.filter.HeaderUserId2ContextFilter - ## HeaderUserId2ContextFilter, 用户 ID: null
2025-09-16 09:39:52.204 [http-nio-8082-exec-4] INFO  c.z.f.b.operationlog.aspect.ApiOperationLogAspect - ====== 请求开始: [批量查询用户信息], 入参: {"ids":[100]}, 请求类: UserController, 请求方法: findByIds =================================== 
2025-09-16 09:39:52.315 [http-nio-8082-exec-4] INFO  c.z.f.b.operationlog.aspect.ApiOperationLogAspect - ====== 请求结束: [批量查询用户信息], 耗时: 111ms, 出参: {"success":true,"message":null,"errorCode":null,"data":[{"id":100,"nickName":"小红薯10","avatar":null,"introduction":null}]} =================================== 
2025-09-16 09:40:02.052 [http-nio-8082-exec-5] INFO  c.z.f.b.context.filter.HeaderUserId2ContextFilter - ## HeaderUserId2ContextFilter, 用户 ID: null
2025-09-16 09:40:02.053 [http-nio-8082-exec-5] INFO  c.z.f.b.operationlog.aspect.ApiOperationLogAspect - ====== 请求开始: [批量查询用户信息], 入参: {"ids":[100]}, 请求类: UserController, 请求方法: findByIds =================================== 
2025-09-16 09:40:02.157 [http-nio-8082-exec-5] INFO  c.z.f.b.operationlog.aspect.ApiOperationLogAspect - ====== 请求结束: [批量查询用户信息], 耗时: 104ms, 出参: {"success":true,"message":null,"errorCode":null,"data":[{"id":100,"nickName":"小红薯10","avatar":null,"introduction":null}]} =================================== 
2025-09-16 09:40:21.130 [http-nio-8082-exec-6] INFO  c.z.f.b.context.filter.HeaderUserId2ContextFilter - ## HeaderUserId2ContextFilter, 用户 ID: null
2025-09-16 09:40:21.132 [http-nio-8082-exec-6] INFO  c.z.f.b.operationlog.aspect.ApiOperationLogAspect - ====== 请求开始: [批量查询用户信息], 入参: {"ids":[100]}, 请求类: UserController, 请求方法: findByIds =================================== 
2025-09-16 09:40:21.183 [http-nio-8082-exec-6] INFO  c.z.f.b.operationlog.aspect.ApiOperationLogAspect - ====== 请求结束: [批量查询用户信息], 耗时: 51ms, 出参: {"success":true,"message":null,"errorCode":null,"data":[{"id":100,"nickName":"小红薯10","avatar":null,"introduction":null}]} =================================== 
2025-09-16 09:41:19.925 [http-nio-8082-exec-7] INFO  c.z.f.b.context.filter.HeaderUserId2ContextFilter - ## HeaderUserId2ContextFilter, 用户 ID: null
2025-09-16 09:41:19.927 [http-nio-8082-exec-7] INFO  c.z.f.b.operationlog.aspect.ApiOperationLogAspect - ====== 请求开始: [批量查询用户信息], 入参: {"ids":[2,100]}, 请求类: UserController, 请求方法: findByIds =================================== 
2025-09-16 09:41:19.980 [http-nio-8082-exec-7] DEBUG c.z.x.u.biz.domain.mapper.UserDOMapper.selectByIds - ==>  Preparing: select id,nickname,avatar,introduction from t_user where status = 0 and is_deleted = 0 and id in ( ? )
2025-09-16 09:41:19.982 [http-nio-8082-exec-7] DEBUG c.z.x.u.biz.domain.mapper.UserDOMapper.selectByIds - ==> Parameters: 2(Long)
2025-09-16 09:41:19.984 [http-nio-8082-exec-7] DEBUG c.z.x.u.biz.domain.mapper.UserDOMapper.selectByIds - <==      Total: 1
2025-09-16 09:41:19.985 [http-nio-8082-exec-7] INFO  c.z.f.b.operationlog.aspect.ApiOperationLogAspect - ====== 请求结束: [批量查询用户信息], 耗时: 57ms, 出参: {"success":true,"message":null,"errorCode":null,"data":[{"id":100,"nickName":"小红薯10","avatar":null,"introduction":null},{"id":2,"nickName":"姜磊","avatar":"http://47.236.36.111:9000/xiaohongshu/ba2db4edf4b64aa2b076861490d2460d.jpg","introduction":"1212"}]} =================================== 
2025-09-16 09:41:41.672 [lettuce-eventExecutorLoop-1-1] INFO  io.lettuce.core.protocol.ConnectionWatchdog - Reconnecting, last destination was /47.236.36.111:6379
2025-09-16 09:41:41.778 [lettuce-nioEventLoop-4-3] INFO  io.lettuce.core.protocol.ReconnectionHandler - Reconnected to 47.236.36.111/<unresolved>:6379
2025-09-16 09:54:31.962 [Thread-7] WARN  com.alibaba.nacos.common.notify.NotifyCenter - [NotifyCenter] Start destroying Publisher
2025-09-16 09:54:31.962 [Thread-10] WARN  c.alibaba.nacos.common.http.HttpClientBeanHolder - [HttpClientBeanHolder] Start destroying common HttpClient
2025-09-16 09:54:31.962 [Thread-7] WARN  com.alibaba.nacos.common.notify.NotifyCenter - [NotifyCenter] Destruction of the end
2025-09-16 09:54:31.963 [Thread-10] WARN  c.alibaba.nacos.common.http.HttpClientBeanHolder - [HttpClientBeanHolder] Destruction of the end
2025-09-16 09:54:32.005 [SpringApplicationShutdownHook] INFO  c.a.cloud.nacos.registry.NacosServiceRegistry - De-registering from Nacos Server now...
2025-09-16 09:54:32.005 [SpringApplicationShutdownHook] INFO  com.alibaba.nacos.client.naming - [DEREGISTER-SERVICE] xiaohongshu deregistering service xiaohongshu-user with instance: Instance{instanceId='null', ip='10.91.138.46', port=8082, weight=1.0, healthy=true, enabled=true, ephemeral=true, clusterName='DEFAULT', serviceName='null', metadata={}}
2025-09-16 09:54:32.050 [SpringApplicationShutdownHook] INFO  c.a.cloud.nacos.registry.NacosServiceRegistry - De-registration finished.
2025-09-16 09:54:32.050 [SpringApplicationShutdownHook] INFO  com.alibaba.nacos.client.naming - com.alibaba.nacos.client.naming.cache.ServiceInfoHolder do shutdown begin
2025-09-16 09:54:32.050 [SpringApplicationShutdownHook] INFO  com.alibaba.nacos.client.naming - com.alibaba.nacos.client.naming.backups.FailoverReactor do shutdown begin
2025-09-16 09:54:32.050 [SpringApplicationShutdownHook] INFO  com.alibaba.nacos.client.naming - com.alibaba.nacos.client.naming.backups.FailoverReactor do shutdown stop
2025-09-16 09:54:32.050 [SpringApplicationShutdownHook] INFO  com.alibaba.nacos.client.naming - com.alibaba.nacos.client.naming.cache.ServiceInfoHolder do shutdown stop
2025-09-16 09:54:32.050 [SpringApplicationShutdownHook] INFO  com.alibaba.nacos.client.naming - com.alibaba.nacos.client.naming.remote.NamingClientProxyDelegate do shutdown begin
2025-09-16 09:54:32.050 [SpringApplicationShutdownHook] INFO  com.alibaba.nacos.client.naming - com.alibaba.nacos.client.naming.core.ServiceInfoUpdateService do shutdown begin
2025-09-16 09:54:32.050 [SpringApplicationShutdownHook] INFO  com.alibaba.nacos.client.naming - com.alibaba.nacos.client.naming.core.ServiceInfoUpdateService do shutdown stop
2025-09-16 09:54:32.050 [SpringApplicationShutdownHook] INFO  com.alibaba.nacos.client.naming - com.alibaba.nacos.client.naming.core.ServerListManager do shutdown begin
2025-09-16 09:54:32.050 [SpringApplicationShutdownHook] WARN  com.alibaba.nacos.client.naming - [NamingHttpClientManager] Start destroying NacosRestTemplate
2025-09-16 09:54:32.050 [SpringApplicationShutdownHook] WARN  com.alibaba.nacos.client.naming - [NamingHttpClientManager] Destruction of the end
2025-09-16 09:54:32.050 [SpringApplicationShutdownHook] INFO  com.alibaba.nacos.client.naming - com.alibaba.nacos.client.naming.core.ServerListManager do shutdown stop
2025-09-16 09:54:32.052 [SpringApplicationShutdownHook] INFO  com.alibaba.nacos.client.naming - com.alibaba.nacos.client.naming.remote.http.NamingHttpClientProxy do shutdown begin
2025-09-16 09:54:32.052 [SpringApplicationShutdownHook] WARN  com.alibaba.nacos.client.naming - [NamingHttpClientManager] Start destroying NacosRestTemplate
2025-09-16 09:54:32.052 [SpringApplicationShutdownHook] WARN  com.alibaba.nacos.client.naming - [NamingHttpClientManager] Destruction of the end
2025-09-16 09:54:32.052 [SpringApplicationShutdownHook] INFO  com.alibaba.nacos.client.naming - com.alibaba.nacos.client.naming.remote.http.NamingHttpClientProxy do shutdown stop
2025-09-16 09:54:32.052 [SpringApplicationShutdownHook] INFO  com.alibaba.nacos.common.remote.client - Shutdown rpc client, set status to shutdown
2025-09-16 09:54:32.052 [SpringApplicationShutdownHook] INFO  com.alibaba.nacos.common.remote.client - Shutdown client event executor java.util.concurrent.ScheduledThreadPoolExecutor@5524800[Running, pool size = 2, active threads = 2, queued tasks = 0, completed tasks = 0]
2025-09-16 09:54:32.052 [SpringApplicationShutdownHook] INFO  com.alibaba.nacos.common.remote.client - Close current connection 1757985945679_120.85.130.202_59538
2025-09-16 09:54:32.058 [nacos-grpc-client-executor-47.236.36.111-361] WARN  c.a.nacos.common.remote.client.grpc.GrpcClient - [1757985945679_120.85.130.202_59538]Ignore error event,isRunning:false,isAbandon=false
2025-09-16 09:54:32.060 [SpringApplicationShutdownHook] INFO  c.a.nacos.common.remote.client.grpc.GrpcClient - Shutdown grpc executor java.util.concurrent.ThreadPoolExecutor@181928bb[Running, pool size = 4, active threads = 0, queued tasks = 0, completed tasks = 362]
2025-09-16 09:54:32.060 [SpringApplicationShutdownHook] INFO  com.alibaba.nacos.client.naming - Shutdown grpc redo service executor java.util.concurrent.ScheduledThreadPoolExecutor@2897d95d[Running, pool size = 1, active threads = 0, queued tasks = 1, completed tasks = 574]
2025-09-16 09:54:32.061 [SpringApplicationShutdownHook] INFO  c.a.n.client.auth.ram.identify.CredentialWatcher - [null] CredentialWatcher is stopped
2025-09-16 09:54:32.061 [SpringApplicationShutdownHook] INFO  c.a.n.client.auth.ram.identify.CredentialService - [null] CredentialService is freed
2025-09-16 09:54:32.061 [SpringApplicationShutdownHook] INFO  com.alibaba.nacos.client.naming - com.alibaba.nacos.client.naming.remote.NamingClientProxyDelegate do shutdown stop
2025-09-16 09:54:32.185 [SpringApplicationShutdownHook] INFO  com.alibaba.druid.pool.DruidDataSource - {dataSource-1} closing ...
2025-09-16 09:54:32.188 [SpringApplicationShutdownHook] INFO  com.alibaba.druid.pool.DruidDataSource - {dataSource-1} closed
