2025-08-23 10:43:48.470 [main] WARN  com.alibaba.nacos.client.logging.NacosLogging - Load Logback Configuration of Nacos fail, message: Could not initialize Logback Nacos logging from classpath:nacos-logback.xml
2025-08-23 10:43:48.523 [main] WARN  com.alibaba.nacos.client.logging.NacosLogging - Load Logback Configuration of Nacos fail, message: Could not initialize Logback Nacos logging from classpath:nacos-logback.xml
2025-08-23 10:43:48.991 [main] WARN  com.alibaba.nacos.client.logging.NacosLogging - Load Logback Configuration of Nacos fail, message: Could not initialize Logback Nacos logging from classpath:nacos-logback.xml
2025-08-23 10:43:49.004 [main] WARN  com.alibaba.nacos.client.logging.NacosLogging - Load Logback Configuration of Nacos fail, message: Could not initialize Logback Nacos logging from classpath:nacos-logback.xml
2025-08-23 10:43:49.006 [main] INFO  c.z.x.user.biz.XiaohongshuUserBizApplication - The following 1 profile is active: "dev"
2025-08-23 10:43:49.649 [main] INFO  o.s.d.r.config.RepositoryConfigurationDelegate - Multiple Spring Data modules found, entering strict repository configuration mode
2025-08-23 10:43:49.652 [main] INFO  o.s.d.r.config.RepositoryConfigurationDelegate - Bootstrapping Spring Data Redis repositories in DEFAULT mode.
2025-08-23 10:43:49.681 [main] INFO  o.s.d.r.config.RepositoryConfigurationDelegate - Finished Spring Data repository scanning in 13 ms. Found 0 Redis repository interfaces.
2025-08-23 10:43:49.905 [main] INFO  o.springframework.cloud.context.scope.GenericScope - BeanFactory id=e8525750-ff42-306d-8fa2-8b86e3104383
2025-08-23 10:43:49.941 [main] INFO  o.s.c.s.PostProcessorRegistrationDelegate$BeanPostProcessorChecker - Bean 'com.zry.xiaohongshu.oss.api.FileFeignApi' of type [org.springframework.cloud.openfeign.FeignClientFactoryBean] is not eligible for getting processed by all BeanPostProcessors (for example: not eligible for auto-proxying)
2025-08-23 10:43:49.943 [main] INFO  o.s.c.s.PostProcessorRegistrationDelegate$BeanPostProcessorChecker - Bean 'com.zry.xiaohongshu.user.api.UserFeignApi' of type [org.springframework.cloud.openfeign.FeignClientFactoryBean] is not eligible for getting processed by all BeanPostProcessors (for example: not eligible for auto-proxying)
2025-08-23 10:43:50.468 [main] INFO  o.s.boot.web.embedded.tomcat.TomcatWebServer - Tomcat initialized with port(s): 8082 (http)
2025-08-23 10:43:50.469 [main] INFO  org.apache.catalina.core.AprLifecycleListener - Loaded Apache Tomcat Native library [2.0.3] using APR version [1.7.2].
2025-08-23 10:43:50.474 [main] INFO  org.apache.catalina.core.AprLifecycleListener - OpenSSL successfully initialized [OpenSSL 3.0.8 7 Feb 2023]
2025-08-23 10:43:50.484 [main] INFO  org.apache.catalina.core.StandardService - Starting service [Tomcat]
2025-08-23 10:43:50.484 [main] INFO  org.apache.catalina.core.StandardEngine - Starting Servlet engine: [Apache Tomcat/10.1.5]
2025-08-23 10:43:50.590 [main] INFO  o.a.c.core.ContainerBase.[Tomcat].[localhost].[/] - Initializing Spring embedded WebApplicationContext
2025-08-23 10:43:50.591 [main] INFO  o.s.b.w.s.c.ServletWebServerApplicationContext - Root WebApplicationContext: initialization completed in 1567 ms
2025-08-23 10:43:50.697 [main] INFO  c.a.d.s.b.a.DruidDataSourceAutoConfigure - Init DruidDataSource
2025-08-23 10:43:51.151 [main] INFO  com.alibaba.druid.pool.DruidDataSource - {dataSource-1} inited
2025-08-23 10:43:51.554 [main] INFO  o.s.cloud.openfeign.FeignClientFactoryBean - For 'xiaohongshu-oss' URL not provided. Will try picking an instance via load-balancing.
2025-08-23 10:43:52.892 [main] WARN  o.s.c.l.c.LoadBalancerCacheAutoConfiguration$LoadBalancerCaffeineWarnLogger - Spring Cloud LoadBalancer is currently working with the default cache. While this cache implementation is useful for development and tests, it's recommended to use Caffeine cache in production.You can switch to using Caffeine cache, by adding it and org.springframework.cache.caffeine.CaffeineCacheManager to the classpath.
2025-08-23 10:43:52.997 [main] INFO  o.s.boot.web.embedded.tomcat.TomcatWebServer - Tomcat started on port(s): 8082 (http) with context path ''
2025-08-23 10:43:53.003 [main] WARN  com.alibaba.nacos.client.logging.NacosLogging - Load Logback Configuration of Nacos fail, message: Could not initialize Logback Nacos logging from classpath:nacos-logback.xml
2025-08-23 10:43:53.003 [main] INFO  com.alibaba.nacos.client.naming - initializer namespace from ans.namespace attribute : null
2025-08-23 10:43:53.004 [main] INFO  com.alibaba.nacos.client.naming - initializer namespace from ALIBABA_ALIWARE_NAMESPACE attribute :null
2025-08-23 10:43:53.004 [main] INFO  com.alibaba.nacos.client.naming - initializer namespace from namespace attribute :null
2025-08-23 10:43:53.027 [main] INFO  com.alibaba.nacos.client.utils.ParamUtil - [settings] [req-serv] nacos-server port:8848
2025-08-23 10:43:53.027 [main] INFO  com.alibaba.nacos.client.utils.ParamUtil - [settings] [http-client] connect timeout:1000
2025-08-23 10:43:53.028 [main] INFO  com.alibaba.nacos.client.utils.ParamUtil - PER_TASK_CONFIG_SIZE: 3000.0
2025-08-23 10:43:53.032 [main] INFO  c.a.n.p.auth.spi.client.ClientAuthPluginManager - [ClientAuthPluginManager] Load ClientAuthService com.alibaba.nacos.client.auth.impl.NacosClientAuthServiceImpl success.
2025-08-23 10:43:53.032 [main] INFO  c.a.n.p.auth.spi.client.ClientAuthPluginManager - [ClientAuthPluginManager] Load ClientAuthService com.alibaba.nacos.client.auth.ram.RamClientAuthServiceImpl success.
2025-08-23 10:43:53.035 [main] INFO  c.a.n.client.auth.ram.identify.CredentialWatcher - null No credential found
2025-08-23 10:43:53.043 [main] INFO  com.alibaba.nacos.common.remote.client - [RpcClientFactory] create a new rpc client of 22f02eaa-bf8d-4eae-b72c-0bb68d25d00c
2025-08-23 10:43:53.060 [main] INFO  com.alibaba.nacos.common.remote.client - [22f02eaa-bf8d-4eae-b72c-0bb68d25d00c] RpcClient init, ServerListFactory = com.alibaba.nacos.client.naming.core.ServerListManager
2025-08-23 10:43:53.060 [main] INFO  com.alibaba.nacos.common.remote.client - [22f02eaa-bf8d-4eae-b72c-0bb68d25d00c] Registry connection listener to current client:com.alibaba.nacos.client.naming.remote.gprc.redo.NamingGrpcRedoService
2025-08-23 10:43:53.060 [main] INFO  com.alibaba.nacos.common.remote.client - [22f02eaa-bf8d-4eae-b72c-0bb68d25d00c] Register server push request handler:com.alibaba.nacos.client.naming.remote.gprc.NamingPushRequestHandler
2025-08-23 10:43:53.063 [main] INFO  com.alibaba.nacos.common.remote.client - [22f02eaa-bf8d-4eae-b72c-0bb68d25d00c] Try to connect to server on start up, server: {serverIp = '47.236.36.111', server main port = 8848}
2025-08-23 10:43:53.094 [main] INFO  c.a.nacos.common.remote.client.grpc.GrpcClient - grpc client connection server:47.236.36.111 ip,serverPort:9848,grpcTslConfig:{"sslProvider":"OPENSSL","enableTls":false,"mutualAuthEnable":false,"trustAll":false}
2025-08-23 10:43:54.126 [main] INFO  com.alibaba.nacos.common.remote.client - [22f02eaa-bf8d-4eae-b72c-0bb68d25d00c] Success to connect to server [47.236.36.111:8848] on start up, connectionId = 1755917033861_112.94.129.71_1554
2025-08-23 10:43:54.129 [com.alibaba.nacos.client.remote.worker] INFO  com.alibaba.nacos.common.remote.client - [22f02eaa-bf8d-4eae-b72c-0bb68d25d00c] Notify connected event to listeners.
2025-08-23 10:43:54.129 [com.alibaba.nacos.client.remote.worker] INFO  com.alibaba.nacos.client.naming - Grpc connection connect
2025-08-23 10:43:54.129 [main] INFO  com.alibaba.nacos.common.remote.client - [22f02eaa-bf8d-4eae-b72c-0bb68d25d00c] Register server push request handler:com.alibaba.nacos.common.remote.client.RpcClient$ConnectResetRequestHandler
2025-08-23 10:43:54.130 [main] INFO  com.alibaba.nacos.common.remote.client - [22f02eaa-bf8d-4eae-b72c-0bb68d25d00c] Register server push request handler:com.alibaba.nacos.common.remote.client.RpcClient$$Lambda$1264/0x00000230248ee608
2025-08-23 10:43:54.132 [main] INFO  com.alibaba.nacos.client.naming - [REGISTER-SERVICE] xiaohongshu registering service xiaohongshu-user with instance Instance{instanceId='null', ip='10.2.66.3', port=8082, weight=1.0, healthy=true, enabled=true, ephemeral=true, clusterName='DEFAULT', serviceName='null', metadata={IPv6=null, preserved.register.source=SPRING_CLOUD}}
2025-08-23 10:43:54.212 [main] INFO  c.a.cloud.nacos.registry.NacosServiceRegistry - nacos registry, DEFAULT_GROUP xiaohongshu-user 10.2.66.3:8082 register finished
2025-08-23 10:43:54.403 [main] INFO  c.z.x.user.biz.XiaohongshuUserBizApplication - Started XiaohongshuUserBizApplication in 6.609 seconds (process running for 7.259)
2025-08-23 10:43:54.404 [main] INFO  c.z.x.u.biz.runner.PushRolePermissions2RedisRunner - ==> 服务启动，开始同步角色权限数据到 Redis 中...
2025-08-23 10:43:55.069 [main] DEBUG c.z.x.u.b.d.mapper.RoleDOMapper.selectEnabledList - ==>  Preparing: select id,role_key,role_name from t_role where `status` = 0 and `is_deleted` = 0;
2025-08-23 10:43:55.263 [main] DEBUG c.z.x.u.b.d.mapper.RoleDOMapper.selectEnabledList - ==> Parameters: 
2025-08-23 10:43:55.354 [main] DEBUG c.z.x.u.b.d.mapper.RoleDOMapper.selectEnabledList - <==      Total: 1
2025-08-23 10:43:55.374 [main] DEBUG c.z.x.u.b.d.m.R.selectByRoleIds - ==>  Preparing: select role_id,permission_id from t_role_permission_rel where role_id in ( ? )
2025-08-23 10:43:55.379 [main] DEBUG c.z.x.u.b.d.m.R.selectByRoleIds - ==> Parameters: 1(Long)
2025-08-23 10:43:55.392 [main] DEBUG c.z.x.u.b.d.m.R.selectByRoleIds - <==      Total: 2
2025-08-23 10:43:55.393 [main] DEBUG c.z.x.u.b.d.m.P.selectAppEnabledList - ==>  Preparing: select id, name, permission_key from t_permission where status = 0 and type = 3 and is_deleted = 0
2025-08-23 10:43:55.394 [main] DEBUG c.z.x.u.b.d.m.P.selectAppEnabledList - ==> Parameters: 
2025-08-23 10:43:55.410 [main] DEBUG c.z.x.u.b.d.m.P.selectAppEnabledList - <==      Total: 2
2025-08-23 10:43:55.470 [main] INFO  c.z.x.u.biz.runner.PushRolePermissions2RedisRunner - ==> 服务启动，成功同步角色权限数据到 Redis 中...
2025-08-23 11:08:57.688 [http-nio-8082-exec-2] INFO  o.a.c.core.ContainerBase.[Tomcat].[localhost].[/] - Initializing Spring DispatcherServlet 'dispatcherServlet'
2025-08-23 11:08:57.689 [http-nio-8082-exec-2] INFO  org.springframework.web.servlet.DispatcherServlet - Initializing Servlet 'dispatcherServlet'
2025-08-23 11:08:57.705 [http-nio-8082-exec-2] INFO  org.springframework.web.servlet.DispatcherServlet - Completed initialization in 15 ms
2025-08-23 11:08:57.720 [http-nio-8082-exec-2] INFO  c.z.f.b.context.filter.HeaderUserId2ContextFilter - ## HeaderUserId2ContextFilter, 用户 ID: null
2025-08-23 11:08:57.894 [http-nio-8082-exec-2] INFO  c.z.f.b.operationlog.aspect.ApiOperationLogAspect - ====== 请求开始: [根据手机号查询用户信息], 入参: {"phone":"13068920712"}, 请求类: UserController, 请求方法: findByPhone =================================== 
2025-08-23 11:08:57.913 [http-nio-8082-exec-2] DEBUG c.z.x.u.b.domain.mapper.UserDOMapper.selectByPhone - ==>  Preparing: select id,password from t_user where phone = ?
2025-08-23 11:08:57.920 [http-nio-8082-exec-2] DEBUG c.z.x.u.b.domain.mapper.UserDOMapper.selectByPhone - ==> Parameters: 13068920712(String)
2025-08-23 11:08:57.951 [http-nio-8082-exec-2] DEBUG c.z.x.u.b.domain.mapper.UserDOMapper.selectByPhone - <==      Total: 1
2025-08-23 11:08:57.958 [http-nio-8082-exec-2] INFO  c.z.f.b.operationlog.aspect.ApiOperationLogAspect - ====== 请求结束: [根据手机号查询用户信息], 耗时: 64ms, 出参: {"success":true,"message":null,"errorCode":null,"data":{"id":2,"password":null}} =================================== 
2025-08-23 11:09:14.011 [http-nio-8082-exec-1] INFO  c.z.f.b.context.filter.HeaderUserId2ContextFilter - ## HeaderUserId2ContextFilter, 用户 ID: null
2025-08-23 11:09:14.012 [http-nio-8082-exec-1] INFO  c.z.f.b.operationlog.aspect.ApiOperationLogAspect - ====== 请求开始: [根据手机号查询用户信息], 入参: {"phone":"13068920712"}, 请求类: UserController, 请求方法: findByPhone =================================== 
2025-08-23 11:09:14.013 [http-nio-8082-exec-1] DEBUG c.z.x.u.b.domain.mapper.UserDOMapper.selectByPhone - ==>  Preparing: select id,password from t_user where phone = ?
2025-08-23 11:09:14.013 [http-nio-8082-exec-1] DEBUG c.z.x.u.b.domain.mapper.UserDOMapper.selectByPhone - ==> Parameters: 13068920712(String)
2025-08-23 11:09:14.015 [http-nio-8082-exec-1] DEBUG c.z.x.u.b.domain.mapper.UserDOMapper.selectByPhone - <==      Total: 1
2025-08-23 11:09:14.016 [http-nio-8082-exec-1] INFO  c.z.f.b.operationlog.aspect.ApiOperationLogAspect - ====== 请求结束: [根据手机号查询用户信息], 耗时: 4ms, 出参: {"success":true,"message":null,"errorCode":null,"data":{"id":2,"password":null}} =================================== 
2025-08-23 11:20:46.257 [http-nio-8082-exec-4] INFO  c.z.f.b.context.filter.HeaderUserId2ContextFilter - ## HeaderUserId2ContextFilter, 用户 ID: null
2025-08-23 11:20:46.260 [http-nio-8082-exec-4] INFO  c.z.f.b.operationlog.aspect.ApiOperationLogAspect - ====== 请求开始: [根据手机号查询用户信息], 入参: {"phone":"13068920712"}, 请求类: UserController, 请求方法: findByPhone =================================== 
2025-08-23 11:20:46.262 [http-nio-8082-exec-4] DEBUG c.z.x.u.b.domain.mapper.UserDOMapper.selectByPhone - ==>  Preparing: select id,password from t_user where phone = ?
2025-08-23 11:20:46.262 [http-nio-8082-exec-4] DEBUG c.z.x.u.b.domain.mapper.UserDOMapper.selectByPhone - ==> Parameters: 13068920712(String)
2025-08-23 11:20:46.263 [http-nio-8082-exec-4] DEBUG c.z.x.u.b.domain.mapper.UserDOMapper.selectByPhone - <==      Total: 1
2025-08-23 11:20:46.264 [http-nio-8082-exec-4] INFO  c.z.f.b.operationlog.aspect.ApiOperationLogAspect - ====== 请求结束: [根据手机号查询用户信息], 耗时: 4ms, 出参: {"success":true,"message":null,"errorCode":null,"data":{"id":2,"password":null}} =================================== 
2025-08-23 11:22:39.912 [http-nio-8082-exec-6] INFO  c.z.f.b.context.filter.HeaderUserId2ContextFilter - ## HeaderUserId2ContextFilter, 用户 ID: null
2025-08-23 11:22:39.913 [http-nio-8082-exec-6] INFO  c.z.f.b.operationlog.aspect.ApiOperationLogAspect - ====== 请求开始: [根据手机号查询用户信息], 入参: {"phone":"13068920712"}, 请求类: UserController, 请求方法: findByPhone =================================== 
2025-08-23 11:22:39.913 [http-nio-8082-exec-6] DEBUG c.z.x.u.b.domain.mapper.UserDOMapper.selectByPhone - ==>  Preparing: select id,password from t_user where phone = ?
2025-08-23 11:22:39.914 [http-nio-8082-exec-6] DEBUG c.z.x.u.b.domain.mapper.UserDOMapper.selectByPhone - ==> Parameters: 13068920712(String)
2025-08-23 11:22:39.917 [http-nio-8082-exec-6] DEBUG c.z.x.u.b.domain.mapper.UserDOMapper.selectByPhone - <==      Total: 1
2025-08-23 11:22:39.917 [http-nio-8082-exec-6] INFO  c.z.f.b.operationlog.aspect.ApiOperationLogAspect - ====== 请求结束: [根据手机号查询用户信息], 耗时: 4ms, 出参: {"success":true,"message":null,"errorCode":null,"data":{"id":2,"password":null}} =================================== 
2025-08-23 11:23:04.568 [http-nio-8082-exec-7] INFO  c.z.f.b.context.filter.HeaderUserId2ContextFilter - ## HeaderUserId2ContextFilter, 用户 ID: null
2025-08-23 11:23:04.570 [http-nio-8082-exec-7] INFO  c.z.f.b.operationlog.aspect.ApiOperationLogAspect - ====== 请求开始: [根据手机号查询用户信息], 入参: {"phone":"13068920712"}, 请求类: UserController, 请求方法: findByPhone =================================== 
2025-08-23 11:23:04.571 [http-nio-8082-exec-7] DEBUG c.z.x.u.b.domain.mapper.UserDOMapper.selectByPhone - ==>  Preparing: select id,password from t_user where phone = ?
2025-08-23 11:23:04.571 [http-nio-8082-exec-7] DEBUG c.z.x.u.b.domain.mapper.UserDOMapper.selectByPhone - ==> Parameters: 13068920712(String)
2025-08-23 11:23:04.573 [http-nio-8082-exec-7] DEBUG c.z.x.u.b.domain.mapper.UserDOMapper.selectByPhone - <==      Total: 1
2025-08-23 11:23:04.574 [http-nio-8082-exec-7] INFO  c.z.f.b.operationlog.aspect.ApiOperationLogAspect - ====== 请求结束: [根据手机号查询用户信息], 耗时: 3ms, 出参: {"success":true,"message":null,"errorCode":null,"data":{"id":2,"password":"$2a$10$iF9icYmcTydaqR9HbnQV9uf1lGxwYoGWvBXoEVrIa9kFiQGZ0X/bS"}} =================================== 
2025-08-23 15:30:19.108 [http-nio-8082-exec-3] INFO  c.z.f.b.context.filter.HeaderUserId2ContextFilter - ## HeaderUserId2ContextFilter, 用户 ID: null
2025-08-23 15:30:19.177 [http-nio-8082-exec-3] INFO  c.z.f.b.operationlog.aspect.ApiOperationLogAspect - ====== 请求开始: [根据手机号查询用户信息], 入参: {"phone":"13068920712"}, 请求类: UserController, 请求方法: findByPhone =================================== 
2025-08-23 15:30:19.209 [http-nio-8082-exec-3] DEBUG c.z.x.u.b.domain.mapper.UserDOMapper.selectByPhone - ==>  Preparing: select id,password from t_user where phone = ?
2025-08-23 15:30:19.217 [http-nio-8082-exec-3] DEBUG c.z.x.u.b.domain.mapper.UserDOMapper.selectByPhone - ==> Parameters: 13068920712(String)
2025-08-23 15:30:19.246 [http-nio-8082-exec-3] DEBUG c.z.x.u.b.domain.mapper.UserDOMapper.selectByPhone - <==      Total: 1
2025-08-23 15:30:19.248 [http-nio-8082-exec-3] INFO  c.z.f.b.operationlog.aspect.ApiOperationLogAspect - ====== 请求结束: [根据手机号查询用户信息], 耗时: 71ms, 出参: {"success":true,"message":null,"errorCode":null,"data":{"id":2,"password":"$2a$10$iF9icYmcTydaqR9HbnQV9uf1lGxwYoGWvBXoEVrIa9kFiQGZ0X/bS"}} =================================== 
2025-08-23 15:35:27.603 [http-nio-8082-exec-2] INFO  c.z.f.b.context.filter.HeaderUserId2ContextFilter - ## HeaderUserId2ContextFilter, 用户 ID: 2
2025-08-23 15:35:27.813 [http-nio-8082-exec-2] INFO  c.z.f.b.c.interceptor.FeignRequestInterceptor - ==> feign请求设置请求头 userId: 2
2025-08-23 15:35:27.957 [http-nio-8082-exec-2] INFO  com.alibaba.nacos.client.naming - [SUBSCRIBE-SERVICE] service:xiaohongshu-oss, group:DEFAULT_GROUP, clusters: 
2025-08-23 15:35:28.045 [http-nio-8082-exec-2] INFO  com.alibaba.nacos.client.naming - init new ips(1) service: DEFAULT_GROUP@@xiaohongshu-oss -> [{"ip":"10.2.66.3","port":8083,"weight":1.0,"healthy":true,"enabled":true,"ephemeral":true,"clusterName":"DEFAULT","serviceName":"DEFAULT_GROUP@@xiaohongshu-oss","metadata":{"preserved.register.source":"SPRING_CLOUD"},"instanceHeartBeatTimeOut":15000,"instanceHeartBeatInterval":5000,"ipDeleteTimeout":30000}]
2025-08-23 15:35:28.056 [http-nio-8082-exec-2] INFO  com.alibaba.nacos.client.naming - current ips:(1) service: DEFAULT_GROUP@@xiaohongshu-oss -> [{"ip":"10.2.66.3","port":8083,"weight":1.0,"healthy":true,"enabled":true,"ephemeral":true,"clusterName":"DEFAULT","serviceName":"DEFAULT_GROUP@@xiaohongshu-oss","metadata":{"preserved.register.source":"SPRING_CLOUD"},"instanceHeartBeatTimeOut":15000,"instanceHeartBeatInterval":5000,"ipDeleteTimeout":30000}]
2025-08-23 15:35:28.554 [nacos-grpc-client-executor-47.236.36.111-3479] INFO  com.alibaba.nacos.common.remote.client - [22f02eaa-bf8d-4eae-b72c-0bb68d25d00c] Receive server push request, request = NotifySubscriberRequest, requestId = 546
2025-08-23 15:35:28.555 [nacos-grpc-client-executor-47.236.36.111-3479] INFO  com.alibaba.nacos.common.remote.client - [22f02eaa-bf8d-4eae-b72c-0bb68d25d00c] Ack server push request, request = NotifySubscriberRequest, requestId = 546
2025-08-23 15:35:29.797 [http-nio-8082-exec-2] INFO  c.z.x.user.biz.service.impl.UserServiceImpl - ==> 调用 oss 服务成功，上传头像，url：http://47.236.36.111:9000/xiaohongshu/11f7fa0505ea42f1bcc49bd215fead60.png
2025-08-23 15:35:29.810 [http-nio-8082-exec-2] INFO  c.z.f.b.c.interceptor.FeignRequestInterceptor - ==> feign请求设置请求头 userId: 2
2025-08-23 15:35:29.834 [http-nio-8082-exec-2] INFO  c.z.x.user.biz.service.impl.UserServiceImpl - ==> 调用 oss 服务成功，上传背景图，url：null
2025-08-23 15:35:29.838 [http-nio-8082-exec-2] WARN  c.z.x.user.biz.exception.GlobalExceptionHandler - /user/update request fail, errorCode: USER-20006, errorMessage: 背景图上传失败
2025-08-23 15:35:29.841 [http-nio-8082-exec-2] INFO  c.z.f.b.context.filter.HeaderUserId2ContextFilter - ===== 删除 ThreadLocal， userId: 2
2025-08-23 15:37:34.495 [http-nio-8082-exec-9] INFO  c.z.f.b.context.filter.HeaderUserId2ContextFilter - ## HeaderUserId2ContextFilter, 用户 ID: 2
2025-08-23 15:37:34.508 [http-nio-8082-exec-9] INFO  c.z.f.b.context.filter.HeaderUserId2ContextFilter - ===== 删除 ThreadLocal， userId: 2
2025-08-23 15:37:36.509 [http-nio-8082-exec-4] INFO  c.z.f.b.context.filter.HeaderUserId2ContextFilter - ## HeaderUserId2ContextFilter, 用户 ID: 2
2025-08-23 15:37:36.511 [http-nio-8082-exec-4] INFO  c.z.f.b.context.filter.HeaderUserId2ContextFilter - ===== 删除 ThreadLocal， userId: 2
2025-08-23 15:37:56.477 [http-nio-8082-exec-5] INFO  c.z.f.b.context.filter.HeaderUserId2ContextFilter - ## HeaderUserId2ContextFilter, 用户 ID: 2
2025-08-23 15:37:56.483 [http-nio-8082-exec-5] INFO  c.z.f.b.context.filter.HeaderUserId2ContextFilter - ===== 删除 ThreadLocal， userId: 2
2025-08-23 15:39:08.167 [http-nio-8082-exec-7] INFO  c.z.f.b.context.filter.HeaderUserId2ContextFilter - ## HeaderUserId2ContextFilter, 用户 ID: 2
2025-08-23 15:39:08.170 [http-nio-8082-exec-7] INFO  c.z.f.b.context.filter.HeaderUserId2ContextFilter - ===== 删除 ThreadLocal， userId: 2
2025-08-23 15:44:55.745 [http-nio-8082-exec-3] INFO  c.z.f.b.context.filter.HeaderUserId2ContextFilter - ## HeaderUserId2ContextFilter, 用户 ID: null
2025-08-23 15:44:55.746 [http-nio-8082-exec-3] INFO  c.z.f.b.operationlog.aspect.ApiOperationLogAspect - ====== 请求开始: [根据手机号查询用户信息], 入参: {"phone":"13068920712"}, 请求类: UserController, 请求方法: findByPhone =================================== 
2025-08-23 15:44:55.748 [http-nio-8082-exec-3] DEBUG c.z.x.u.b.domain.mapper.UserDOMapper.selectByPhone - ==>  Preparing: select id,password from t_user where phone = ?
2025-08-23 15:44:55.748 [http-nio-8082-exec-3] DEBUG c.z.x.u.b.domain.mapper.UserDOMapper.selectByPhone - ==> Parameters: 13068920712(String)
2025-08-23 15:44:55.750 [http-nio-8082-exec-3] DEBUG c.z.x.u.b.domain.mapper.UserDOMapper.selectByPhone - <==      Total: 1
2025-08-23 15:44:55.751 [http-nio-8082-exec-3] INFO  c.z.f.b.operationlog.aspect.ApiOperationLogAspect - ====== 请求结束: [根据手机号查询用户信息], 耗时: 5ms, 出参: {"success":true,"message":null,"errorCode":null,"data":{"id":2,"password":"$2a$10$iF9icYmcTydaqR9HbnQV9uf1lGxwYoGWvBXoEVrIa9kFiQGZ0X/bS"}} =================================== 
2025-08-23 15:46:11.925 [Thread-7] WARN  com.alibaba.nacos.common.notify.NotifyCenter - [NotifyCenter] Start destroying Publisher
2025-08-23 15:46:11.925 [Thread-7] WARN  com.alibaba.nacos.common.notify.NotifyCenter - [NotifyCenter] Destruction of the end
2025-08-23 15:46:11.925 [Thread-10] WARN  c.alibaba.nacos.common.http.HttpClientBeanHolder - [HttpClientBeanHolder] Start destroying common HttpClient
2025-08-23 15:46:11.926 [Thread-10] WARN  c.alibaba.nacos.common.http.HttpClientBeanHolder - [HttpClientBeanHolder] Destruction of the end
2025-08-23 15:46:11.996 [SpringApplicationShutdownHook] INFO  c.a.cloud.nacos.registry.NacosServiceRegistry - De-registering from Nacos Server now...
2025-08-23 15:46:11.997 [SpringApplicationShutdownHook] INFO  com.alibaba.nacos.client.naming - [DEREGISTER-SERVICE] xiaohongshu deregistering service xiaohongshu-user with instance: Instance{instanceId='null', ip='10.2.66.3', port=8082, weight=1.0, healthy=true, enabled=true, ephemeral=true, clusterName='DEFAULT', serviceName='null', metadata={}}
2025-08-23 15:46:12.055 [SpringApplicationShutdownHook] INFO  c.a.cloud.nacos.registry.NacosServiceRegistry - De-registration finished.
2025-08-23 15:46:12.055 [SpringApplicationShutdownHook] INFO  com.alibaba.nacos.client.naming - com.alibaba.nacos.client.naming.cache.ServiceInfoHolder do shutdown begin
2025-08-23 15:46:12.056 [SpringApplicationShutdownHook] INFO  com.alibaba.nacos.client.naming - com.alibaba.nacos.client.naming.backups.FailoverReactor do shutdown begin
2025-08-23 15:46:12.056 [SpringApplicationShutdownHook] INFO  com.alibaba.nacos.client.naming - com.alibaba.nacos.client.naming.backups.FailoverReactor do shutdown stop
2025-08-23 15:46:12.056 [SpringApplicationShutdownHook] INFO  com.alibaba.nacos.client.naming - com.alibaba.nacos.client.naming.cache.ServiceInfoHolder do shutdown stop
2025-08-23 15:46:12.056 [SpringApplicationShutdownHook] INFO  com.alibaba.nacos.client.naming - com.alibaba.nacos.client.naming.remote.NamingClientProxyDelegate do shutdown begin
2025-08-23 15:46:12.056 [SpringApplicationShutdownHook] INFO  com.alibaba.nacos.client.naming - com.alibaba.nacos.client.naming.core.ServiceInfoUpdateService do shutdown begin
2025-08-23 15:46:12.056 [SpringApplicationShutdownHook] INFO  com.alibaba.nacos.client.naming - com.alibaba.nacos.client.naming.core.ServiceInfoUpdateService do shutdown stop
2025-08-23 15:46:12.056 [SpringApplicationShutdownHook] INFO  com.alibaba.nacos.client.naming - com.alibaba.nacos.client.naming.core.ServerListManager do shutdown begin
2025-08-23 15:46:12.056 [SpringApplicationShutdownHook] WARN  com.alibaba.nacos.client.naming - [NamingHttpClientManager] Start destroying NacosRestTemplate
2025-08-23 15:46:12.056 [SpringApplicationShutdownHook] WARN  com.alibaba.nacos.client.naming - [NamingHttpClientManager] Destruction of the end
2025-08-23 15:46:12.056 [SpringApplicationShutdownHook] INFO  com.alibaba.nacos.client.naming - com.alibaba.nacos.client.naming.core.ServerListManager do shutdown stop
2025-08-23 15:46:12.057 [SpringApplicationShutdownHook] INFO  com.alibaba.nacos.client.naming - com.alibaba.nacos.client.naming.remote.http.NamingHttpClientProxy do shutdown begin
2025-08-23 15:46:12.057 [SpringApplicationShutdownHook] WARN  com.alibaba.nacos.client.naming - [NamingHttpClientManager] Start destroying NacosRestTemplate
2025-08-23 15:46:12.057 [SpringApplicationShutdownHook] WARN  com.alibaba.nacos.client.naming - [NamingHttpClientManager] Destruction of the end
2025-08-23 15:46:12.057 [SpringApplicationShutdownHook] INFO  com.alibaba.nacos.client.naming - com.alibaba.nacos.client.naming.remote.http.NamingHttpClientProxy do shutdown stop
2025-08-23 15:46:12.057 [SpringApplicationShutdownHook] INFO  com.alibaba.nacos.common.remote.client - Shutdown rpc client, set status to shutdown
2025-08-23 15:46:12.057 [SpringApplicationShutdownHook] INFO  com.alibaba.nacos.common.remote.client - Shutdown client event executor java.util.concurrent.ScheduledThreadPoolExecutor@3fd7a008[Running, pool size = 2, active threads = 2, queued tasks = 0, completed tasks = 0]
2025-08-23 15:46:12.057 [SpringApplicationShutdownHook] INFO  com.alibaba.nacos.common.remote.client - Close current connection 1755917033861_112.94.129.71_1554
2025-08-23 15:46:12.064 [SpringApplicationShutdownHook] INFO  c.a.nacos.common.remote.client.grpc.GrpcClient - Shutdown grpc executor java.util.concurrent.ThreadPoolExecutor@35fea6e8[Running, pool size = 3, active threads = 0, queued tasks = 0, completed tasks = 3606]
2025-08-23 15:46:12.064 [SpringApplicationShutdownHook] INFO  com.alibaba.nacos.client.naming - Shutdown grpc redo service executor java.util.concurrent.ScheduledThreadPoolExecutor@72cc934c[Running, pool size = 1, active threads = 0, queued tasks = 1, completed tasks = 6030]
2025-08-23 15:46:12.064 [SpringApplicationShutdownHook] INFO  c.a.n.client.auth.ram.identify.CredentialWatcher - [null] CredentialWatcher is stopped
2025-08-23 15:46:12.064 [SpringApplicationShutdownHook] INFO  c.a.n.client.auth.ram.identify.CredentialService - [null] CredentialService is freed
2025-08-23 15:46:12.064 [SpringApplicationShutdownHook] INFO  com.alibaba.nacos.client.naming - com.alibaba.nacos.client.naming.remote.NamingClientProxyDelegate do shutdown stop
2025-08-23 15:46:12.225 [SpringApplicationShutdownHook] INFO  com.alibaba.druid.pool.DruidDataSource - {dataSource-1} closing ...
2025-08-23 15:46:12.229 [SpringApplicationShutdownHook] INFO  com.alibaba.druid.pool.DruidDataSource - {dataSource-1} closed
2025-08-23 15:46:19.242 [main] WARN  com.alibaba.nacos.client.logging.NacosLogging - Load Logback Configuration of Nacos fail, message: Could not initialize Logback Nacos logging from classpath:nacos-logback.xml
2025-08-23 15:46:19.298 [main] WARN  com.alibaba.nacos.client.logging.NacosLogging - Load Logback Configuration of Nacos fail, message: Could not initialize Logback Nacos logging from classpath:nacos-logback.xml
2025-08-23 15:46:19.787 [main] WARN  com.alibaba.nacos.client.logging.NacosLogging - Load Logback Configuration of Nacos fail, message: Could not initialize Logback Nacos logging from classpath:nacos-logback.xml
2025-08-23 15:46:19.801 [main] WARN  com.alibaba.nacos.client.logging.NacosLogging - Load Logback Configuration of Nacos fail, message: Could not initialize Logback Nacos logging from classpath:nacos-logback.xml
2025-08-23 15:46:19.802 [main] INFO  c.z.x.user.biz.XiaohongshuUserBizApplication - The following 1 profile is active: "dev"
2025-08-23 15:46:20.433 [main] INFO  o.s.d.r.config.RepositoryConfigurationDelegate - Multiple Spring Data modules found, entering strict repository configuration mode
2025-08-23 15:46:20.436 [main] INFO  o.s.d.r.config.RepositoryConfigurationDelegate - Bootstrapping Spring Data Redis repositories in DEFAULT mode.
2025-08-23 15:46:20.465 [main] INFO  o.s.d.r.config.RepositoryConfigurationDelegate - Finished Spring Data repository scanning in 14 ms. Found 0 Redis repository interfaces.
2025-08-23 15:46:20.685 [main] INFO  o.springframework.cloud.context.scope.GenericScope - BeanFactory id=e8525750-ff42-306d-8fa2-8b86e3104383
2025-08-23 15:46:20.722 [main] INFO  o.s.c.s.PostProcessorRegistrationDelegate$BeanPostProcessorChecker - Bean 'com.zry.xiaohongshu.oss.api.FileFeignApi' of type [org.springframework.cloud.openfeign.FeignClientFactoryBean] is not eligible for getting processed by all BeanPostProcessors (for example: not eligible for auto-proxying)
2025-08-23 15:46:20.724 [main] INFO  o.s.c.s.PostProcessorRegistrationDelegate$BeanPostProcessorChecker - Bean 'com.zry.xiaohongshu.user.api.UserFeignApi' of type [org.springframework.cloud.openfeign.FeignClientFactoryBean] is not eligible for getting processed by all BeanPostProcessors (for example: not eligible for auto-proxying)
2025-08-23 15:46:21.264 [main] INFO  o.s.boot.web.embedded.tomcat.TomcatWebServer - Tomcat initialized with port(s): 8082 (http)
2025-08-23 15:46:21.265 [main] INFO  org.apache.catalina.core.AprLifecycleListener - Loaded Apache Tomcat Native library [2.0.3] using APR version [1.7.2].
2025-08-23 15:46:21.270 [main] INFO  org.apache.catalina.core.AprLifecycleListener - OpenSSL successfully initialized [OpenSSL 3.0.8 7 Feb 2023]
2025-08-23 15:46:21.281 [main] INFO  org.apache.catalina.core.StandardService - Starting service [Tomcat]
2025-08-23 15:46:21.281 [main] INFO  org.apache.catalina.core.StandardEngine - Starting Servlet engine: [Apache Tomcat/10.1.5]
2025-08-23 15:46:21.381 [main] INFO  o.a.c.core.ContainerBase.[Tomcat].[localhost].[/] - Initializing Spring embedded WebApplicationContext
2025-08-23 15:46:21.382 [main] INFO  o.s.b.w.s.c.ServletWebServerApplicationContext - Root WebApplicationContext: initialization completed in 1558 ms
2025-08-23 15:46:21.500 [main] INFO  c.a.d.s.b.a.DruidDataSourceAutoConfigure - Init DruidDataSource
2025-08-23 15:46:21.893 [main] INFO  com.alibaba.druid.pool.DruidDataSource - {dataSource-1} inited
2025-08-23 15:46:22.269 [main] INFO  o.s.cloud.openfeign.FeignClientFactoryBean - For 'xiaohongshu-oss' URL not provided. Will try picking an instance via load-balancing.
2025-08-23 15:46:23.621 [main] WARN  o.s.c.l.c.LoadBalancerCacheAutoConfiguration$LoadBalancerCaffeineWarnLogger - Spring Cloud LoadBalancer is currently working with the default cache. While this cache implementation is useful for development and tests, it's recommended to use Caffeine cache in production.You can switch to using Caffeine cache, by adding it and org.springframework.cache.caffeine.CaffeineCacheManager to the classpath.
2025-08-23 15:46:23.721 [main] INFO  o.s.boot.web.embedded.tomcat.TomcatWebServer - Tomcat started on port(s): 8082 (http) with context path ''
2025-08-23 15:46:23.727 [main] WARN  com.alibaba.nacos.client.logging.NacosLogging - Load Logback Configuration of Nacos fail, message: Could not initialize Logback Nacos logging from classpath:nacos-logback.xml
2025-08-23 15:46:23.727 [main] INFO  com.alibaba.nacos.client.naming - initializer namespace from ans.namespace attribute : null
2025-08-23 15:46:23.727 [main] INFO  com.alibaba.nacos.client.naming - initializer namespace from ALIBABA_ALIWARE_NAMESPACE attribute :null
2025-08-23 15:46:23.728 [main] INFO  com.alibaba.nacos.client.naming - initializer namespace from namespace attribute :null
2025-08-23 15:46:23.749 [main] INFO  com.alibaba.nacos.client.utils.ParamUtil - [settings] [req-serv] nacos-server port:8848
2025-08-23 15:46:23.749 [main] INFO  com.alibaba.nacos.client.utils.ParamUtil - [settings] [http-client] connect timeout:1000
2025-08-23 15:46:23.750 [main] INFO  com.alibaba.nacos.client.utils.ParamUtil - PER_TASK_CONFIG_SIZE: 3000.0
2025-08-23 15:46:23.755 [main] INFO  c.a.n.p.auth.spi.client.ClientAuthPluginManager - [ClientAuthPluginManager] Load ClientAuthService com.alibaba.nacos.client.auth.impl.NacosClientAuthServiceImpl success.
2025-08-23 15:46:23.755 [main] INFO  c.a.n.p.auth.spi.client.ClientAuthPluginManager - [ClientAuthPluginManager] Load ClientAuthService com.alibaba.nacos.client.auth.ram.RamClientAuthServiceImpl success.
2025-08-23 15:46:23.758 [main] INFO  c.a.n.client.auth.ram.identify.CredentialWatcher - null No credential found
2025-08-23 15:46:23.767 [main] INFO  com.alibaba.nacos.common.remote.client - [RpcClientFactory] create a new rpc client of d3100d9d-5196-45a1-bdee-5f62386d910d
2025-08-23 15:46:23.783 [main] INFO  com.alibaba.nacos.common.remote.client - [d3100d9d-5196-45a1-bdee-5f62386d910d] RpcClient init, ServerListFactory = com.alibaba.nacos.client.naming.core.ServerListManager
2025-08-23 15:46:23.783 [main] INFO  com.alibaba.nacos.common.remote.client - [d3100d9d-5196-45a1-bdee-5f62386d910d] Registry connection listener to current client:com.alibaba.nacos.client.naming.remote.gprc.redo.NamingGrpcRedoService
2025-08-23 15:46:23.785 [main] INFO  com.alibaba.nacos.common.remote.client - [d3100d9d-5196-45a1-bdee-5f62386d910d] Register server push request handler:com.alibaba.nacos.client.naming.remote.gprc.NamingPushRequestHandler
2025-08-23 15:46:23.787 [main] INFO  com.alibaba.nacos.common.remote.client - [d3100d9d-5196-45a1-bdee-5f62386d910d] Try to connect to server on start up, server: {serverIp = '47.236.36.111', server main port = 8848}
2025-08-23 15:46:23.817 [main] INFO  c.a.nacos.common.remote.client.grpc.GrpcClient - grpc client connection server:47.236.36.111 ip,serverPort:9848,grpcTslConfig:{"sslProvider":"OPENSSL","enableTls":false,"mutualAuthEnable":false,"trustAll":false}
2025-08-23 15:46:24.915 [main] INFO  com.alibaba.nacos.common.remote.client - [d3100d9d-5196-45a1-bdee-5f62386d910d] Success to connect to server [47.236.36.111:8848] on start up, connectionId = 1755935184641_112.94.129.71_1891
2025-08-23 15:46:24.916 [com.alibaba.nacos.client.remote.worker] INFO  com.alibaba.nacos.common.remote.client - [d3100d9d-5196-45a1-bdee-5f62386d910d] Notify connected event to listeners.
2025-08-23 15:46:24.917 [com.alibaba.nacos.client.remote.worker] INFO  com.alibaba.nacos.client.naming - Grpc connection connect
2025-08-23 15:46:24.917 [main] INFO  com.alibaba.nacos.common.remote.client - [d3100d9d-5196-45a1-bdee-5f62386d910d] Register server push request handler:com.alibaba.nacos.common.remote.client.RpcClient$ConnectResetRequestHandler
2025-08-23 15:46:24.917 [main] INFO  com.alibaba.nacos.common.remote.client - [d3100d9d-5196-45a1-bdee-5f62386d910d] Register server push request handler:com.alibaba.nacos.common.remote.client.RpcClient$$Lambda$1264/0x000001bba38ef700
2025-08-23 15:46:24.919 [main] INFO  com.alibaba.nacos.client.naming - [REGISTER-SERVICE] xiaohongshu registering service xiaohongshu-user with instance Instance{instanceId='null', ip='10.2.66.3', port=8082, weight=1.0, healthy=true, enabled=true, ephemeral=true, clusterName='DEFAULT', serviceName='null', metadata={IPv6=null, preserved.register.source=SPRING_CLOUD}}
2025-08-23 15:46:24.978 [main] INFO  c.a.cloud.nacos.registry.NacosServiceRegistry - nacos registry, DEFAULT_GROUP xiaohongshu-user 10.2.66.3:8082 register finished
2025-08-23 15:46:25.179 [main] INFO  c.z.x.user.biz.XiaohongshuUserBizApplication - Started XiaohongshuUserBizApplication in 6.708 seconds (process running for 7.411)
2025-08-23 15:46:25.180 [main] INFO  c.z.x.u.biz.runner.PushRolePermissions2RedisRunner - ==> 服务启动，开始同步角色权限数据到 Redis 中...
2025-08-23 15:46:25.780 [main] WARN  c.z.x.u.biz.runner.PushRolePermissions2RedisRunner - ==> 角色权限数据已经同步至 Redis 中，不再同步...
2025-08-23 15:46:42.051 [http-nio-8082-exec-1] INFO  o.a.c.core.ContainerBase.[Tomcat].[localhost].[/] - Initializing Spring DispatcherServlet 'dispatcherServlet'
2025-08-23 15:46:42.053 [http-nio-8082-exec-1] INFO  org.springframework.web.servlet.DispatcherServlet - Initializing Servlet 'dispatcherServlet'
2025-08-23 15:46:42.053 [http-nio-8082-exec-1] INFO  org.springframework.web.servlet.DispatcherServlet - Completed initialization in 0 ms
2025-08-23 15:46:42.063 [http-nio-8082-exec-1] INFO  c.z.f.b.context.filter.HeaderUserId2ContextFilter - ## HeaderUserId2ContextFilter, 用户 ID: 2
2025-08-23 15:46:42.183 [http-nio-8082-exec-1] INFO  c.z.f.b.operationlog.aspect.ApiOperationLogAspect - ====== 请求开始: [修改密码], 入参: {"encodedPassword":"$2a$10$j3g4JTrOpU2oKIVCOzyMlOVVXGOBQ/aQcwJEkahJWlUqH9DvnY6MO"}, 请求类: UserController, 请求方法: updatePassword =================================== 
2025-08-23 15:46:42.212 [http-nio-8082-exec-1] DEBUG c.z.x.u.b.d.mapper.UserDOMapper.updateByPrimaryKey - ==>  Preparing: update t_user set xiaohongshu_id = ?, `password` = ?, nickname = ?, avatar = ?, birthday = ?, background_img = ?, phone = ?, sex = ?, `status` = ?, introduction = ?, create_time = ?, update_time = ?, is_deleted = ? where id = ?
2025-08-23 15:46:42.450 [http-nio-8082-exec-1] DEBUG c.z.x.u.b.d.mapper.UserDOMapper.updateByPrimaryKey - ==> Parameters: null, $2a$10$j3g4JTrOpU2oKIVCOzyMlOVVXGOBQ/aQcwJEkahJWlUqH9DvnY6MO(String), null, null, null, null, null, null, null, null, null, 2025-08-23T15:46:42.183670400(LocalDateTime), null, 2(Long)
2025-08-23 15:46:42.555 [http-nio-8082-exec-1] ERROR c.z.x.user.biz.exception.GlobalExceptionHandler - /user/password/update request error, 
org.springframework.dao.DataIntegrityViolationException: 
### Error updating database.  Cause: java.sql.SQLIntegrityConstraintViolationException: Column 'xiaohongshu_id' cannot be null
### The error may exist in file [D:\subject\JAVA\SpringCloud\xiaohongshu\xiaohongshu-user\xiaohongshu-user-biz\target\classes\mapper\UserDOMapper.xml]
### The error may involve com.zry.xiaohongshu.user.biz.domain.mapper.UserDOMapper.updateByPrimaryKey-Inline
### The error occurred while setting parameters
### SQL: update t_user     set xiaohongshu_id = ?,       `password` = ?,       nickname = ?,       avatar = ?,       birthday = ?,       background_img = ?,       phone = ?,       sex = ?,       `status` = ?,       introduction = ?,       create_time = ?,       update_time = ?,       is_deleted = ?     where id = ?
### Cause: java.sql.SQLIntegrityConstraintViolationException: Column 'xiaohongshu_id' cannot be null
; Column 'xiaohongshu_id' cannot be null
	at org.springframework.jdbc.support.SQLExceptionSubclassTranslator.doTranslate(SQLExceptionSubclassTranslator.java:95)
	at org.springframework.jdbc.support.AbstractFallbackSQLExceptionTranslator.translate(AbstractFallbackSQLExceptionTranslator.java:70)
	at org.springframework.jdbc.support.AbstractFallbackSQLExceptionTranslator.translate(AbstractFallbackSQLExceptionTranslator.java:79)
	at org.mybatis.spring.MyBatisExceptionTranslator.translateExceptionIfPossible(MyBatisExceptionTranslator.java:92)
	at org.mybatis.spring.SqlSessionTemplate$SqlSessionInterceptor.invoke(SqlSessionTemplate.java:439)
	at jdk.proxy2/jdk.proxy2.$Proxy86.update(Unknown Source)
	at org.mybatis.spring.SqlSessionTemplate.update(SqlSessionTemplate.java:288)
	at org.apache.ibatis.binding.MapperMethod.execute(MapperMethod.java:67)
	at org.apache.ibatis.binding.MapperProxy$PlainMethodInvoker.invoke(MapperProxy.java:142)
	at org.apache.ibatis.binding.MapperProxy.invoke(MapperProxy.java:86)
	at jdk.proxy2/jdk.proxy2.$Proxy87.updateByPrimaryKey(Unknown Source)
	at com.zry.xiaohongshu.user.biz.service.impl.UserServiceImpl.updatePassword(UserServiceImpl.java:227)
	at java.base/jdk.internal.reflect.NativeMethodAccessorImpl.invoke0(Native Method)
	at java.base/jdk.internal.reflect.NativeMethodAccessorImpl.invoke(NativeMethodAccessorImpl.java:77)
	at java.base/jdk.internal.reflect.DelegatingMethodAccessorImpl.invoke(DelegatingMethodAccessorImpl.java:43)
	at java.base/java.lang.reflect.Method.invoke(Method.java:568)
	at org.springframework.aop.support.AopUtils.invokeJoinpointUsingReflection(AopUtils.java:343)
	at org.springframework.aop.framework.CglibAopProxy$DynamicAdvisedInterceptor.intercept(CglibAopProxy.java:699)
	at com.zry.xiaohongshu.user.biz.service.impl.UserServiceImpl$$SpringCGLIB$$0.updatePassword(<generated>)
	at com.zry.xiaohongshu.user.biz.controller.UserController.updatePassword(UserController.java:43)
	at java.base/jdk.internal.reflect.NativeMethodAccessorImpl.invoke0(Native Method)
	at java.base/jdk.internal.reflect.NativeMethodAccessorImpl.invoke(NativeMethodAccessorImpl.java:77)
	at java.base/jdk.internal.reflect.DelegatingMethodAccessorImpl.invoke(DelegatingMethodAccessorImpl.java:43)
	at java.base/java.lang.reflect.Method.invoke(Method.java:568)
	at org.springframework.aop.support.AopUtils.invokeJoinpointUsingReflection(AopUtils.java:343)
	at org.springframework.aop.framework.ReflectiveMethodInvocation.invokeJoinpoint(ReflectiveMethodInvocation.java:196)
	at org.springframework.aop.framework.ReflectiveMethodInvocation.proceed(ReflectiveMethodInvocation.java:163)
	at org.springframework.aop.framework.CglibAopProxy$CglibMethodInvocation.proceed(CglibAopProxy.java:752)
	at org.springframework.aop.aspectj.MethodInvocationProceedingJoinPoint.proceed(MethodInvocationProceedingJoinPoint.java:89)
	at com.zry.framework.biz.operationlog.aspect.ApiOperationLogAspect.doAround(ApiOperationLogAspect.java:50)
	at java.base/jdk.internal.reflect.NativeMethodAccessorImpl.invoke0(Native Method)
	at java.base/jdk.internal.reflect.NativeMethodAccessorImpl.invoke(NativeMethodAccessorImpl.java:77)
	at java.base/jdk.internal.reflect.DelegatingMethodAccessorImpl.invoke(DelegatingMethodAccessorImpl.java:43)
	at java.base/java.lang.reflect.Method.invoke(Method.java:568)
	at org.springframework.aop.aspectj.AbstractAspectJAdvice.invokeAdviceMethodWithGivenArgs(AbstractAspectJAdvice.java:633)
	at org.springframework.aop.aspectj.AbstractAspectJAdvice.invokeAdviceMethod(AbstractAspectJAdvice.java:623)
	at org.springframework.aop.aspectj.AspectJAroundAdvice.invoke(AspectJAroundAdvice.java:71)
	at org.springframework.aop.framework.ReflectiveMethodInvocation.proceed(ReflectiveMethodInvocation.java:173)
	at org.springframework.aop.framework.CglibAopProxy$CglibMethodInvocation.proceed(CglibAopProxy.java:752)
	at org.springframework.aop.interceptor.ExposeInvocationInterceptor.invoke(ExposeInvocationInterceptor.java:97)
	at org.springframework.aop.framework.ReflectiveMethodInvocation.proceed(ReflectiveMethodInvocation.java:184)
	at org.springframework.aop.framework.CglibAopProxy$CglibMethodInvocation.proceed(CglibAopProxy.java:752)
	at org.springframework.aop.framework.CglibAopProxy$DynamicAdvisedInterceptor.intercept(CglibAopProxy.java:703)
	at com.zry.xiaohongshu.user.biz.controller.UserController$$SpringCGLIB$$0.updatePassword(<generated>)
	at java.base/jdk.internal.reflect.NativeMethodAccessorImpl.invoke0(Native Method)
	at java.base/jdk.internal.reflect.NativeMethodAccessorImpl.invoke(NativeMethodAccessorImpl.java:77)
	at java.base/jdk.internal.reflect.DelegatingMethodAccessorImpl.invoke(DelegatingMethodAccessorImpl.java:43)
	at java.base/java.lang.reflect.Method.invoke(Method.java:568)
	at org.springframework.web.method.support.InvocableHandlerMethod.doInvoke(InvocableHandlerMethod.java:207)
	at org.springframework.web.method.support.InvocableHandlerMethod.invokeForRequest(InvocableHandlerMethod.java:152)
	at org.springframework.web.servlet.mvc.method.annotation.ServletInvocableHandlerMethod.invokeAndHandle(ServletInvocableHandlerMethod.java:117)
	at org.springframework.web.servlet.mvc.method.annotation.RequestMappingHandlerAdapter.invokeHandlerMethod(RequestMappingHandlerAdapter.java:884)
	at org.springframework.web.servlet.mvc.method.annotation.RequestMappingHandlerAdapter.handleInternal(RequestMappingHandlerAdapter.java:797)
	at org.springframework.web.servlet.mvc.method.AbstractHandlerMethodAdapter.handle(AbstractHandlerMethodAdapter.java:87)
	at org.springframework.web.servlet.DispatcherServlet.doDispatch(DispatcherServlet.java:1080)
	at org.springframework.web.servlet.DispatcherServlet.doService(DispatcherServlet.java:973)
	at org.springframework.web.servlet.FrameworkServlet.processRequest(FrameworkServlet.java:1011)
	at org.springframework.web.servlet.FrameworkServlet.doPost(FrameworkServlet.java:914)
	at jakarta.servlet.http.HttpServlet.service(HttpServlet.java:731)
	at org.springframework.web.servlet.FrameworkServlet.service(FrameworkServlet.java:885)
	at jakarta.servlet.http.HttpServlet.service(HttpServlet.java:814)
	at org.apache.catalina.core.ApplicationFilterChain.internalDoFilter(ApplicationFilterChain.java:223)
	at org.apache.catalina.core.ApplicationFilterChain.doFilter(ApplicationFilterChain.java:158)
	at org.apache.tomcat.websocket.server.WsFilter.doFilter(WsFilter.java:53)
	at org.apache.catalina.core.ApplicationFilterChain.internalDoFilter(ApplicationFilterChain.java:185)
	at org.apache.catalina.core.ApplicationFilterChain.doFilter(ApplicationFilterChain.java:158)
	at com.zry.framework.biz.context.filter.HeaderUserId2ContextFilter.doFilterInternal(HeaderUserId2ContextFilter.java:33)
	at org.springframework.web.filter.OncePerRequestFilter.doFilter(OncePerRequestFilter.java:116)
	at org.apache.catalina.core.ApplicationFilterChain.internalDoFilter(ApplicationFilterChain.java:185)
	at org.apache.catalina.core.ApplicationFilterChain.doFilter(ApplicationFilterChain.java:158)
	at com.alibaba.druid.support.jakarta.WebStatFilter.doFilter(WebStatFilter.java:113)
	at org.apache.catalina.core.ApplicationFilterChain.internalDoFilter(ApplicationFilterChain.java:185)
	at org.apache.catalina.core.ApplicationFilterChain.doFilter(ApplicationFilterChain.java:158)
	at org.springframework.web.filter.RequestContextFilter.doFilterInternal(RequestContextFilter.java:100)
	at org.springframework.web.filter.OncePerRequestFilter.doFilter(OncePerRequestFilter.java:116)
	at org.apache.catalina.core.ApplicationFilterChain.internalDoFilter(ApplicationFilterChain.java:185)
	at org.apache.catalina.core.ApplicationFilterChain.doFilter(ApplicationFilterChain.java:158)
	at org.springframework.web.filter.FormContentFilter.doFilterInternal(FormContentFilter.java:93)
	at org.springframework.web.filter.OncePerRequestFilter.doFilter(OncePerRequestFilter.java:116)
	at org.apache.catalina.core.ApplicationFilterChain.internalDoFilter(ApplicationFilterChain.java:185)
	at org.apache.catalina.core.ApplicationFilterChain.doFilter(ApplicationFilterChain.java:158)
	at org.springframework.web.filter.CharacterEncodingFilter.doFilterInternal(CharacterEncodingFilter.java:201)
	at org.springframework.web.filter.OncePerRequestFilter.doFilter(OncePerRequestFilter.java:116)
	at org.apache.catalina.core.ApplicationFilterChain.internalDoFilter(ApplicationFilterChain.java:185)
	at org.apache.catalina.core.ApplicationFilterChain.doFilter(ApplicationFilterChain.java:158)
	at org.apache.catalina.core.StandardWrapperValve.invoke(StandardWrapperValve.java:177)
	at org.apache.catalina.core.StandardContextValve.invoke(StandardContextValve.java:97)
	at org.apache.catalina.authenticator.AuthenticatorBase.invoke(AuthenticatorBase.java:542)
	at org.apache.catalina.core.StandardHostValve.invoke(StandardHostValve.java:119)
	at org.apache.catalina.valves.ErrorReportValve.invoke(ErrorReportValve.java:92)
	at org.apache.catalina.core.StandardEngineValve.invoke(StandardEngineValve.java:78)
	at org.apache.catalina.connector.CoyoteAdapter.service(CoyoteAdapter.java:357)
	at org.apache.coyote.http11.Http11Processor.service(Http11Processor.java:400)
	at org.apache.coyote.AbstractProcessorLight.process(AbstractProcessorLight.java:65)
	at org.apache.coyote.AbstractProtocol$ConnectionHandler.process(AbstractProtocol.java:859)
	at org.apache.tomcat.util.net.NioEndpoint$SocketProcessor.doRun(NioEndpoint.java:1734)
	at org.apache.tomcat.util.net.SocketProcessorBase.run(SocketProcessorBase.java:52)
	at org.apache.tomcat.util.threads.ThreadPoolExecutor.runWorker(ThreadPoolExecutor.java:1191)
	at org.apache.tomcat.util.threads.ThreadPoolExecutor$Worker.run(ThreadPoolExecutor.java:659)
	at org.apache.tomcat.util.threads.TaskThread$WrappingRunnable.run(TaskThread.java:61)
	at java.base/java.lang.Thread.run(Thread.java:842)
Caused by: java.sql.SQLIntegrityConstraintViolationException: Column 'xiaohongshu_id' cannot be null
	at com.mysql.cj.jdbc.exceptions.SQLError.createSQLException(SQLError.java:117)
	at com.mysql.cj.jdbc.exceptions.SQLExceptionsMapping.translateException(SQLExceptionsMapping.java:122)
	at com.mysql.cj.jdbc.ClientPreparedStatement.executeInternal(ClientPreparedStatement.java:916)
	at com.mysql.cj.jdbc.ClientPreparedStatement.execute(ClientPreparedStatement.java:354)
	at com.alibaba.druid.filter.FilterChainImpl.preparedStatement_execute(FilterChainImpl.java:3462)
	at com.alibaba.druid.filter.FilterAdapter.preparedStatement_execute(FilterAdapter.java:1063)
	at com.alibaba.druid.filter.FilterChainImpl.preparedStatement_execute(FilterChainImpl.java:3460)
	at com.alibaba.druid.filter.FilterEventAdapter.preparedStatement_execute(FilterEventAdapter.java:434)
	at com.alibaba.druid.filter.FilterChainImpl.preparedStatement_execute(FilterChainImpl.java:3460)
	at com.alibaba.druid.proxy.jdbc.PreparedStatementProxyImpl.execute(PreparedStatementProxyImpl.java:158)
	at com.alibaba.druid.pool.DruidPooledPreparedStatement.execute(DruidPooledPreparedStatement.java:483)
	at java.base/jdk.internal.reflect.NativeMethodAccessorImpl.invoke0(Native Method)
	at java.base/jdk.internal.reflect.NativeMethodAccessorImpl.invoke(NativeMethodAccessorImpl.java:77)
	at java.base/jdk.internal.reflect.DelegatingMethodAccessorImpl.invoke(DelegatingMethodAccessorImpl.java:43)
	at java.base/java.lang.reflect.Method.invoke(Method.java:568)
	at org.apache.ibatis.logging.jdbc.PreparedStatementLogger.invoke(PreparedStatementLogger.java:58)
	at jdk.proxy3/jdk.proxy3.$Proxy135.execute(Unknown Source)
	at org.apache.ibatis.executor.statement.PreparedStatementHandler.update(PreparedStatementHandler.java:48)
	at org.apache.ibatis.executor.statement.RoutingStatementHandler.update(RoutingStatementHandler.java:75)
	at org.apache.ibatis.executor.SimpleExecutor.doUpdate(SimpleExecutor.java:50)
	at org.apache.ibatis.executor.BaseExecutor.update(BaseExecutor.java:117)
	at org.apache.ibatis.executor.CachingExecutor.update(CachingExecutor.java:76)
	at org.apache.ibatis.session.defaults.DefaultSqlSession.update(DefaultSqlSession.java:197)
	at java.base/jdk.internal.reflect.NativeMethodAccessorImpl.invoke0(Native Method)
	at java.base/jdk.internal.reflect.NativeMethodAccessorImpl.invoke(NativeMethodAccessorImpl.java:77)
	at java.base/jdk.internal.reflect.DelegatingMethodAccessorImpl.invoke(DelegatingMethodAccessorImpl.java:43)
	at java.base/java.lang.reflect.Method.invoke(Method.java:568)
	at org.mybatis.spring.SqlSessionTemplate$SqlSessionInterceptor.invoke(SqlSessionTemplate.java:425)
	... 96 common frames omitted
2025-08-23 15:46:42.577 [http-nio-8082-exec-1] INFO  c.z.f.b.context.filter.HeaderUserId2ContextFilter - ===== 删除 ThreadLocal， userId: 2
