2025-08-29 23:24:22.819 [main] WARN  com.alibaba.nacos.client.logging.NacosLogging - Load Logback Configuration of Nacos fail, message: Could not initialize Logback Nacos logging from classpath:nacos-logback.xml
2025-08-29 23:24:22.873 [main] WARN  com.alibaba.nacos.client.logging.NacosLogging - Load Logback Configuration of Nacos fail, message: Could not initialize Logback Nacos logging from classpath:nacos-logback.xml
2025-08-29 23:24:23.481 [main] WARN  com.alibaba.nacos.client.logging.NacosLogging - Load Logback Configuration of Nacos fail, message: Could not initialize Logback Nacos logging from classpath:nacos-logback.xml
2025-08-29 23:24:23.496 [main] WARN  com.alibaba.nacos.client.logging.NacosLogging - Load Logback Configuration of Nacos fail, message: Could not initialize Logback Nacos logging from classpath:nacos-logback.xml
2025-08-29 23:24:23.497 [main] INFO  c.z.x.user.biz.XiaohongshuUserBizApplication - The following 1 profile is active: "dev"
2025-08-29 23:24:24.133 [main] INFO  o.s.d.r.config.RepositoryConfigurationDelegate - Multiple Spring Data modules found, entering strict repository configuration mode
2025-08-29 23:24:24.136 [main] INFO  o.s.d.r.config.RepositoryConfigurationDelegate - Bootstrapping Spring Data Redis repositories in DEFAULT mode.
2025-08-29 23:24:24.162 [main] INFO  o.s.d.r.config.RepositoryConfigurationDelegate - Finished Spring Data repository scanning in 11 ms. Found 0 Redis repository interfaces.
2025-08-29 23:24:24.394 [main] INFO  o.springframework.cloud.context.scope.GenericScope - BeanFactory id=4ab69a7b-52ef-3d35-8dff-1dac05d5490c
2025-08-29 23:24:24.432 [main] INFO  o.s.c.s.PostProcessorRegistrationDelegate$BeanPostProcessorChecker - Bean 'com.zry.xiaohongshu.user.api.UserFeignApi' of type [org.springframework.cloud.openfeign.FeignClientFactoryBean] is not eligible for getting processed by all BeanPostProcessors (for example: not eligible for auto-proxying)
2025-08-29 23:24:24.434 [main] INFO  o.s.c.s.PostProcessorRegistrationDelegate$BeanPostProcessorChecker - Bean 'com.zry.xiaohongshu.oss.api.FileFeignApi' of type [org.springframework.cloud.openfeign.FeignClientFactoryBean] is not eligible for getting processed by all BeanPostProcessors (for example: not eligible for auto-proxying)
2025-08-29 23:24:24.436 [main] INFO  o.s.c.s.PostProcessorRegistrationDelegate$BeanPostProcessorChecker - Bean 'com.zry.xiaohongshu.distributed.id.generator.api.DistributedIdGeneratorFeignApi' of type [org.springframework.cloud.openfeign.FeignClientFactoryBean] is not eligible for getting processed by all BeanPostProcessors (for example: not eligible for auto-proxying)
2025-08-29 23:24:24.823 [main] INFO  o.s.boot.web.embedded.tomcat.TomcatWebServer - Tomcat initialized with port(s): 8082 (http)
2025-08-29 23:24:24.824 [main] INFO  org.apache.catalina.core.AprLifecycleListener - Loaded Apache Tomcat Native library [2.0.3] using APR version [1.7.2].
2025-08-29 23:24:24.829 [main] INFO  org.apache.catalina.core.AprLifecycleListener - OpenSSL successfully initialized [OpenSSL 3.0.8 7 Feb 2023]
2025-08-29 23:24:24.840 [main] INFO  org.apache.catalina.core.StandardService - Starting service [Tomcat]
2025-08-29 23:24:24.840 [main] INFO  org.apache.catalina.core.StandardEngine - Starting Servlet engine: [Apache Tomcat/10.1.5]
2025-08-29 23:24:24.937 [main] INFO  o.a.c.core.ContainerBase.[Tomcat].[localhost].[/] - Initializing Spring embedded WebApplicationContext
2025-08-29 23:24:24.938 [main] INFO  o.s.b.w.s.c.ServletWebServerApplicationContext - Root WebApplicationContext: initialization completed in 1418 ms
2025-08-29 23:24:25.076 [main] INFO  c.a.d.s.b.a.DruidDataSourceAutoConfigure - Init DruidDataSource
2025-08-29 23:24:25.448 [main] INFO  com.alibaba.druid.pool.DruidDataSource - {dataSource-1} inited
2025-08-29 23:24:25.756 [main] INFO  o.s.cloud.openfeign.FeignClientFactoryBean - For 'xiaohongshu-oss' URL not provided. Will try picking an instance via load-balancing.
2025-08-29 23:24:26.063 [main] INFO  o.s.cloud.openfeign.FeignClientFactoryBean - For 'xiaohongshu-distributed-id-generator' URL not provided. Will try picking an instance via load-balancing.
2025-08-29 23:24:27.297 [main] INFO  o.s.boot.web.embedded.tomcat.TomcatWebServer - Tomcat started on port(s): 8082 (http) with context path ''
2025-08-29 23:24:27.303 [main] WARN  com.alibaba.nacos.client.logging.NacosLogging - Load Logback Configuration of Nacos fail, message: Could not initialize Logback Nacos logging from classpath:nacos-logback.xml
2025-08-29 23:24:27.304 [main] INFO  com.alibaba.nacos.client.naming - initializer namespace from ans.namespace attribute : null
2025-08-29 23:24:27.304 [main] INFO  com.alibaba.nacos.client.naming - initializer namespace from ALIBABA_ALIWARE_NAMESPACE attribute :null
2025-08-29 23:24:27.305 [main] INFO  com.alibaba.nacos.client.naming - initializer namespace from namespace attribute :null
2025-08-29 23:24:27.328 [main] INFO  com.alibaba.nacos.client.utils.ParamUtil - [settings] [req-serv] nacos-server port:8848
2025-08-29 23:24:27.329 [main] INFO  com.alibaba.nacos.client.utils.ParamUtil - [settings] [http-client] connect timeout:1000
2025-08-29 23:24:27.330 [main] INFO  com.alibaba.nacos.client.utils.ParamUtil - PER_TASK_CONFIG_SIZE: 3000.0
2025-08-29 23:24:27.333 [main] INFO  c.a.n.p.auth.spi.client.ClientAuthPluginManager - [ClientAuthPluginManager] Load ClientAuthService com.alibaba.nacos.client.auth.impl.NacosClientAuthServiceImpl success.
2025-08-29 23:24:27.333 [main] INFO  c.a.n.p.auth.spi.client.ClientAuthPluginManager - [ClientAuthPluginManager] Load ClientAuthService com.alibaba.nacos.client.auth.ram.RamClientAuthServiceImpl success.
2025-08-29 23:24:27.337 [main] INFO  c.a.n.client.auth.ram.identify.CredentialWatcher - null No credential found
2025-08-29 23:24:27.347 [main] INFO  com.alibaba.nacos.common.remote.client - [RpcClientFactory] create a new rpc client of aeae720e-f97d-4717-8ede-973514d5d875
2025-08-29 23:24:27.368 [main] INFO  com.alibaba.nacos.common.remote.client - [aeae720e-f97d-4717-8ede-973514d5d875] RpcClient init, ServerListFactory = com.alibaba.nacos.client.naming.core.ServerListManager
2025-08-29 23:24:27.368 [main] INFO  com.alibaba.nacos.common.remote.client - [aeae720e-f97d-4717-8ede-973514d5d875] Registry connection listener to current client:com.alibaba.nacos.client.naming.remote.gprc.redo.NamingGrpcRedoService
2025-08-29 23:24:27.369 [main] INFO  com.alibaba.nacos.common.remote.client - [aeae720e-f97d-4717-8ede-973514d5d875] Register server push request handler:com.alibaba.nacos.client.naming.remote.gprc.NamingPushRequestHandler
2025-08-29 23:24:27.372 [main] INFO  com.alibaba.nacos.common.remote.client - [aeae720e-f97d-4717-8ede-973514d5d875] Try to connect to server on start up, server: {serverIp = '47.236.36.111', server main port = 8848}
2025-08-29 23:24:27.412 [main] INFO  c.a.nacos.common.remote.client.grpc.GrpcClient - grpc client connection server:47.236.36.111 ip,serverPort:9848,grpcTslConfig:{"sslProvider":"OPENSSL","enableTls":false,"mutualAuthEnable":false,"trustAll":false}
2025-08-29 23:24:28.545 [main] INFO  com.alibaba.nacos.common.remote.client - [aeae720e-f97d-4717-8ede-973514d5d875] Success to connect to server [47.236.36.111:8848] on start up, connectionId = 1756481068327_112.94.129.138_2045
2025-08-29 23:24:28.546 [com.alibaba.nacos.client.remote.worker] INFO  com.alibaba.nacos.common.remote.client - [aeae720e-f97d-4717-8ede-973514d5d875] Notify connected event to listeners.
2025-08-29 23:24:28.546 [com.alibaba.nacos.client.remote.worker] INFO  com.alibaba.nacos.client.naming - Grpc connection connect
2025-08-29 23:24:28.546 [main] INFO  com.alibaba.nacos.common.remote.client - [aeae720e-f97d-4717-8ede-973514d5d875] Register server push request handler:com.alibaba.nacos.common.remote.client.RpcClient$ConnectResetRequestHandler
2025-08-29 23:24:28.546 [main] INFO  com.alibaba.nacos.common.remote.client - [aeae720e-f97d-4717-8ede-973514d5d875] Register server push request handler:com.alibaba.nacos.common.remote.client.RpcClient$$Lambda$1263/0x0000024c818c2510
2025-08-29 23:24:28.547 [main] INFO  com.alibaba.nacos.client.naming - [REGISTER-SERVICE] xiaohongshu registering service xiaohongshu-user with instance Instance{instanceId='null', ip='10.2.66.3', port=8082, weight=1.0, healthy=true, enabled=true, ephemeral=true, clusterName='DEFAULT', serviceName='null', metadata={IPv6=null, preserved.register.source=SPRING_CLOUD}}
2025-08-29 23:24:28.605 [main] INFO  c.a.cloud.nacos.registry.NacosServiceRegistry - nacos registry, DEFAULT_GROUP xiaohongshu-user 10.2.66.3:8082 register finished
2025-08-29 23:24:28.874 [main] INFO  c.z.x.user.biz.XiaohongshuUserBizApplication - Started XiaohongshuUserBizApplication in 6.957 seconds (process running for 7.86)
2025-08-29 23:24:28.875 [main] INFO  c.z.x.u.biz.runner.PushRolePermissions2RedisRunner - ==> 服务启动，开始同步角色权限数据到 Redis 中...
2025-08-29 23:24:29.555 [main] DEBUG c.z.x.u.b.d.mapper.RoleDOMapper.selectEnabledList - ==>  Preparing: select id,role_key,role_name from t_role where `status` = 0 and `is_deleted` = 0;
2025-08-29 23:24:29.761 [main] DEBUG c.z.x.u.b.d.mapper.RoleDOMapper.selectEnabledList - ==> Parameters: 
2025-08-29 23:24:29.816 [main] DEBUG c.z.x.u.b.d.mapper.RoleDOMapper.selectEnabledList - <==      Total: 1
2025-08-29 23:24:29.839 [main] DEBUG c.z.x.u.b.d.m.R.selectByRoleIds - ==>  Preparing: select role_id,permission_id from t_role_permission_rel where role_id in ( ? )
2025-08-29 23:24:29.841 [main] DEBUG c.z.x.u.b.d.m.R.selectByRoleIds - ==> Parameters: 1(Long)
2025-08-29 23:24:29.848 [main] DEBUG c.z.x.u.b.d.m.R.selectByRoleIds - <==      Total: 2
2025-08-29 23:24:29.849 [main] DEBUG c.z.x.u.b.d.m.P.selectAppEnabledList - ==>  Preparing: select id, name, permission_key from t_permission where status = 0 and type = 3 and is_deleted = 0
2025-08-29 23:24:29.851 [main] DEBUG c.z.x.u.b.d.m.P.selectAppEnabledList - ==> Parameters: 
2025-08-29 23:24:29.854 [main] DEBUG c.z.x.u.b.d.m.P.selectAppEnabledList - <==      Total: 2
2025-08-29 23:24:29.923 [main] INFO  c.z.x.u.biz.runner.PushRolePermissions2RedisRunner - ==> 服务启动，成功同步角色权限数据到 Redis 中...
2025-08-29 23:25:35.617 [Thread-10] WARN  c.alibaba.nacos.common.http.HttpClientBeanHolder - [HttpClientBeanHolder] Start destroying common HttpClient
2025-08-29 23:25:35.617 [Thread-7] WARN  com.alibaba.nacos.common.notify.NotifyCenter - [NotifyCenter] Start destroying Publisher
2025-08-29 23:25:35.617 [Thread-7] WARN  com.alibaba.nacos.common.notify.NotifyCenter - [NotifyCenter] Destruction of the end
2025-08-29 23:25:35.617 [Thread-10] WARN  c.alibaba.nacos.common.http.HttpClientBeanHolder - [HttpClientBeanHolder] Destruction of the end
2025-08-29 23:25:35.652 [SpringApplicationShutdownHook] INFO  c.a.cloud.nacos.registry.NacosServiceRegistry - De-registering from Nacos Server now...
2025-08-29 23:25:35.652 [SpringApplicationShutdownHook] INFO  com.alibaba.nacos.client.naming - [DEREGISTER-SERVICE] xiaohongshu deregistering service xiaohongshu-user with instance: Instance{instanceId='null', ip='10.2.66.3', port=8082, weight=1.0, healthy=true, enabled=true, ephemeral=true, clusterName='DEFAULT', serviceName='null', metadata={}}
2025-08-29 23:25:35.721 [SpringApplicationShutdownHook] INFO  c.a.cloud.nacos.registry.NacosServiceRegistry - De-registration finished.
2025-08-29 23:25:35.722 [SpringApplicationShutdownHook] INFO  com.alibaba.nacos.client.naming - com.alibaba.nacos.client.naming.cache.ServiceInfoHolder do shutdown begin
2025-08-29 23:25:35.722 [SpringApplicationShutdownHook] INFO  com.alibaba.nacos.client.naming - com.alibaba.nacos.client.naming.backups.FailoverReactor do shutdown begin
2025-08-29 23:25:35.722 [SpringApplicationShutdownHook] INFO  com.alibaba.nacos.client.naming - com.alibaba.nacos.client.naming.backups.FailoverReactor do shutdown stop
2025-08-29 23:25:35.722 [SpringApplicationShutdownHook] INFO  com.alibaba.nacos.client.naming - com.alibaba.nacos.client.naming.cache.ServiceInfoHolder do shutdown stop
2025-08-29 23:25:35.722 [SpringApplicationShutdownHook] INFO  com.alibaba.nacos.client.naming - com.alibaba.nacos.client.naming.remote.NamingClientProxyDelegate do shutdown begin
2025-08-29 23:25:35.722 [SpringApplicationShutdownHook] INFO  com.alibaba.nacos.client.naming - com.alibaba.nacos.client.naming.core.ServiceInfoUpdateService do shutdown begin
2025-08-29 23:25:35.722 [SpringApplicationShutdownHook] INFO  com.alibaba.nacos.client.naming - com.alibaba.nacos.client.naming.core.ServiceInfoUpdateService do shutdown stop
2025-08-29 23:25:35.723 [SpringApplicationShutdownHook] INFO  com.alibaba.nacos.client.naming - com.alibaba.nacos.client.naming.core.ServerListManager do shutdown begin
2025-08-29 23:25:35.723 [SpringApplicationShutdownHook] WARN  com.alibaba.nacos.client.naming - [NamingHttpClientManager] Start destroying NacosRestTemplate
2025-08-29 23:25:35.723 [SpringApplicationShutdownHook] WARN  com.alibaba.nacos.client.naming - [NamingHttpClientManager] Destruction of the end
2025-08-29 23:25:35.723 [SpringApplicationShutdownHook] INFO  com.alibaba.nacos.client.naming - com.alibaba.nacos.client.naming.core.ServerListManager do shutdown stop
2025-08-29 23:25:35.723 [SpringApplicationShutdownHook] INFO  com.alibaba.nacos.client.naming - com.alibaba.nacos.client.naming.remote.http.NamingHttpClientProxy do shutdown begin
2025-08-29 23:25:35.723 [SpringApplicationShutdownHook] WARN  com.alibaba.nacos.client.naming - [NamingHttpClientManager] Start destroying NacosRestTemplate
2025-08-29 23:25:35.723 [SpringApplicationShutdownHook] WARN  com.alibaba.nacos.client.naming - [NamingHttpClientManager] Destruction of the end
2025-08-29 23:25:35.723 [SpringApplicationShutdownHook] INFO  com.alibaba.nacos.client.naming - com.alibaba.nacos.client.naming.remote.http.NamingHttpClientProxy do shutdown stop
2025-08-29 23:25:35.723 [SpringApplicationShutdownHook] INFO  com.alibaba.nacos.common.remote.client - Shutdown rpc client, set status to shutdown
2025-08-29 23:25:35.723 [SpringApplicationShutdownHook] INFO  com.alibaba.nacos.common.remote.client - Shutdown client event executor java.util.concurrent.ScheduledThreadPoolExecutor@312dc9eb[Running, pool size = 2, active threads = 2, queued tasks = 0, completed tasks = 0]
2025-08-29 23:25:35.723 [SpringApplicationShutdownHook] INFO  com.alibaba.nacos.common.remote.client - Close current connection 1756481068327_112.94.129.138_2045
2025-08-29 23:25:35.726 [nacos-grpc-client-executor-47.236.36.111-30] WARN  c.a.nacos.common.remote.client.grpc.GrpcClient - [1756481068327_112.94.129.138_2045]Ignore error event,isRunning:false,isAbandon=false
2025-08-29 23:25:35.727 [SpringApplicationShutdownHook] INFO  c.a.nacos.common.remote.client.grpc.GrpcClient - Shutdown grpc executor java.util.concurrent.ThreadPoolExecutor@5d5e2a2[Running, pool size = 6, active threads = 0, queued tasks = 0, completed tasks = 31]
2025-08-29 23:25:35.727 [SpringApplicationShutdownHook] INFO  com.alibaba.nacos.client.naming - Shutdown grpc redo service executor java.util.concurrent.ScheduledThreadPoolExecutor@414af8e6[Running, pool size = 1, active threads = 0, queued tasks = 1, completed tasks = 22]
2025-08-29 23:25:35.727 [SpringApplicationShutdownHook] INFO  c.a.n.client.auth.ram.identify.CredentialWatcher - [null] CredentialWatcher is stopped
2025-08-29 23:25:35.727 [SpringApplicationShutdownHook] INFO  c.a.n.client.auth.ram.identify.CredentialService - [null] CredentialService is freed
2025-08-29 23:25:35.727 [SpringApplicationShutdownHook] INFO  com.alibaba.nacos.client.naming - com.alibaba.nacos.client.naming.remote.NamingClientProxyDelegate do shutdown stop
2025-08-29 23:25:35.851 [SpringApplicationShutdownHook] INFO  com.alibaba.druid.pool.DruidDataSource - {dataSource-1} closing ...
2025-08-29 23:25:35.859 [SpringApplicationShutdownHook] INFO  com.alibaba.druid.pool.DruidDataSource - {dataSource-1} closed
