2025-10-10 00:00:00.090 [http-nio-8082-exec-7] INFO  c.z.f.b.context.filter.HeaderUserId2ContextFilter - ## HeaderUserId2ContextFilter, 用户 ID: 100
2025-10-10 00:00:00.091 [http-nio-8082-exec-7] INFO  c.z.f.b.operationlog.aspect.ApiOperationLogAspect - ====== 请求开始: [批量查询用户信息], 入参: {"ids":[100]}, 请求类: UserController, 请求方法: findByIds =================================== 
2025-10-10 00:00:00.095 [http-nio-8082-exec-7] INFO  c.z.f.b.operationlog.aspect.ApiOperationLogAspect - ====== 请求结束: [批量查询用户信息], 耗时: 4ms, 出参: {"success":true,"message":null,"errorCode":null,"data":[{"id":100,"nickName":"稚生","avatar":"https://my-xiaohongshu-oss.oss-cn-guangzhou.aliyuncs.com/ca709c5d72304bedbcf9ee14e4a3bcb2.jpg","introduction":"该用户未填写"}]} =================================== 
2025-10-10 00:00:00.096 [http-nio-8082-exec-7] INFO  c.z.f.b.context.filter.HeaderUserId2ContextFilter - ===== 删除 ThreadLocal， userId: 100
2025-10-10 00:00:02.057 [http-nio-8082-exec-8] INFO  c.z.f.b.context.filter.HeaderUserId2ContextFilter - ## HeaderUserId2ContextFilter, 用户 ID: 100
2025-10-10 00:00:02.058 [http-nio-8082-exec-8] INFO  c.z.f.b.operationlog.aspect.ApiOperationLogAspect - ====== 请求开始: [批量查询用户信息], 入参: {"ids":[100]}, 请求类: UserController, 请求方法: findByIds =================================== 
2025-10-10 00:00:02.061 [http-nio-8082-exec-8] INFO  c.z.f.b.operationlog.aspect.ApiOperationLogAspect - ====== 请求结束: [批量查询用户信息], 耗时: 3ms, 出参: {"success":true,"message":null,"errorCode":null,"data":[{"id":100,"nickName":"稚生","avatar":"https://my-xiaohongshu-oss.oss-cn-guangzhou.aliyuncs.com/ca709c5d72304bedbcf9ee14e4a3bcb2.jpg","introduction":"该用户未填写"}]} =================================== 
2025-10-10 00:00:02.061 [http-nio-8082-exec-8] INFO  c.z.f.b.context.filter.HeaderUserId2ContextFilter - ===== 删除 ThreadLocal， userId: 100
2025-10-10 00:00:30.745 [http-nio-8082-exec-10] INFO  c.z.f.b.context.filter.HeaderUserId2ContextFilter - ## HeaderUserId2ContextFilter, 用户 ID: null
2025-10-10 00:00:30.746 [http-nio-8082-exec-10] INFO  c.z.f.b.operationlog.aspect.ApiOperationLogAspect - ====== 请求开始: [批量查询用户信息], 入参: {"ids":[100]}, 请求类: UserController, 请求方法: findByIds =================================== 
2025-10-10 00:00:30.749 [http-nio-8082-exec-10] INFO  c.z.f.b.operationlog.aspect.ApiOperationLogAspect - ====== 请求结束: [批量查询用户信息], 耗时: 2ms, 出参: {"success":true,"message":null,"errorCode":null,"data":[{"id":100,"nickName":"稚生","avatar":"https://my-xiaohongshu-oss.oss-cn-guangzhou.aliyuncs.com/ca709c5d72304bedbcf9ee14e4a3bcb2.jpg","introduction":"该用户未填写"}]} =================================== 
2025-10-10 00:00:33.912 [http-nio-8082-exec-1] INFO  c.z.f.b.context.filter.HeaderUserId2ContextFilter - ## HeaderUserId2ContextFilter, 用户 ID: 100
2025-10-10 00:00:33.912 [http-nio-8082-exec-1] INFO  c.z.f.b.operationlog.aspect.ApiOperationLogAspect - ====== 请求开始: [批量查询用户信息], 入参: {"ids":[100]}, 请求类: UserController, 请求方法: findByIds =================================== 
2025-10-10 00:00:33.914 [http-nio-8082-exec-1] INFO  c.z.f.b.operationlog.aspect.ApiOperationLogAspect - ====== 请求结束: [批量查询用户信息], 耗时: 2ms, 出参: {"success":true,"message":null,"errorCode":null,"data":[{"id":100,"nickName":"稚生","avatar":"https://my-xiaohongshu-oss.oss-cn-guangzhou.aliyuncs.com/ca709c5d72304bedbcf9ee14e4a3bcb2.jpg","introduction":"该用户未填写"}]} =================================== 
2025-10-10 00:00:33.915 [http-nio-8082-exec-1] INFO  c.z.f.b.context.filter.HeaderUserId2ContextFilter - ===== 删除 ThreadLocal， userId: 100
2025-10-10 00:00:35.279 [http-nio-8082-exec-5] INFO  c.z.f.b.context.filter.HeaderUserId2ContextFilter - ## HeaderUserId2ContextFilter, 用户 ID: 100
2025-10-10 00:00:35.280 [http-nio-8082-exec-5] INFO  c.z.f.b.operationlog.aspect.ApiOperationLogAspect - ====== 请求开始: [批量查询用户信息], 入参: {"ids":[100,101]}, 请求类: UserController, 请求方法: findByIds =================================== 
2025-10-10 00:00:35.283 [http-nio-8082-exec-5] INFO  c.z.f.b.operationlog.aspect.ApiOperationLogAspect - ====== 请求结束: [批量查询用户信息], 耗时: 3ms, 出参: {"success":true,"message":null,"errorCode":null,"data":[{"id":100,"nickName":"稚生","avatar":"https://my-xiaohongshu-oss.oss-cn-guangzhou.aliyuncs.com/ca709c5d72304bedbcf9ee14e4a3bcb2.jpg","introduction":"该用户未填写"},{"id":101,"nickName":"姜磊","avatar":"https://my-xiaohongshu-oss.oss-cn-guangzhou.aliyuncs.com/c1412997b38e47c782d9a5d909024792.jpg","introduction":"1212"}]} =================================== 
2025-10-10 00:00:35.284 [http-nio-8082-exec-5] INFO  c.z.f.b.context.filter.HeaderUserId2ContextFilter - ===== 删除 ThreadLocal， userId: 100
2025-10-10 00:00:39.896 [http-nio-8082-exec-3] INFO  c.z.f.b.context.filter.HeaderUserId2ContextFilter - ## HeaderUserId2ContextFilter, 用户 ID: 100
2025-10-10 00:00:39.898 [http-nio-8082-exec-3] INFO  c.z.f.b.operationlog.aspect.ApiOperationLogAspect - ====== 请求开始: [批量查询用户信息], 入参: {"ids":[100]}, 请求类: UserController, 请求方法: findByIds =================================== 
2025-10-10 00:00:39.899 [http-nio-8082-exec-3] INFO  c.z.f.b.operationlog.aspect.ApiOperationLogAspect - ====== 请求结束: [批量查询用户信息], 耗时: 1ms, 出参: {"success":true,"message":null,"errorCode":null,"data":[{"id":100,"nickName":"稚生","avatar":"https://my-xiaohongshu-oss.oss-cn-guangzhou.aliyuncs.com/ca709c5d72304bedbcf9ee14e4a3bcb2.jpg","introduction":"该用户未填写"}]} =================================== 
2025-10-10 00:00:39.899 [http-nio-8082-exec-3] INFO  c.z.f.b.context.filter.HeaderUserId2ContextFilter - ===== 删除 ThreadLocal， userId: 100
2025-10-10 00:00:50.166 [http-nio-8082-exec-2] INFO  c.z.f.b.context.filter.HeaderUserId2ContextFilter - ## HeaderUserId2ContextFilter, 用户 ID: 100
2025-10-10 00:00:50.169 [http-nio-8082-exec-2] INFO  c.z.f.b.operationlog.aspect.ApiOperationLogAspect - ====== 请求开始: [批量查询用户信息], 入参: {"ids":[100,101]}, 请求类: UserController, 请求方法: findByIds =================================== 
2025-10-10 00:00:50.172 [http-nio-8082-exec-2] INFO  c.z.f.b.operationlog.aspect.ApiOperationLogAspect - ====== 请求结束: [批量查询用户信息], 耗时: 3ms, 出参: {"success":true,"message":null,"errorCode":null,"data":[{"id":100,"nickName":"稚生","avatar":"https://my-xiaohongshu-oss.oss-cn-guangzhou.aliyuncs.com/ca709c5d72304bedbcf9ee14e4a3bcb2.jpg","introduction":"该用户未填写"},{"id":101,"nickName":"姜磊","avatar":"https://my-xiaohongshu-oss.oss-cn-guangzhou.aliyuncs.com/c1412997b38e47c782d9a5d909024792.jpg","introduction":"1212"}]} =================================== 
2025-10-10 00:00:50.174 [http-nio-8082-exec-2] INFO  c.z.f.b.context.filter.HeaderUserId2ContextFilter - ===== 删除 ThreadLocal， userId: 100
2025-10-10 00:02:00.968 [http-nio-8082-exec-10] INFO  c.z.f.b.context.filter.HeaderUserId2ContextFilter - ## HeaderUserId2ContextFilter, 用户 ID: 100
2025-10-10 00:02:00.969 [http-nio-8082-exec-10] INFO  c.z.f.b.operationlog.aspect.ApiOperationLogAspect - ====== 请求开始: [批量查询用户信息], 入参: {"ids":[100,101]}, 请求类: UserController, 请求方法: findByIds =================================== 
2025-10-10 00:02:00.974 [http-nio-8082-exec-10] INFO  c.z.f.b.operationlog.aspect.ApiOperationLogAspect - ====== 请求结束: [批量查询用户信息], 耗时: 4ms, 出参: {"success":true,"message":null,"errorCode":null,"data":[{"id":100,"nickName":"稚生","avatar":"https://my-xiaohongshu-oss.oss-cn-guangzhou.aliyuncs.com/ca709c5d72304bedbcf9ee14e4a3bcb2.jpg","introduction":"该用户未填写"},{"id":101,"nickName":"姜磊","avatar":"https://my-xiaohongshu-oss.oss-cn-guangzhou.aliyuncs.com/c1412997b38e47c782d9a5d909024792.jpg","introduction":"1212"}]} =================================== 
2025-10-10 00:02:00.975 [http-nio-8082-exec-10] INFO  c.z.f.b.context.filter.HeaderUserId2ContextFilter - ===== 删除 ThreadLocal， userId: 100
2025-10-10 00:02:06.192 [http-nio-8082-exec-1] INFO  c.z.f.b.context.filter.HeaderUserId2ContextFilter - ## HeaderUserId2ContextFilter, 用户 ID: 100
2025-10-10 00:02:06.194 [http-nio-8082-exec-1] INFO  c.z.f.b.operationlog.aspect.ApiOperationLogAspect - ====== 请求开始: [批量查询用户信息], 入参: {"ids":[100,101]}, 请求类: UserController, 请求方法: findByIds =================================== 
2025-10-10 00:02:06.196 [http-nio-8082-exec-1] INFO  c.z.f.b.operationlog.aspect.ApiOperationLogAspect - ====== 请求结束: [批量查询用户信息], 耗时: 2ms, 出参: {"success":true,"message":null,"errorCode":null,"data":[{"id":100,"nickName":"稚生","avatar":"https://my-xiaohongshu-oss.oss-cn-guangzhou.aliyuncs.com/ca709c5d72304bedbcf9ee14e4a3bcb2.jpg","introduction":"该用户未填写"},{"id":101,"nickName":"姜磊","avatar":"https://my-xiaohongshu-oss.oss-cn-guangzhou.aliyuncs.com/c1412997b38e47c782d9a5d909024792.jpg","introduction":"1212"}]} =================================== 
2025-10-10 00:02:06.197 [http-nio-8082-exec-1] INFO  c.z.f.b.context.filter.HeaderUserId2ContextFilter - ===== 删除 ThreadLocal， userId: 100
2025-10-10 00:02:19.107 [http-nio-8082-exec-5] INFO  c.z.f.b.context.filter.HeaderUserId2ContextFilter - ## HeaderUserId2ContextFilter, 用户 ID: 100
2025-10-10 00:02:19.108 [http-nio-8082-exec-5] INFO  c.z.f.b.operationlog.aspect.ApiOperationLogAspect - ====== 请求开始: [批量查询用户信息], 入参: {"ids":[100,101]}, 请求类: UserController, 请求方法: findByIds =================================== 
2025-10-10 00:02:19.113 [http-nio-8082-exec-5] INFO  c.z.f.b.operationlog.aspect.ApiOperationLogAspect - ====== 请求结束: [批量查询用户信息], 耗时: 5ms, 出参: {"success":true,"message":null,"errorCode":null,"data":[{"id":100,"nickName":"稚生","avatar":"https://my-xiaohongshu-oss.oss-cn-guangzhou.aliyuncs.com/ca709c5d72304bedbcf9ee14e4a3bcb2.jpg","introduction":"该用户未填写"},{"id":101,"nickName":"姜磊","avatar":"https://my-xiaohongshu-oss.oss-cn-guangzhou.aliyuncs.com/c1412997b38e47c782d9a5d909024792.jpg","introduction":"1212"}]} =================================== 
2025-10-10 00:02:19.114 [http-nio-8082-exec-5] INFO  c.z.f.b.context.filter.HeaderUserId2ContextFilter - ===== 删除 ThreadLocal， userId: 100
2025-10-10 00:02:45.443 [http-nio-8082-exec-3] INFO  c.z.f.b.context.filter.HeaderUserId2ContextFilter - ## HeaderUserId2ContextFilter, 用户 ID: 100
2025-10-10 00:02:45.446 [http-nio-8082-exec-3] INFO  c.z.f.b.operationlog.aspect.ApiOperationLogAspect - ====== 请求开始: [根据用户 ID 查询用户信息], 入参: {"id":101}, 请求类: UserController, 请求方法: findById =================================== 
2025-10-10 00:02:45.448 [http-nio-8082-exec-3] INFO  c.z.x.user.biz.service.impl.UserServiceImpl - ==> 从本地缓存中获取用户信息，id: 101, userInfo: {"id":101,"nickName":"姜磊","avatar":"https://my-xiaohongshu-oss.oss-cn-guangzhou.aliyuncs.com/c1412997b38e47c782d9a5d909024792.jpg","introduction":"1212"}
2025-10-10 00:02:45.449 [http-nio-8082-exec-3] INFO  c.z.f.b.operationlog.aspect.ApiOperationLogAspect - ====== 请求结束: [根据用户 ID 查询用户信息], 耗时: 4ms, 出参: {"success":true,"message":null,"errorCode":null,"data":{"id":101,"nickName":"姜磊","avatar":"https://my-xiaohongshu-oss.oss-cn-guangzhou.aliyuncs.com/c1412997b38e47c782d9a5d909024792.jpg","introduction":"1212"}} =================================== 
2025-10-10 00:02:45.450 [http-nio-8082-exec-3] INFO  c.z.f.b.context.filter.HeaderUserId2ContextFilter - ===== 删除 ThreadLocal， userId: 100
2025-10-10 00:03:03.723 [http-nio-8082-exec-2] INFO  c.z.f.b.context.filter.HeaderUserId2ContextFilter - ## HeaderUserId2ContextFilter, 用户 ID: 100
2025-10-10 00:03:03.724 [http-nio-8082-exec-2] INFO  c.z.f.b.operationlog.aspect.ApiOperationLogAspect - ====== 请求开始: [批量查询用户信息], 入参: {"ids":[100,101]}, 请求类: UserController, 请求方法: findByIds =================================== 
2025-10-10 00:03:03.728 [http-nio-8082-exec-2] INFO  c.z.f.b.operationlog.aspect.ApiOperationLogAspect - ====== 请求结束: [批量查询用户信息], 耗时: 4ms, 出参: {"success":true,"message":null,"errorCode":null,"data":[{"id":100,"nickName":"稚生","avatar":"https://my-xiaohongshu-oss.oss-cn-guangzhou.aliyuncs.com/ca709c5d72304bedbcf9ee14e4a3bcb2.jpg","introduction":"该用户未填写"},{"id":101,"nickName":"姜磊","avatar":"https://my-xiaohongshu-oss.oss-cn-guangzhou.aliyuncs.com/c1412997b38e47c782d9a5d909024792.jpg","introduction":"1212"}]} =================================== 
2025-10-10 00:03:03.729 [http-nio-8082-exec-2] INFO  c.z.f.b.context.filter.HeaderUserId2ContextFilter - ===== 删除 ThreadLocal， userId: 100
2025-10-10 00:03:09.605 [http-nio-8082-exec-6] INFO  c.z.f.b.context.filter.HeaderUserId2ContextFilter - ## HeaderUserId2ContextFilter, 用户 ID: 100
2025-10-10 00:03:09.607 [http-nio-8082-exec-6] INFO  c.z.f.b.operationlog.aspect.ApiOperationLogAspect - ====== 请求开始: [批量查询用户信息], 入参: {"ids":[100,101]}, 请求类: UserController, 请求方法: findByIds =================================== 
2025-10-10 00:03:09.610 [http-nio-8082-exec-6] INFO  c.z.f.b.operationlog.aspect.ApiOperationLogAspect - ====== 请求结束: [批量查询用户信息], 耗时: 3ms, 出参: {"success":true,"message":null,"errorCode":null,"data":[{"id":100,"nickName":"稚生","avatar":"https://my-xiaohongshu-oss.oss-cn-guangzhou.aliyuncs.com/ca709c5d72304bedbcf9ee14e4a3bcb2.jpg","introduction":"该用户未填写"},{"id":101,"nickName":"姜磊","avatar":"https://my-xiaohongshu-oss.oss-cn-guangzhou.aliyuncs.com/c1412997b38e47c782d9a5d909024792.jpg","introduction":"1212"}]} =================================== 
2025-10-10 00:03:09.611 [http-nio-8082-exec-6] INFO  c.z.f.b.context.filter.HeaderUserId2ContextFilter - ===== 删除 ThreadLocal， userId: 100
2025-10-10 00:03:19.790 [http-nio-8082-exec-4] INFO  c.z.f.b.context.filter.HeaderUserId2ContextFilter - ## HeaderUserId2ContextFilter, 用户 ID: 100
2025-10-10 00:03:19.791 [http-nio-8082-exec-4] INFO  c.z.f.b.operationlog.aspect.ApiOperationLogAspect - ====== 请求开始: [批量查询用户信息], 入参: {"ids":[100,101]}, 请求类: UserController, 请求方法: findByIds =================================== 
2025-10-10 00:03:19.794 [http-nio-8082-exec-4] INFO  c.z.f.b.operationlog.aspect.ApiOperationLogAspect - ====== 请求结束: [批量查询用户信息], 耗时: 3ms, 出参: {"success":true,"message":null,"errorCode":null,"data":[{"id":100,"nickName":"稚生","avatar":"https://my-xiaohongshu-oss.oss-cn-guangzhou.aliyuncs.com/ca709c5d72304bedbcf9ee14e4a3bcb2.jpg","introduction":"该用户未填写"},{"id":101,"nickName":"姜磊","avatar":"https://my-xiaohongshu-oss.oss-cn-guangzhou.aliyuncs.com/c1412997b38e47c782d9a5d909024792.jpg","introduction":"1212"}]} =================================== 
2025-10-10 00:03:19.795 [http-nio-8082-exec-4] INFO  c.z.f.b.context.filter.HeaderUserId2ContextFilter - ===== 删除 ThreadLocal， userId: 100
2025-10-10 00:03:37.286 [http-nio-8082-exec-9] INFO  c.z.f.b.context.filter.HeaderUserId2ContextFilter - ## HeaderUserId2ContextFilter, 用户 ID: 100
2025-10-10 00:03:37.287 [http-nio-8082-exec-9] INFO  c.z.f.b.operationlog.aspect.ApiOperationLogAspect - ====== 请求开始: [批量查询用户信息], 入参: {"ids":[100,101]}, 请求类: UserController, 请求方法: findByIds =================================== 
2025-10-10 00:03:37.290 [http-nio-8082-exec-9] INFO  c.z.f.b.operationlog.aspect.ApiOperationLogAspect - ====== 请求结束: [批量查询用户信息], 耗时: 3ms, 出参: {"success":true,"message":null,"errorCode":null,"data":[{"id":100,"nickName":"稚生","avatar":"https://my-xiaohongshu-oss.oss-cn-guangzhou.aliyuncs.com/ca709c5d72304bedbcf9ee14e4a3bcb2.jpg","introduction":"该用户未填写"},{"id":101,"nickName":"姜磊","avatar":"https://my-xiaohongshu-oss.oss-cn-guangzhou.aliyuncs.com/c1412997b38e47c782d9a5d909024792.jpg","introduction":"1212"}]} =================================== 
2025-10-10 00:03:37.292 [http-nio-8082-exec-9] INFO  c.z.f.b.context.filter.HeaderUserId2ContextFilter - ===== 删除 ThreadLocal， userId: 100
2025-10-10 00:03:51.060 [http-nio-8082-exec-7] INFO  c.z.f.b.context.filter.HeaderUserId2ContextFilter - ## HeaderUserId2ContextFilter, 用户 ID: 100
2025-10-10 00:03:51.063 [http-nio-8082-exec-7] INFO  c.z.f.b.operationlog.aspect.ApiOperationLogAspect - ====== 请求开始: [批量查询用户信息], 入参: {"ids":[100,101]}, 请求类: UserController, 请求方法: findByIds =================================== 
2025-10-10 00:03:51.065 [http-nio-8082-exec-7] INFO  c.z.f.b.operationlog.aspect.ApiOperationLogAspect - ====== 请求结束: [批量查询用户信息], 耗时: 2ms, 出参: {"success":true,"message":null,"errorCode":null,"data":[{"id":100,"nickName":"稚生","avatar":"https://my-xiaohongshu-oss.oss-cn-guangzhou.aliyuncs.com/ca709c5d72304bedbcf9ee14e4a3bcb2.jpg","introduction":"该用户未填写"},{"id":101,"nickName":"姜磊","avatar":"https://my-xiaohongshu-oss.oss-cn-guangzhou.aliyuncs.com/c1412997b38e47c782d9a5d909024792.jpg","introduction":"1212"}]} =================================== 
2025-10-10 00:03:51.066 [http-nio-8082-exec-7] INFO  c.z.f.b.context.filter.HeaderUserId2ContextFilter - ===== 删除 ThreadLocal， userId: 100
2025-10-10 00:04:07.319 [http-nio-8082-exec-8] INFO  c.z.f.b.context.filter.HeaderUserId2ContextFilter - ## HeaderUserId2ContextFilter, 用户 ID: 100
2025-10-10 00:04:07.319 [http-nio-8082-exec-8] INFO  c.z.f.b.operationlog.aspect.ApiOperationLogAspect - ====== 请求开始: [批量查询用户信息], 入参: {"ids":[100,101]}, 请求类: UserController, 请求方法: findByIds =================================== 
2025-10-10 00:04:07.322 [http-nio-8082-exec-8] INFO  c.z.f.b.operationlog.aspect.ApiOperationLogAspect - ====== 请求结束: [批量查询用户信息], 耗时: 3ms, 出参: {"success":true,"message":null,"errorCode":null,"data":[{"id":100,"nickName":"稚生","avatar":"https://my-xiaohongshu-oss.oss-cn-guangzhou.aliyuncs.com/ca709c5d72304bedbcf9ee14e4a3bcb2.jpg","introduction":"该用户未填写"},{"id":101,"nickName":"姜磊","avatar":"https://my-xiaohongshu-oss.oss-cn-guangzhou.aliyuncs.com/c1412997b38e47c782d9a5d909024792.jpg","introduction":"1212"}]} =================================== 
2025-10-10 00:04:07.323 [http-nio-8082-exec-8] INFO  c.z.f.b.context.filter.HeaderUserId2ContextFilter - ===== 删除 ThreadLocal， userId: 100
2025-10-10 00:05:20.577 [Thread-14] WARN  c.alibaba.nacos.common.http.HttpClientBeanHolder - [HttpClientBeanHolder] Start destroying common HttpClient
2025-10-10 00:05:20.578 [Thread-11] WARN  com.alibaba.nacos.common.notify.NotifyCenter - [NotifyCenter] Start destroying Publisher
2025-10-10 00:05:20.579 [Thread-11] WARN  com.alibaba.nacos.common.notify.NotifyCenter - [NotifyCenter] Destruction of the end
2025-10-10 00:05:20.581 [Thread-14] WARN  c.alibaba.nacos.common.http.HttpClientBeanHolder - [HttpClientBeanHolder] Destruction of the end
2025-10-10 00:05:20.756 [SpringApplicationShutdownHook] INFO  c.a.cloud.nacos.registry.NacosServiceRegistry - De-registering from Nacos Server now...
2025-10-10 00:05:20.758 [SpringApplicationShutdownHook] INFO  com.alibaba.nacos.client.naming - [DEREGISTER-SERVICE] xiaohongshu deregistering service xiaohongshu-user with instance: Instance{instanceId='null', ip='10.2.66.3', port=8082, weight=1.0, healthy=true, enabled=true, ephemeral=true, clusterName='DEFAULT', serviceName='null', metadata={}}
2025-10-10 00:05:20.767 [SpringApplicationShutdownHook] INFO  c.a.cloud.nacos.registry.NacosServiceRegistry - De-registration finished.
2025-10-10 00:05:20.771 [SpringApplicationShutdownHook] INFO  com.alibaba.nacos.client.naming - com.alibaba.nacos.client.naming.cache.ServiceInfoHolder do shutdown begin
2025-10-10 00:05:20.771 [SpringApplicationShutdownHook] INFO  com.alibaba.nacos.client.naming - com.alibaba.nacos.client.naming.backups.FailoverReactor do shutdown begin
2025-10-10 00:05:20.771 [SpringApplicationShutdownHook] INFO  com.alibaba.nacos.client.naming - com.alibaba.nacos.client.naming.backups.FailoverReactor do shutdown stop
2025-10-10 00:05:20.771 [SpringApplicationShutdownHook] INFO  com.alibaba.nacos.client.naming - com.alibaba.nacos.client.naming.cache.ServiceInfoHolder do shutdown stop
2025-10-10 00:05:20.771 [SpringApplicationShutdownHook] INFO  com.alibaba.nacos.client.naming - com.alibaba.nacos.client.naming.remote.NamingClientProxyDelegate do shutdown begin
2025-10-10 00:05:20.771 [SpringApplicationShutdownHook] INFO  com.alibaba.nacos.client.naming - com.alibaba.nacos.client.naming.core.ServiceInfoUpdateService do shutdown begin
2025-10-10 00:05:20.771 [SpringApplicationShutdownHook] INFO  com.alibaba.nacos.client.naming - com.alibaba.nacos.client.naming.core.ServiceInfoUpdateService do shutdown stop
2025-10-10 00:05:20.771 [SpringApplicationShutdownHook] INFO  com.alibaba.nacos.client.naming - com.alibaba.nacos.client.naming.core.ServerListManager do shutdown begin
2025-10-10 00:05:20.771 [SpringApplicationShutdownHook] WARN  com.alibaba.nacos.client.naming - [NamingHttpClientManager] Start destroying NacosRestTemplate
2025-10-10 00:05:20.771 [SpringApplicationShutdownHook] WARN  com.alibaba.nacos.client.naming - [NamingHttpClientManager] Destruction of the end
2025-10-10 00:05:20.771 [SpringApplicationShutdownHook] INFO  com.alibaba.nacos.client.naming - com.alibaba.nacos.client.naming.core.ServerListManager do shutdown stop
2025-10-10 00:05:20.771 [SpringApplicationShutdownHook] INFO  com.alibaba.nacos.client.naming - com.alibaba.nacos.client.naming.remote.http.NamingHttpClientProxy do shutdown begin
2025-10-10 00:05:20.771 [SpringApplicationShutdownHook] WARN  com.alibaba.nacos.client.naming - [NamingHttpClientManager] Start destroying NacosRestTemplate
2025-10-10 00:05:20.771 [SpringApplicationShutdownHook] WARN  com.alibaba.nacos.client.naming - [NamingHttpClientManager] Destruction of the end
2025-10-10 00:05:20.771 [SpringApplicationShutdownHook] INFO  com.alibaba.nacos.client.naming - com.alibaba.nacos.client.naming.remote.http.NamingHttpClientProxy do shutdown stop
2025-10-10 00:05:20.771 [SpringApplicationShutdownHook] INFO  com.alibaba.nacos.common.remote.client - Shutdown rpc client, set status to shutdown
2025-10-10 00:05:20.771 [SpringApplicationShutdownHook] INFO  com.alibaba.nacos.common.remote.client - Shutdown client event executor java.util.concurrent.ScheduledThreadPoolExecutor@7eb21184[Running, pool size = 2, active threads = 2, queued tasks = 0, completed tasks = 0]
2025-10-10 00:05:20.771 [SpringApplicationShutdownHook] INFO  com.alibaba.nacos.common.remote.client - Close current connection 1760023881264_112.94.129.49_1792
2025-10-10 00:05:20.779 [nacos-grpc-client-executor-8.134.88.169-443] INFO  c.a.nacos.common.remote.client.grpc.GrpcClient - [1760023881264_112.94.129.49_1792]Ignore complete event,isRunning:false,isAbandon=false
2025-10-10 00:05:20.783 [SpringApplicationShutdownHook] INFO  c.a.nacos.common.remote.client.grpc.GrpcClient - Shutdown grpc executor java.util.concurrent.ThreadPoolExecutor@6a54ee86[Running, pool size = 4, active threads = 0, queued tasks = 0, completed tasks = 444]
2025-10-10 00:05:20.783 [SpringApplicationShutdownHook] INFO  com.alibaba.nacos.client.naming - Shutdown grpc redo service executor java.util.concurrent.ScheduledThreadPoolExecutor@5238203f[Running, pool size = 1, active threads = 0, queued tasks = 1, completed tasks = 678]
2025-10-10 00:05:20.784 [SpringApplicationShutdownHook] INFO  c.a.n.client.auth.ram.identify.CredentialWatcher - [null] CredentialWatcher is stopped
2025-10-10 00:05:20.784 [SpringApplicationShutdownHook] INFO  c.a.n.client.auth.ram.identify.CredentialService - [null] CredentialService is freed
2025-10-10 00:05:20.784 [SpringApplicationShutdownHook] INFO  com.alibaba.nacos.client.naming - com.alibaba.nacos.client.naming.remote.NamingClientProxyDelegate do shutdown stop
2025-10-10 00:05:20.801 [SpringApplicationShutdownHook] INFO  com.alibaba.druid.pool.DruidDataSource - {dataSource-1} closing ...
2025-10-10 00:05:20.805 [SpringApplicationShutdownHook] INFO  com.alibaba.druid.pool.DruidDataSource - {dataSource-1} closed
2025-10-10 00:05:20.807 [SpringApplicationShutdownHook] INFO  o.a.r.s.support.DefaultRocketMQListenerContainer - container destroyed, DefaultRocketMQListenerContainer{consumerGroup='xiaohongshu_group_DelayDeleteUserRedisCacheTopic', namespace='', nameServer='127.0.0.1:9876', topic='DelayDeleteUserRedisCacheTopic', consumeMode=CONCURRENTLY, selectorType=TAG, selectorExpression='*', messageModel=CLUSTERING', tlsEnable=false, instanceName=DEFAULT}
2025-10-10 09:16:48.871 [main] WARN  com.alibaba.nacos.client.logging.NacosLogging - Load Logback Configuration of Nacos fail, message: Could not initialize Logback Nacos logging from classpath:nacos-logback.xml
2025-10-10 09:16:48.941 [main] WARN  com.alibaba.nacos.client.logging.NacosLogging - Load Logback Configuration of Nacos fail, message: Could not initialize Logback Nacos logging from classpath:nacos-logback.xml
2025-10-10 09:16:49.567 [main] WARN  com.alibaba.nacos.client.logging.NacosLogging - Load Logback Configuration of Nacos fail, message: Could not initialize Logback Nacos logging from classpath:nacos-logback.xml
2025-10-10 09:16:49.582 [main] WARN  com.alibaba.nacos.client.logging.NacosLogging - Load Logback Configuration of Nacos fail, message: Could not initialize Logback Nacos logging from classpath:nacos-logback.xml
2025-10-10 09:16:49.583 [main] INFO  c.z.x.user.biz.XiaohongshuUserBizApplication - The following 1 profile is active: "dev"
2025-10-10 09:16:50.324 [main] INFO  o.s.d.r.config.RepositoryConfigurationDelegate - Multiple Spring Data modules found, entering strict repository configuration mode
2025-10-10 09:16:50.327 [main] INFO  o.s.d.r.config.RepositoryConfigurationDelegate - Bootstrapping Spring Data Redis repositories in DEFAULT mode.
2025-10-10 09:16:50.357 [main] INFO  o.s.d.r.config.RepositoryConfigurationDelegate - Finished Spring Data repository scanning in 13 ms. Found 0 Redis repository interfaces.
2025-10-10 09:16:50.639 [main] INFO  o.springframework.cloud.context.scope.GenericScope - BeanFactory id=80701806-1a87-3a72-87d6-63640373b7f4
2025-10-10 09:16:50.681 [main] INFO  o.s.c.s.PostProcessorRegistrationDelegate$BeanPostProcessorChecker - Bean 'com.zry.xiaohongshu.oss.api.FileFeignApi' of type [org.springframework.cloud.openfeign.FeignClientFactoryBean] is not eligible for getting processed by all BeanPostProcessors (for example: not eligible for auto-proxying)
2025-10-10 09:16:50.683 [main] INFO  o.s.c.s.PostProcessorRegistrationDelegate$BeanPostProcessorChecker - Bean 'com.zry.xiaohongshu.user.api.UserFeignApi' of type [org.springframework.cloud.openfeign.FeignClientFactoryBean] is not eligible for getting processed by all BeanPostProcessors (for example: not eligible for auto-proxying)
2025-10-10 09:16:50.687 [main] INFO  o.s.c.s.PostProcessorRegistrationDelegate$BeanPostProcessorChecker - Bean 'com.zry.xiaohongshu.distributed.id.generator.api.DistributedIdGeneratorFeignApi' of type [org.springframework.cloud.openfeign.FeignClientFactoryBean] is not eligible for getting processed by all BeanPostProcessors (for example: not eligible for auto-proxying)
2025-10-10 09:16:50.689 [main] INFO  o.s.c.s.PostProcessorRegistrationDelegate$BeanPostProcessorChecker - Bean 'com.zry.xiaohongshu.count.api.CountFeignApi' of type [org.springframework.cloud.openfeign.FeignClientFactoryBean] is not eligible for getting processed by all BeanPostProcessors (for example: not eligible for auto-proxying)
2025-10-10 09:16:50.963 [main] INFO  o.s.c.s.PostProcessorRegistrationDelegate$BeanPostProcessorChecker - Bean 'org.apache.rocketmq.spring.autoconfigure.MessageConverterConfiguration' of type [org.apache.rocketmq.spring.autoconfigure.MessageConverterConfiguration$$SpringCGLIB$$0] is not eligible for getting processed by all BeanPostProcessors (for example: not eligible for auto-proxying)
2025-10-10 09:16:51.025 [main] INFO  o.s.c.s.PostProcessorRegistrationDelegate$BeanPostProcessorChecker - Bean 'createRocketMQMessageConverter' of type [org.apache.rocketmq.spring.support.RocketMQMessageConverter] is not eligible for getting processed by all BeanPostProcessors (for example: not eligible for auto-proxying)
2025-10-10 09:16:51.028 [main] INFO  o.s.c.s.PostProcessorRegistrationDelegate$BeanPostProcessorChecker - Bean 'org.springframework.cloud.commons.config.CommonsConfigAutoConfiguration' of type [org.springframework.cloud.commons.config.CommonsConfigAutoConfiguration] is not eligible for getting processed by all BeanPostProcessors (for example: not eligible for auto-proxying)
2025-10-10 09:16:51.034 [main] INFO  o.s.c.s.PostProcessorRegistrationDelegate$BeanPostProcessorChecker - Bean 'org.springframework.cloud.client.loadbalancer.LoadBalancerDefaultMappingsProviderAutoConfiguration' of type [org.springframework.cloud.client.loadbalancer.LoadBalancerDefaultMappingsProviderAutoConfiguration] is not eligible for getting processed by all BeanPostProcessors (for example: not eligible for auto-proxying)
2025-10-10 09:16:51.035 [main] INFO  o.s.c.s.PostProcessorRegistrationDelegate$BeanPostProcessorChecker - Bean 'loadBalancerClientsDefaultsMappingsProvider' of type [org.springframework.cloud.client.loadbalancer.LoadBalancerDefaultMappingsProviderAutoConfiguration$$Lambda$721/0x000001d70151b7e0] is not eligible for getting processed by all BeanPostProcessors (for example: not eligible for auto-proxying)
2025-10-10 09:16:51.039 [main] INFO  o.s.c.s.PostProcessorRegistrationDelegate$BeanPostProcessorChecker - Bean 'defaultsBindHandlerAdvisor' of type [org.springframework.cloud.commons.config.DefaultsBindHandlerAdvisor] is not eligible for getting processed by all BeanPostProcessors (for example: not eligible for auto-proxying)
2025-10-10 09:16:51.046 [main] INFO  o.s.c.s.PostProcessorRegistrationDelegate$BeanPostProcessorChecker - Bean 'rocketmq-org.apache.rocketmq.spring.autoconfigure.RocketMQProperties' of type [org.apache.rocketmq.spring.autoconfigure.RocketMQProperties] is not eligible for getting processed by all BeanPostProcessors (for example: not eligible for auto-proxying)
2025-10-10 09:16:51.047 [main] INFO  o.s.c.s.PostProcessorRegistrationDelegate$BeanPostProcessorChecker - Bean 'org.apache.rocketmq.spring.autoconfigure.ListenerContainerConfiguration' of type [org.apache.rocketmq.spring.autoconfigure.ListenerContainerConfiguration$$SpringCGLIB$$0] is not eligible for getting processed by all BeanPostProcessors (for example: not eligible for auto-proxying)
2025-10-10 09:16:51.330 [main] INFO  o.s.boot.web.embedded.tomcat.TomcatWebServer - Tomcat initialized with port(s): 8082 (http)
2025-10-10 09:16:51.331 [main] INFO  org.apache.catalina.core.AprLifecycleListener - Loaded Apache Tomcat Native library [2.0.3] using APR version [1.7.2].
2025-10-10 09:16:51.335 [main] INFO  org.apache.catalina.core.AprLifecycleListener - OpenSSL successfully initialized [OpenSSL 3.0.8 7 Feb 2023]
2025-10-10 09:16:51.347 [main] INFO  org.apache.catalina.core.StandardService - Starting service [Tomcat]
2025-10-10 09:16:51.347 [main] INFO  org.apache.catalina.core.StandardEngine - Starting Servlet engine: [Apache Tomcat/10.1.5]
2025-10-10 09:16:51.453 [main] INFO  o.a.c.core.ContainerBase.[Tomcat].[localhost].[/] - Initializing Spring embedded WebApplicationContext
2025-10-10 09:16:51.454 [main] INFO  o.s.b.w.s.c.ServletWebServerApplicationContext - Root WebApplicationContext: initialization completed in 1848 ms
2025-10-10 09:16:55.318 [main] INFO  o.a.r.s.support.DefaultRocketMQListenerContainer - running container: DefaultRocketMQListenerContainer{consumerGroup='xiaohongshu_group_DelayDeleteUserRedisCacheTopic', namespace='', nameServer='127.0.0.1:9876', topic='DelayDeleteUserRedisCacheTopic', consumeMode=CONCURRENTLY, selectorType=TAG, selectorExpression='*', messageModel=CLUSTERING', tlsEnable=false, instanceName=DEFAULT}
2025-10-10 09:16:55.318 [main] INFO  o.a.r.s.a.ListenerContainerConfiguration - Register the listener to container, listenerBeanName:delayDeleteUserRedisCacheConsumer, containerBeanName:org.apache.rocketmq.spring.support.DefaultRocketMQListenerContainer_1
2025-10-10 09:16:55.376 [main] INFO  c.a.d.s.b.a.DruidDataSourceAutoConfigure - Init DruidDataSource
2025-10-10 09:16:55.711 [main] INFO  com.alibaba.druid.pool.DruidDataSource - {dataSource-1} inited
2025-10-10 09:16:56.048 [main] INFO  o.s.cloud.openfeign.FeignClientFactoryBean - For 'xiaohongshu-oss' URL not provided. Will try picking an instance via load-balancing.
2025-10-10 09:16:56.103 [main] INFO  o.s.cloud.openfeign.FeignClientFactoryBean - For 'xiaohongshu-distributed-id-generator' URL not provided. Will try picking an instance via load-balancing.
2025-10-10 09:16:56.126 [main] INFO  o.s.cloud.openfeign.FeignClientFactoryBean - For 'xiaohongshu-count' URL not provided. Will try picking an instance via load-balancing.
2025-10-10 09:16:56.155 [main] INFO  o.a.r.s.autoconfigure.RocketMQAutoConfiguration - a producer (xiaohongshu_group) init on namesrv 127.0.0.1:9876
2025-10-10 09:16:57.410 [main] INFO  o.s.boot.web.embedded.tomcat.TomcatWebServer - Tomcat started on port(s): 8082 (http) with context path ''
2025-10-10 09:16:57.416 [main] WARN  com.alibaba.nacos.client.logging.NacosLogging - Load Logback Configuration of Nacos fail, message: Could not initialize Logback Nacos logging from classpath:nacos-logback.xml
2025-10-10 09:16:57.416 [main] INFO  com.alibaba.nacos.client.naming - initializer namespace from ans.namespace attribute : null
2025-10-10 09:16:57.417 [main] INFO  com.alibaba.nacos.client.naming - initializer namespace from ALIBABA_ALIWARE_NAMESPACE attribute :null
2025-10-10 09:16:57.417 [main] INFO  com.alibaba.nacos.client.naming - initializer namespace from namespace attribute :null
2025-10-10 09:16:57.440 [main] INFO  com.alibaba.nacos.client.utils.ParamUtil - [settings] [req-serv] nacos-server port:8848
2025-10-10 09:16:57.440 [main] INFO  com.alibaba.nacos.client.utils.ParamUtil - [settings] [http-client] connect timeout:1000
2025-10-10 09:16:57.441 [main] INFO  com.alibaba.nacos.client.utils.ParamUtil - PER_TASK_CONFIG_SIZE: 3000.0
2025-10-10 09:16:57.445 [main] INFO  c.a.n.p.auth.spi.client.ClientAuthPluginManager - [ClientAuthPluginManager] Load ClientAuthService com.alibaba.nacos.client.auth.impl.NacosClientAuthServiceImpl success.
2025-10-10 09:16:57.445 [main] INFO  c.a.n.p.auth.spi.client.ClientAuthPluginManager - [ClientAuthPluginManager] Load ClientAuthService com.alibaba.nacos.client.auth.ram.RamClientAuthServiceImpl success.
2025-10-10 09:16:57.448 [main] INFO  c.a.n.client.auth.ram.identify.CredentialWatcher - null No credential found
2025-10-10 09:16:57.456 [main] INFO  com.alibaba.nacos.common.remote.client - [RpcClientFactory] create a new rpc client of 79b93b68-a4ca-480f-8131-1bc25fc837ba
2025-10-10 09:16:57.474 [main] INFO  com.alibaba.nacos.common.remote.client - [79b93b68-a4ca-480f-8131-1bc25fc837ba] RpcClient init, ServerListFactory = com.alibaba.nacos.client.naming.core.ServerListManager
2025-10-10 09:16:57.474 [main] INFO  com.alibaba.nacos.common.remote.client - [79b93b68-a4ca-480f-8131-1bc25fc837ba] Registry connection listener to current client:com.alibaba.nacos.client.naming.remote.gprc.redo.NamingGrpcRedoService
2025-10-10 09:16:57.475 [main] INFO  com.alibaba.nacos.common.remote.client - [79b93b68-a4ca-480f-8131-1bc25fc837ba] Register server push request handler:com.alibaba.nacos.client.naming.remote.gprc.NamingPushRequestHandler
2025-10-10 09:16:57.477 [main] INFO  com.alibaba.nacos.common.remote.client - [79b93b68-a4ca-480f-8131-1bc25fc837ba] Try to connect to server on start up, server: {serverIp = '8.134.88.169', server main port = 8848}
2025-10-10 09:16:57.509 [main] INFO  c.a.nacos.common.remote.client.grpc.GrpcClient - grpc client connection server:8.134.88.169 ip,serverPort:9848,grpcTslConfig:{"sslProvider":"OPENSSL","enableTls":false,"mutualAuthEnable":false,"trustAll":false}
2025-10-10 09:16:58.410 [main] INFO  com.alibaba.nacos.common.remote.client - [79b93b68-a4ca-480f-8131-1bc25fc837ba] Success to connect to server [8.134.88.169:8848] on start up, connectionId = 1760059018251_112.94.129.49_1460
2025-10-10 09:16:58.411 [com.alibaba.nacos.client.remote.worker] INFO  com.alibaba.nacos.common.remote.client - [79b93b68-a4ca-480f-8131-1bc25fc837ba] Notify connected event to listeners.
2025-10-10 09:16:58.411 [com.alibaba.nacos.client.remote.worker] INFO  com.alibaba.nacos.client.naming - Grpc connection connect
2025-10-10 09:16:58.411 [main] INFO  com.alibaba.nacos.common.remote.client - [79b93b68-a4ca-480f-8131-1bc25fc837ba] Register server push request handler:com.alibaba.nacos.common.remote.client.RpcClient$ConnectResetRequestHandler
2025-10-10 09:16:58.411 [main] INFO  com.alibaba.nacos.common.remote.client - [79b93b68-a4ca-480f-8131-1bc25fc837ba] Register server push request handler:com.alibaba.nacos.common.remote.client.RpcClient$$Lambda$1283/0x000001d7019d3520
2025-10-10 09:16:58.412 [main] INFO  com.alibaba.nacos.client.naming - [REGISTER-SERVICE] xiaohongshu registering service xiaohongshu-user with instance Instance{instanceId='null', ip='10.95.157.7', port=8082, weight=1.0, healthy=true, enabled=true, ephemeral=true, clusterName='DEFAULT', serviceName='null', metadata={IPv6=null, preserved.register.source=SPRING_CLOUD}}
2025-10-10 09:16:58.432 [main] INFO  c.a.cloud.nacos.registry.NacosServiceRegistry - nacos registry, DEFAULT_GROUP xiaohongshu-user 10.95.157.7:8082 register finished
2025-10-10 09:16:58.664 [main] INFO  c.z.x.user.biz.XiaohongshuUserBizApplication - Started XiaohongshuUserBizApplication in 10.535 seconds (process running for 11.403)
2025-10-10 09:16:58.665 [main] INFO  c.z.x.u.biz.runner.PushRolePermissions2RedisRunner - ==> 服务启动，开始同步角色权限数据到 Redis 中...
2025-10-10 09:16:59.029 [main] WARN  c.z.x.u.biz.runner.PushRolePermissions2RedisRunner - ==> 角色权限数据已经同步至 Redis 中，不再同步...
