2025-08-28 17:52:39.058 [main] WARN  com.alibaba.nacos.client.logging.NacosLogging - Load Logback Configuration of Nacos fail, message: Could not initialize Logback Nacos logging from classpath:nacos-logback.xml
2025-08-28 17:52:39.118 [main] WARN  com.alibaba.nacos.client.logging.NacosLogging - Load Logback Configuration of Nacos fail, message: Could not initialize Logback Nacos logging from classpath:nacos-logback.xml
2025-08-28 17:52:39.680 [main] WARN  com.alibaba.nacos.client.logging.NacosLogging - Load Logback Configuration of Nacos fail, message: Could not initialize Logback Nacos logging from classpath:nacos-logback.xml
2025-08-28 17:52:39.694 [main] WARN  com.alibaba.nacos.client.logging.NacosLogging - Load Logback Configuration of Nacos fail, message: Could not initialize Logback Nacos logging from classpath:nacos-logback.xml
2025-08-28 17:52:39.695 [main] INFO  c.z.x.u.r.b.XiaohongshuUserRelationBizApplication - The following 1 profile is active: "dev"
2025-08-28 17:52:40.284 [main] WARN  org.mybatis.spring.mapper.ClassPathMapperScanner - No MyBatis mapper was found in '[com.zry.xiaohongshu.user.relation.biz.domain.mapper]' package. Please check your configuration.
2025-08-28 17:52:40.364 [main] INFO  o.springframework.cloud.context.scope.GenericScope - BeanFactory id=10a87d07-b998-3b7a-b737-e56f6367e1d8
2025-08-28 17:52:41.025 [main] INFO  o.s.boot.web.embedded.tomcat.TomcatWebServer - Tomcat initialized with port(s): 8087 (http)
2025-08-28 17:52:41.026 [main] INFO  org.apache.catalina.core.AprLifecycleListener - Loaded Apache Tomcat Native library [2.0.3] using APR version [1.7.2].
2025-08-28 17:52:41.040 [main] INFO  org.apache.catalina.core.AprLifecycleListener - OpenSSL successfully initialized [OpenSSL 3.0.8 7 Feb 2023]
2025-08-28 17:52:41.052 [main] INFO  org.apache.catalina.core.StandardService - Starting service [Tomcat]
2025-08-28 17:52:41.052 [main] INFO  org.apache.catalina.core.StandardEngine - Starting Servlet engine: [Apache Tomcat/10.1.5]
2025-08-28 17:52:41.158 [main] INFO  o.a.c.core.ContainerBase.[Tomcat].[localhost].[/] - Initializing Spring embedded WebApplicationContext
2025-08-28 17:52:41.159 [main] INFO  o.s.b.w.s.c.ServletWebServerApplicationContext - Root WebApplicationContext: initialization completed in 1448 ms
2025-08-28 17:52:42.130 [main] INFO  c.a.d.s.b.a.DruidDataSourceAutoConfigure - Init DruidDataSource
2025-08-28 17:52:42.496 [main] INFO  com.alibaba.druid.pool.DruidDataSource - {dataSource-1} inited
2025-08-28 17:52:43.044 [main] INFO  o.s.boot.web.embedded.tomcat.TomcatWebServer - Tomcat started on port(s): 8087 (http) with context path ''
2025-08-28 17:52:43.052 [main] WARN  com.alibaba.nacos.client.logging.NacosLogging - Load Logback Configuration of Nacos fail, message: Could not initialize Logback Nacos logging from classpath:nacos-logback.xml
2025-08-28 17:52:43.052 [main] INFO  com.alibaba.nacos.client.naming - initializer namespace from ans.namespace attribute : null
2025-08-28 17:52:43.053 [main] INFO  com.alibaba.nacos.client.naming - initializer namespace from ALIBABA_ALIWARE_NAMESPACE attribute :null
2025-08-28 17:52:43.053 [main] INFO  com.alibaba.nacos.client.naming - initializer namespace from namespace attribute :null
2025-08-28 17:52:43.082 [main] INFO  com.alibaba.nacos.client.utils.ParamUtil - [settings] [req-serv] nacos-server port:8848
2025-08-28 17:52:43.082 [main] INFO  com.alibaba.nacos.client.utils.ParamUtil - [settings] [http-client] connect timeout:1000
2025-08-28 17:52:43.083 [main] INFO  com.alibaba.nacos.client.utils.ParamUtil - PER_TASK_CONFIG_SIZE: 3000.0
2025-08-28 17:52:43.089 [main] INFO  c.a.n.p.auth.spi.client.ClientAuthPluginManager - [ClientAuthPluginManager] Load ClientAuthService com.alibaba.nacos.client.auth.impl.NacosClientAuthServiceImpl success.
2025-08-28 17:52:43.089 [main] INFO  c.a.n.p.auth.spi.client.ClientAuthPluginManager - [ClientAuthPluginManager] Load ClientAuthService com.alibaba.nacos.client.auth.ram.RamClientAuthServiceImpl success.
2025-08-28 17:52:43.093 [main] INFO  c.a.n.client.auth.ram.identify.CredentialWatcher - null No credential found
2025-08-28 17:52:43.104 [main] INFO  com.alibaba.nacos.common.remote.client - [RpcClientFactory] create a new rpc client of 62f4e835-0d7a-4fe9-9f65-ea3b7d4efd1e
2025-08-28 17:52:43.136 [main] INFO  com.alibaba.nacos.common.remote.client - [62f4e835-0d7a-4fe9-9f65-ea3b7d4efd1e] RpcClient init, ServerListFactory = com.alibaba.nacos.client.naming.core.ServerListManager
2025-08-28 17:52:43.137 [main] INFO  com.alibaba.nacos.common.remote.client - [62f4e835-0d7a-4fe9-9f65-ea3b7d4efd1e] Registry connection listener to current client:com.alibaba.nacos.client.naming.remote.gprc.redo.NamingGrpcRedoService
2025-08-28 17:52:43.137 [main] INFO  com.alibaba.nacos.common.remote.client - [62f4e835-0d7a-4fe9-9f65-ea3b7d4efd1e] Register server push request handler:com.alibaba.nacos.client.naming.remote.gprc.NamingPushRequestHandler
2025-08-28 17:52:43.140 [main] INFO  com.alibaba.nacos.common.remote.client - [62f4e835-0d7a-4fe9-9f65-ea3b7d4efd1e] Try to connect to server on start up, server: {serverIp = '47.236.36.111', server main port = 8848}
2025-08-28 17:52:43.170 [main] INFO  c.a.nacos.common.remote.client.grpc.GrpcClient - grpc client connection server:47.236.36.111 ip,serverPort:9848,grpcTslConfig:{"sslProvider":"OPENSSL","enableTls":false,"mutualAuthEnable":false,"trustAll":false}
2025-08-28 17:52:44.536 [main] INFO  com.alibaba.nacos.common.remote.client - [62f4e835-0d7a-4fe9-9f65-ea3b7d4efd1e] Success to connect to server [47.236.36.111:8848] on start up, connectionId = 1756374764314_112.94.129.138_1465
2025-08-28 17:52:44.538 [com.alibaba.nacos.client.remote.worker] INFO  com.alibaba.nacos.common.remote.client - [62f4e835-0d7a-4fe9-9f65-ea3b7d4efd1e] Notify connected event to listeners.
2025-08-28 17:52:44.538 [com.alibaba.nacos.client.remote.worker] INFO  com.alibaba.nacos.client.naming - Grpc connection connect
2025-08-28 17:52:44.539 [main] INFO  com.alibaba.nacos.common.remote.client - [62f4e835-0d7a-4fe9-9f65-ea3b7d4efd1e] Register server push request handler:com.alibaba.nacos.common.remote.client.RpcClient$ConnectResetRequestHandler
2025-08-28 17:52:44.541 [main] INFO  com.alibaba.nacos.common.remote.client - [62f4e835-0d7a-4fe9-9f65-ea3b7d4efd1e] Register server push request handler:com.alibaba.nacos.common.remote.client.RpcClient$$Lambda$1012/0x0000024452743520
2025-08-28 17:52:44.544 [main] INFO  com.alibaba.nacos.client.naming - [REGISTER-SERVICE] xiaohongshu registering service xiaohongshu-user with instance Instance{instanceId='null', ip='10.2.66.3', port=8087, weight=1.0, healthy=true, enabled=true, ephemeral=true, clusterName='DEFAULT', serviceName='null', metadata={IPv6=null, preserved.register.source=SPRING_CLOUD}}
2025-08-28 17:52:44.778 [main] INFO  c.a.cloud.nacos.registry.NacosServiceRegistry - nacos registry, DEFAULT_GROUP xiaohongshu-user 10.2.66.3:8087 register finished
2025-08-28 17:52:45.035 [main] INFO  c.z.x.u.r.b.XiaohongshuUserRelationBizApplication - Started XiaohongshuUserRelationBizApplication in 6.953 seconds (process running for 8.016)
2025-08-28 21:33:42.070 [Thread-7] WARN  com.alibaba.nacos.common.notify.NotifyCenter - [NotifyCenter] Start destroying Publisher
2025-08-28 21:33:42.070 [Thread-10] WARN  c.alibaba.nacos.common.http.HttpClientBeanHolder - [HttpClientBeanHolder] Start destroying common HttpClient
2025-08-28 21:33:42.090 [Thread-7] WARN  com.alibaba.nacos.common.notify.NotifyCenter - [NotifyCenter] Destruction of the end
2025-08-28 21:33:42.106 [Thread-10] WARN  c.alibaba.nacos.common.http.HttpClientBeanHolder - [HttpClientBeanHolder] Destruction of the end
2025-08-28 21:33:42.509 [SpringApplicationShutdownHook] INFO  com.alibaba.druid.pool.DruidDataSource - {dataSource-1} closing ...
2025-08-28 21:33:42.517 [SpringApplicationShutdownHook] INFO  com.alibaba.druid.pool.DruidDataSource - {dataSource-1} closed
2025-08-28 21:33:42.521 [SpringApplicationShutdownHook] INFO  c.a.cloud.nacos.registry.NacosServiceRegistry - De-registering from Nacos Server now...
2025-08-28 21:33:42.523 [SpringApplicationShutdownHook] INFO  com.alibaba.nacos.client.naming - [DEREGISTER-SERVICE] xiaohongshu deregistering service xiaohongshu-user with instance: Instance{instanceId='null', ip='10.2.66.3', port=8087, weight=1.0, healthy=true, enabled=true, ephemeral=true, clusterName='DEFAULT', serviceName='null', metadata={}}
2025-08-28 21:33:42.595 [SpringApplicationShutdownHook] INFO  c.a.cloud.nacos.registry.NacosServiceRegistry - De-registration finished.
2025-08-28 21:33:42.597 [SpringApplicationShutdownHook] INFO  com.alibaba.nacos.client.naming - com.alibaba.nacos.client.naming.cache.ServiceInfoHolder do shutdown begin
2025-08-28 21:33:42.597 [SpringApplicationShutdownHook] INFO  com.alibaba.nacos.client.naming - com.alibaba.nacos.client.naming.backups.FailoverReactor do shutdown begin
2025-08-28 21:33:42.598 [SpringApplicationShutdownHook] INFO  com.alibaba.nacos.client.naming - com.alibaba.nacos.client.naming.backups.FailoverReactor do shutdown stop
2025-08-28 21:33:42.599 [SpringApplicationShutdownHook] INFO  com.alibaba.nacos.client.naming - com.alibaba.nacos.client.naming.cache.ServiceInfoHolder do shutdown stop
2025-08-28 21:33:42.599 [SpringApplicationShutdownHook] INFO  com.alibaba.nacos.client.naming - com.alibaba.nacos.client.naming.remote.NamingClientProxyDelegate do shutdown begin
2025-08-28 21:33:42.599 [SpringApplicationShutdownHook] INFO  com.alibaba.nacos.client.naming - com.alibaba.nacos.client.naming.core.ServiceInfoUpdateService do shutdown begin
2025-08-28 21:33:42.600 [SpringApplicationShutdownHook] INFO  com.alibaba.nacos.client.naming - com.alibaba.nacos.client.naming.core.ServiceInfoUpdateService do shutdown stop
2025-08-28 21:33:42.600 [SpringApplicationShutdownHook] INFO  com.alibaba.nacos.client.naming - com.alibaba.nacos.client.naming.core.ServerListManager do shutdown begin
2025-08-28 21:33:42.600 [SpringApplicationShutdownHook] WARN  com.alibaba.nacos.client.naming - [NamingHttpClientManager] Start destroying NacosRestTemplate
2025-08-28 21:33:42.600 [SpringApplicationShutdownHook] WARN  com.alibaba.nacos.client.naming - [NamingHttpClientManager] Destruction of the end
2025-08-28 21:33:42.601 [SpringApplicationShutdownHook] INFO  com.alibaba.nacos.client.naming - com.alibaba.nacos.client.naming.core.ServerListManager do shutdown stop
2025-08-28 21:33:42.601 [SpringApplicationShutdownHook] INFO  com.alibaba.nacos.client.naming - com.alibaba.nacos.client.naming.remote.http.NamingHttpClientProxy do shutdown begin
2025-08-28 21:33:42.601 [SpringApplicationShutdownHook] WARN  com.alibaba.nacos.client.naming - [NamingHttpClientManager] Start destroying NacosRestTemplate
2025-08-28 21:33:42.601 [SpringApplicationShutdownHook] WARN  com.alibaba.nacos.client.naming - [NamingHttpClientManager] Destruction of the end
2025-08-28 21:33:42.601 [SpringApplicationShutdownHook] INFO  com.alibaba.nacos.client.naming - com.alibaba.nacos.client.naming.remote.http.NamingHttpClientProxy do shutdown stop
2025-08-28 21:33:42.602 [SpringApplicationShutdownHook] INFO  com.alibaba.nacos.common.remote.client - Shutdown rpc client, set status to shutdown
2025-08-28 21:33:42.603 [SpringApplicationShutdownHook] INFO  com.alibaba.nacos.common.remote.client - Shutdown client event executor java.util.concurrent.ScheduledThreadPoolExecutor@6dd60ebf[Running, pool size = 2, active threads = 2, queued tasks = 0, completed tasks = 0]
2025-08-28 21:33:42.604 [SpringApplicationShutdownHook] INFO  com.alibaba.nacos.common.remote.client - Close current connection 1756374764314_112.94.129.138_1465
2025-08-28 21:33:42.625 [nacos-grpc-client-executor-47.236.36.111-2660] WARN  c.a.nacos.common.remote.client.grpc.GrpcClient - [1756374764314_112.94.129.138_1465]Ignore error event,isRunning:false,isAbandon=false
2025-08-28 21:33:42.633 [SpringApplicationShutdownHook] INFO  c.a.nacos.common.remote.client.grpc.GrpcClient - Shutdown grpc executor java.util.concurrent.ThreadPoolExecutor@792e1f18[Running, pool size = 4, active threads = 0, queued tasks = 0, completed tasks = 2661]
2025-08-28 21:33:42.633 [SpringApplicationShutdownHook] INFO  com.alibaba.nacos.client.naming - Shutdown grpc redo service executor java.util.concurrent.ScheduledThreadPoolExecutor@2d97d256[Running, pool size = 1, active threads = 0, queued tasks = 1, completed tasks = 4408]
2025-08-28 21:33:42.636 [SpringApplicationShutdownHook] INFO  c.a.n.client.auth.ram.identify.CredentialWatcher - [null] CredentialWatcher is stopped
2025-08-28 21:33:42.636 [SpringApplicationShutdownHook] INFO  c.a.n.client.auth.ram.identify.CredentialService - [null] CredentialService is freed
2025-08-28 21:33:42.637 [SpringApplicationShutdownHook] INFO  com.alibaba.nacos.client.naming - com.alibaba.nacos.client.naming.remote.NamingClientProxyDelegate do shutdown stop
2025-08-28 21:33:49.100 [main] WARN  com.alibaba.nacos.client.logging.NacosLogging - Load Logback Configuration of Nacos fail, message: Could not initialize Logback Nacos logging from classpath:nacos-logback.xml
2025-08-28 21:33:49.182 [main] WARN  com.alibaba.nacos.client.logging.NacosLogging - Load Logback Configuration of Nacos fail, message: Could not initialize Logback Nacos logging from classpath:nacos-logback.xml
2025-08-28 21:33:49.889 [main] WARN  com.alibaba.nacos.client.logging.NacosLogging - Load Logback Configuration of Nacos fail, message: Could not initialize Logback Nacos logging from classpath:nacos-logback.xml
2025-08-28 21:33:49.906 [main] WARN  com.alibaba.nacos.client.logging.NacosLogging - Load Logback Configuration of Nacos fail, message: Could not initialize Logback Nacos logging from classpath:nacos-logback.xml
2025-08-28 21:33:49.907 [main] INFO  c.z.x.u.r.b.XiaohongshuUserRelationBizApplication - The following 1 profile is active: "dev"
2025-08-28 21:33:50.496 [main] WARN  org.mybatis.spring.mapper.ClassPathMapperScanner - No MyBatis mapper was found in '[com.zry.xiaohongshu.user.relation.biz.domain.mapper]' package. Please check your configuration.
2025-08-28 21:33:50.582 [main] INFO  o.springframework.cloud.context.scope.GenericScope - BeanFactory id=10a87d07-b998-3b7a-b737-e56f6367e1d8
2025-08-28 21:33:51.097 [main] INFO  o.s.boot.web.embedded.tomcat.TomcatWebServer - Tomcat initialized with port(s): 8087 (http)
2025-08-28 21:33:51.098 [main] INFO  org.apache.catalina.core.AprLifecycleListener - Loaded Apache Tomcat Native library [2.0.3] using APR version [1.7.2].
2025-08-28 21:33:51.117 [main] INFO  org.apache.catalina.core.AprLifecycleListener - OpenSSL successfully initialized [OpenSSL 3.0.8 7 Feb 2023]
2025-08-28 21:33:51.130 [main] INFO  org.apache.catalina.core.StandardService - Starting service [Tomcat]
2025-08-28 21:33:51.130 [main] INFO  org.apache.catalina.core.StandardEngine - Starting Servlet engine: [Apache Tomcat/10.1.5]
2025-08-28 21:33:51.237 [main] INFO  o.a.c.core.ContainerBase.[Tomcat].[localhost].[/] - Initializing Spring embedded WebApplicationContext
2025-08-28 21:33:51.237 [main] INFO  o.s.b.w.s.c.ServletWebServerApplicationContext - Root WebApplicationContext: initialization completed in 1312 ms
2025-08-28 21:33:52.232 [main] INFO  c.a.d.s.b.a.DruidDataSourceAutoConfigure - Init DruidDataSource
2025-08-28 21:33:52.595 [main] INFO  com.alibaba.druid.pool.DruidDataSource - {dataSource-1} inited
2025-08-28 21:33:53.110 [main] INFO  o.s.boot.web.embedded.tomcat.TomcatWebServer - Tomcat started on port(s): 8087 (http) with context path ''
2025-08-28 21:33:53.121 [main] WARN  com.alibaba.nacos.client.logging.NacosLogging - Load Logback Configuration of Nacos fail, message: Could not initialize Logback Nacos logging from classpath:nacos-logback.xml
2025-08-28 21:33:53.121 [main] INFO  com.alibaba.nacos.client.naming - initializer namespace from ans.namespace attribute : null
2025-08-28 21:33:53.122 [main] INFO  com.alibaba.nacos.client.naming - initializer namespace from ALIBABA_ALIWARE_NAMESPACE attribute :null
2025-08-28 21:33:53.122 [main] INFO  com.alibaba.nacos.client.naming - initializer namespace from namespace attribute :null
2025-08-28 21:33:53.153 [main] INFO  com.alibaba.nacos.client.utils.ParamUtil - [settings] [req-serv] nacos-server port:8848
2025-08-28 21:33:53.154 [main] INFO  com.alibaba.nacos.client.utils.ParamUtil - [settings] [http-client] connect timeout:1000
2025-08-28 21:33:53.155 [main] INFO  com.alibaba.nacos.client.utils.ParamUtil - PER_TASK_CONFIG_SIZE: 3000.0
2025-08-28 21:33:53.159 [main] INFO  c.a.n.p.auth.spi.client.ClientAuthPluginManager - [ClientAuthPluginManager] Load ClientAuthService com.alibaba.nacos.client.auth.impl.NacosClientAuthServiceImpl success.
2025-08-28 21:33:53.160 [main] INFO  c.a.n.p.auth.spi.client.ClientAuthPluginManager - [ClientAuthPluginManager] Load ClientAuthService com.alibaba.nacos.client.auth.ram.RamClientAuthServiceImpl success.
2025-08-28 21:33:53.163 [main] INFO  c.a.n.client.auth.ram.identify.CredentialWatcher - null No credential found
2025-08-28 21:33:53.173 [main] INFO  com.alibaba.nacos.common.remote.client - [RpcClientFactory] create a new rpc client of de2c086b-061b-4c31-b0be-7ece9e20ee9d
2025-08-28 21:33:53.196 [main] INFO  com.alibaba.nacos.common.remote.client - [de2c086b-061b-4c31-b0be-7ece9e20ee9d] RpcClient init, ServerListFactory = com.alibaba.nacos.client.naming.core.ServerListManager
2025-08-28 21:33:53.197 [main] INFO  com.alibaba.nacos.common.remote.client - [de2c086b-061b-4c31-b0be-7ece9e20ee9d] Registry connection listener to current client:com.alibaba.nacos.client.naming.remote.gprc.redo.NamingGrpcRedoService
2025-08-28 21:33:53.197 [main] INFO  com.alibaba.nacos.common.remote.client - [de2c086b-061b-4c31-b0be-7ece9e20ee9d] Register server push request handler:com.alibaba.nacos.client.naming.remote.gprc.NamingPushRequestHandler
2025-08-28 21:33:53.199 [main] INFO  com.alibaba.nacos.common.remote.client - [de2c086b-061b-4c31-b0be-7ece9e20ee9d] Try to connect to server on start up, server: {serverIp = '47.236.36.111', server main port = 8848}
2025-08-28 21:33:53.238 [main] INFO  c.a.nacos.common.remote.client.grpc.GrpcClient - grpc client connection server:47.236.36.111 ip,serverPort:9848,grpcTslConfig:{"sslProvider":"OPENSSL","enableTls":false,"mutualAuthEnable":false,"trustAll":false}
2025-08-28 21:33:54.552 [main] INFO  com.alibaba.nacos.common.remote.client - [de2c086b-061b-4c31-b0be-7ece9e20ee9d] Success to connect to server [47.236.36.111:8848] on start up, connectionId = 1756388034310_112.94.129.138_1038
2025-08-28 21:33:54.553 [com.alibaba.nacos.client.remote.worker] INFO  com.alibaba.nacos.common.remote.client - [de2c086b-061b-4c31-b0be-7ece9e20ee9d] Notify connected event to listeners.
2025-08-28 21:33:54.553 [com.alibaba.nacos.client.remote.worker] INFO  com.alibaba.nacos.client.naming - Grpc connection connect
2025-08-28 21:33:54.554 [main] INFO  com.alibaba.nacos.common.remote.client - [de2c086b-061b-4c31-b0be-7ece9e20ee9d] Register server push request handler:com.alibaba.nacos.common.remote.client.RpcClient$ConnectResetRequestHandler
2025-08-28 21:33:54.556 [main] INFO  com.alibaba.nacos.common.remote.client - [de2c086b-061b-4c31-b0be-7ece9e20ee9d] Register server push request handler:com.alibaba.nacos.common.remote.client.RpcClient$$Lambda$1012/0x0000025c81744150
2025-08-28 21:33:54.557 [main] INFO  com.alibaba.nacos.client.naming - [REGISTER-SERVICE] xiaohongshu registering service xiaohongshu-user-relation with instance Instance{instanceId='null', ip='10.2.66.3', port=8087, weight=1.0, healthy=true, enabled=true, ephemeral=true, clusterName='DEFAULT', serviceName='null', metadata={IPv6=null, preserved.register.source=SPRING_CLOUD}}
2025-08-28 21:33:54.625 [main] INFO  c.a.cloud.nacos.registry.NacosServiceRegistry - nacos registry, DEFAULT_GROUP xiaohongshu-user-relation 10.2.66.3:8087 register finished
2025-08-28 21:33:54.885 [main] INFO  c.z.x.u.r.b.XiaohongshuUserRelationBizApplication - Started XiaohongshuUserRelationBizApplication in 6.752 seconds (process running for 7.64)
2025-08-28 22:47:53.936 [Thread-10] WARN  c.alibaba.nacos.common.http.HttpClientBeanHolder - [HttpClientBeanHolder] Start destroying common HttpClient
2025-08-28 22:47:53.936 [Thread-7] WARN  com.alibaba.nacos.common.notify.NotifyCenter - [NotifyCenter] Start destroying Publisher
2025-08-28 22:47:53.965 [Thread-7] WARN  com.alibaba.nacos.common.notify.NotifyCenter - [NotifyCenter] Destruction of the end
2025-08-28 22:47:53.979 [Thread-10] WARN  c.alibaba.nacos.common.http.HttpClientBeanHolder - [HttpClientBeanHolder] Destruction of the end
2025-08-28 22:47:54.495 [SpringApplicationShutdownHook] INFO  com.alibaba.druid.pool.DruidDataSource - {dataSource-1} closing ...
2025-08-28 22:47:54.500 [SpringApplicationShutdownHook] INFO  com.alibaba.druid.pool.DruidDataSource - {dataSource-1} closed
2025-08-28 22:47:54.503 [SpringApplicationShutdownHook] INFO  c.a.cloud.nacos.registry.NacosServiceRegistry - De-registering from Nacos Server now...
2025-08-28 22:47:54.505 [SpringApplicationShutdownHook] INFO  com.alibaba.nacos.client.naming - [DEREGISTER-SERVICE] xiaohongshu deregistering service xiaohongshu-user-relation with instance: Instance{instanceId='null', ip='10.2.66.3', port=8087, weight=1.0, healthy=true, enabled=true, ephemeral=true, clusterName='DEFAULT', serviceName='null', metadata={}}
2025-08-28 22:47:54.584 [SpringApplicationShutdownHook] INFO  c.a.cloud.nacos.registry.NacosServiceRegistry - De-registration finished.
2025-08-28 22:47:54.586 [SpringApplicationShutdownHook] INFO  com.alibaba.nacos.client.naming - com.alibaba.nacos.client.naming.cache.ServiceInfoHolder do shutdown begin
2025-08-28 22:47:54.586 [SpringApplicationShutdownHook] INFO  com.alibaba.nacos.client.naming - com.alibaba.nacos.client.naming.backups.FailoverReactor do shutdown begin
2025-08-28 22:47:54.587 [SpringApplicationShutdownHook] INFO  com.alibaba.nacos.client.naming - com.alibaba.nacos.client.naming.backups.FailoverReactor do shutdown stop
2025-08-28 22:47:54.587 [SpringApplicationShutdownHook] INFO  com.alibaba.nacos.client.naming - com.alibaba.nacos.client.naming.cache.ServiceInfoHolder do shutdown stop
2025-08-28 22:47:54.587 [SpringApplicationShutdownHook] INFO  com.alibaba.nacos.client.naming - com.alibaba.nacos.client.naming.remote.NamingClientProxyDelegate do shutdown begin
2025-08-28 22:47:54.587 [SpringApplicationShutdownHook] INFO  com.alibaba.nacos.client.naming - com.alibaba.nacos.client.naming.core.ServiceInfoUpdateService do shutdown begin
2025-08-28 22:47:54.587 [SpringApplicationShutdownHook] INFO  com.alibaba.nacos.client.naming - com.alibaba.nacos.client.naming.core.ServiceInfoUpdateService do shutdown stop
2025-08-28 22:47:54.587 [SpringApplicationShutdownHook] INFO  com.alibaba.nacos.client.naming - com.alibaba.nacos.client.naming.core.ServerListManager do shutdown begin
2025-08-28 22:47:54.587 [SpringApplicationShutdownHook] WARN  com.alibaba.nacos.client.naming - [NamingHttpClientManager] Start destroying NacosRestTemplate
2025-08-28 22:47:54.589 [SpringApplicationShutdownHook] WARN  com.alibaba.nacos.client.naming - [NamingHttpClientManager] Destruction of the end
2025-08-28 22:47:54.589 [SpringApplicationShutdownHook] INFO  com.alibaba.nacos.client.naming - com.alibaba.nacos.client.naming.core.ServerListManager do shutdown stop
2025-08-28 22:47:54.589 [SpringApplicationShutdownHook] INFO  com.alibaba.nacos.client.naming - com.alibaba.nacos.client.naming.remote.http.NamingHttpClientProxy do shutdown begin
2025-08-28 22:47:54.589 [SpringApplicationShutdownHook] WARN  com.alibaba.nacos.client.naming - [NamingHttpClientManager] Start destroying NacosRestTemplate
2025-08-28 22:47:54.589 [SpringApplicationShutdownHook] WARN  com.alibaba.nacos.client.naming - [NamingHttpClientManager] Destruction of the end
2025-08-28 22:47:54.589 [SpringApplicationShutdownHook] INFO  com.alibaba.nacos.client.naming - com.alibaba.nacos.client.naming.remote.http.NamingHttpClientProxy do shutdown stop
2025-08-28 22:47:54.589 [SpringApplicationShutdownHook] INFO  com.alibaba.nacos.common.remote.client - Shutdown rpc client, set status to shutdown
2025-08-28 22:47:54.590 [SpringApplicationShutdownHook] INFO  com.alibaba.nacos.common.remote.client - Shutdown client event executor java.util.concurrent.ScheduledThreadPoolExecutor@59ae30f3[Running, pool size = 2, active threads = 2, queued tasks = 0, completed tasks = 0]
2025-08-28 22:47:54.590 [SpringApplicationShutdownHook] INFO  com.alibaba.nacos.common.remote.client - Close current connection 1756388034310_112.94.129.138_1038
2025-08-28 22:47:54.608 [nacos-grpc-client-executor-47.236.36.111-907] WARN  c.a.nacos.common.remote.client.grpc.GrpcClient - [1756388034310_112.94.129.138_1038]Ignore error event,isRunning:false,isAbandon=false
2025-08-28 22:47:54.620 [SpringApplicationShutdownHook] INFO  c.a.nacos.common.remote.client.grpc.GrpcClient - Shutdown grpc executor java.util.concurrent.ThreadPoolExecutor@5dc11076[Running, pool size = 4, active threads = 0, queued tasks = 0, completed tasks = 908]
2025-08-28 22:47:54.621 [SpringApplicationShutdownHook] INFO  com.alibaba.nacos.client.naming - Shutdown grpc redo service executor java.util.concurrent.ScheduledThreadPoolExecutor@26a48f5d[Running, pool size = 1, active threads = 0, queued tasks = 1, completed tasks = 1476]
2025-08-28 22:47:54.622 [SpringApplicationShutdownHook] INFO  c.a.n.client.auth.ram.identify.CredentialWatcher - [null] CredentialWatcher is stopped
2025-08-28 22:47:54.622 [SpringApplicationShutdownHook] INFO  c.a.n.client.auth.ram.identify.CredentialService - [null] CredentialService is freed
2025-08-28 22:47:54.622 [SpringApplicationShutdownHook] INFO  com.alibaba.nacos.client.naming - com.alibaba.nacos.client.naming.remote.NamingClientProxyDelegate do shutdown stop
2025-08-28 22:48:03.175 [main] WARN  com.alibaba.nacos.client.logging.NacosLogging - Load Logback Configuration of Nacos fail, message: Could not initialize Logback Nacos logging from classpath:nacos-logback.xml
2025-08-28 22:48:03.271 [main] WARN  com.alibaba.nacos.client.logging.NacosLogging - Load Logback Configuration of Nacos fail, message: Could not initialize Logback Nacos logging from classpath:nacos-logback.xml
2025-08-28 22:48:03.960 [main] WARN  com.alibaba.nacos.client.logging.NacosLogging - Load Logback Configuration of Nacos fail, message: Could not initialize Logback Nacos logging from classpath:nacos-logback.xml
2025-08-28 22:48:03.979 [main] WARN  com.alibaba.nacos.client.logging.NacosLogging - Load Logback Configuration of Nacos fail, message: Could not initialize Logback Nacos logging from classpath:nacos-logback.xml
2025-08-28 22:48:03.979 [main] INFO  c.z.x.u.r.b.XiaohongshuUserRelationBizApplication - The following 1 profile is active: "dev"
2025-08-28 22:48:04.724 [main] INFO  o.s.d.r.config.RepositoryConfigurationDelegate - Multiple Spring Data modules found, entering strict repository configuration mode
2025-08-28 22:48:04.728 [main] INFO  o.s.d.r.config.RepositoryConfigurationDelegate - Bootstrapping Spring Data Redis repositories in DEFAULT mode.
2025-08-28 22:48:04.764 [main] INFO  o.s.d.r.config.RepositoryConfigurationDelegate - Finished Spring Data repository scanning in 11 ms. Found 0 Redis repository interfaces.
2025-08-28 22:48:04.996 [main] INFO  o.springframework.cloud.context.scope.GenericScope - BeanFactory id=6b2e48af-6169-3ef2-aee1-1e11e8d65ff8
2025-08-28 22:48:05.761 [main] INFO  o.s.boot.web.embedded.tomcat.TomcatWebServer - Tomcat initialized with port(s): 8087 (http)
2025-08-28 22:48:05.762 [main] INFO  org.apache.catalina.core.AprLifecycleListener - Loaded Apache Tomcat Native library [2.0.3] using APR version [1.7.2].
2025-08-28 22:48:05.775 [main] INFO  org.apache.catalina.core.AprLifecycleListener - OpenSSL successfully initialized [OpenSSL 3.0.8 7 Feb 2023]
2025-08-28 22:48:05.788 [main] INFO  org.apache.catalina.core.StandardService - Starting service [Tomcat]
2025-08-28 22:48:05.789 [main] INFO  org.apache.catalina.core.StandardEngine - Starting Servlet engine: [Apache Tomcat/10.1.5]
2025-08-28 22:48:05.889 [main] INFO  o.a.c.core.ContainerBase.[Tomcat].[localhost].[/] - Initializing Spring embedded WebApplicationContext
2025-08-28 22:48:05.889 [main] INFO  o.s.b.w.s.c.ServletWebServerApplicationContext - Root WebApplicationContext: initialization completed in 1885 ms
2025-08-28 22:48:07.232 [main] INFO  c.a.d.s.b.a.DruidDataSourceAutoConfigure - Init DruidDataSource
2025-08-28 22:48:07.597 [main] INFO  com.alibaba.druid.pool.DruidDataSource - {dataSource-1} inited
2025-08-28 22:48:08.406 [main] INFO  o.s.boot.web.embedded.tomcat.TomcatWebServer - Tomcat started on port(s): 8087 (http) with context path ''
2025-08-28 22:48:08.415 [main] WARN  com.alibaba.nacos.client.logging.NacosLogging - Load Logback Configuration of Nacos fail, message: Could not initialize Logback Nacos logging from classpath:nacos-logback.xml
2025-08-28 22:48:08.415 [main] INFO  com.alibaba.nacos.client.naming - initializer namespace from ans.namespace attribute : null
2025-08-28 22:48:08.416 [main] INFO  com.alibaba.nacos.client.naming - initializer namespace from ALIBABA_ALIWARE_NAMESPACE attribute :null
2025-08-28 22:48:08.416 [main] INFO  com.alibaba.nacos.client.naming - initializer namespace from namespace attribute :null
2025-08-28 22:48:08.448 [main] INFO  com.alibaba.nacos.client.utils.ParamUtil - [settings] [req-serv] nacos-server port:8848
2025-08-28 22:48:08.448 [main] INFO  com.alibaba.nacos.client.utils.ParamUtil - [settings] [http-client] connect timeout:1000
2025-08-28 22:48:08.448 [main] INFO  com.alibaba.nacos.client.utils.ParamUtil - PER_TASK_CONFIG_SIZE: 3000.0
2025-08-28 22:48:08.453 [main] INFO  c.a.n.p.auth.spi.client.ClientAuthPluginManager - [ClientAuthPluginManager] Load ClientAuthService com.alibaba.nacos.client.auth.impl.NacosClientAuthServiceImpl success.
2025-08-28 22:48:08.453 [main] INFO  c.a.n.p.auth.spi.client.ClientAuthPluginManager - [ClientAuthPluginManager] Load ClientAuthService com.alibaba.nacos.client.auth.ram.RamClientAuthServiceImpl success.
2025-08-28 22:48:08.457 [main] INFO  c.a.n.client.auth.ram.identify.CredentialWatcher - null No credential found
2025-08-28 22:48:08.468 [main] INFO  com.alibaba.nacos.common.remote.client - [RpcClientFactory] create a new rpc client of 7d1f44e7-890f-4eec-9ec1-8a9e25820f13
2025-08-28 22:48:08.495 [main] INFO  com.alibaba.nacos.common.remote.client - [7d1f44e7-890f-4eec-9ec1-8a9e25820f13] RpcClient init, ServerListFactory = com.alibaba.nacos.client.naming.core.ServerListManager
2025-08-28 22:48:08.496 [main] INFO  com.alibaba.nacos.common.remote.client - [7d1f44e7-890f-4eec-9ec1-8a9e25820f13] Registry connection listener to current client:com.alibaba.nacos.client.naming.remote.gprc.redo.NamingGrpcRedoService
2025-08-28 22:48:08.496 [main] INFO  com.alibaba.nacos.common.remote.client - [7d1f44e7-890f-4eec-9ec1-8a9e25820f13] Register server push request handler:com.alibaba.nacos.client.naming.remote.gprc.NamingPushRequestHandler
2025-08-28 22:48:08.499 [main] INFO  com.alibaba.nacos.common.remote.client - [7d1f44e7-890f-4eec-9ec1-8a9e25820f13] Try to connect to server on start up, server: {serverIp = '47.236.36.111', server main port = 8848}
2025-08-28 22:48:08.530 [main] INFO  c.a.nacos.common.remote.client.grpc.GrpcClient - grpc client connection server:47.236.36.111 ip,serverPort:9848,grpcTslConfig:{"sslProvider":"OPENSSL","enableTls":false,"mutualAuthEnable":false,"trustAll":false}
2025-08-28 22:48:10.149 [main] INFO  com.alibaba.nacos.common.remote.client - [7d1f44e7-890f-4eec-9ec1-8a9e25820f13] Success to connect to server [47.236.36.111:8848] on start up, connectionId = 1756392489933_112.94.129.138_1682
2025-08-28 22:48:10.151 [com.alibaba.nacos.client.remote.worker] INFO  com.alibaba.nacos.common.remote.client - [7d1f44e7-890f-4eec-9ec1-8a9e25820f13] Notify connected event to listeners.
2025-08-28 22:48:10.151 [com.alibaba.nacos.client.remote.worker] INFO  com.alibaba.nacos.client.naming - Grpc connection connect
2025-08-28 22:48:10.154 [main] INFO  com.alibaba.nacos.common.remote.client - [7d1f44e7-890f-4eec-9ec1-8a9e25820f13] Register server push request handler:com.alibaba.nacos.common.remote.client.RpcClient$ConnectResetRequestHandler
2025-08-28 22:48:10.154 [main] INFO  com.alibaba.nacos.common.remote.client - [7d1f44e7-890f-4eec-9ec1-8a9e25820f13] Register server push request handler:com.alibaba.nacos.common.remote.client.RpcClient$$Lambda$1219/0x000001e79e8ced50
2025-08-28 22:48:10.156 [main] INFO  com.alibaba.nacos.client.naming - [REGISTER-SERVICE] xiaohongshu registering service xiaohongshu-user-relation with instance Instance{instanceId='null', ip='10.2.66.3', port=8087, weight=1.0, healthy=true, enabled=true, ephemeral=true, clusterName='DEFAULT', serviceName='null', metadata={IPv6=null, preserved.register.source=SPRING_CLOUD}}
2025-08-28 22:48:10.215 [main] INFO  c.a.cloud.nacos.registry.NacosServiceRegistry - nacos registry, DEFAULT_GROUP xiaohongshu-user-relation 10.2.66.3:8087 register finished
2025-08-28 22:48:10.495 [main] INFO  c.z.x.u.r.b.XiaohongshuUserRelationBizApplication - Started XiaohongshuUserRelationBizApplication in 8.345 seconds (process running for 9.252)
