2025-10-23 15:02:15.435 [main] WARN  com.alibaba.nacos.client.logging.NacosLogging - Load Logback Configuration of Nacos fail, message: Could not initialize Logback Nacos logging from classpath:nacos-logback.xml
2025-10-23 15:02:15.551 [main] WARN  com.alibaba.nacos.client.logging.NacosLogging - Load Logback Configuration of Nacos fail, message: Could not initialize Logback Nacos logging from classpath:nacos-logback.xml
2025-10-23 15:02:15.977 [main] WARN  com.alibaba.nacos.client.logging.NacosLogging - Load Logback Configuration of Nacos fail, message: Could not initialize Logback Nacos logging from classpath:nacos-logback.xml
2025-10-23 15:02:15.981 [main] INFO  com.alibaba.nacos.client.utils.ParamUtil - [settings] [req-serv] nacos-server port:8848
2025-10-23 15:02:15.981 [main] INFO  com.alibaba.nacos.client.utils.ParamUtil - [settings] [http-client] connect timeout:1000
2025-10-23 15:02:15.983 [main] INFO  com.alibaba.nacos.client.utils.ParamUtil - PER_TASK_CONFIG_SIZE: 3000.0
2025-10-23 15:02:16.036 [main] INFO  c.a.n.p.auth.spi.client.ClientAuthPluginManager - [ClientAuthPluginManager] Load ClientAuthService com.alibaba.nacos.client.auth.impl.NacosClientAuthServiceImpl success.
2025-10-23 15:02:16.036 [main] INFO  c.a.n.p.auth.spi.client.ClientAuthPluginManager - [ClientAuthPluginManager] Load ClientAuthService com.alibaba.nacos.client.auth.ram.RamClientAuthServiceImpl success.
2025-10-23 15:02:16.041 [main] INFO  c.a.n.client.auth.ram.identify.CredentialWatcher - null No credential found
2025-10-23 15:02:16.605 [main] WARN  com.alibaba.nacos.client.logging.NacosLogging - Load Logback Configuration of Nacos fail, message: Could not initialize Logback Nacos logging from classpath:nacos-logback.xml
2025-10-23 15:02:16.627 [main] INFO  c.a.n.client.config.impl.LocalConfigInfoProcessor - LOCAL_SNAPSHOT_PATH:C:\Users\Rey\nacos\config
2025-10-23 15:02:16.638 [main] INFO  com.alibaba.nacos.common.remote.client - [RpcClientFactory] create a new rpc client of 2356f2e5-75e1-43c9-a117-7eaf8603a2de_config-0
2025-10-23 15:02:16.669 [main] INFO  com.alibaba.nacos.common.remote.client - [2356f2e5-75e1-43c9-a117-7eaf8603a2de_config-0] Register server push request handler:com.alibaba.nacos.client.config.impl.ClientWorker$ConfigRpcTransportClient$$Lambda$584/0x000001972838df58
2025-10-23 15:02:16.671 [main] INFO  com.alibaba.nacos.common.remote.client - [2356f2e5-75e1-43c9-a117-7eaf8603a2de_config-0] Register server push request handler:com.alibaba.nacos.client.config.impl.ClientWorker$ConfigRpcTransportClient$$Lambda$585/0x000001972838e378
2025-10-23 15:02:16.671 [main] INFO  com.alibaba.nacos.common.remote.client - [2356f2e5-75e1-43c9-a117-7eaf8603a2de_config-0] Registry connection listener to current client:com.alibaba.nacos.client.config.impl.ClientWorker$ConfigRpcTransportClient$1
2025-10-23 15:02:16.672 [main] INFO  com.alibaba.nacos.common.remote.client - [2356f2e5-75e1-43c9-a117-7eaf8603a2de_config-0] RpcClient init, ServerListFactory = com.alibaba.nacos.client.config.impl.ClientWorker$ConfigRpcTransportClient$2
2025-10-23 15:02:16.689 [main] INFO  com.alibaba.nacos.common.remote.client - [2356f2e5-75e1-43c9-a117-7eaf8603a2de_config-0] Try to connect to server on start up, server: {serverIp = '8.134.88.169', server main port = 8848}
2025-10-23 15:02:16.740 [main] INFO  c.a.nacos.common.remote.client.grpc.GrpcClient - grpc client connection server:8.134.88.169 ip,serverPort:9848,grpcTslConfig:{"sslProvider":"OPENSSL","enableTls":false,"mutualAuthEnable":false,"trustAll":false}
2025-10-23 15:02:18.520 [main] INFO  com.alibaba.nacos.common.remote.client - [2356f2e5-75e1-43c9-a117-7eaf8603a2de_config-0] Success to connect to server [8.134.88.169:8848] on start up, connectionId = 1761202939087_112.94.129.21_7268
2025-10-23 15:02:18.521 [com.alibaba.nacos.client.remote.worker] INFO  com.alibaba.nacos.common.remote.client - [2356f2e5-75e1-43c9-a117-7eaf8603a2de_config-0] Notify connected event to listeners.
2025-10-23 15:02:18.521 [com.alibaba.nacos.client.remote.worker] INFO  com.alibaba.nacos.client.config.impl.ClientWorker - [2356f2e5-75e1-43c9-a117-7eaf8603a2de_config-0] Connected,notify listen context...
2025-10-23 15:02:18.521 [main] INFO  com.alibaba.nacos.common.remote.client - [2356f2e5-75e1-43c9-a117-7eaf8603a2de_config-0] Register server push request handler:com.alibaba.nacos.common.remote.client.RpcClient$ConnectResetRequestHandler
2025-10-23 15:02:18.522 [main] INFO  com.alibaba.nacos.common.remote.client - [2356f2e5-75e1-43c9-a117-7eaf8603a2de_config-0] Register server push request handler:com.alibaba.nacos.common.remote.client.RpcClient$$Lambda$605/0x00000197284d58a8
2025-10-23 15:02:18.609 [main] INFO  com.alibaba.nacos.client.config.impl.Limiter - limitTime:5.0
2025-10-23 15:02:18.637 [main] WARN  c.a.cloud.nacos.client.NacosPropertySourceBuilder - Ignore the empty nacos configuration and get it based on dataId[xiaohongshu-user-relation] & group[DEFAULT_GROUP]
2025-10-23 15:02:18.653 [main] WARN  c.a.cloud.nacos.client.NacosPropertySourceBuilder - Ignore the empty nacos configuration and get it based on dataId[xiaohongshu-user-relation.yaml] & group[DEFAULT_GROUP]
2025-10-23 15:02:18.669 [main] WARN  c.a.cloud.nacos.client.NacosPropertySourceBuilder - Ignore the empty nacos configuration and get it based on dataId[xiaohongshu-user-relation-dev.yaml] & group[DEFAULT_GROUP]
2025-10-23 15:02:18.671 [main] INFO  o.s.c.b.c.PropertySourceBootstrapConfiguration - Located property source: [BootstrapPropertySource {name='bootstrapProperties-xiaohongshu-user-relation-dev.yaml,DEFAULT_GROUP'}, BootstrapPropertySource {name='bootstrapProperties-xiaohongshu-user-relation.yaml,DEFAULT_GROUP'}, BootstrapPropertySource {name='bootstrapProperties-xiaohongshu-user-relation,DEFAULT_GROUP'}]
2025-10-23 15:02:18.713 [main] WARN  com.alibaba.nacos.client.logging.NacosLogging - Load Logback Configuration of Nacos fail, message: Could not initialize Logback Nacos logging from classpath:nacos-logback.xml
2025-10-23 15:02:18.714 [main] INFO  c.z.x.u.r.b.XiaohongshuUserRelationBizApplication - The following 1 profile is active: "dev"
2025-10-23 15:02:20.421 [main] INFO  o.s.d.r.config.RepositoryConfigurationDelegate - Multiple Spring Data modules found, entering strict repository configuration mode
2025-10-23 15:02:20.427 [main] INFO  o.s.d.r.config.RepositoryConfigurationDelegate - Bootstrapping Spring Data Redis repositories in DEFAULT mode.
2025-10-23 15:02:20.485 [main] INFO  o.s.d.r.config.RepositoryConfigurationDelegate - Finished Spring Data repository scanning in 29 ms. Found 0 Redis repository interfaces.
2025-10-23 15:02:20.869 [main] INFO  o.springframework.cloud.context.scope.GenericScope - BeanFactory id=97202000-752d-3dbd-935f-e34ce899ab2c
2025-10-23 15:02:20.938 [main] INFO  o.s.c.s.PostProcessorRegistrationDelegate$BeanPostProcessorChecker - Bean 'com.zry.xiaohongshu.user.api.UserFeignApi' of type [org.springframework.cloud.openfeign.FeignClientFactoryBean] is not eligible for getting processed by all BeanPostProcessors (for example: not eligible for auto-proxying)
2025-10-23 15:02:20.946 [main] INFO  o.s.c.s.PostProcessorRegistrationDelegate$BeanPostProcessorChecker - Bean 'com.zry.xiaohongshu.user.relation.api.UserRelationFeignApi' of type [org.springframework.cloud.openfeign.FeignClientFactoryBean] is not eligible for getting processed by all BeanPostProcessors (for example: not eligible for auto-proxying)
2025-10-23 15:02:21.503 [main] INFO  o.s.c.s.PostProcessorRegistrationDelegate$BeanPostProcessorChecker - Bean 'org.apache.rocketmq.spring.autoconfigure.MessageConverterConfiguration' of type [org.apache.rocketmq.spring.autoconfigure.MessageConverterConfiguration$$SpringCGLIB$$0] is not eligible for getting processed by all BeanPostProcessors (for example: not eligible for auto-proxying)
2025-10-23 15:02:21.643 [main] INFO  o.s.c.s.PostProcessorRegistrationDelegate$BeanPostProcessorChecker - Bean 'createRocketMQMessageConverter' of type [org.apache.rocketmq.spring.support.RocketMQMessageConverter] is not eligible for getting processed by all BeanPostProcessors (for example: not eligible for auto-proxying)
2025-10-23 15:02:21.651 [main] INFO  o.s.c.s.PostProcessorRegistrationDelegate$BeanPostProcessorChecker - Bean 'org.springframework.cloud.commons.config.CommonsConfigAutoConfiguration' of type [org.springframework.cloud.commons.config.CommonsConfigAutoConfiguration] is not eligible for getting processed by all BeanPostProcessors (for example: not eligible for auto-proxying)
2025-10-23 15:02:21.661 [main] INFO  o.s.c.s.PostProcessorRegistrationDelegate$BeanPostProcessorChecker - Bean 'org.springframework.cloud.client.loadbalancer.LoadBalancerDefaultMappingsProviderAutoConfiguration' of type [org.springframework.cloud.client.loadbalancer.LoadBalancerDefaultMappingsProviderAutoConfiguration] is not eligible for getting processed by all BeanPostProcessors (for example: not eligible for auto-proxying)
2025-10-23 15:02:21.663 [main] INFO  o.s.c.s.PostProcessorRegistrationDelegate$BeanPostProcessorChecker - Bean 'loadBalancerClientsDefaultsMappingsProvider' of type [org.springframework.cloud.client.loadbalancer.LoadBalancerDefaultMappingsProviderAutoConfiguration$$Lambda$759/0x00000197286a2848] is not eligible for getting processed by all BeanPostProcessors (for example: not eligible for auto-proxying)
2025-10-23 15:02:21.665 [main] INFO  o.s.c.s.PostProcessorRegistrationDelegate$BeanPostProcessorChecker - Bean 'defaultsBindHandlerAdvisor' of type [org.springframework.cloud.commons.config.DefaultsBindHandlerAdvisor] is not eligible for getting processed by all BeanPostProcessors (for example: not eligible for auto-proxying)
2025-10-23 15:02:21.680 [main] INFO  o.s.c.s.PostProcessorRegistrationDelegate$BeanPostProcessorChecker - Bean 'rocketmq-org.apache.rocketmq.spring.autoconfigure.RocketMQProperties' of type [org.apache.rocketmq.spring.autoconfigure.RocketMQProperties] is not eligible for getting processed by all BeanPostProcessors (for example: not eligible for auto-proxying)
2025-10-23 15:02:21.683 [main] INFO  o.s.c.s.PostProcessorRegistrationDelegate$BeanPostProcessorChecker - Bean 'org.apache.rocketmq.spring.autoconfigure.ListenerContainerConfiguration' of type [org.apache.rocketmq.spring.autoconfigure.ListenerContainerConfiguration$$SpringCGLIB$$0] is not eligible for getting processed by all BeanPostProcessors (for example: not eligible for auto-proxying)
2025-10-23 15:02:22.245 [main] INFO  o.s.boot.web.embedded.tomcat.TomcatWebServer - Tomcat initialized with port(s): 8901 (http)
2025-10-23 15:02:22.248 [main] INFO  org.apache.catalina.core.AprLifecycleListener - Loaded Apache Tomcat Native library [2.0.3] using APR version [1.7.2].
2025-10-23 15:02:22.257 [main] INFO  org.apache.catalina.core.AprLifecycleListener - OpenSSL successfully initialized [OpenSSL 3.0.8 7 Feb 2023]
2025-10-23 15:02:22.281 [main] INFO  org.apache.catalina.core.StandardService - Starting service [Tomcat]
2025-10-23 15:02:22.281 [main] INFO  org.apache.catalina.core.StandardEngine - Starting Servlet engine: [Apache Tomcat/10.1.5]
2025-10-23 15:02:22.446 [main] INFO  o.a.c.core.ContainerBase.[Tomcat].[localhost].[/] - Initializing Spring embedded WebApplicationContext
2025-10-23 15:02:22.446 [main] INFO  o.s.b.w.s.c.ServletWebServerApplicationContext - Root WebApplicationContext: initialization completed in 3698 ms
2025-10-23 15:02:22.659 [main] INFO  c.a.d.s.b.a.DruidDataSourceAutoConfigure - Init DruidDataSource
2025-10-23 15:02:23.331 [main] INFO  com.alibaba.druid.pool.DruidDataSource - {dataSource-1} inited
2025-10-23 15:02:24.604 [main] INFO  o.a.r.s.autoconfigure.RocketMQAutoConfiguration - a producer (xiaohongshu_group) init on namesrv 127.0.0.1:9876
2025-10-23 15:02:25.232 [main] INFO  o.a.r.s.support.DefaultRocketMQListenerContainer - running container: DefaultRocketMQListenerContainer{consumerGroup='xiaohongshu_group_FollowUnfollowTopic', namespace='', nameServer='127.0.0.1:9876', topic='FollowUnfollowTopic', consumeMode=ORDERLY, selectorType=TAG, selectorExpression='*', messageModel=CLUSTERING', tlsEnable=false, instanceName=DEFAULT}
2025-10-23 15:02:25.232 [main] INFO  o.a.r.s.a.ListenerContainerConfiguration - Register the listener to container, listenerBeanName:followUnfollowConsumer, containerBeanName:org.apache.rocketmq.spring.support.DefaultRocketMQListenerContainer_1
2025-10-23 15:02:25.507 [main] INFO  o.s.cloud.openfeign.FeignClientFactoryBean - For 'xiaohongshu-user' URL not provided. Will try picking an instance via load-balancing.
2025-10-23 15:02:27.599 [main] WARN  o.s.c.l.c.LoadBalancerCacheAutoConfiguration$LoadBalancerCaffeineWarnLogger - Spring Cloud LoadBalancer is currently working with the default cache. While this cache implementation is useful for development and tests, it's recommended to use Caffeine cache in production.You can switch to using Caffeine cache, by adding it and org.springframework.cache.caffeine.CaffeineCacheManager to the classpath.
2025-10-23 15:02:27.804 [main] INFO  o.s.boot.web.embedded.tomcat.TomcatWebServer - Tomcat started on port(s): 8901 (http) with context path ''
2025-10-23 15:02:27.812 [main] INFO  com.alibaba.nacos.client.naming - initializer namespace from ans.namespace attribute : null
2025-10-23 15:02:27.814 [main] INFO  com.alibaba.nacos.client.naming - initializer namespace from ALIBABA_ALIWARE_NAMESPACE attribute :null
2025-10-23 15:02:27.815 [main] INFO  com.alibaba.nacos.client.naming - initializer namespace from namespace attribute :null
2025-10-23 15:02:27.839 [main] INFO  c.a.n.p.auth.spi.client.ClientAuthPluginManager - [ClientAuthPluginManager] Load ClientAuthService com.alibaba.nacos.client.auth.impl.NacosClientAuthServiceImpl success.
2025-10-23 15:02:27.839 [main] INFO  c.a.n.p.auth.spi.client.ClientAuthPluginManager - [ClientAuthPluginManager] Load ClientAuthService com.alibaba.nacos.client.auth.ram.RamClientAuthServiceImpl success.
2025-10-23 15:02:27.847 [main] INFO  com.alibaba.nacos.common.remote.client - [RpcClientFactory] create a new rpc client of a23b8350-bea3-426f-9113-bf14c89e9fcb
2025-10-23 15:02:27.852 [main] INFO  com.alibaba.nacos.common.remote.client - [a23b8350-bea3-426f-9113-bf14c89e9fcb] RpcClient init, ServerListFactory = com.alibaba.nacos.client.naming.core.ServerListManager
2025-10-23 15:02:27.852 [main] INFO  com.alibaba.nacos.common.remote.client - [a23b8350-bea3-426f-9113-bf14c89e9fcb] Registry connection listener to current client:com.alibaba.nacos.client.naming.remote.gprc.redo.NamingGrpcRedoService
2025-10-23 15:02:27.853 [main] INFO  com.alibaba.nacos.common.remote.client - [a23b8350-bea3-426f-9113-bf14c89e9fcb] Register server push request handler:com.alibaba.nacos.client.naming.remote.gprc.NamingPushRequestHandler
2025-10-23 15:02:27.854 [main] INFO  com.alibaba.nacos.common.remote.client - [a23b8350-bea3-426f-9113-bf14c89e9fcb] Try to connect to server on start up, server: {serverIp = '8.134.88.169', server main port = 8848}
2025-10-23 15:02:27.854 [main] INFO  c.a.nacos.common.remote.client.grpc.GrpcClient - grpc client connection server:8.134.88.169 ip,serverPort:9848,grpcTslConfig:{"sslProvider":"OPENSSL","enableTls":false,"mutualAuthEnable":false,"trustAll":false}
2025-10-23 15:02:27.994 [main] INFO  com.alibaba.nacos.common.remote.client - [a23b8350-bea3-426f-9113-bf14c89e9fcb] Success to connect to server [8.134.88.169:8848] on start up, connectionId = 1761202948730_112.94.129.21_7280
2025-10-23 15:02:27.995 [main] INFO  com.alibaba.nacos.common.remote.client - [a23b8350-bea3-426f-9113-bf14c89e9fcb] Register server push request handler:com.alibaba.nacos.common.remote.client.RpcClient$ConnectResetRequestHandler
2025-10-23 15:02:27.995 [com.alibaba.nacos.client.remote.worker] INFO  com.alibaba.nacos.common.remote.client - [a23b8350-bea3-426f-9113-bf14c89e9fcb] Notify connected event to listeners.
2025-10-23 15:02:27.995 [com.alibaba.nacos.client.remote.worker] INFO  com.alibaba.nacos.client.naming - Grpc connection connect
2025-10-23 15:02:27.995 [main] INFO  com.alibaba.nacos.common.remote.client - [a23b8350-bea3-426f-9113-bf14c89e9fcb] Register server push request handler:com.alibaba.nacos.common.remote.client.RpcClient$$Lambda$605/0x00000197284d58a8
2025-10-23 15:02:27.998 [main] INFO  com.alibaba.nacos.client.naming - [REGISTER-SERVICE] xiaohongshu registering service xiaohongshu-user-relation with instance Instance{instanceId='null', ip='10.2.66.25', port=8901, weight=1.0, healthy=true, enabled=true, ephemeral=true, clusterName='DEFAULT', serviceName='null', metadata={IPv6=null, preserved.register.source=SPRING_CLOUD}}
2025-10-23 15:02:28.020 [main] INFO  c.a.cloud.nacos.registry.NacosServiceRegistry - nacos registry, DEFAULT_GROUP xiaohongshu-user-relation 10.2.66.25:8901 register finished
2025-10-23 15:02:28.406 [main] INFO  c.z.x.u.r.b.XiaohongshuUserRelationBizApplication - Started XiaohongshuUserRelationBizApplication in 15.693 seconds (process running for 17.085)
2025-10-23 15:02:28.413 [main] INFO  com.alibaba.nacos.client.config.impl.CacheData - nacos.cache.data.init.snapshot = true 
2025-10-23 15:02:28.414 [main] INFO  com.alibaba.nacos.client.config.impl.ClientWorker - [fixed-xiaohongshu-8.134.88.169_8848_] [subscribe] xiaohongshu-user-relation-dev.yaml+DEFAULT_GROUP+xiaohongshu
2025-10-23 15:02:28.434 [main] INFO  com.alibaba.nacos.client.config.impl.CacheData - [fixed-xiaohongshu-8.134.88.169_8848_] [add-listener] ok, tenant=xiaohongshu, dataId=xiaohongshu-user-relation-dev.yaml, group=DEFAULT_GROUP, cnt=1
2025-10-23 15:02:28.434 [main] INFO  c.a.cloud.nacos.refresh.NacosContextRefresher - [Nacos Config] Listening config: dataId=xiaohongshu-user-relation-dev.yaml, group=DEFAULT_GROUP
2025-10-23 15:02:28.434 [main] INFO  com.alibaba.nacos.client.config.impl.ClientWorker - [fixed-xiaohongshu-8.134.88.169_8848_] [subscribe] xiaohongshu-user-relation+DEFAULT_GROUP+xiaohongshu
2025-10-23 15:02:28.435 [main] INFO  com.alibaba.nacos.client.config.impl.CacheData - [fixed-xiaohongshu-8.134.88.169_8848_] [add-listener] ok, tenant=xiaohongshu, dataId=xiaohongshu-user-relation, group=DEFAULT_GROUP, cnt=1
2025-10-23 15:02:28.435 [main] INFO  c.a.cloud.nacos.refresh.NacosContextRefresher - [Nacos Config] Listening config: dataId=xiaohongshu-user-relation, group=DEFAULT_GROUP
2025-10-23 15:02:28.435 [main] INFO  com.alibaba.nacos.client.config.impl.ClientWorker - [fixed-xiaohongshu-8.134.88.169_8848_] [subscribe] xiaohongshu-user-relation.yaml+DEFAULT_GROUP+xiaohongshu
2025-10-23 15:02:28.435 [main] INFO  com.alibaba.nacos.client.config.impl.CacheData - [fixed-xiaohongshu-8.134.88.169_8848_] [add-listener] ok, tenant=xiaohongshu, dataId=xiaohongshu-user-relation.yaml, group=DEFAULT_GROUP, cnt=1
2025-10-23 15:02:28.435 [main] INFO  c.a.cloud.nacos.refresh.NacosContextRefresher - [Nacos Config] Listening config: dataId=xiaohongshu-user-relation.yaml, group=DEFAULT_GROUP
2025-10-23 15:10:17.594 [http-nio-8901-exec-1] INFO  o.a.c.core.ContainerBase.[Tomcat].[localhost].[/] - Initializing Spring DispatcherServlet 'dispatcherServlet'
2025-10-23 15:10:17.602 [http-nio-8901-exec-1] INFO  org.springframework.web.servlet.DispatcherServlet - Initializing Servlet 'dispatcherServlet'
2025-10-23 15:10:17.651 [http-nio-8901-exec-1] INFO  org.springframework.web.servlet.DispatcherServlet - Completed initialization in 49 ms
2025-10-23 15:10:17.679 [http-nio-8901-exec-1] INFO  c.z.f.b.context.filter.HeaderUserId2ContextFilter - ## HeaderUserId2ContextFilter, 用户 ID: 100
2025-10-23 15:10:17.888 [http-nio-8901-exec-1] INFO  c.z.f.b.operationlog.aspect.ApiOperationLogAspect - ====== 请求开始: [判断是否关注某用户], 入参: {"followUserId":105}, 请求类: RelationController, 请求方法: isFollowed =================================== 
2025-10-23 15:10:18.327 [http-nio-8901-exec-1] INFO  c.z.f.b.operationlog.aspect.ApiOperationLogAspect - ====== 请求结束: [判断是否关注某用户], 耗时: 442ms, 出参: {"success":true,"message":null,"errorCode":null,"data":false} =================================== 
2025-10-23 15:10:18.348 [http-nio-8901-exec-1] INFO  c.z.f.b.context.filter.HeaderUserId2ContextFilter - ===== 删除 ThreadLocal， userId: 100
2025-10-23 15:10:18.631 [http-nio-8901-exec-3] INFO  c.z.f.b.context.filter.HeaderUserId2ContextFilter - ## HeaderUserId2ContextFilter, 用户 ID: 100
2025-10-23 15:10:18.633 [http-nio-8901-exec-3] INFO  c.z.f.b.operationlog.aspect.ApiOperationLogAspect - ====== 请求开始: [判断是否关注某用户], 入参: {"followUserId":105}, 请求类: RelationController, 请求方法: isFollowed =================================== 
2025-10-23 15:10:18.635 [http-nio-8901-exec-3] INFO  c.z.f.b.operationlog.aspect.ApiOperationLogAspect - ====== 请求结束: [判断是否关注某用户], 耗时: 2ms, 出参: {"success":true,"message":null,"errorCode":null,"data":false} =================================== 
2025-10-23 15:10:18.637 [http-nio-8901-exec-3] INFO  c.z.f.b.context.filter.HeaderUserId2ContextFilter - ===== 删除 ThreadLocal， userId: 100
2025-10-23 15:10:29.383 [http-nio-8901-exec-2] INFO  c.z.f.b.context.filter.HeaderUserId2ContextFilter - ## HeaderUserId2ContextFilter, 用户 ID: 100
2025-10-23 15:10:29.391 [http-nio-8901-exec-2] INFO  c.z.f.b.operationlog.aspect.ApiOperationLogAspect - ====== 请求开始: [关注用户], 入参: {"followUserId":105}, 请求类: RelationController, 请求方法: follow =================================== 
2025-10-23 15:10:29.407 [http-nio-8901-exec-2] INFO  c.z.f.b.c.interceptor.FeignRequestInterceptor - ==> feign请求设置请求头 userId: 100
2025-10-23 15:10:29.493 [http-nio-8901-exec-2] INFO  com.alibaba.nacos.client.naming - [SUBSCRIBE-SERVICE] service:xiaohongshu-user, group:DEFAULT_GROUP, clusters: 
2025-10-23 15:10:29.513 [http-nio-8901-exec-2] INFO  com.alibaba.nacos.client.naming - init new ips(1) service: DEFAULT_GROUP@@xiaohongshu-user -> [{"ip":"10.2.66.25","port":8082,"weight":1.0,"healthy":true,"enabled":true,"ephemeral":true,"clusterName":"DEFAULT","serviceName":"DEFAULT_GROUP@@xiaohongshu-user","metadata":{"preserved.register.source":"SPRING_CLOUD"},"instanceHeartBeatInterval":5000,"instanceHeartBeatTimeOut":15000,"ipDeleteTimeout":30000}]
2025-10-23 15:10:29.515 [http-nio-8901-exec-2] INFO  com.alibaba.nacos.client.naming - current ips:(1) service: DEFAULT_GROUP@@xiaohongshu-user -> [{"ip":"10.2.66.25","port":8082,"weight":1.0,"healthy":true,"enabled":true,"ephemeral":true,"clusterName":"DEFAULT","serviceName":"DEFAULT_GROUP@@xiaohongshu-user","metadata":{"preserved.register.source":"SPRING_CLOUD"},"instanceHeartBeatInterval":5000,"instanceHeartBeatTimeOut":15000,"ipDeleteTimeout":30000}]
2025-10-23 15:10:29.925 [http-nio-8901-exec-2] WARN  c.z.x.u.r.biz.exception.GlobalExceptionHandler - /relation/follow request fail, errorCode: RELATION-20004, errorMessage: 您已经关注了该用户
2025-10-23 15:10:29.927 [http-nio-8901-exec-2] INFO  c.z.f.b.context.filter.HeaderUserId2ContextFilter - ===== 删除 ThreadLocal， userId: 100
2025-10-23 15:10:30.082 [nacos-grpc-client-executor-8.134.88.169-106] INFO  com.alibaba.nacos.common.remote.client - [a23b8350-bea3-426f-9113-bf14c89e9fcb] Receive server push request, request = NotifySubscriberRequest, requestId = 2335
2025-10-23 15:10:30.083 [nacos-grpc-client-executor-8.134.88.169-106] INFO  com.alibaba.nacos.common.remote.client - [a23b8350-bea3-426f-9113-bf14c89e9fcb] Ack server push request, request = NotifySubscriberRequest, requestId = 2335
2025-10-23 15:11:15.173 [http-nio-8901-exec-4] INFO  c.z.f.b.context.filter.HeaderUserId2ContextFilter - ## HeaderUserId2ContextFilter, 用户 ID: 100
2025-10-23 15:11:15.174 [http-nio-8901-exec-4] INFO  c.z.f.b.operationlog.aspect.ApiOperationLogAspect - ====== 请求开始: [判断是否关注某用户], 入参: {"followUserId":105}, 请求类: RelationController, 请求方法: isFollowed =================================== 
2025-10-23 15:11:15.177 [http-nio-8901-exec-4] INFO  c.z.f.b.operationlog.aspect.ApiOperationLogAspect - ====== 请求结束: [判断是否关注某用户], 耗时: 3ms, 出参: {"success":true,"message":null,"errorCode":null,"data":true} =================================== 
2025-10-23 15:11:15.178 [http-nio-8901-exec-4] INFO  c.z.f.b.context.filter.HeaderUserId2ContextFilter - ===== 删除 ThreadLocal， userId: 100
2025-10-23 15:11:22.312 [http-nio-8901-exec-5] INFO  c.z.f.b.context.filter.HeaderUserId2ContextFilter - ## HeaderUserId2ContextFilter, 用户 ID: 100
2025-10-23 15:11:22.322 [http-nio-8901-exec-5] INFO  c.z.f.b.operationlog.aspect.ApiOperationLogAspect - ====== 请求开始: [查询用户关注列表], 入参: {"userId":100,"pageNo":1}, 请求类: RelationController, 请求方法: findFollowingList =================================== 
2025-10-23 15:11:22.352 [http-nio-8901-exec-5] INFO  c.z.f.b.c.interceptor.FeignRequestInterceptor - ==> feign请求设置请求头 userId: 100
2025-10-23 15:11:22.392 [http-nio-8901-exec-5] INFO  c.z.f.b.operationlog.aspect.ApiOperationLogAspect - ====== 请求结束: [查询用户关注列表], 耗时: 69ms, 出参: {"success":true,"message":null,"errorCode":null,"data":[{"userId":105,"avatar":"http://8.134.88.169:9000/my-xiaohongshu-oss/52d6e4a43ccb4ac4a99de167ffbd0fe2.webp","nickname":"kuku-模特版","introduction":"择优互勉...新手可小偿\r\n日系｜胶片｜写真｜婚样\r\nZ-z-zzzzx（🫧）"},{"userId":104,"avatar":"http://8.134.88.169:9000/my-xiaohongshu-oss/531549c5493d4df0a54d8949d9bf0332.webp","nickname":"果鸭鸭","introduction":"没啥特别的，就是喜欢记录生活🤪"},{"userId":103,"avatar":"http://8.134.88.169:9000/my-xiaohongshu-oss/ed55f67d9d7344dc9ba70d6871599f0b.webp","nickname":"想不出名儿来","introduction":null},{"userId":101,"avatar":"https://my-xiaohongshu-oss.oss-cn-guangzhou.aliyuncs.com/c1412997b38e47c782d9a5d909024792.jpg","nickname":"姜磊","introduction":"1212"}],"pageNo":1,"totalCount":4,"pageSize":10,"totalPage":1} =================================== 
2025-10-23 15:11:22.395 [http-nio-8901-exec-5] INFO  c.z.f.b.context.filter.HeaderUserId2ContextFilter - ===== 删除 ThreadLocal， userId: 100
2025-10-23 15:11:24.436 [http-nio-8901-exec-6] INFO  c.z.f.b.context.filter.HeaderUserId2ContextFilter - ## HeaderUserId2ContextFilter, 用户 ID: 100
2025-10-23 15:11:24.438 [http-nio-8901-exec-6] INFO  c.z.f.b.operationlog.aspect.ApiOperationLogAspect - ====== 请求开始: [判断是否关注某用户], 入参: {"followUserId":105}, 请求类: RelationController, 请求方法: isFollowed =================================== 
2025-10-23 15:11:24.441 [http-nio-8901-exec-6] INFO  c.z.f.b.operationlog.aspect.ApiOperationLogAspect - ====== 请求结束: [判断是否关注某用户], 耗时: 2ms, 出参: {"success":true,"message":null,"errorCode":null,"data":true} =================================== 
2025-10-23 15:11:24.442 [http-nio-8901-exec-6] INFO  c.z.f.b.context.filter.HeaderUserId2ContextFilter - ===== 删除 ThreadLocal， userId: 100
2025-10-23 15:11:24.444 [http-nio-8901-exec-7] INFO  c.z.f.b.context.filter.HeaderUserId2ContextFilter - ## HeaderUserId2ContextFilter, 用户 ID: 100
2025-10-23 15:11:24.446 [http-nio-8901-exec-7] INFO  c.z.f.b.operationlog.aspect.ApiOperationLogAspect - ====== 请求开始: [判断是否关注某用户], 入参: {"followUserId":105}, 请求类: RelationController, 请求方法: isFollowed =================================== 
2025-10-23 15:11:24.448 [http-nio-8901-exec-7] INFO  c.z.f.b.operationlog.aspect.ApiOperationLogAspect - ====== 请求结束: [判断是否关注某用户], 耗时: 2ms, 出参: {"success":true,"message":null,"errorCode":null,"data":true} =================================== 
2025-10-23 15:11:24.450 [http-nio-8901-exec-7] INFO  c.z.f.b.context.filter.HeaderUserId2ContextFilter - ===== 删除 ThreadLocal， userId: 100
2025-10-23 15:11:25.883 [http-nio-8901-exec-8] INFO  c.z.f.b.context.filter.HeaderUserId2ContextFilter - ## HeaderUserId2ContextFilter, 用户 ID: 100
2025-10-23 15:11:25.885 [http-nio-8901-exec-8] INFO  c.z.f.b.operationlog.aspect.ApiOperationLogAspect - ====== 请求开始: [判断是否关注某用户], 入参: {"followUserId":105}, 请求类: RelationController, 请求方法: isFollowed =================================== 
2025-10-23 15:11:25.886 [http-nio-8901-exec-8] INFO  c.z.f.b.operationlog.aspect.ApiOperationLogAspect - ====== 请求结束: [判断是否关注某用户], 耗时: 2ms, 出参: {"success":true,"message":null,"errorCode":null,"data":true} =================================== 
2025-10-23 15:11:25.888 [http-nio-8901-exec-8] INFO  c.z.f.b.context.filter.HeaderUserId2ContextFilter - ===== 删除 ThreadLocal， userId: 100
2025-10-23 15:12:01.513 [http-nio-8901-exec-9] INFO  c.z.f.b.context.filter.HeaderUserId2ContextFilter - ## HeaderUserId2ContextFilter, 用户 ID: 100
2025-10-23 15:12:01.517 [http-nio-8901-exec-9] INFO  c.z.f.b.operationlog.aspect.ApiOperationLogAspect - ====== 请求开始: [查询用户粉丝列表], 入参: {"userId":100,"pageNo":1}, 请求类: RelationController, 请求方法: findFansList =================================== 
2025-10-23 15:12:01.532 [http-nio-8901-exec-9] INFO  c.z.f.b.operationlog.aspect.ApiOperationLogAspect - ====== 请求结束: [查询用户粉丝列表], 耗时: 14ms, 出参: {"success":true,"message":null,"errorCode":null,"data":null,"pageNo":1,"totalCount":0,"pageSize":10,"totalPage":0} =================================== 
2025-10-23 15:12:01.533 [http-nio-8901-exec-9] INFO  c.z.f.b.context.filter.HeaderUserId2ContextFilter - ===== 删除 ThreadLocal， userId: 100
2025-10-23 15:12:02.619 [http-nio-8901-exec-10] INFO  c.z.f.b.context.filter.HeaderUserId2ContextFilter - ## HeaderUserId2ContextFilter, 用户 ID: 100
2025-10-23 15:12:02.620 [http-nio-8901-exec-10] INFO  c.z.f.b.operationlog.aspect.ApiOperationLogAspect - ====== 请求开始: [查询用户关注列表], 入参: {"userId":100,"pageNo":1}, 请求类: RelationController, 请求方法: findFollowingList =================================== 
2025-10-23 15:12:02.626 [http-nio-8901-exec-10] INFO  c.z.f.b.c.interceptor.FeignRequestInterceptor - ==> feign请求设置请求头 userId: 100
2025-10-23 15:12:02.636 [http-nio-8901-exec-10] INFO  c.z.f.b.operationlog.aspect.ApiOperationLogAspect - ====== 请求结束: [查询用户关注列表], 耗时: 16ms, 出参: {"success":true,"message":null,"errorCode":null,"data":[{"userId":105,"avatar":"http://8.134.88.169:9000/my-xiaohongshu-oss/52d6e4a43ccb4ac4a99de167ffbd0fe2.webp","nickname":"kuku-模特版","introduction":"择优互勉...新手可小偿\r\n日系｜胶片｜写真｜婚样\r\nZ-z-zzzzx（🫧）"},{"userId":104,"avatar":"http://8.134.88.169:9000/my-xiaohongshu-oss/531549c5493d4df0a54d8949d9bf0332.webp","nickname":"果鸭鸭","introduction":"没啥特别的，就是喜欢记录生活🤪"},{"userId":103,"avatar":"http://8.134.88.169:9000/my-xiaohongshu-oss/ed55f67d9d7344dc9ba70d6871599f0b.webp","nickname":"想不出名儿来","introduction":null},{"userId":101,"avatar":"https://my-xiaohongshu-oss.oss-cn-guangzhou.aliyuncs.com/c1412997b38e47c782d9a5d909024792.jpg","nickname":"姜磊","introduction":"1212"}],"pageNo":1,"totalCount":4,"pageSize":10,"totalPage":1} =================================== 
2025-10-23 15:12:02.637 [http-nio-8901-exec-10] INFO  c.z.f.b.context.filter.HeaderUserId2ContextFilter - ===== 删除 ThreadLocal， userId: 100
2025-10-23 15:12:03.170 [http-nio-8901-exec-1] INFO  c.z.f.b.context.filter.HeaderUserId2ContextFilter - ## HeaderUserId2ContextFilter, 用户 ID: 100
2025-10-23 15:12:03.172 [http-nio-8901-exec-1] INFO  c.z.f.b.operationlog.aspect.ApiOperationLogAspect - ====== 请求开始: [查询用户粉丝列表], 入参: {"userId":100,"pageNo":1}, 请求类: RelationController, 请求方法: findFansList =================================== 
2025-10-23 15:12:03.175 [http-nio-8901-exec-1] INFO  c.z.f.b.operationlog.aspect.ApiOperationLogAspect - ====== 请求结束: [查询用户粉丝列表], 耗时: 4ms, 出参: {"success":true,"message":null,"errorCode":null,"data":null,"pageNo":1,"totalCount":0,"pageSize":10,"totalPage":0} =================================== 
2025-10-23 15:12:03.176 [http-nio-8901-exec-1] INFO  c.z.f.b.context.filter.HeaderUserId2ContextFilter - ===== 删除 ThreadLocal， userId: 100
2025-10-23 15:12:03.924 [http-nio-8901-exec-3] INFO  c.z.f.b.context.filter.HeaderUserId2ContextFilter - ## HeaderUserId2ContextFilter, 用户 ID: 100
2025-10-23 15:12:03.925 [http-nio-8901-exec-3] INFO  c.z.f.b.operationlog.aspect.ApiOperationLogAspect - ====== 请求开始: [查询用户关注列表], 入参: {"userId":100,"pageNo":1}, 请求类: RelationController, 请求方法: findFollowingList =================================== 
2025-10-23 15:12:03.930 [http-nio-8901-exec-3] INFO  c.z.f.b.c.interceptor.FeignRequestInterceptor - ==> feign请求设置请求头 userId: 100
2025-10-23 15:12:03.939 [http-nio-8901-exec-3] INFO  c.z.f.b.operationlog.aspect.ApiOperationLogAspect - ====== 请求结束: [查询用户关注列表], 耗时: 14ms, 出参: {"success":true,"message":null,"errorCode":null,"data":[{"userId":105,"avatar":"http://8.134.88.169:9000/my-xiaohongshu-oss/52d6e4a43ccb4ac4a99de167ffbd0fe2.webp","nickname":"kuku-模特版","introduction":"择优互勉...新手可小偿\r\n日系｜胶片｜写真｜婚样\r\nZ-z-zzzzx（🫧）"},{"userId":104,"avatar":"http://8.134.88.169:9000/my-xiaohongshu-oss/531549c5493d4df0a54d8949d9bf0332.webp","nickname":"果鸭鸭","introduction":"没啥特别的，就是喜欢记录生活🤪"},{"userId":103,"avatar":"http://8.134.88.169:9000/my-xiaohongshu-oss/ed55f67d9d7344dc9ba70d6871599f0b.webp","nickname":"想不出名儿来","introduction":null},{"userId":101,"avatar":"https://my-xiaohongshu-oss.oss-cn-guangzhou.aliyuncs.com/c1412997b38e47c782d9a5d909024792.jpg","nickname":"姜磊","introduction":"1212"}],"pageNo":1,"totalCount":4,"pageSize":10,"totalPage":1} =================================== 
2025-10-23 15:12:03.940 [http-nio-8901-exec-3] INFO  c.z.f.b.context.filter.HeaderUserId2ContextFilter - ===== 删除 ThreadLocal， userId: 100
2025-10-23 15:12:04.538 [http-nio-8901-exec-2] INFO  c.z.f.b.context.filter.HeaderUserId2ContextFilter - ## HeaderUserId2ContextFilter, 用户 ID: 100
2025-10-23 15:12:04.539 [http-nio-8901-exec-2] INFO  c.z.f.b.operationlog.aspect.ApiOperationLogAspect - ====== 请求开始: [判断是否关注某用户], 入参: {"followUserId":105}, 请求类: RelationController, 请求方法: isFollowed =================================== 
2025-10-23 15:12:04.541 [http-nio-8901-exec-4] INFO  c.z.f.b.context.filter.HeaderUserId2ContextFilter - ## HeaderUserId2ContextFilter, 用户 ID: 100
2025-10-23 15:12:04.541 [http-nio-8901-exec-2] INFO  c.z.f.b.operationlog.aspect.ApiOperationLogAspect - ====== 请求结束: [判断是否关注某用户], 耗时: 2ms, 出参: {"success":true,"message":null,"errorCode":null,"data":true} =================================== 
2025-10-23 15:12:04.542 [http-nio-8901-exec-4] INFO  c.z.f.b.operationlog.aspect.ApiOperationLogAspect - ====== 请求开始: [判断是否关注某用户], 入参: {"followUserId":105}, 请求类: RelationController, 请求方法: isFollowed =================================== 
2025-10-23 15:12:04.542 [http-nio-8901-exec-2] INFO  c.z.f.b.context.filter.HeaderUserId2ContextFilter - ===== 删除 ThreadLocal， userId: 100
2025-10-23 15:12:04.544 [http-nio-8901-exec-4] INFO  c.z.f.b.operationlog.aspect.ApiOperationLogAspect - ====== 请求结束: [判断是否关注某用户], 耗时: 2ms, 出参: {"success":true,"message":null,"errorCode":null,"data":true} =================================== 
2025-10-23 15:12:04.545 [http-nio-8901-exec-4] INFO  c.z.f.b.context.filter.HeaderUserId2ContextFilter - ===== 删除 ThreadLocal， userId: 100
2025-10-23 15:12:05.559 [http-nio-8901-exec-5] INFO  c.z.f.b.context.filter.HeaderUserId2ContextFilter - ## HeaderUserId2ContextFilter, 用户 ID: 100
2025-10-23 15:12:05.560 [http-nio-8901-exec-5] INFO  c.z.f.b.operationlog.aspect.ApiOperationLogAspect - ====== 请求开始: [查询用户粉丝列表], 入参: {"userId":105,"pageNo":1}, 请求类: RelationController, 请求方法: findFansList =================================== 
2025-10-23 15:12:05.573 [http-nio-8901-exec-5] INFO  c.z.f.b.c.interceptor.FeignRequestInterceptor - ==> feign请求设置请求头 userId: 100
2025-10-23 15:12:05.587 [http-nio-8901-exec-5] INFO  c.z.f.b.operationlog.aspect.ApiOperationLogAspect - ====== 请求结束: [查询用户粉丝列表], 耗时: 26ms, 出参: {"success":true,"message":null,"errorCode":null,"data":[{"userId":100,"avatar":"http://8.134.88.169:9000/my-xiaohongshu-oss/f07b19cfe1d54def80d0c488c6f8ef0f.jpg","nickname":"稚生","fansTotal":0,"noteTotal":0}],"pageNo":1,"totalCount":1,"pageSize":10,"totalPage":1} =================================== 
2025-10-23 15:12:05.588 [http-nio-8901-exec-5] INFO  c.z.f.b.context.filter.HeaderUserId2ContextFilter - ===== 删除 ThreadLocal， userId: 100
2025-10-23 15:12:07.289 [http-nio-8901-exec-6] INFO  c.z.f.b.context.filter.HeaderUserId2ContextFilter - ## HeaderUserId2ContextFilter, 用户 ID: 100
2025-10-23 15:12:07.291 [http-nio-8901-exec-6] INFO  c.z.f.b.operationlog.aspect.ApiOperationLogAspect - ====== 请求开始: [查询用户关注列表], 入参: {"userId":105,"pageNo":1}, 请求类: RelationController, 请求方法: findFollowingList =================================== 
2025-10-23 15:12:07.297 [http-nio-8901-exec-6] INFO  c.z.f.b.c.interceptor.FeignRequestInterceptor - ==> feign请求设置请求头 userId: 100
2025-10-23 15:12:07.305 [http-nio-8901-exec-6] INFO  c.z.f.b.operationlog.aspect.ApiOperationLogAspect - ====== 请求结束: [查询用户关注列表], 耗时: 13ms, 出参: {"success":true,"message":null,"errorCode":null,"data":[{"userId":103,"avatar":"http://8.134.88.169:9000/my-xiaohongshu-oss/ed55f67d9d7344dc9ba70d6871599f0b.webp","nickname":"想不出名儿来","introduction":null}],"pageNo":1,"totalCount":1,"pageSize":10,"totalPage":1} =================================== 
2025-10-23 15:12:07.306 [http-nio-8901-exec-6] INFO  c.z.f.b.context.filter.HeaderUserId2ContextFilter - ===== 删除 ThreadLocal， userId: 100
2025-10-23 15:12:14.220 [http-nio-8901-exec-7] INFO  c.z.f.b.context.filter.HeaderUserId2ContextFilter - ## HeaderUserId2ContextFilter, 用户 ID: 100
2025-10-23 15:12:14.221 [http-nio-8901-exec-7] INFO  c.z.f.b.operationlog.aspect.ApiOperationLogAspect - ====== 请求开始: [判断是否关注某用户], 入参: {"followUserId":104}, 请求类: RelationController, 请求方法: isFollowed =================================== 
2025-10-23 15:12:14.223 [http-nio-8901-exec-7] INFO  c.z.f.b.operationlog.aspect.ApiOperationLogAspect - ====== 请求结束: [判断是否关注某用户], 耗时: 2ms, 出参: {"success":true,"message":null,"errorCode":null,"data":true} =================================== 
2025-10-23 15:12:14.224 [http-nio-8901-exec-7] INFO  c.z.f.b.context.filter.HeaderUserId2ContextFilter - ===== 删除 ThreadLocal， userId: 100
2025-10-23 15:12:14.227 [http-nio-8901-exec-8] INFO  c.z.f.b.context.filter.HeaderUserId2ContextFilter - ## HeaderUserId2ContextFilter, 用户 ID: 100
2025-10-23 15:12:14.228 [http-nio-8901-exec-8] INFO  c.z.f.b.operationlog.aspect.ApiOperationLogAspect - ====== 请求开始: [判断是否关注某用户], 入参: {"followUserId":104}, 请求类: RelationController, 请求方法: isFollowed =================================== 
2025-10-23 15:12:14.231 [http-nio-8901-exec-8] INFO  c.z.f.b.operationlog.aspect.ApiOperationLogAspect - ====== 请求结束: [判断是否关注某用户], 耗时: 3ms, 出参: {"success":true,"message":null,"errorCode":null,"data":true} =================================== 
2025-10-23 15:12:14.231 [http-nio-8901-exec-8] INFO  c.z.f.b.context.filter.HeaderUserId2ContextFilter - ===== 删除 ThreadLocal， userId: 100
2025-10-23 15:12:15.316 [http-nio-8901-exec-9] INFO  c.z.f.b.context.filter.HeaderUserId2ContextFilter - ## HeaderUserId2ContextFilter, 用户 ID: 100
2025-10-23 15:12:15.317 [http-nio-8901-exec-9] INFO  c.z.f.b.operationlog.aspect.ApiOperationLogAspect - ====== 请求开始: [查询用户关注列表], 入参: {"userId":104,"pageNo":1}, 请求类: RelationController, 请求方法: findFollowingList =================================== 
2025-10-23 15:12:15.320 [http-nio-8901-exec-9] INFO  c.z.f.b.operationlog.aspect.ApiOperationLogAspect - ====== 请求结束: [查询用户关注列表], 耗时: 3ms, 出参: {"success":true,"message":null,"errorCode":null,"data":null,"pageNo":1,"totalCount":0,"pageSize":10,"totalPage":0} =================================== 
2025-10-23 15:12:15.323 [http-nio-8901-exec-9] INFO  c.z.f.b.context.filter.HeaderUserId2ContextFilter - ===== 删除 ThreadLocal， userId: 100
2025-10-23 15:12:17.970 [http-nio-8901-exec-10] INFO  c.z.f.b.context.filter.HeaderUserId2ContextFilter - ## HeaderUserId2ContextFilter, 用户 ID: 100
2025-10-23 15:12:17.972 [http-nio-8901-exec-10] INFO  c.z.f.b.operationlog.aspect.ApiOperationLogAspect - ====== 请求开始: [判断是否关注某用户], 入参: {"followUserId":104}, 请求类: RelationController, 请求方法: isFollowed =================================== 
2025-10-23 15:12:17.973 [http-nio-8901-exec-10] INFO  c.z.f.b.operationlog.aspect.ApiOperationLogAspect - ====== 请求结束: [判断是否关注某用户], 耗时: 1ms, 出参: {"success":true,"message":null,"errorCode":null,"data":true} =================================== 
2025-10-23 15:12:17.974 [http-nio-8901-exec-10] INFO  c.z.f.b.context.filter.HeaderUserId2ContextFilter - ===== 删除 ThreadLocal， userId: 100
2025-10-23 15:12:17.983 [http-nio-8901-exec-1] INFO  c.z.f.b.context.filter.HeaderUserId2ContextFilter - ## HeaderUserId2ContextFilter, 用户 ID: 100
2025-10-23 15:12:17.984 [http-nio-8901-exec-1] INFO  c.z.f.b.operationlog.aspect.ApiOperationLogAspect - ====== 请求开始: [判断是否关注某用户], 入参: {"followUserId":104}, 请求类: RelationController, 请求方法: isFollowed =================================== 
2025-10-23 15:12:17.986 [http-nio-8901-exec-1] INFO  c.z.f.b.operationlog.aspect.ApiOperationLogAspect - ====== 请求结束: [判断是否关注某用户], 耗时: 2ms, 出参: {"success":true,"message":null,"errorCode":null,"data":true} =================================== 
2025-10-23 15:12:17.986 [http-nio-8901-exec-1] INFO  c.z.f.b.context.filter.HeaderUserId2ContextFilter - ===== 删除 ThreadLocal， userId: 100
2025-10-23 15:12:53.198 [http-nio-8901-exec-3] INFO  c.z.f.b.context.filter.HeaderUserId2ContextFilter - ## HeaderUserId2ContextFilter, 用户 ID: 100
2025-10-23 15:12:53.199 [http-nio-8901-exec-3] INFO  c.z.f.b.operationlog.aspect.ApiOperationLogAspect - ====== 请求开始: [判断是否关注某用户], 入参: {"followUserId":103}, 请求类: RelationController, 请求方法: isFollowed =================================== 
2025-10-23 15:12:53.201 [http-nio-8901-exec-3] INFO  c.z.f.b.operationlog.aspect.ApiOperationLogAspect - ====== 请求结束: [判断是否关注某用户], 耗时: 2ms, 出参: {"success":true,"message":null,"errorCode":null,"data":true} =================================== 
2025-10-23 15:12:53.202 [http-nio-8901-exec-3] INFO  c.z.f.b.context.filter.HeaderUserId2ContextFilter - ===== 删除 ThreadLocal， userId: 100
2025-10-23 15:12:54.600 [http-nio-8901-exec-2] INFO  c.z.f.b.context.filter.HeaderUserId2ContextFilter - ## HeaderUserId2ContextFilter, 用户 ID: 100
2025-10-23 15:12:54.602 [http-nio-8901-exec-2] INFO  c.z.f.b.operationlog.aspect.ApiOperationLogAspect - ====== 请求开始: [判断是否关注某用户], 入参: {"followUserId":103}, 请求类: RelationController, 请求方法: isFollowed =================================== 
2025-10-23 15:12:54.603 [http-nio-8901-exec-2] INFO  c.z.f.b.operationlog.aspect.ApiOperationLogAspect - ====== 请求结束: [判断是否关注某用户], 耗时: 1ms, 出参: {"success":true,"message":null,"errorCode":null,"data":true} =================================== 
2025-10-23 15:12:54.604 [http-nio-8901-exec-2] INFO  c.z.f.b.context.filter.HeaderUserId2ContextFilter - ===== 删除 ThreadLocal， userId: 100
2025-10-23 15:13:02.467 [http-nio-8901-exec-4] INFO  c.z.f.b.context.filter.HeaderUserId2ContextFilter - ## HeaderUserId2ContextFilter, 用户 ID: 100
2025-10-23 15:13:02.468 [http-nio-8901-exec-4] INFO  c.z.f.b.operationlog.aspect.ApiOperationLogAspect - ====== 请求开始: [判断是否关注某用户], 入参: {"followUserId":103}, 请求类: RelationController, 请求方法: isFollowed =================================== 
2025-10-23 15:13:02.471 [http-nio-8901-exec-4] INFO  c.z.f.b.operationlog.aspect.ApiOperationLogAspect - ====== 请求结束: [判断是否关注某用户], 耗时: 2ms, 出参: {"success":true,"message":null,"errorCode":null,"data":true} =================================== 
2025-10-23 15:13:02.471 [http-nio-8901-exec-4] INFO  c.z.f.b.context.filter.HeaderUserId2ContextFilter - ===== 删除 ThreadLocal， userId: 100
2025-10-23 15:13:03.337 [http-nio-8901-exec-5] INFO  c.z.f.b.context.filter.HeaderUserId2ContextFilter - ## HeaderUserId2ContextFilter, 用户 ID: 100
2025-10-23 15:13:03.343 [http-nio-8901-exec-5] INFO  c.z.f.b.operationlog.aspect.ApiOperationLogAspect - ====== 请求开始: [取关用户], 入参: {"unfollowUserId":103}, 请求类: RelationController, 请求方法: unfollow =================================== 
2025-10-23 15:13:03.344 [http-nio-8901-exec-5] INFO  c.z.f.b.c.interceptor.FeignRequestInterceptor - ==> feign请求设置请求头 userId: 100
2025-10-23 15:13:03.371 [http-nio-8901-exec-5] INFO  c.z.x.u.r.biz.service.impl.RelationServiceImpl - ==> 开始发送取关操作 MQ, 消息体: UnfollowUserMqDTO(userId=100, unfollowUserId=103, createTime=2025-10-23T15:13:03.360015100)
2025-10-23 15:13:03.378 [http-nio-8901-exec-5] INFO  c.z.f.b.operationlog.aspect.ApiOperationLogAspect - ====== 请求结束: [取关用户], 耗时: 36ms, 出参: {"success":true,"message":null,"errorCode":null,"data":null} =================================== 
2025-10-23 15:13:03.379 [http-nio-8901-exec-5] INFO  c.z.f.b.context.filter.HeaderUserId2ContextFilter - ===== 删除 ThreadLocal， userId: 100
2025-10-23 15:13:03.570 [NettyClientPublicExecutor_1] INFO  c.z.x.u.r.biz.service.impl.RelationServiceImpl - ==> MQ 发送成功，SendResult: SendResult [sendStatus=SEND_OK, msgId=7F000001878463947C6B748FD5AD0000, offsetMsgId=0A02421900002A9F0000000001033C40, messageQueue=MessageQueue [topic=FollowUnfollowTopic, brokerName=broker-a, queueId=1], queueOffset=7579]
2025-10-23 15:13:03.600 [ConsumeMessageThread_xiaohongshu_group_FollowUnfollowTopic_1] INFO  c.z.x.u.r.biz.consumer.FollowUnfollowConsumer - ==> FollowUnfollowConsumer 消费了消息 {"userId":100,"unfollowUserId":103,"createTime":"2025-10-23 15:13:03"}, tags: Unfollow
2025-10-23 15:13:03.670 [NettyClientPublicExecutor_2] INFO  c.z.x.u.r.biz.consumer.FollowUnfollowConsumer - ==> 【计数服务：关注数】MQ 发送成功，SendResult: SendResult [sendStatus=SEND_OK, msgId=7F000001878463947C6B748FD6AE0001, offsetMsgId=0A02421900002A9F0000000001033DD9, messageQueue=MessageQueue [topic=CountFollowingTopic, brokerName=broker-a, queueId=0], queueOffset=20]
2025-10-23 15:13:03.670 [NettyClientPublicExecutor_3] INFO  c.z.x.u.r.biz.consumer.FollowUnfollowConsumer - ==> 【计数服务：粉丝数】MQ 发送成功，SendResult: SendResult [sendStatus=SEND_OK, msgId=7F000001878463947C6B748FD6B00002, offsetMsgId=0A02421900002A9F0000000001033F48, messageQueue=MessageQueue [topic=CountFansTopic, brokerName=broker-a, queueId=1], queueOffset=2419]
2025-10-23 15:14:18.820 [Thread-9] WARN  com.alibaba.nacos.common.notify.NotifyCenter - [NotifyCenter] Start destroying Publisher
2025-10-23 15:14:18.820 [Thread-2] WARN  c.alibaba.nacos.common.http.HttpClientBeanHolder - [HttpClientBeanHolder] Start destroying common HttpClient
2025-10-23 15:14:18.821 [Thread-9] WARN  com.alibaba.nacos.common.notify.NotifyCenter - [NotifyCenter] Destruction of the end
2025-10-23 15:14:18.822 [Thread-2] WARN  c.alibaba.nacos.common.http.HttpClientBeanHolder - [HttpClientBeanHolder] Destruction of the end
2025-10-23 15:14:18.883 [NettyClientSelector_1] INFO  RocketmqRemoting - closeChannel: close the connection to remote address[127.0.0.1:9876] result: true
2025-10-23 15:14:18.884 [NettyClientSelector_1] INFO  RocketmqRemoting - closeChannel: close the connection to remote address[10.2.66.25:10911] result: true
2025-10-23 15:14:18.944 [SpringApplicationShutdownHook] INFO  c.a.cloud.nacos.registry.NacosServiceRegistry - De-registering from Nacos Server now...
2025-10-23 15:14:18.944 [SpringApplicationShutdownHook] INFO  com.alibaba.nacos.client.naming - [DEREGISTER-SERVICE] xiaohongshu deregistering service xiaohongshu-user-relation with instance: Instance{instanceId='null', ip='10.2.66.25', port=8901, weight=1.0, healthy=true, enabled=true, ephemeral=true, clusterName='DEFAULT', serviceName='null', metadata={}}
2025-10-23 15:14:18.952 [SpringApplicationShutdownHook] INFO  c.a.cloud.nacos.registry.NacosServiceRegistry - De-registration finished.
2025-10-23 15:14:18.953 [SpringApplicationShutdownHook] INFO  com.alibaba.nacos.client.naming - com.alibaba.nacos.client.naming.cache.ServiceInfoHolder do shutdown begin
2025-10-23 15:14:18.953 [SpringApplicationShutdownHook] INFO  com.alibaba.nacos.client.naming - com.alibaba.nacos.client.naming.backups.FailoverReactor do shutdown begin
2025-10-23 15:14:18.953 [SpringApplicationShutdownHook] INFO  com.alibaba.nacos.client.naming - com.alibaba.nacos.client.naming.backups.FailoverReactor do shutdown stop
2025-10-23 15:14:18.953 [SpringApplicationShutdownHook] INFO  com.alibaba.nacos.client.naming - com.alibaba.nacos.client.naming.cache.ServiceInfoHolder do shutdown stop
2025-10-23 15:14:18.953 [SpringApplicationShutdownHook] INFO  com.alibaba.nacos.client.naming - com.alibaba.nacos.client.naming.remote.NamingClientProxyDelegate do shutdown begin
2025-10-23 15:14:18.953 [SpringApplicationShutdownHook] INFO  com.alibaba.nacos.client.naming - com.alibaba.nacos.client.naming.core.ServiceInfoUpdateService do shutdown begin
2025-10-23 15:14:18.954 [SpringApplicationShutdownHook] INFO  com.alibaba.nacos.client.naming - com.alibaba.nacos.client.naming.core.ServiceInfoUpdateService do shutdown stop
2025-10-23 15:14:18.954 [SpringApplicationShutdownHook] INFO  com.alibaba.nacos.client.naming - com.alibaba.nacos.client.naming.core.ServerListManager do shutdown begin
2025-10-23 15:14:18.954 [SpringApplicationShutdownHook] WARN  com.alibaba.nacos.client.naming - [NamingHttpClientManager] Start destroying NacosRestTemplate
2025-10-23 15:14:18.955 [SpringApplicationShutdownHook] WARN  com.alibaba.nacos.client.naming - [NamingHttpClientManager] Destruction of the end
2025-10-23 15:14:18.955 [SpringApplicationShutdownHook] INFO  com.alibaba.nacos.client.naming - com.alibaba.nacos.client.naming.core.ServerListManager do shutdown stop
2025-10-23 15:14:18.955 [SpringApplicationShutdownHook] INFO  com.alibaba.nacos.client.naming - com.alibaba.nacos.client.naming.remote.http.NamingHttpClientProxy do shutdown begin
2025-10-23 15:14:18.955 [SpringApplicationShutdownHook] WARN  com.alibaba.nacos.client.naming - [NamingHttpClientManager] Start destroying NacosRestTemplate
2025-10-23 15:14:18.955 [SpringApplicationShutdownHook] WARN  com.alibaba.nacos.client.naming - [NamingHttpClientManager] Destruction of the end
2025-10-23 15:14:18.955 [SpringApplicationShutdownHook] INFO  com.alibaba.nacos.client.naming - com.alibaba.nacos.client.naming.remote.http.NamingHttpClientProxy do shutdown stop
2025-10-23 15:14:18.955 [SpringApplicationShutdownHook] INFO  com.alibaba.nacos.common.remote.client - Shutdown rpc client, set status to shutdown
2025-10-23 15:14:18.955 [SpringApplicationShutdownHook] INFO  com.alibaba.nacos.common.remote.client - Shutdown client event executor java.util.concurrent.ScheduledThreadPoolExecutor@11c40801[Running, pool size = 2, active threads = 2, queued tasks = 0, completed tasks = 0]
2025-10-23 15:14:18.955 [SpringApplicationShutdownHook] INFO  com.alibaba.nacos.common.remote.client - Close current connection 1761202948730_112.94.129.21_7280
2025-10-23 15:14:18.964 [SpringApplicationShutdownHook] INFO  c.a.nacos.common.remote.client.grpc.GrpcClient - Shutdown grpc executor java.util.concurrent.ThreadPoolExecutor@38e24d45[Running, pool size = 3, active threads = 0, queued tasks = 0, completed tasks = 152]
2025-10-23 15:14:18.964 [SpringApplicationShutdownHook] INFO  com.alibaba.nacos.client.naming - Shutdown grpc redo service executor java.util.concurrent.ScheduledThreadPoolExecutor@3e800c23[Running, pool size = 1, active threads = 0, queued tasks = 1, completed tasks = 236]
2025-10-23 15:14:18.964 [SpringApplicationShutdownHook] INFO  c.a.n.client.auth.ram.identify.CredentialWatcher - [null] CredentialWatcher is stopped
2025-10-23 15:14:18.964 [SpringApplicationShutdownHook] INFO  c.a.n.client.auth.ram.identify.CredentialService - [null] CredentialService is freed
2025-10-23 15:14:18.964 [SpringApplicationShutdownHook] INFO  com.alibaba.nacos.client.naming - com.alibaba.nacos.client.naming.remote.NamingClientProxyDelegate do shutdown stop
2025-10-23 15:14:18.972 [SpringApplicationShutdownHook] INFO  o.a.r.s.support.DefaultRocketMQListenerContainer - container destroyed, DefaultRocketMQListenerContainer{consumerGroup='xiaohongshu_group_FollowUnfollowTopic', namespace='', nameServer='127.0.0.1:9876', topic='FollowUnfollowTopic', consumeMode=ORDERLY, selectorType=TAG, selectorExpression='*', messageModel=CLUSTERING', tlsEnable=false, instanceName=DEFAULT}
2025-10-23 15:14:18.978 [NettyClientSelector_1] INFO  RocketmqRemoting - closeChannel: close the connection to remote address[10.2.66.25:10911] result: true
2025-10-23 15:14:18.979 [NettyClientSelector_1] INFO  RocketmqRemoting - closeChannel: close the connection to remote address[127.0.0.1:9876] result: true
2025-10-23 15:14:19.110 [SpringApplicationShutdownHook] INFO  com.alibaba.druid.pool.DruidDataSource - {dataSource-1} closing ...
2025-10-23 15:14:19.124 [SpringApplicationShutdownHook] INFO  com.alibaba.druid.pool.DruidDataSource - {dataSource-1} closed
